2026-08-27 15:31:10,791 | START mlp_nadam_lr0.001_s123 opt=nadam lr=0.001 seed=123 device=cuda epochs=150
2026-08-27 15:31:18,826 | EPOCH 1 train_loss=0.526580
2026-08-27 15:31:26,518 | EPOCH 2 train_loss=0.364453
2026-08-27 15:31:34,308 | EPOCH 3 train_loss=0.324362
2026-08-27 15:31:41,953 | EPOCH 4 train_loss=0.298245
2026-08-27 15:31:49,658 | EPOCH 5 train_loss=0.277692
2026-08-27 15:31:50,301 | EPOCH 5 VAL loss=0.350278 acc=0.8765 pre=0.8805 rec=0.8785 f1=0.8769 BEST
2026-08-27 15:31:58,630 | EPOCH 6 train_loss=0.262802
2026-08-27 15:32:06,261 | EPOCH 7 train_loss=0.249128
2026-08-27 15:32:13,925 | EPOCH 8 train_loss=0.237174
2026-08-27 15:32:21,836 | EPOCH 9 train_loss=0.225307
2026-08-27 15:32:29,683 | EPOCH 10 train_loss=0.215810
2026-08-27 15:32:30,330 | EPOCH 10 VAL loss=0.314202 acc=0.8885 pre=0.8919 rec=0.8905 f1=0.8900 BEST
2026-08-27 15:32:38,574 | EPOCH 11 train_loss=0.206452
2026-08-27 15:32:46,278 | EPOCH 12 train_loss=0.198298
2026-08-27 15:32:54,400 | EPOCH 13 train_loss=0.191920
2026-08-27 15:33:02,205 | EPOCH 14 train_loss=0.184483
2026-08-27 15:33:09,809 | EPOCH 15 train_loss=0.176795
2026-08-27 15:33:10,484 | EPOCH 15 VAL loss=0.324044 acc=0.8938 pre=0.8930 rec=0.8949 f1=0.8937
2026-08-27 15:33:18,270 | EPOCH 16 train_loss=0.169939
2026-08-27 15:33:25,897 | EPOCH 17 train_loss=0.164343
2026-08-27 15:33:33,668 | EPOCH 18 train_loss=0.156108
2026-08-27 15:33:41,472 | EPOCH 19 train_loss=0.151087
2026-08-27 15:33:49,291 | EPOCH 20 train_loss=0.149431
2026-08-27 15:33:49,938 | EPOCH 20 VAL loss=0.355548 acc=0.8895 pre=0.8897 rec=0.8910 f1=0.8888
2026-08-27 15:33:57,636 | EPOCH 21 train_loss=0.142261
2026-08-27 15:34:05,391 | EPOCH 22 train_loss=0.134367
2026-08-27 15:34:13,311 | EPOCH 23 train_loss=0.131464
2026-08-27 15:34:20,970 | EPOCH 24 train_loss=0.129964
2026-08-27 15:34:28,667 | EPOCH 25 train_loss=0.122637
2026-08-27 15:34:29,342 | EPOCH 25 VAL loss=0.386567 acc=0.8940 pre=0.8940 rec=0.8949 f1=0.8936
2026-08-27 15:34:37,026 | EPOCH 26 train_loss=0.121108
2026-08-27 15:34:44,707 | EPOCH 27 train_loss=0.118378
2026-08-27 15:34:52,294 | EPOCH 28 train_loss=0.114718
2026-08-27 15:35:00,147 | EPOCH 29 train_loss=0.111173
2026-08-27 15:35:08,049 | EPOCH 30 train_loss=0.106887
2026-08-27 15:35:08,751 | EPOCH 30 VAL loss=0.440828 acc=0.8862 pre=0.8887 rec=0.8884 f1=0.8870
2026-08-27 15:35:16,199 | EPOCH 31 train_loss=0.107285
2026-08-27 15:35:23,704 | EPOCH 32 train_loss=0.101661
2026-08-27 15:35:31,385 | EPOCH 33 train_loss=0.098772
2026-08-27 15:35:38,854 | EPOCH 34 train_loss=0.096546
2026-08-27 15:35:46,479 | EPOCH 35 train_loss=0.091934
2026-08-27 15:35:47,182 | EPOCH 35 VAL loss=0.448755 acc=0.8980 pre=0.8996 rec=0.8984 f1=0.8976
2026-08-27 15:35:54,868 | EPOCH 36 train_loss=0.088365
2026-08-27 15:36:02,602 | EPOCH 37 train_loss=0.093348
2026-08-27 15:36:10,388 | EPOCH 38 train_loss=0.085818
2026-08-27 15:36:18,437 | EPOCH 39 train_loss=0.082628
2026-08-27 15:36:26,305 | EPOCH 40 train_loss=0.084464
2026-08-27 15:36:27,458 | EPOCH 40 VAL loss=0.562094 acc=0.8863 pre=0.8882 rec=0.8878 f1=0.8867
2026-08-27 15:36:27,468 | DONE best_epoch=10 best_val_loss=0.314202 early_stop=True time=315.43s
