2026-08-27 16:43:53,908 | START cnn_nadam_lr0.002_s123 opt=nadam lr=0.002 seed=123 device=cuda epochs=150
2026-08-27 16:44:02,914 | EPOCH 1 train_loss=0.445444
2026-08-27 16:44:11,894 | EPOCH 2 train_loss=0.288530
2026-08-27 16:44:20,760 | EPOCH 3 train_loss=0.243719
2026-08-27 16:44:29,954 | EPOCH 4 train_loss=0.213250
2026-08-27 16:44:38,851 | EPOCH 5 train_loss=0.189249
2026-08-27 16:44:39,568 | EPOCH 5 VAL loss=0.235112 acc=0.9128 pre=0.9138 rec=0.9145 f1=0.9136 BEST
2026-08-27 16:44:49,022 | EPOCH 6 train_loss=0.166571
2026-08-27 16:44:57,912 | EPOCH 7 train_loss=0.148973
2026-08-27 16:45:06,779 | EPOCH 8 train_loss=0.132557
2026-08-27 16:45:15,807 | EPOCH 9 train_loss=0.115946
2026-08-27 16:45:24,578 | EPOCH 10 train_loss=0.102550
2026-08-27 16:45:25,286 | EPOCH 10 VAL loss=0.281062 acc=0.9150 pre=0.9158 rec=0.9156 f1=0.9154
2026-08-27 16:45:34,113 | EPOCH 11 train_loss=0.088549
2026-08-27 16:45:43,003 | EPOCH 12 train_loss=0.079419
2026-08-27 16:45:51,902 | EPOCH 13 train_loss=0.070017
2026-08-27 16:46:00,858 | EPOCH 14 train_loss=0.061812
2026-08-27 16:46:09,650 | EPOCH 15 train_loss=0.056966
2026-08-27 16:46:10,352 | EPOCH 15 VAL loss=0.354469 acc=0.9163 pre=0.9168 rec=0.9171 f1=0.9168
2026-08-27 16:46:19,293 | EPOCH 16 train_loss=0.048783
2026-08-27 16:46:27,944 | EPOCH 17 train_loss=0.046060
2026-08-27 16:46:36,632 | EPOCH 18 train_loss=0.040711
2026-08-27 16:46:45,478 | EPOCH 19 train_loss=0.037468
2026-08-27 16:46:54,174 | EPOCH 20 train_loss=0.039005
2026-08-27 16:46:54,897 | EPOCH 20 VAL loss=0.449663 acc=0.9145 pre=0.9149 rec=0.9150 f1=0.9148
2026-08-27 16:47:03,861 | EPOCH 21 train_loss=0.030613
2026-08-27 16:47:12,822 | EPOCH 22 train_loss=0.029349
2026-08-27 16:47:21,603 | EPOCH 23 train_loss=0.035650
2026-08-27 16:47:30,420 | EPOCH 24 train_loss=0.027487
2026-08-27 16:47:39,728 | EPOCH 25 train_loss=0.032948
2026-08-27 16:47:40,440 | EPOCH 25 VAL loss=0.525098 acc=0.9137 pre=0.9143 rec=0.9143 f1=0.9143
2026-08-27 16:47:49,555 | EPOCH 26 train_loss=0.023128
2026-08-27 16:47:58,368 | EPOCH 27 train_loss=0.024282
2026-08-27 16:48:07,401 | EPOCH 28 train_loss=0.029117
2026-08-27 16:48:16,413 | EPOCH 29 train_loss=0.024956
2026-08-27 16:48:25,564 | EPOCH 30 train_loss=0.026856
2026-08-27 16:48:26,311 | EPOCH 30 VAL loss=0.631410 acc=0.9137 pre=0.9141 rec=0.9143 f1=0.9138
2026-08-27 16:48:35,296 | EPOCH 31 train_loss=0.024856
2026-08-27 16:48:44,522 | EPOCH 32 train_loss=0.022698
2026-08-27 16:48:53,771 | EPOCH 33 train_loss=0.021387
2026-08-27 16:49:02,796 | EPOCH 34 train_loss=0.020423
2026-08-27 16:49:12,000 | EPOCH 35 train_loss=0.024476
2026-08-27 16:49:12,715 | EPOCH 35 VAL loss=0.686277 acc=0.9138 pre=0.9139 rec=0.9142 f1=0.9133
2026-08-27 16:49:12,726 | DONE best_epoch=5 best_val_loss=0.235112 early_stop=True time=318.0s
