2026-08-27 04:31:58,312 | START mlp_sgd_lr0.05_s123 opt=sgd lr=0.05 seed=123 device=cuda epochs=150
2026-08-27 04:32:00,643 | INTERRUPTED epoch=0 batch=290
2026-08-27 09:40:05,454 | START mlp_sgd_lr0.05_s123 opt=sgd lr=0.05 seed=123 device=cuda epochs=150
2026-08-27 09:40:12,663 | EPOCH 1 train_loss=0.818958
2026-08-27 09:40:19,794 | EPOCH 2 train_loss=0.496968
2026-08-27 09:40:27,224 | EPOCH 3 train_loss=0.437265
2026-08-27 09:40:35,398 | EPOCH 4 train_loss=0.402309
2026-08-27 09:40:42,626 | EPOCH 5 train_loss=0.376545
2026-08-27 09:40:43,232 | EPOCH 5 VAL loss=0.410339 acc=0.8487 pre=0.8563 rec=0.8513 f1=0.8502 BEST
2026-08-27 09:40:50,904 | EPOCH 6 train_loss=0.357423
2026-08-27 09:40:58,140 | EPOCH 7 train_loss=0.341080
2026-08-27 09:41:05,815 | EPOCH 8 train_loss=0.328224
2026-08-27 09:41:13,878 | EPOCH 9 train_loss=0.317024
2026-08-27 09:41:21,350 | EPOCH 10 train_loss=0.305964
2026-08-27 09:41:22,366 | EPOCH 10 VAL loss=0.346394 acc=0.8683 pre=0.8812 rec=0.8711 f1=0.8721 BEST
2026-08-27 09:41:30,455 | EPOCH 11 train_loss=0.296463
2026-08-27 09:41:38,157 | EPOCH 12 train_loss=0.287829
2026-08-27 09:41:45,132 | EPOCH 13 train_loss=0.279774
2026-08-27 09:41:53,132 | EPOCH 14 train_loss=0.272854
2026-08-27 09:42:00,672 | EPOCH 15 train_loss=0.265361
2026-08-27 09:42:01,329 | EPOCH 15 VAL loss=0.311898 acc=0.8838 pre=0.8850 rec=0.8852 f1=0.8846 BEST
2026-08-27 09:42:08,938 | EPOCH 16 train_loss=0.257086
2026-08-27 09:42:17,157 | EPOCH 17 train_loss=0.251871
2026-08-27 09:42:24,340 | EPOCH 18 train_loss=0.244901
2026-08-27 09:42:31,636 | EPOCH 19 train_loss=0.240674
2026-08-27 09:42:39,896 | EPOCH 20 train_loss=0.233658
2026-08-27 09:42:40,539 | EPOCH 20 VAL loss=0.317459 acc=0.8813 pre=0.8832 rec=0.8821 f1=0.8805
2026-08-27 09:42:47,379 | EPOCH 21 train_loss=0.229906
2026-08-27 09:42:55,213 | EPOCH 22 train_loss=0.224630
2026-08-27 09:43:02,859 | EPOCH 23 train_loss=0.218976
2026-08-27 09:43:09,676 | EPOCH 24 train_loss=0.214509
2026-08-27 09:43:16,442 | EPOCH 25 train_loss=0.209817
2026-08-27 09:43:17,042 | EPOCH 25 VAL loss=0.297342 acc=0.8943 pre=0.8940 rec=0.8949 f1=0.8933 BEST
2026-08-27 09:43:24,084 | EPOCH 26 train_loss=0.204203
2026-08-27 09:43:31,065 | EPOCH 27 train_loss=0.200473
2026-08-27 09:43:38,027 | EPOCH 28 train_loss=0.195883
2026-08-27 09:43:45,050 | EPOCH 29 train_loss=0.192420
2026-08-27 09:43:52,503 | EPOCH 30 train_loss=0.188850
2026-08-27 09:43:53,171 | EPOCH 30 VAL loss=0.318811 acc=0.8910 pre=0.8925 rec=0.8930 f1=0.8913
2026-08-27 09:43:59,923 | EPOCH 31 train_loss=0.184408
2026-08-27 09:44:06,612 | EPOCH 32 train_loss=0.179414
2026-08-27 09:44:13,295 | EPOCH 33 train_loss=0.177106
2026-08-27 09:44:20,052 | EPOCH 34 train_loss=0.173066
2026-08-27 09:44:26,986 | EPOCH 35 train_loss=0.169569
2026-08-27 09:44:27,961 | EPOCH 35 VAL loss=0.327802 acc=0.8880 pre=0.8938 rec=0.8881 f1=0.8852
2026-08-27 09:44:34,512 | EPOCH 36 train_loss=0.167048
2026-08-27 09:44:41,443 | EPOCH 37 train_loss=0.161906
2026-08-27 09:44:48,027 | EPOCH 38 train_loss=0.158907
2026-08-27 09:44:55,598 | EPOCH 39 train_loss=0.156368
2026-08-27 09:45:02,261 | EPOCH 40 train_loss=0.152815
2026-08-27 09:45:02,852 | EPOCH 40 VAL loss=0.351919 acc=0.8807 pre=0.8947 rec=0.8832 f1=0.8844
2026-08-27 09:45:10,065 | EPOCH 41 train_loss=0.149732
2026-08-27 09:45:17,282 | EPOCH 42 train_loss=0.145798
2026-08-27 09:45:24,039 | EPOCH 43 train_loss=0.144131
2026-08-27 09:45:32,054 | EPOCH 44 train_loss=0.141645
2026-08-27 09:45:38,647 | EPOCH 45 train_loss=0.137866
2026-08-27 09:45:39,373 | EPOCH 45 VAL loss=0.327915 acc=0.8927 pre=0.8935 rec=0.8938 f1=0.8930
2026-08-27 09:45:47,017 | EPOCH 46 train_loss=0.135152
2026-08-27 09:45:54,875 | EPOCH 47 train_loss=0.132292
2026-08-27 09:46:01,649 | EPOCH 48 train_loss=0.130539
2026-08-27 09:46:08,631 | EPOCH 49 train_loss=0.126943
2026-08-27 09:46:15,226 | EPOCH 50 train_loss=0.122970
2026-08-27 09:46:15,858 | EPOCH 50 VAL loss=0.344642 acc=0.8890 pre=0.8919 rec=0.8894 f1=0.8884
2026-08-27 09:46:22,705 | EPOCH 51 train_loss=0.124013
2026-08-27 09:46:29,895 | EPOCH 52 train_loss=0.118651
2026-08-27 09:46:36,524 | EPOCH 53 train_loss=0.117396
2026-08-27 09:46:43,781 | EPOCH 54 train_loss=0.114853
2026-08-27 09:46:50,452 | EPOCH 55 train_loss=0.111517
2026-08-27 09:46:51,038 | EPOCH 55 VAL loss=0.369057 acc=0.8880 pre=0.8883 rec=0.8897 f1=0.8880
2026-08-27 09:46:51,042 | DONE best_epoch=25 best_val_loss=0.297342 early_stop=True time=404.91s
