2026-08-27 04:37:21,964 | START cnn_sgd_lr0.01_s123 opt=sgd lr=0.01 seed=123 device=cuda epochs=150
2026-08-27 04:37:29,890 | EPOCH 1 train_loss=1.200663
2026-08-27 04:37:37,658 | EPOCH 2 train_loss=0.662712
2026-08-27 04:37:45,238 | EPOCH 3 train_loss=0.581208
2026-08-27 04:37:52,714 | EPOCH 4 train_loss=0.527445
2026-08-27 04:38:00,378 | EPOCH 5 train_loss=0.486793
2026-08-27 04:38:01,110 | EPOCH 5 VAL loss=0.544808 acc=0.7928 pre=0.8161 rec=0.7957 f1=0.7810 BEST
2026-08-27 04:38:09,010 | EPOCH 6 train_loss=0.456421
2026-08-27 04:38:16,621 | EPOCH 7 train_loss=0.431145
2026-08-27 04:38:24,222 | EPOCH 8 train_loss=0.411819
2026-08-27 04:38:31,795 | EPOCH 9 train_loss=0.394857
2026-08-27 04:38:39,304 | EPOCH 10 train_loss=0.380356
2026-08-27 04:38:39,973 | EPOCH 10 VAL loss=0.420408 acc=0.8418 pre=0.8659 rec=0.8456 f1=0.8473 BEST
2026-08-27 04:38:48,020 | EPOCH 11 train_loss=0.367250
2026-08-27 04:38:55,661 | EPOCH 12 train_loss=0.355980
2026-08-27 04:39:03,437 | EPOCH 13 train_loss=0.346248
2026-08-27 04:39:10,985 | EPOCH 14 train_loss=0.337637
2026-08-27 04:39:19,027 | EPOCH 15 train_loss=0.328094
2026-08-27 04:39:19,670 | EPOCH 15 VAL loss=0.353024 acc=0.8713 pre=0.8759 rec=0.8733 f1=0.8730 BEST
2026-08-27 04:39:27,450 | EPOCH 16 train_loss=0.319827
2026-08-27 04:39:34,946 | EPOCH 17 train_loss=0.313085
2026-08-27 04:39:42,674 | EPOCH 18 train_loss=0.305909
2026-08-27 04:39:50,351 | EPOCH 19 train_loss=0.299676
2026-08-27 04:39:57,837 | EPOCH 20 train_loss=0.292955
2026-08-27 04:39:58,469 | EPOCH 20 VAL loss=0.322119 acc=0.8862 pre=0.8866 rec=0.8869 f1=0.8854 BEST
2026-08-27 04:40:06,394 | EPOCH 21 train_loss=0.288994
2026-08-27 04:40:13,925 | EPOCH 22 train_loss=0.283255
2026-08-27 04:40:21,609 | EPOCH 23 train_loss=0.277078
2026-08-27 04:40:29,250 | EPOCH 24 train_loss=0.272621
2026-08-27 04:40:36,792 | EPOCH 25 train_loss=0.266749
2026-08-27 04:40:37,469 | EPOCH 25 VAL loss=0.306045 acc=0.8907 pre=0.8914 rec=0.8916 f1=0.8882 BEST
2026-08-27 04:40:45,952 | EPOCH 26 train_loss=0.262847
2026-08-27 04:40:53,844 | EPOCH 27 train_loss=0.258828
2026-08-27 04:41:01,375 | EPOCH 28 train_loss=0.254564
2026-08-27 04:41:09,129 | EPOCH 29 train_loss=0.251312
2026-08-27 04:41:16,788 | EPOCH 30 train_loss=0.247307
2026-08-27 04:41:17,421 | EPOCH 30 VAL loss=0.289282 acc=0.8958 pre=0.8981 rec=0.8978 f1=0.8966 BEST
2026-08-27 04:41:25,856 | EPOCH 31 train_loss=0.243387
2026-08-27 04:41:33,433 | EPOCH 32 train_loss=0.239469
2026-08-27 04:41:41,720 | EPOCH 33 train_loss=0.237139
2026-08-27 04:41:49,366 | EPOCH 34 train_loss=0.233843
2026-08-27 04:41:57,221 | EPOCH 35 train_loss=0.230749
2026-08-27 04:41:57,874 | EPOCH 35 VAL loss=0.286620 acc=0.8968 pre=0.8997 rec=0.8972 f1=0.8953 BEST
2026-08-27 04:42:06,035 | EPOCH 36 train_loss=0.227419
2026-08-27 04:42:13,621 | EPOCH 37 train_loss=0.223446
2026-08-27 04:42:20,673 | INTERRUPTED epoch=37 batch=794
2026-08-27 09:52:51,755 | START cnn_sgd_lr0.01_s123 opt=sgd lr=0.01 seed=123 device=cuda epochs=150
2026-08-27 09:52:59,066 | EPOCH 1 train_loss=1.200713
2026-08-27 09:53:06,409 | EPOCH 2 train_loss=0.662505
2026-08-27 09:53:13,966 | EPOCH 3 train_loss=0.580576
2026-08-27 09:53:21,200 | EPOCH 4 train_loss=0.526841
2026-08-27 09:53:29,067 | EPOCH 5 train_loss=0.486891
2026-08-27 09:53:29,681 | EPOCH 5 VAL loss=0.544627 acc=0.7918 pre=0.8157 rec=0.7947 f1=0.7808 BEST
2026-08-27 09:53:37,455 | EPOCH 6 train_loss=0.456383
2026-08-27 09:53:44,775 | EPOCH 7 train_loss=0.431048
2026-08-27 09:53:52,874 | EPOCH 8 train_loss=0.411155
2026-08-27 09:54:00,307 | EPOCH 9 train_loss=0.394813
2026-08-27 09:54:08,584 | EPOCH 10 train_loss=0.379890
2026-08-27 09:54:09,206 | EPOCH 10 VAL loss=0.410714 acc=0.8480 pre=0.8667 rec=0.8514 f1=0.8526 BEST
2026-08-27 09:54:17,360 | EPOCH 11 train_loss=0.367073
2026-08-27 09:54:24,811 | EPOCH 12 train_loss=0.355744
2026-08-27 09:54:33,280 | EPOCH 13 train_loss=0.346547
2026-08-27 09:54:40,759 | EPOCH 14 train_loss=0.337736
2026-08-27 09:54:48,097 | EPOCH 15 train_loss=0.328352
2026-08-27 09:54:49,291 | EPOCH 15 VAL loss=0.353353 acc=0.8703 pre=0.8750 rec=0.8723 f1=0.8720 BEST
2026-08-27 09:54:58,035 | EPOCH 16 train_loss=0.320053
2026-08-27 09:55:06,379 | EPOCH 17 train_loss=0.313651
2026-08-27 09:55:13,769 | EPOCH 18 train_loss=0.306509
2026-08-27 09:55:21,849 | EPOCH 19 train_loss=0.300132
2026-08-27 09:55:29,313 | EPOCH 20 train_loss=0.293531
2026-08-27 09:55:29,927 | EPOCH 20 VAL loss=0.319943 acc=0.8860 pre=0.8865 rec=0.8867 f1=0.8853 BEST
2026-08-27 09:55:37,481 | EPOCH 21 train_loss=0.289368
2026-08-27 09:55:44,966 | EPOCH 22 train_loss=0.283511
2026-08-27 09:55:52,524 | EPOCH 23 train_loss=0.277624
2026-08-27 09:56:00,368 | EPOCH 24 train_loss=0.273162
2026-08-27 09:56:08,939 | EPOCH 25 train_loss=0.266918
2026-08-27 09:56:09,586 | EPOCH 25 VAL loss=0.307510 acc=0.8902 pre=0.8905 rec=0.8912 f1=0.8879 BEST
2026-08-27 09:56:17,957 | EPOCH 26 train_loss=0.263632
2026-08-27 09:56:25,109 | EPOCH 27 train_loss=0.259141
2026-08-27 09:56:33,291 | EPOCH 28 train_loss=0.255290
2026-08-27 09:56:41,285 | EPOCH 29 train_loss=0.251818
2026-08-27 09:56:48,887 | EPOCH 30 train_loss=0.248008
2026-08-27 09:56:49,510 | EPOCH 30 VAL loss=0.288642 acc=0.8957 pre=0.8981 rec=0.8976 f1=0.8965 BEST
2026-08-27 09:56:58,410 | EPOCH 31 train_loss=0.243873
2026-08-27 09:57:06,038 | EPOCH 32 train_loss=0.239894
2026-08-27 09:57:13,473 | EPOCH 33 train_loss=0.237714
2026-08-27 09:57:21,093 | EPOCH 34 train_loss=0.234365
2026-08-27 09:57:28,487 | EPOCH 35 train_loss=0.231396
2026-08-27 09:57:29,234 | EPOCH 35 VAL loss=0.289070 acc=0.8965 pre=0.8989 rec=0.8970 f1=0.8949
2026-08-27 09:57:36,644 | EPOCH 36 train_loss=0.227578
2026-08-27 09:57:44,251 | EPOCH 37 train_loss=0.223954
2026-08-27 09:57:52,531 | EPOCH 38 train_loss=0.221766
2026-08-27 09:58:01,531 | EPOCH 39 train_loss=0.220816
2026-08-27 09:58:10,694 | EPOCH 40 train_loss=0.216441
2026-08-27 09:58:11,402 | EPOCH 40 VAL loss=0.275885 acc=0.8983 pre=0.9043 rec=0.9003 f1=0.9008 BEST
2026-08-27 09:58:20,721 | EPOCH 41 train_loss=0.213550
2026-08-27 09:58:28,190 | EPOCH 42 train_loss=0.211028
2026-08-27 09:58:36,174 | EPOCH 43 train_loss=0.208808
2026-08-27 09:58:44,045 | EPOCH 44 train_loss=0.207305
2026-08-27 09:58:51,268 | EPOCH 45 train_loss=0.202091
2026-08-27 09:58:51,866 | EPOCH 45 VAL loss=0.256314 acc=0.9062 pre=0.9062 rec=0.9075 f1=0.9065 BEST
2026-08-27 09:59:00,366 | EPOCH 46 train_loss=0.200676
2026-08-27 09:59:08,628 | EPOCH 47 train_loss=0.198154
2026-08-27 09:59:16,045 | EPOCH 48 train_loss=0.196492
2026-08-27 09:59:24,178 | EPOCH 49 train_loss=0.193516
2026-08-27 09:59:32,784 | EPOCH 50 train_loss=0.191364
2026-08-27 09:59:33,424 | EPOCH 50 VAL loss=0.250945 acc=0.9105 pre=0.9110 rec=0.9113 f1=0.9106 BEST
2026-08-27 09:59:41,089 | EPOCH 51 train_loss=0.188575
2026-08-27 09:59:48,911 | EPOCH 52 train_loss=0.185841
2026-08-27 09:59:56,495 | EPOCH 53 train_loss=0.183319
2026-08-27 10:00:03,670 | EPOCH 54 train_loss=0.180747
2026-08-27 10:00:11,485 | EPOCH 55 train_loss=0.179734
2026-08-27 10:00:12,107 | EPOCH 55 VAL loss=0.263083 acc=0.9058 pre=0.9064 rec=0.9072 f1=0.9064
2026-08-27 10:00:19,411 | EPOCH 56 train_loss=0.177022
2026-08-27 10:00:26,903 | EPOCH 57 train_loss=0.174812
2026-08-27 10:00:34,245 | EPOCH 58 train_loss=0.172833
2026-08-27 10:00:41,535 | EPOCH 59 train_loss=0.171466
2026-08-27 10:00:49,673 | EPOCH 60 train_loss=0.169377
2026-08-27 10:00:50,346 | EPOCH 60 VAL loss=0.254624 acc=0.9090 pre=0.9108 rec=0.9093 f1=0.9085
2026-08-27 10:00:58,509 | EPOCH 61 train_loss=0.166666
2026-08-27 10:01:05,581 | EPOCH 62 train_loss=0.164654
2026-08-27 10:01:13,706 | EPOCH 63 train_loss=0.161559
2026-08-27 10:01:21,494 | EPOCH 64 train_loss=0.160195
2026-08-27 10:01:28,923 | EPOCH 65 train_loss=0.157966
2026-08-27 10:01:29,578 | EPOCH 65 VAL loss=0.252016 acc=0.9093 pre=0.9098 rec=0.9101 f1=0.9094
2026-08-27 10:01:37,079 | EPOCH 66 train_loss=0.155772
2026-08-27 10:01:44,990 | EPOCH 67 train_loss=0.153526
2026-08-27 10:01:52,723 | EPOCH 68 train_loss=0.151430
2026-08-27 10:02:00,402 | EPOCH 69 train_loss=0.151358
2026-08-27 10:02:07,683 | EPOCH 70 train_loss=0.148752
2026-08-27 10:02:08,400 | EPOCH 70 VAL loss=0.267730 acc=0.9083 pre=0.9089 rec=0.9095 f1=0.9088
2026-08-27 10:02:16,830 | EPOCH 71 train_loss=0.146700
2026-08-27 10:02:25,048 | EPOCH 72 train_loss=0.144396
2026-08-27 10:02:32,630 | EPOCH 73 train_loss=0.142515
2026-08-27 10:02:40,317 | EPOCH 74 train_loss=0.140986
2026-08-27 10:02:47,939 | EPOCH 75 train_loss=0.137523
2026-08-27 10:02:48,635 | EPOCH 75 VAL loss=0.258023 acc=0.9113 pre=0.9112 rec=0.9121 f1=0.9111
2026-08-27 10:02:55,865 | EPOCH 76 train_loss=0.136814
2026-08-27 10:03:04,180 | EPOCH 77 train_loss=0.135191
2026-08-27 10:03:12,620 | EPOCH 78 train_loss=0.133454
2026-08-27 10:03:20,138 | EPOCH 79 train_loss=0.132794
2026-08-27 10:03:28,020 | EPOCH 80 train_loss=0.131158
2026-08-27 10:03:28,736 | EPOCH 80 VAL loss=0.269358 acc=0.9057 pre=0.9083 rec=0.9058 f1=0.9064
2026-08-27 10:03:28,740 | DONE best_epoch=50 best_val_loss=0.250945 early_stop=True time=636.19s
