2026-08-27 08:20:04,106 | START cnn_rmsprop_lr0.005_s123 opt=rmsprop lr=0.005 seed=123 device=cuda epochs=150
2026-08-27 08:20:11,958 | EPOCH 1 train_loss=0.561091
2026-08-27 08:20:19,687 | EPOCH 2 train_loss=0.316002
2026-08-27 08:20:27,416 | EPOCH 3 train_loss=0.270999
2026-08-27 08:20:35,264 | EPOCH 4 train_loss=0.244033
2026-08-27 08:20:43,138 | EPOCH 5 train_loss=0.225305
2026-08-27 08:20:43,795 | EPOCH 5 VAL loss=0.296121 acc=0.8955 pre=0.8981 rec=0.8980 f1=0.8964 BEST
2026-08-27 08:20:52,055 | EPOCH 6 train_loss=0.208918
2026-08-27 08:20:59,897 | EPOCH 7 train_loss=0.194558
2026-08-27 08:21:08,100 | EPOCH 8 train_loss=0.182642
2026-08-27 08:21:16,006 | EPOCH 9 train_loss=0.173369
2026-08-27 08:21:23,846 | EPOCH 10 train_loss=0.165182
2026-08-27 08:21:24,504 | EPOCH 10 VAL loss=0.342784 acc=0.8927 pre=0.9010 rec=0.8953 f1=0.8951
2026-08-27 08:21:32,535 | EPOCH 11 train_loss=0.157345
2026-08-27 08:21:40,662 | EPOCH 12 train_loss=0.150216
2026-08-27 08:21:48,802 | EPOCH 13 train_loss=0.142932
2026-08-27 08:21:56,886 | EPOCH 14 train_loss=0.137053
2026-08-27 08:22:04,857 | EPOCH 15 train_loss=0.131623
2026-08-27 08:22:05,500 | EPOCH 15 VAL loss=0.354977 acc=0.9022 pre=0.9039 rec=0.9033 f1=0.9034
2026-08-27 08:22:13,478 | EPOCH 16 train_loss=0.125427
2026-08-27 08:22:21,529 | EPOCH 17 train_loss=0.123653
2026-08-27 08:22:29,575 | EPOCH 18 train_loss=0.117817
2026-08-27 08:22:37,531 | EPOCH 19 train_loss=0.115468
2026-08-27 08:22:45,654 | EPOCH 20 train_loss=0.113715
2026-08-27 08:22:46,313 | EPOCH 20 VAL loss=0.435314 acc=0.9012 pre=0.9023 rec=0.9018 f1=0.9010
2026-08-27 08:22:54,463 | EPOCH 21 train_loss=0.106983
2026-08-27 08:23:02,457 | EPOCH 22 train_loss=0.106927
2026-08-27 08:23:10,525 | EPOCH 23 train_loss=0.105497
2026-08-27 08:23:18,450 | EPOCH 24 train_loss=0.099266
2026-08-27 08:23:26,403 | EPOCH 25 train_loss=0.097327
2026-08-27 08:23:27,074 | EPOCH 25 VAL loss=0.553783 acc=0.8993 pre=0.8993 rec=0.9002 f1=0.8991
2026-08-27 08:23:35,031 | EPOCH 26 train_loss=0.096490
2026-08-27 08:23:42,805 | EPOCH 27 train_loss=0.093761
2026-08-27 08:23:50,760 | EPOCH 28 train_loss=0.090701
2026-08-27 08:23:58,884 | EPOCH 29 train_loss=0.089476
2026-08-27 08:24:06,773 | EPOCH 30 train_loss=0.088074
2026-08-27 08:24:07,402 | EPOCH 30 VAL loss=0.658890 acc=0.9025 pre=0.9032 rec=0.9031 f1=0.9027
2026-08-27 08:24:15,086 | EPOCH 31 train_loss=0.087642
2026-08-27 08:24:23,141 | EPOCH 32 train_loss=0.088879
2026-08-27 08:24:31,289 | EPOCH 33 train_loss=0.082005
2026-08-27 08:24:39,093 | EPOCH 34 train_loss=0.084447
2026-08-27 08:24:47,030 | EPOCH 35 train_loss=0.081870
2026-08-27 08:24:47,671 | EPOCH 35 VAL loss=0.726251 acc=0.8967 pre=0.8968 rec=0.8974 f1=0.8968
2026-08-27 08:24:47,676 | DONE best_epoch=5 best_val_loss=0.296121 early_stop=True time=282.85s
