2026-08-27 17:06:46,255 | START cnn_nadam_lr0.001_s2026 opt=nadam lr=0.001 seed=2026 device=cuda epochs=150
2026-08-27 17:06:54,979 | EPOCH 1 train_loss=0.522302
2026-08-27 17:07:03,730 | EPOCH 2 train_loss=0.332598
2026-08-27 17:07:12,406 | EPOCH 3 train_loss=0.284832
2026-08-27 17:07:21,064 | EPOCH 4 train_loss=0.254005
2026-08-27 17:07:29,703 | EPOCH 5 train_loss=0.229938
2026-08-27 17:07:30,413 | EPOCH 5 VAL loss=0.241655 acc=0.9123 pre=0.9128 rec=0.9133 f1=0.9126 BEST
2026-08-27 17:07:39,613 | EPOCH 6 train_loss=0.211249
2026-08-27 17:07:48,545 | EPOCH 7 train_loss=0.194038
2026-08-27 17:07:57,485 | EPOCH 8 train_loss=0.179239
2026-08-27 17:08:06,261 | EPOCH 9 train_loss=0.164575
2026-08-27 17:08:15,086 | EPOCH 10 train_loss=0.152033
2026-08-27 17:08:15,802 | EPOCH 10 VAL loss=0.239255 acc=0.9147 pre=0.9179 rec=0.9153 f1=0.9144 BEST
2026-08-27 17:08:25,113 | EPOCH 11 train_loss=0.139394
2026-08-27 17:08:34,032 | EPOCH 12 train_loss=0.128912
2026-08-27 17:08:42,818 | EPOCH 13 train_loss=0.115915
2026-08-27 17:08:51,648 | EPOCH 14 train_loss=0.107368
2026-08-27 17:09:00,535 | EPOCH 15 train_loss=0.097226
2026-08-27 17:09:01,243 | EPOCH 15 VAL loss=0.251865 acc=0.9170 pre=0.9180 rec=0.9184 f1=0.9179
2026-08-27 17:09:10,157 | EPOCH 16 train_loss=0.086458
2026-08-27 17:09:19,110 | EPOCH 17 train_loss=0.078656
2026-08-27 17:09:28,047 | EPOCH 18 train_loss=0.072103
2026-08-27 17:09:36,953 | EPOCH 19 train_loss=0.064995
2026-08-27 17:09:46,004 | EPOCH 20 train_loss=0.058007
2026-08-27 17:09:46,724 | EPOCH 20 VAL loss=0.327039 acc=0.9157 pre=0.9176 rec=0.9160 f1=0.9160
2026-08-27 17:09:55,634 | EPOCH 21 train_loss=0.052250
2026-08-27 17:10:04,626 | EPOCH 22 train_loss=0.046900
2026-08-27 17:10:13,384 | EPOCH 23 train_loss=0.043321
2026-08-27 17:10:22,199 | EPOCH 24 train_loss=0.039119
2026-08-27 17:10:30,982 | EPOCH 25 train_loss=0.036680
2026-08-27 17:10:31,690 | EPOCH 25 VAL loss=0.399417 acc=0.9142 pre=0.9160 rec=0.9151 f1=0.9154
2026-08-27 17:10:40,494 | EPOCH 26 train_loss=0.033423
2026-08-27 17:10:49,383 | EPOCH 27 train_loss=0.032242
2026-08-27 17:10:58,248 | EPOCH 28 train_loss=0.026933
2026-08-27 17:11:07,051 | EPOCH 29 train_loss=0.027075
2026-08-27 17:11:15,854 | EPOCH 30 train_loss=0.027528
2026-08-27 17:11:16,562 | EPOCH 30 VAL loss=0.460108 acc=0.9180 pre=0.9182 rec=0.9187 f1=0.9180
2026-08-27 17:11:25,356 | EPOCH 31 train_loss=0.025186
2026-08-27 17:11:34,153 | EPOCH 32 train_loss=0.019367
2026-08-27 17:11:42,956 | EPOCH 33 train_loss=0.024837
2026-08-27 17:11:51,776 | EPOCH 34 train_loss=0.020488
2026-08-27 17:12:00,543 | EPOCH 35 train_loss=0.020482
2026-08-27 17:12:01,262 | EPOCH 35 VAL loss=0.534760 acc=0.9135 pre=0.9136 rec=0.9143 f1=0.9139
2026-08-27 17:12:10,069 | EPOCH 36 train_loss=0.021052
2026-08-27 17:12:18,819 | EPOCH 37 train_loss=0.017729
2026-08-27 17:12:27,664 | EPOCH 38 train_loss=0.016290
2026-08-27 17:12:36,382 | EPOCH 39 train_loss=0.021442
2026-08-27 17:12:45,227 | EPOCH 40 train_loss=0.014665
2026-08-27 17:12:45,934 | EPOCH 40 VAL loss=0.567827 acc=0.9143 pre=0.9154 rec=0.9151 f1=0.9151
2026-08-27 17:12:45,946 | DONE best_epoch=10 best_val_loss=0.239255 early_stop=True time=358.89s
