2026-08-27 05:01:27,390 | START mlp_adadelta_lr1.0_s123 opt=adadelta lr=1.0 seed=123 device=cuda epochs=150
2026-08-27 05:01:34,757 | EPOCH 1 train_loss=0.574574
2026-08-27 05:01:41,720 | EPOCH 2 train_loss=0.399444
2026-08-27 05:01:48,603 | EPOCH 3 train_loss=0.357331
2026-08-27 05:01:55,532 | EPOCH 4 train_loss=0.332513
2026-08-27 05:02:02,557 | EPOCH 5 train_loss=0.315481
2026-08-27 05:02:03,150 | EPOCH 5 VAL loss=0.400816 acc=0.8568 pre=0.8634 rec=0.8593 f1=0.8569 BEST
2026-08-27 05:02:10,316 | EPOCH 6 train_loss=0.302286
2026-08-27 05:02:17,289 | EPOCH 7 train_loss=0.291338
2026-08-27 05:02:24,198 | EPOCH 8 train_loss=0.283321
2026-08-27 05:02:31,132 | EPOCH 9 train_loss=0.274934
2026-08-27 05:02:37,881 | EPOCH 10 train_loss=0.267411
2026-08-27 05:02:38,505 | EPOCH 10 VAL loss=0.401133 acc=0.8603 pre=0.8802 rec=0.8644 f1=0.8634
2026-08-27 05:02:45,466 | EPOCH 11 train_loss=0.263131
2026-08-27 05:02:52,457 | EPOCH 12 train_loss=0.256703
2026-08-27 05:02:59,159 | EPOCH 13 train_loss=0.251656
2026-08-27 05:03:05,994 | EPOCH 14 train_loss=0.247158
2026-08-27 05:03:12,888 | EPOCH 15 train_loss=0.241233
2026-08-27 05:03:13,476 | EPOCH 15 VAL loss=0.408406 acc=0.8805 pre=0.8829 rec=0.8820 f1=0.8817
2026-08-27 05:03:20,297 | EPOCH 16 train_loss=0.235576
2026-08-27 05:03:27,274 | EPOCH 17 train_loss=0.230524
2026-08-27 05:03:34,223 | EPOCH 18 train_loss=0.226078
2026-08-27 05:03:41,166 | EPOCH 19 train_loss=0.225707
2026-08-27 05:03:47,972 | EPOCH 20 train_loss=0.219996
2026-08-27 05:03:48,573 | EPOCH 20 VAL loss=0.401282 acc=0.8862 pre=0.8865 rec=0.8874 f1=0.8862
2026-08-27 05:03:55,453 | EPOCH 21 train_loss=0.218044
2026-08-27 05:04:02,316 | EPOCH 22 train_loss=0.212678
2026-08-27 05:04:08,857 | EPOCH 23 train_loss=0.208776
2026-08-27 05:04:15,566 | EPOCH 24 train_loss=0.210577
2026-08-27 05:04:22,426 | EPOCH 25 train_loss=0.208320
2026-08-27 05:04:22,991 | EPOCH 25 VAL loss=0.435918 acc=0.8813 pre=0.8825 rec=0.8825 f1=0.8822
2026-08-27 05:04:29,805 | EPOCH 26 train_loss=0.200267
2026-08-27 05:04:36,580 | EPOCH 27 train_loss=0.198636
2026-08-27 05:04:43,595 | EPOCH 28 train_loss=0.199734
2026-08-27 05:04:50,519 | EPOCH 29 train_loss=0.193655
2026-08-27 05:04:57,711 | EPOCH 30 train_loss=0.191000
2026-08-27 05:04:58,320 | EPOCH 30 VAL loss=0.501256 acc=0.8830 pre=0.8848 rec=0.8847 f1=0.8837
2026-08-27 05:05:05,431 | EPOCH 31 train_loss=0.189850
2026-08-27 05:05:12,354 | EPOCH 32 train_loss=0.184993
2026-08-27 05:05:19,267 | EPOCH 33 train_loss=0.182618
2026-08-27 05:05:26,455 | EPOCH 34 train_loss=0.180852
2026-08-27 05:05:33,479 | EPOCH 35 train_loss=0.182039
2026-08-27 05:05:34,096 | EPOCH 35 VAL loss=0.574323 acc=0.8872 pre=0.8897 rec=0.8873 f1=0.8858
2026-08-27 05:05:34,106 | DONE best_epoch=5 best_val_loss=0.400816 early_stop=True time=246.01s
