2026-08-27 13:14:39,382 | START mlp_adamw_lr0.002_s123 opt=adamw lr=0.002 seed=123 device=cuda epochs=150
2026-08-27 13:14:46,929 | EPOCH 1 train_loss=0.512006
2026-08-27 13:14:55,127 | EPOCH 2 train_loss=0.371482
2026-08-27 13:15:03,789 | EPOCH 3 train_loss=0.334872
2026-08-27 13:15:11,372 | EPOCH 4 train_loss=0.313163
2026-08-27 13:15:19,637 | EPOCH 5 train_loss=0.295629
2026-08-27 13:15:20,307 | EPOCH 5 VAL loss=0.332200 acc=0.8863 pre=0.8881 rec=0.8870 f1=0.8849 BEST
2026-08-27 13:15:28,942 | EPOCH 6 train_loss=0.282414
2026-08-27 13:15:36,234 | EPOCH 7 train_loss=0.268438
2026-08-27 13:15:45,278 | EPOCH 8 train_loss=0.261412
2026-08-27 13:15:54,158 | EPOCH 9 train_loss=0.248758
2026-08-27 13:16:01,622 | EPOCH 10 train_loss=0.241326
2026-08-27 13:16:02,631 | EPOCH 10 VAL loss=0.340313 acc=0.8813 pre=0.8829 rec=0.8828 f1=0.8804
2026-08-27 13:16:10,518 | EPOCH 11 train_loss=0.233441
2026-08-27 13:16:18,715 | EPOCH 12 train_loss=0.229101
2026-08-27 13:16:26,272 | EPOCH 13 train_loss=0.224218
2026-08-27 13:16:34,205 | EPOCH 14 train_loss=0.215763
2026-08-27 13:16:43,069 | EPOCH 15 train_loss=0.210715
2026-08-27 13:16:43,764 | EPOCH 15 VAL loss=0.344347 acc=0.8868 pre=0.8877 rec=0.8881 f1=0.8868
2026-08-27 13:16:51,285 | EPOCH 16 train_loss=0.203613
2026-08-27 13:16:59,831 | EPOCH 17 train_loss=0.198898
2026-08-27 13:17:07,647 | EPOCH 18 train_loss=0.193560
2026-08-27 13:17:15,210 | EPOCH 19 train_loss=0.189354
2026-08-27 13:17:23,863 | EPOCH 20 train_loss=0.186133
2026-08-27 13:17:24,475 | EPOCH 20 VAL loss=0.352478 acc=0.8890 pre=0.8907 rec=0.8904 f1=0.8891
2026-08-27 13:17:32,311 | EPOCH 21 train_loss=0.178941
2026-08-27 13:17:40,099 | EPOCH 22 train_loss=0.178487
2026-08-27 13:17:48,787 | EPOCH 23 train_loss=0.174283
2026-08-27 13:17:56,289 | EPOCH 24 train_loss=0.172294
2026-08-27 13:18:04,170 | EPOCH 25 train_loss=0.170693
2026-08-27 13:18:04,795 | EPOCH 25 VAL loss=0.365426 acc=0.8910 pre=0.8914 rec=0.8916 f1=0.8899
2026-08-27 13:18:13,126 | EPOCH 26 train_loss=0.162701
2026-08-27 13:18:21,206 | EPOCH 27 train_loss=0.163191
2026-08-27 13:18:29,488 | EPOCH 28 train_loss=0.159669
2026-08-27 13:18:37,215 | EPOCH 29 train_loss=0.155983
2026-08-27 13:18:44,707 | EPOCH 30 train_loss=0.154196
2026-08-27 13:18:45,326 | EPOCH 30 VAL loss=0.437449 acc=0.8813 pre=0.8918 rec=0.8843 f1=0.8845
2026-08-27 13:18:53,129 | EPOCH 31 train_loss=0.153771
2026-08-27 13:19:01,768 | EPOCH 32 train_loss=0.151592
2026-08-27 13:19:09,674 | EPOCH 33 train_loss=0.149145
2026-08-27 13:19:17,585 | EPOCH 34 train_loss=0.143972
2026-08-27 13:19:25,539 | EPOCH 35 train_loss=0.143681
2026-08-27 13:19:26,193 | EPOCH 35 VAL loss=0.404769 acc=0.8928 pre=0.8937 rec=0.8937 f1=0.8923
2026-08-27 13:19:26,202 | DONE best_epoch=5 best_val_loss=0.3322 early_stop=True time=286.08s
