2026-08-27 05:11:07,449 | START mlp_adadelta_lr0.5_s2026 opt=adadelta lr=0.5 seed=2026 device=cuda epochs=150
2026-08-27 05:11:14,350 | EPOCH 1 train_loss=0.587889
2026-08-27 05:11:21,505 | EPOCH 2 train_loss=0.403559
2026-08-27 05:11:28,183 | EPOCH 3 train_loss=0.356780
2026-08-27 05:11:35,922 | EPOCH 4 train_loss=0.330142
2026-08-27 05:11:42,971 | EPOCH 5 train_loss=0.310204
2026-08-27 05:11:43,588 | EPOCH 5 VAL loss=0.349257 acc=0.8707 pre=0.8715 rec=0.8721 f1=0.8700 BEST
2026-08-27 05:11:50,795 | EPOCH 6 train_loss=0.294380
2026-08-27 05:11:58,384 | EPOCH 7 train_loss=0.281057
2026-08-27 05:12:06,057 | EPOCH 8 train_loss=0.270883
2026-08-27 05:12:12,855 | EPOCH 9 train_loss=0.260508
2026-08-27 05:12:20,363 | EPOCH 10 train_loss=0.252267
2026-08-27 05:12:20,969 | EPOCH 10 VAL loss=0.344785 acc=0.8732 pre=0.8795 rec=0.8739 f1=0.8727 BEST
2026-08-27 05:12:28,238 | EPOCH 11 train_loss=0.244636
2026-08-27 05:12:35,347 | EPOCH 12 train_loss=0.235208
2026-08-27 05:12:42,333 | EPOCH 13 train_loss=0.230475
2026-08-27 05:12:49,053 | EPOCH 14 train_loss=0.224316
2026-08-27 05:12:56,139 | EPOCH 15 train_loss=0.216452
2026-08-27 05:12:56,754 | EPOCH 15 VAL loss=0.322675 acc=0.8878 pre=0.8910 rec=0.8893 f1=0.8895 BEST
2026-08-27 05:13:04,708 | EPOCH 16 train_loss=0.214277
2026-08-27 05:13:11,706 | EPOCH 17 train_loss=0.206034
2026-08-27 05:13:19,330 | EPOCH 18 train_loss=0.200094
2026-08-27 05:13:26,730 | EPOCH 19 train_loss=0.197327
2026-08-27 05:13:33,820 | EPOCH 20 train_loss=0.191887
2026-08-27 05:13:34,452 | EPOCH 20 VAL loss=0.366721 acc=0.8852 pre=0.8840 rec=0.8863 f1=0.8842
2026-08-27 05:13:41,708 | EPOCH 21 train_loss=0.188668
2026-08-27 05:13:49,258 | EPOCH 22 train_loss=0.185352
2026-08-27 05:13:56,233 | EPOCH 23 train_loss=0.178382
2026-08-27 05:14:03,659 | EPOCH 24 train_loss=0.177873
2026-08-27 05:14:10,408 | EPOCH 25 train_loss=0.171668
2026-08-27 05:14:11,204 | EPOCH 25 VAL loss=0.433448 acc=0.8782 pre=0.8851 rec=0.8786 f1=0.8774
2026-08-27 05:14:18,072 | EPOCH 26 train_loss=0.169595
2026-08-27 05:14:25,626 | EPOCH 27 train_loss=0.165117
2026-08-27 05:14:32,616 | EPOCH 28 train_loss=0.162229
2026-08-27 05:14:40,030 | EPOCH 29 train_loss=0.159446
2026-08-27 05:14:47,653 | EPOCH 30 train_loss=0.158179
2026-08-27 05:14:48,243 | EPOCH 30 VAL loss=0.467008 acc=0.8835 pre=0.8852 rec=0.8844 f1=0.8824
2026-08-27 05:14:55,309 | EPOCH 31 train_loss=0.153949
2026-08-27 05:15:02,575 | EPOCH 32 train_loss=0.151871
2026-08-27 05:15:09,434 | EPOCH 33 train_loss=0.147276
2026-08-27 05:15:16,804 | EPOCH 34 train_loss=0.146096
2026-08-27 05:15:24,114 | EPOCH 35 train_loss=0.141769
2026-08-27 05:15:24,676 | EPOCH 35 VAL loss=0.465508 acc=0.8915 pre=0.8913 rec=0.8922 f1=0.8913
2026-08-27 05:15:31,574 | EPOCH 36 train_loss=0.140050
2026-08-27 05:15:39,089 | EPOCH 37 train_loss=0.136360
2026-08-27 05:15:46,045 | EPOCH 38 train_loss=0.136403
2026-08-27 05:15:52,882 | EPOCH 39 train_loss=0.133839
2026-08-27 05:15:59,742 | EPOCH 40 train_loss=0.131315
2026-08-27 05:16:00,340 | EPOCH 40 VAL loss=0.492526 acc=0.8907 pre=0.8928 rec=0.8919 f1=0.8915
2026-08-27 05:16:07,494 | EPOCH 41 train_loss=0.131106
2026-08-27 05:16:14,573 | EPOCH 42 train_loss=0.127537
2026-08-27 05:16:22,295 | EPOCH 43 train_loss=0.127709
2026-08-27 05:16:29,210 | EPOCH 44 train_loss=0.124107
2026-08-27 05:16:36,393 | EPOCH 45 train_loss=0.123464
2026-08-27 05:16:36,966 | EPOCH 45 VAL loss=0.572375 acc=0.8883 pre=0.8900 rec=0.8882 f1=0.8874
2026-08-27 05:16:36,974 | DONE best_epoch=15 best_val_loss=0.322675 early_stop=True time=328.86s
