2026-08-27 17:26:35,703 | START cnn_nadam_lr0.0005_s2026 opt=nadam lr=0.0005 seed=2026 device=cuda epochs=150
2026-08-27 17:26:44,891 | EPOCH 1 train_loss=0.609253
2026-08-27 17:26:54,083 | EPOCH 2 train_loss=0.385095
2026-08-27 17:27:03,194 | EPOCH 3 train_loss=0.336652
2026-08-27 17:27:12,324 | EPOCH 4 train_loss=0.306856
2026-08-27 17:27:21,361 | EPOCH 5 train_loss=0.283049
2026-08-27 17:27:22,524 | EPOCH 5 VAL loss=0.292135 acc=0.8963 pre=0.8964 rec=0.8974 f1=0.8952 BEST
2026-08-27 17:27:32,078 | EPOCH 6 train_loss=0.265566
2026-08-27 17:27:41,266 | EPOCH 7 train_loss=0.249149
2026-08-27 17:27:50,465 | EPOCH 8 train_loss=0.235454
2026-08-27 17:27:59,605 | EPOCH 9 train_loss=0.222617
2026-08-27 17:28:08,825 | EPOCH 10 train_loss=0.211255
2026-08-27 17:28:09,555 | EPOCH 10 VAL loss=0.253281 acc=0.9078 pre=0.9110 rec=0.9083 f1=0.9066 BEST
2026-08-27 17:28:18,925 | EPOCH 11 train_loss=0.200284
2026-08-27 17:28:27,871 | EPOCH 12 train_loss=0.191627
2026-08-27 17:28:36,738 | EPOCH 13 train_loss=0.181570
2026-08-27 17:28:45,670 | EPOCH 14 train_loss=0.174049
2026-08-27 17:28:54,484 | EPOCH 15 train_loss=0.165209
2026-08-27 17:28:55,206 | EPOCH 15 VAL loss=0.232316 acc=0.9122 pre=0.9179 rec=0.9139 f1=0.9144 BEST
2026-08-27 17:29:04,524 | EPOCH 16 train_loss=0.158042
2026-08-27 17:29:13,370 | EPOCH 17 train_loss=0.150576
2026-08-27 17:29:22,334 | EPOCH 18 train_loss=0.143673
2026-08-27 17:29:31,416 | EPOCH 19 train_loss=0.136209
2026-08-27 17:29:40,632 | EPOCH 20 train_loss=0.129447
2026-08-27 17:29:41,346 | EPOCH 20 VAL loss=0.226518 acc=0.9212 pre=0.9217 rec=0.9216 f1=0.9213 BEST
2026-08-27 17:29:50,912 | EPOCH 21 train_loss=0.122848
2026-08-27 17:30:00,065 | EPOCH 22 train_loss=0.117181
2026-08-27 17:30:09,301 | EPOCH 23 train_loss=0.111159
2026-08-27 17:30:18,643 | EPOCH 24 train_loss=0.106232
2026-08-27 17:30:27,934 | EPOCH 25 train_loss=0.099694
2026-08-27 17:30:28,645 | EPOCH 25 VAL loss=0.262578 acc=0.9167 pre=0.9200 rec=0.9171 f1=0.9166
2026-08-27 17:30:37,833 | EPOCH 26 train_loss=0.094732
2026-08-27 17:30:47,001 | EPOCH 27 train_loss=0.090030
2026-08-27 17:30:56,223 | EPOCH 28 train_loss=0.085840
2026-08-27 17:31:05,457 | EPOCH 29 train_loss=0.079702
2026-08-27 17:31:14,705 | EPOCH 30 train_loss=0.075346
2026-08-27 17:31:15,414 | EPOCH 30 VAL loss=0.277073 acc=0.9195 pre=0.9209 rec=0.9198 f1=0.9194
2026-08-27 17:31:24,611 | EPOCH 31 train_loss=0.071255
2026-08-27 17:31:33,832 | EPOCH 32 train_loss=0.067166
2026-08-27 17:31:43,202 | EPOCH 33 train_loss=0.063148
2026-08-27 17:31:52,476 | EPOCH 34 train_loss=0.060184
2026-08-27 17:32:01,730 | EPOCH 35 train_loss=0.056786
2026-08-27 17:32:02,437 | EPOCH 35 VAL loss=0.309002 acc=0.9185 pre=0.9206 rec=0.9191 f1=0.9196
2026-08-27 17:32:11,632 | EPOCH 36 train_loss=0.052374
2026-08-27 17:32:20,864 | EPOCH 37 train_loss=0.050403
2026-08-27 17:32:30,014 | EPOCH 38 train_loss=0.045520
2026-08-27 17:32:39,253 | EPOCH 39 train_loss=0.042670
2026-08-27 17:32:48,565 | EPOCH 40 train_loss=0.040915
2026-08-27 17:32:49,275 | EPOCH 40 VAL loss=0.356544 acc=0.9160 pre=0.9168 rec=0.9166 f1=0.9165
2026-08-27 17:32:58,525 | EPOCH 41 train_loss=0.039815
2026-08-27 17:33:07,780 | EPOCH 42 train_loss=0.036039
2026-08-27 17:33:16,951 | EPOCH 43 train_loss=0.034976
2026-08-27 17:33:26,098 | EPOCH 44 train_loss=0.031303
2026-08-27 17:33:35,268 | EPOCH 45 train_loss=0.030543
2026-08-27 17:33:35,981 | EPOCH 45 VAL loss=0.381542 acc=0.9165 pre=0.9170 rec=0.9173 f1=0.9169
2026-08-27 17:33:45,162 | EPOCH 46 train_loss=0.028489
2026-08-27 17:33:54,235 | EPOCH 47 train_loss=0.027725
2026-08-27 17:34:03,356 | EPOCH 48 train_loss=0.024422
2026-08-27 17:34:12,419 | EPOCH 49 train_loss=0.025725
2026-08-27 17:34:21,312 | EPOCH 50 train_loss=0.022456
2026-08-27 17:34:22,022 | EPOCH 50 VAL loss=0.457250 acc=0.9118 pre=0.9158 rec=0.9123 f1=0.9135
2026-08-27 17:34:22,032 | DONE best_epoch=20 best_val_loss=0.226518 early_stop=True time=465.52s
