2026-08-27 05:09:33,193 | START cnn_adadelta_lr0.5_s42 opt=adadelta lr=0.5 seed=42 device=cuda epochs=150
2026-08-27 05:09:41,218 | EPOCH 1 train_loss=0.566985
2026-08-27 05:09:49,167 | EPOCH 2 train_loss=0.349832
2026-08-27 05:09:56,988 | EPOCH 3 train_loss=0.296396
2026-08-27 05:10:05,114 | EPOCH 4 train_loss=0.264402
2026-08-27 05:10:13,086 | EPOCH 5 train_loss=0.240397
2026-08-27 05:10:13,730 | EPOCH 5 VAL loss=0.255432 acc=0.9050 pre=0.9073 rec=0.9057 f1=0.9049 BEST
2026-08-27 05:10:21,902 | EPOCH 6 train_loss=0.221648
2026-08-27 05:10:29,718 | EPOCH 7 train_loss=0.204919
2026-08-27 05:10:37,721 | EPOCH 8 train_loss=0.190119
2026-08-27 05:10:45,518 | EPOCH 9 train_loss=0.176021
2026-08-27 05:10:53,407 | EPOCH 10 train_loss=0.165362
2026-08-27 05:10:54,030 | EPOCH 10 VAL loss=0.238719 acc=0.9152 pre=0.9171 rec=0.9158 f1=0.9157 BEST
2026-08-27 05:11:02,698 | EPOCH 11 train_loss=0.152486
2026-08-27 05:11:06,091 | INTERRUPTED epoch=11 batch=364
2026-08-27 11:23:43,344 | START cnn_adadelta_lr0.5_s42 opt=adadelta lr=0.5 seed=42 device=cuda epochs=150
2026-08-27 11:23:50,960 | EPOCH 1 train_loss=0.566376
2026-08-27 11:23:58,468 | EPOCH 2 train_loss=0.348881
2026-08-27 11:24:06,031 | EPOCH 3 train_loss=0.295148
2026-08-27 11:24:13,909 | EPOCH 4 train_loss=0.263564
2026-08-27 11:24:21,511 | EPOCH 5 train_loss=0.239220
2026-08-27 11:24:22,152 | EPOCH 5 VAL loss=0.255713 acc=0.9047 pre=0.9075 rec=0.9050 f1=0.9043 BEST
2026-08-27 11:24:30,005 | EPOCH 6 train_loss=0.221044
2026-08-27 11:24:37,390 | EPOCH 7 train_loss=0.204091
2026-08-27 11:24:44,936 | EPOCH 8 train_loss=0.189411
2026-08-27 11:24:52,456 | EPOCH 9 train_loss=0.175577
2026-08-27 11:24:59,976 | EPOCH 10 train_loss=0.164890
2026-08-27 11:25:00,583 | EPOCH 10 VAL loss=0.246854 acc=0.9117 pre=0.9142 rec=0.9119 f1=0.9119 BEST
2026-08-27 11:25:08,485 | EPOCH 11 train_loss=0.151962
2026-08-27 11:25:15,938 | EPOCH 12 train_loss=0.142229
2026-08-27 11:25:23,369 | EPOCH 13 train_loss=0.132668
2026-08-27 11:25:30,753 | EPOCH 14 train_loss=0.122134
2026-08-27 11:25:38,233 | EPOCH 15 train_loss=0.112875
2026-08-27 11:25:38,880 | EPOCH 15 VAL loss=0.266457 acc=0.9130 pre=0.9145 rec=0.9142 f1=0.9130
2026-08-27 11:25:46,341 | EPOCH 16 train_loss=0.103909
2026-08-27 11:25:54,128 | EPOCH 17 train_loss=0.096825
2026-08-27 11:26:01,721 | EPOCH 18 train_loss=0.087583
2026-08-27 11:26:09,175 | EPOCH 19 train_loss=0.079841
2026-08-27 11:26:16,624 | EPOCH 20 train_loss=0.073850
2026-08-27 11:26:17,259 | EPOCH 20 VAL loss=0.302266 acc=0.9173 pre=0.9173 rec=0.9185 f1=0.9172
2026-08-27 11:26:24,874 | EPOCH 21 train_loss=0.066794
2026-08-27 11:26:32,418 | EPOCH 22 train_loss=0.059865
2026-08-27 11:26:39,843 | EPOCH 23 train_loss=0.054863
2026-08-27 11:26:47,197 | EPOCH 24 train_loss=0.050464
2026-08-27 11:26:54,650 | EPOCH 25 train_loss=0.045207
2026-08-27 11:26:55,267 | EPOCH 25 VAL loss=0.347451 acc=0.9130 pre=0.9153 rec=0.9135 f1=0.9135
2026-08-27 11:27:02,704 | EPOCH 26 train_loss=0.040579
2026-08-27 11:27:10,214 | EPOCH 27 train_loss=0.037232
2026-08-27 11:27:17,734 | EPOCH 28 train_loss=0.034274
2026-08-27 11:27:25,184 | EPOCH 29 train_loss=0.030484
2026-08-27 11:27:32,666 | EPOCH 30 train_loss=0.026210
2026-08-27 11:27:33,268 | EPOCH 30 VAL loss=0.405049 acc=0.9182 pre=0.9190 rec=0.9195 f1=0.9190
2026-08-27 11:27:40,748 | EPOCH 31 train_loss=0.024165
2026-08-27 11:27:48,477 | EPOCH 32 train_loss=0.021357
2026-08-27 11:27:56,001 | EPOCH 33 train_loss=0.019255
2026-08-27 11:28:03,439 | EPOCH 34 train_loss=0.015946
2026-08-27 11:28:10,940 | EPOCH 35 train_loss=0.014985
2026-08-27 11:28:11,545 | EPOCH 35 VAL loss=0.527053 acc=0.9197 pre=0.9207 rec=0.9205 f1=0.9204
