2026-08-27 13:02:51,345 | START mlp_adam_lr0.0005_s2026 opt=adam lr=0.0005 seed=2026 device=cuda epochs=150
2026-08-27 13:02:59,240 | EPOCH 1 train_loss=0.586971
2026-08-27 13:03:08,487 | EPOCH 2 train_loss=0.401730
2026-08-27 13:03:17,032 | EPOCH 3 train_loss=0.359963
2026-08-27 13:03:25,389 | EPOCH 4 train_loss=0.330334
2026-08-27 13:03:33,959 | EPOCH 5 train_loss=0.308607
2026-08-27 13:03:34,698 | EPOCH 5 VAL loss=0.329273 acc=0.8800 pre=0.8804 rec=0.8814 f1=0.8803 BEST
2026-08-27 13:03:44,236 | EPOCH 6 train_loss=0.291646
2026-08-27 13:03:53,230 | EPOCH 7 train_loss=0.279311
2026-08-27 13:04:01,139 | EPOCH 8 train_loss=0.264184
2026-08-27 13:04:09,828 | EPOCH 9 train_loss=0.253194
2026-08-27 13:04:19,415 | EPOCH 10 train_loss=0.244702
2026-08-27 13:04:20,172 | EPOCH 10 VAL loss=0.316120 acc=0.8868 pre=0.8875 rec=0.8876 f1=0.8851 BEST
2026-08-27 13:04:28,657 | EPOCH 11 train_loss=0.233071
2026-08-27 13:04:37,258 | EPOCH 12 train_loss=0.225435
2026-08-27 13:04:46,238 | EPOCH 13 train_loss=0.216928
2026-08-27 13:04:54,645 | EPOCH 14 train_loss=0.207675
2026-08-27 13:05:03,681 | EPOCH 15 train_loss=0.200719
2026-08-27 13:05:04,384 | EPOCH 15 VAL loss=0.306370 acc=0.8915 pre=0.8923 rec=0.8926 f1=0.8915 BEST
2026-08-27 13:05:13,625 | EPOCH 16 train_loss=0.193405
2026-08-27 13:05:22,623 | EPOCH 17 train_loss=0.186300
2026-08-27 13:05:31,033 | EPOCH 18 train_loss=0.182791
2026-08-27 13:05:40,392 | EPOCH 19 train_loss=0.173162
2026-08-27 13:05:49,202 | EPOCH 20 train_loss=0.166633
2026-08-27 13:05:49,892 | EPOCH 20 VAL loss=0.320362 acc=0.8923 pre=0.8943 rec=0.8932 f1=0.8930
2026-08-27 13:05:58,110 | EPOCH 21 train_loss=0.161763
2026-08-27 13:06:06,818 | EPOCH 22 train_loss=0.156182
2026-08-27 13:06:15,558 | EPOCH 23 train_loss=0.149165
2026-08-27 13:06:24,093 | EPOCH 24 train_loss=0.145332
2026-08-27 13:06:32,560 | EPOCH 25 train_loss=0.138320
2026-08-27 13:06:33,243 | EPOCH 25 VAL loss=0.351103 acc=0.8882 pre=0.8911 rec=0.8893 f1=0.8884
2026-08-27 13:06:42,408 | EPOCH 26 train_loss=0.134634
2026-08-27 13:06:52,260 | EPOCH 27 train_loss=0.130797
2026-08-27 13:07:00,612 | EPOCH 28 train_loss=0.125523
2026-08-27 13:07:09,847 | EPOCH 29 train_loss=0.124341
2026-08-27 13:07:19,332 | EPOCH 30 train_loss=0.114293
2026-08-27 13:07:20,016 | EPOCH 30 VAL loss=0.375005 acc=0.8955 pre=0.8960 rec=0.8963 f1=0.8961
2026-08-27 13:07:28,872 | EPOCH 31 train_loss=0.113453
2026-08-27 13:07:37,107 | EPOCH 32 train_loss=0.110446
2026-08-27 13:07:46,779 | EPOCH 33 train_loss=0.104364
2026-08-27 13:07:55,412 | EPOCH 34 train_loss=0.102448
2026-08-27 13:08:03,580 | EPOCH 35 train_loss=0.099421
2026-08-27 13:08:04,306 | EPOCH 35 VAL loss=0.400840 acc=0.8933 pre=0.8943 rec=0.8947 f1=0.8941
2026-08-27 13:08:12,896 | EPOCH 36 train_loss=0.096735
2026-08-27 13:08:22,036 | EPOCH 37 train_loss=0.095373
2026-08-27 13:08:30,503 | EPOCH 38 train_loss=0.087860
2026-08-27 13:08:39,432 | EPOCH 39 train_loss=0.088170
2026-08-27 13:08:48,249 | EPOCH 40 train_loss=0.084542
2026-08-27 13:08:48,948 | EPOCH 40 VAL loss=0.447474 acc=0.8915 pre=0.8929 rec=0.8930 f1=0.8926
2026-08-27 13:08:57,684 | EPOCH 41 train_loss=0.080457
2026-08-27 13:09:05,818 | EPOCH 42 train_loss=0.077192
2026-08-27 13:09:15,233 | EPOCH 43 train_loss=0.078534
2026-08-27 13:09:23,725 | EPOCH 44 train_loss=0.078299
2026-08-27 13:09:31,755 | EPOCH 45 train_loss=0.072430
2026-08-27 13:09:33,034 | EPOCH 45 VAL loss=0.491510 acc=0.8902 pre=0.8902 rec=0.8912 f1=0.8901
2026-08-27 13:09:33,048 | DONE best_epoch=15 best_val_loss=0.30637 early_stop=True time=400.33s
