2026-08-27 07:34:11,396 | START mlp_rmsprop_lr0.005_s42 opt=rmsprop lr=0.005 seed=42 device=cuda epochs=150
2026-08-27 07:34:18,126 | EPOCH 1 train_loss=0.706783
2026-08-27 07:34:24,982 | EPOCH 2 train_loss=0.411385
2026-08-27 07:34:31,904 | EPOCH 3 train_loss=0.374597
2026-08-27 07:34:38,656 | EPOCH 4 train_loss=0.352017
2026-08-27 07:34:45,620 | EPOCH 5 train_loss=0.341877
2026-08-27 07:34:46,208 | EPOCH 5 VAL loss=0.378821 acc=0.8658 pre=0.8720 rec=0.8668 f1=0.8665 BEST
2026-08-27 07:34:53,360 | EPOCH 6 train_loss=0.332473
2026-08-27 07:35:00,121 | EPOCH 7 train_loss=0.322505
2026-08-27 07:35:06,954 | EPOCH 8 train_loss=0.314988
2026-08-27 07:35:13,890 | EPOCH 9 train_loss=0.310730
2026-08-27 07:35:20,604 | EPOCH 10 train_loss=0.304962
2026-08-27 07:35:21,234 | EPOCH 10 VAL loss=0.450700 acc=0.8538 pre=0.8630 rec=0.8551 f1=0.8546
2026-08-27 07:35:28,012 | EPOCH 11 train_loss=0.301461
2026-08-27 07:35:34,690 | EPOCH 12 train_loss=0.297101
2026-08-27 07:35:41,241 | EPOCH 13 train_loss=0.292951
2026-08-27 07:35:48,002 | EPOCH 14 train_loss=0.299064
2026-08-27 07:35:54,883 | EPOCH 15 train_loss=0.287923
2026-08-27 07:35:55,453 | EPOCH 15 VAL loss=0.418851 acc=0.8675 pre=0.8689 rec=0.8688 f1=0.8683
2026-08-27 07:36:02,316 | EPOCH 16 train_loss=0.287419
2026-08-27 07:36:08,937 | EPOCH 17 train_loss=0.283860
2026-08-27 07:36:15,744 | EPOCH 18 train_loss=0.281063
2026-08-27 07:36:22,697 | EPOCH 19 train_loss=0.279483
2026-08-27 07:36:29,465 | EPOCH 20 train_loss=0.277102
2026-08-27 07:36:30,065 | EPOCH 20 VAL loss=0.594623 acc=0.8652 pre=0.8682 rec=0.8659 f1=0.8622
2026-08-27 07:36:37,026 | EPOCH 21 train_loss=0.278674
2026-08-27 07:36:43,670 | EPOCH 22 train_loss=0.274998
2026-08-27 07:36:50,254 | EPOCH 23 train_loss=0.271388
2026-08-27 07:36:56,992 | EPOCH 24 train_loss=0.267300
2026-08-27 07:37:04,074 | EPOCH 25 train_loss=0.273650
2026-08-27 07:37:04,654 | EPOCH 25 VAL loss=0.557317 acc=0.8617 pre=0.8625 rec=0.8617 f1=0.8591
2026-08-27 07:37:11,281 | EPOCH 26 train_loss=0.268025
2026-08-27 07:37:18,217 | EPOCH 27 train_loss=0.268921
2026-08-27 07:37:25,147 | EPOCH 28 train_loss=0.271248
2026-08-27 07:37:31,789 | EPOCH 29 train_loss=0.264347
2026-08-27 07:37:38,518 | EPOCH 30 train_loss=0.266770
2026-08-27 07:37:39,120 | EPOCH 30 VAL loss=0.539784 acc=0.8723 pre=0.8753 rec=0.8745 f1=0.8736
2026-08-27 07:37:45,930 | EPOCH 31 train_loss=0.263659
2026-08-27 07:37:52,655 | EPOCH 32 train_loss=0.264495
2026-08-27 07:37:59,300 | EPOCH 33 train_loss=0.261475
2026-08-27 07:38:05,924 | EPOCH 34 train_loss=0.263570
2026-08-27 07:38:12,673 | EPOCH 35 train_loss=0.265549
2026-08-27 07:38:13,246 | EPOCH 35 VAL loss=0.572235 acc=0.8707 pre=0.8803 rec=0.8718 f1=0.8737
2026-08-27 07:38:13,252 | DONE best_epoch=5 best_val_loss=0.378821 early_stop=True time=241.2s
