2026-08-27 04:47:09,271 | START cnn_sgd_lr0.001_s123 opt=sgd lr=0.001 seed=123 device=cuda epochs=150
2026-08-27 04:47:17,032 | EPOCH 1 train_loss=2.280194
2026-08-27 04:47:24,826 | EPOCH 2 train_loss=2.153848
2026-08-27 04:47:32,392 | EPOCH 3 train_loss=1.573424
2026-08-27 04:47:40,163 | EPOCH 4 train_loss=1.014016
2026-08-27 04:47:47,778 | EPOCH 5 train_loss=0.852967
2026-08-27 04:47:48,451 | EPOCH 5 VAL loss=0.828541 acc=0.6867 pre=0.6855 rec=0.6883 f1=0.6612 BEST
2026-08-27 04:47:56,597 | EPOCH 6 train_loss=0.784172
2026-08-27 04:48:04,392 | EPOCH 7 train_loss=0.740737
2026-08-27 04:48:12,117 | EPOCH 8 train_loss=0.709417
2026-08-27 04:48:19,712 | EPOCH 9 train_loss=0.683372
2026-08-27 04:48:23,339 | INTERRUPTED epoch=9 batch=391
2026-08-27 10:36:17,269 | START cnn_sgd_lr0.001_s123 opt=sgd lr=0.001 seed=123 device=cuda epochs=150
2026-08-27 10:36:24,614 | EPOCH 1 train_loss=2.280194
2026-08-27 10:36:31,928 | EPOCH 2 train_loss=2.153848
2026-08-27 10:36:39,756 | EPOCH 3 train_loss=1.573422
2026-08-27 10:36:46,943 | EPOCH 4 train_loss=1.014014
2026-08-27 10:36:55,009 | EPOCH 5 train_loss=0.852965
2026-08-27 10:36:55,611 | EPOCH 5 VAL loss=0.828543 acc=0.6867 pre=0.6858 rec=0.6883 f1=0.6611 BEST
2026-08-27 10:37:03,440 | EPOCH 6 train_loss=0.784169
2026-08-27 10:37:10,664 | EPOCH 7 train_loss=0.740733
2026-08-27 10:37:19,128 | EPOCH 8 train_loss=0.709424
2026-08-27 10:37:26,946 | EPOCH 9 train_loss=0.683371
2026-08-27 10:37:34,472 | EPOCH 10 train_loss=0.662740
2026-08-27 10:37:35,092 | EPOCH 10 VAL loss=0.664678 acc=0.7593 pre=0.7536 rec=0.7608 f1=0.7527 BEST
2026-08-27 10:37:43,445 | EPOCH 11 train_loss=0.644483
2026-08-27 10:37:51,245 | EPOCH 12 train_loss=0.629720
2026-08-27 10:37:58,253 | EPOCH 13 train_loss=0.616213
2026-08-27 10:38:05,999 | EPOCH 14 train_loss=0.604555
2026-08-27 10:38:13,908 | EPOCH 15 train_loss=0.592884
2026-08-27 10:38:15,145 | EPOCH 15 VAL loss=0.605381 acc=0.7810 pre=0.7845 rec=0.7832 f1=0.7814 BEST
2026-08-27 10:38:23,289 | EPOCH 16 train_loss=0.583317
2026-08-27 10:38:32,191 | EPOCH 17 train_loss=0.574384
2026-08-27 10:38:40,343 | EPOCH 18 train_loss=0.565993
2026-08-27 10:38:48,189 | EPOCH 19 train_loss=0.557516
2026-08-27 10:38:55,993 | EPOCH 20 train_loss=0.549653
2026-08-27 10:38:56,630 | EPOCH 20 VAL loss=0.557079 acc=0.8025 pre=0.8009 rec=0.8035 f1=0.7977 BEST
2026-08-27 10:39:05,521 | EPOCH 21 train_loss=0.542270
2026-08-27 10:39:13,437 | EPOCH 22 train_loss=0.535718
2026-08-27 10:39:22,353 | EPOCH 23 train_loss=0.529049
2026-08-27 10:39:30,516 | EPOCH 24 train_loss=0.521701
2026-08-27 10:39:37,922 | EPOCH 25 train_loss=0.514562
2026-08-27 10:39:38,622 | EPOCH 25 VAL loss=0.527441 acc=0.8143 pre=0.8131 rec=0.8150 f1=0.8041 BEST
2026-08-27 10:39:47,015 | EPOCH 26 train_loss=0.508449
2026-08-27 10:39:55,063 | EPOCH 27 train_loss=0.502099
2026-08-27 10:40:02,366 | EPOCH 28 train_loss=0.495966
2026-08-27 10:40:09,988 | EPOCH 29 train_loss=0.491563
2026-08-27 10:40:18,144 | EPOCH 30 train_loss=0.485651
2026-08-27 10:40:18,833 | EPOCH 30 VAL loss=0.538650 acc=0.7932 pre=0.8317 rec=0.7963 f1=0.7970
2026-08-27 10:40:26,235 | EPOCH 31 train_loss=0.480118
2026-08-27 10:40:33,969 | EPOCH 32 train_loss=0.475090
2026-08-27 10:40:41,217 | EPOCH 33 train_loss=0.470852
2026-08-27 10:40:48,568 | EPOCH 34 train_loss=0.466279
2026-08-27 10:40:55,780 | EPOCH 35 train_loss=0.462494
2026-08-27 10:40:56,420 | EPOCH 35 VAL loss=0.476981 acc=0.8343 pre=0.8360 rec=0.8348 f1=0.8279 BEST
2026-08-27 10:41:04,044 | EPOCH 36 train_loss=0.457463
2026-08-27 10:41:11,171 | EPOCH 37 train_loss=0.454411
2026-08-27 10:41:18,789 | EPOCH 38 train_loss=0.450134
2026-08-27 10:41:26,375 | EPOCH 39 train_loss=0.447344
2026-08-27 10:41:33,709 | EPOCH 40 train_loss=0.443950
2026-08-27 10:41:34,327 | EPOCH 40 VAL loss=0.460185 acc=0.8353 pre=0.8383 rec=0.8368 f1=0.8346 BEST
2026-08-27 10:41:41,935 | EPOCH 41 train_loss=0.441049
2026-08-27 10:41:49,274 | EPOCH 42 train_loss=0.438331
2026-08-27 10:41:56,494 | EPOCH 43 train_loss=0.434073
2026-08-27 10:42:03,782 | EPOCH 44 train_loss=0.431180
2026-08-27 10:42:11,095 | EPOCH 45 train_loss=0.427327
2026-08-27 10:42:11,688 | EPOCH 45 VAL loss=0.437181 acc=0.8465 pre=0.8459 rec=0.8479 f1=0.8445 BEST
2026-08-27 10:42:19,299 | EPOCH 46 train_loss=0.425750
2026-08-27 10:42:26,457 | EPOCH 47 train_loss=0.422915
2026-08-27 10:42:33,717 | EPOCH 48 train_loss=0.421223
2026-08-27 10:42:40,902 | EPOCH 49 train_loss=0.417582
2026-08-27 10:42:48,423 | EPOCH 50 train_loss=0.415324
2026-08-27 10:42:49,045 | EPOCH 50 VAL loss=0.425317 acc=0.8503 pre=0.8512 rec=0.8512 f1=0.8478 BEST
2026-08-27 10:42:56,616 | EPOCH 51 train_loss=0.413582
2026-08-27 10:43:03,871 | EPOCH 52 train_loss=0.410548
2026-08-27 10:43:11,095 | EPOCH 53 train_loss=0.408019
2026-08-27 10:43:18,210 | EPOCH 54 train_loss=0.404939
2026-08-27 10:43:25,387 | EPOCH 55 train_loss=0.403572
2026-08-27 10:43:25,974 | EPOCH 55 VAL loss=0.436907 acc=0.8438 pre=0.8493 rec=0.8454 f1=0.8415
2026-08-27 10:43:33,279 | EPOCH 56 train_loss=0.400692
2026-08-27 10:43:40,530 | EPOCH 57 train_loss=0.399751
2026-08-27 10:43:47,898 | EPOCH 58 train_loss=0.397836
2026-08-27 10:43:55,202 | EPOCH 59 train_loss=0.395562
2026-08-27 10:44:02,251 | EPOCH 60 train_loss=0.393043
2026-08-27 10:44:02,849 | EPOCH 60 VAL loss=0.401703 acc=0.8595 pre=0.8598 rec=0.8600 f1=0.8594 BEST
2026-08-27 10:44:10,856 | EPOCH 61 train_loss=0.391723
2026-08-27 10:44:18,026 | EPOCH 62 train_loss=0.389699
2026-08-27 10:44:25,438 | EPOCH 63 train_loss=0.387546
2026-08-27 10:44:32,658 | EPOCH 64 train_loss=0.385595
2026-08-27 10:44:40,064 | EPOCH 65 train_loss=0.384390
2026-08-27 10:44:40,676 | EPOCH 65 VAL loss=0.392425 acc=0.8643 pre=0.8639 rec=0.8653 f1=0.8631 BEST
2026-08-27 10:44:48,266 | EPOCH 66 train_loss=0.382307
2026-08-27 10:44:55,452 | EPOCH 67 train_loss=0.380245
2026-08-27 10:45:02,711 | EPOCH 68 train_loss=0.378458
2026-08-27 10:45:09,941 | EPOCH 69 train_loss=0.378119
2026-08-27 10:45:17,103 | EPOCH 70 train_loss=0.375122
2026-08-27 10:45:17,697 | EPOCH 70 VAL loss=0.416406 acc=0.8518 pre=0.8601 rec=0.8524 f1=0.8462
2026-08-27 10:45:25,005 | EPOCH 71 train_loss=0.373949
2026-08-27 10:45:32,310 | EPOCH 72 train_loss=0.372290
2026-08-27 10:45:39,655 | EPOCH 73 train_loss=0.370672
2026-08-27 10:45:46,693 | EPOCH 74 train_loss=0.368904
2026-08-27 10:45:53,912 | EPOCH 75 train_loss=0.366629
2026-08-27 10:45:54,536 | EPOCH 75 VAL loss=0.385389 acc=0.8618 pre=0.8629 rec=0.8624 f1=0.8585 BEST
2026-08-27 10:46:02,260 | EPOCH 76 train_loss=0.366048
2026-08-27 10:46:09,454 | EPOCH 77 train_loss=0.363552
2026-08-27 10:46:16,916 | EPOCH 78 train_loss=0.363369
2026-08-27 10:46:24,106 | EPOCH 79 train_loss=0.362133
2026-08-27 10:46:31,357 | EPOCH 80 train_loss=0.359614
2026-08-27 10:46:32,370 | EPOCH 80 VAL loss=0.375725 acc=0.8703 pre=0.8720 rec=0.8710 f1=0.8706 BEST
2026-08-27 10:46:39,851 | EPOCH 81 train_loss=0.359203
2026-08-27 10:46:46,944 | EPOCH 82 train_loss=0.357013
2026-08-27 10:46:54,133 | EPOCH 83 train_loss=0.356526
2026-08-27 10:47:01,217 | EPOCH 84 train_loss=0.354024
2026-08-27 10:47:08,501 | EPOCH 85 train_loss=0.352774
2026-08-27 10:47:09,104 | EPOCH 85 VAL loss=0.389006 acc=0.8627 pre=0.8663 rec=0.8643 f1=0.8632
2026-08-27 10:47:16,190 | EPOCH 86 train_loss=0.351774
2026-08-27 10:47:23,281 | EPOCH 87 train_loss=0.350153
2026-08-27 10:47:30,610 | EPOCH 88 train_loss=0.349477
2026-08-27 10:47:37,836 | EPOCH 89 train_loss=0.347839
2026-08-27 10:47:45,064 | EPOCH 90 train_loss=0.346654
2026-08-27 10:47:45,702 | EPOCH 90 VAL loss=0.396913 acc=0.8598 pre=0.8656 rec=0.8602 f1=0.8519
2026-08-27 10:47:52,945 | EPOCH 91 train_loss=0.345196
2026-08-27 10:48:00,049 | EPOCH 92 train_loss=0.344979
2026-08-27 10:48:07,294 | EPOCH 93 train_loss=0.342235
2026-08-27 10:48:14,385 | EPOCH 94 train_loss=0.341416
2026-08-27 10:48:21,704 | EPOCH 95 train_loss=0.340995
2026-08-27 10:48:22,316 | EPOCH 95 VAL loss=0.371650 acc=0.8682 pre=0.8713 rec=0.8701 f1=0.8690 BEST
2026-08-27 10:48:29,847 | EPOCH 96 train_loss=0.340683
2026-08-27 10:48:36,836 | EPOCH 97 train_loss=0.338290
2026-08-27 10:48:44,128 | EPOCH 98 train_loss=0.337591
2026-08-27 10:48:51,383 | EPOCH 99 train_loss=0.335506
2026-08-27 10:48:58,437 | EPOCH 100 train_loss=0.334561
2026-08-27 10:48:59,085 | EPOCH 100 VAL loss=0.355646 acc=0.8762 pre=0.8771 rec=0.8768 f1=0.8745 BEST
2026-08-27 10:49:06,632 | EPOCH 101 train_loss=0.332918
2026-08-27 10:49:13,955 | EPOCH 102 train_loss=0.332331
2026-08-27 10:49:21,695 | EPOCH 103 train_loss=0.331302
2026-08-27 10:49:28,876 | EPOCH 104 train_loss=0.329766
2026-08-27 10:49:36,059 | EPOCH 105 train_loss=0.329222
2026-08-27 10:49:36,681 | EPOCH 105 VAL loss=0.363212 acc=0.8693 pre=0.8725 rec=0.8706 f1=0.8687
2026-08-27 10:49:43,967 | EPOCH 106 train_loss=0.328132
2026-08-27 10:49:51,457 | EPOCH 107 train_loss=0.326595
2026-08-27 10:49:58,869 | EPOCH 108 train_loss=0.326004
2026-08-27 10:50:06,031 | EPOCH 109 train_loss=0.324920
2026-08-27 10:50:13,492 | EPOCH 110 train_loss=0.324020
2026-08-27 10:50:14,103 | EPOCH 110 VAL loss=0.343235 acc=0.8777 pre=0.8784 rec=0.8788 f1=0.8782 BEST
2026-08-27 10:50:21,670 | EPOCH 111 train_loss=0.323675
2026-08-27 10:50:28,974 | EPOCH 112 train_loss=0.320917
2026-08-27 10:50:36,447 | EPOCH 113 train_loss=0.320156
2026-08-27 10:50:43,903 | EPOCH 114 train_loss=0.319146
2026-08-27 10:50:51,167 | EPOCH 115 train_loss=0.317575
2026-08-27 10:50:51,832 | EPOCH 115 VAL loss=0.357323 acc=0.8700 pre=0.8778 rec=0.8714 f1=0.8720
2026-08-27 10:50:59,230 | EPOCH 116 train_loss=0.317512
2026-08-27 10:51:06,644 | EPOCH 117 train_loss=0.316519
2026-08-27 10:51:14,061 | EPOCH 118 train_loss=0.316158
2026-08-27 10:51:21,486 | EPOCH 119 train_loss=0.315213
2026-08-27 10:51:28,824 | EPOCH 120 train_loss=0.314086
2026-08-27 10:51:29,436 | EPOCH 120 VAL loss=0.333536 acc=0.8845 pre=0.8846 rec=0.8854 f1=0.8847 BEST
2026-08-27 10:51:37,159 | EPOCH 121 train_loss=0.312403
2026-08-27 10:51:44,626 | EPOCH 122 train_loss=0.312949
2026-08-27 10:51:52,489 | EPOCH 123 train_loss=0.311297
2026-08-27 10:52:00,253 | EPOCH 124 train_loss=0.310680
2026-08-27 10:52:08,121 | EPOCH 125 train_loss=0.308936
2026-08-27 10:52:08,781 | EPOCH 125 VAL loss=0.337838 acc=0.8810 pre=0.8833 rec=0.8822 f1=0.8821
2026-08-27 10:52:16,521 | EPOCH 126 train_loss=0.307174
2026-08-27 10:52:24,439 | EPOCH 127 train_loss=0.308477
2026-08-27 10:52:31,731 | EPOCH 128 train_loss=0.305294
2026-08-27 10:52:39,256 | EPOCH 129 train_loss=0.306022
2026-08-27 10:52:46,728 | EPOCH 130 train_loss=0.304341
2026-08-27 10:52:47,321 | EPOCH 130 VAL loss=0.330098 acc=0.8847 pre=0.8843 rec=0.8860 f1=0.8848 BEST
2026-08-27 10:52:55,117 | EPOCH 131 train_loss=0.303703
2026-08-27 10:53:02,482 | EPOCH 132 train_loss=0.302441
2026-08-27 10:53:09,830 | EPOCH 133 train_loss=0.302087
2026-08-27 10:53:17,028 | EPOCH 134 train_loss=0.301010
2026-08-27 10:53:24,376 | EPOCH 135 train_loss=0.300463
2026-08-27 10:53:24,966 | EPOCH 135 VAL loss=0.342199 acc=0.8752 pre=0.8837 rec=0.8768 f1=0.8773
2026-08-27 10:53:32,340 | EPOCH 136 train_loss=0.299292
2026-08-27 10:53:39,911 | EPOCH 137 train_loss=0.298506
2026-08-27 10:53:47,360 | EPOCH 138 train_loss=0.298087
2026-08-27 10:53:54,924 | EPOCH 139 train_loss=0.298018
2026-08-27 10:54:02,014 | EPOCH 140 train_loss=0.296087
2026-08-27 10:54:02,624 | EPOCH 140 VAL loss=0.338827 acc=0.8808 pre=0.8833 rec=0.8812 f1=0.8780
2026-08-27 10:54:09,756 | EPOCH 141 train_loss=0.294760
2026-08-27 10:54:16,944 | EPOCH 142 train_loss=0.295306
2026-08-27 10:54:24,223 | EPOCH 143 train_loss=0.295384
2026-08-27 10:54:31,624 | EPOCH 144 train_loss=0.293933
2026-08-27 10:54:39,269 | EPOCH 145 train_loss=0.293288
2026-08-27 10:54:39,880 | EPOCH 145 VAL loss=0.333985 acc=0.8792 pre=0.8817 rec=0.8791 f1=0.8767
2026-08-27 10:54:47,011 | EPOCH 146 train_loss=0.292047
2026-08-27 10:54:54,568 | EPOCH 147 train_loss=0.290214
2026-08-27 10:55:01,790 | EPOCH 148 train_loss=0.291165
2026-08-27 10:55:09,199 | EPOCH 149 train_loss=0.289291
2026-08-27 10:55:16,367 | EPOCH 150 train_loss=0.288758
2026-08-27 10:55:16,975 | EPOCH 150 VAL loss=0.315004 acc=0.8867 pre=0.8870 rec=0.8876 f1=0.8870 BEST
2026-08-27 10:55:17,324 | DONE best_epoch=150 best_val_loss=0.315004 early_stop=False time=1139.02s
