2026-08-27 14:46:28,116 | START cnn_adamw_lr0.001_s2026 opt=adamw lr=0.001 seed=2026 device=cuda epochs=150
2026-08-27 14:46:37,039 | EPOCH 1 train_loss=0.535561
2026-08-27 14:46:46,469 | EPOCH 2 train_loss=0.338937
2026-08-27 14:46:55,963 | EPOCH 3 train_loss=0.294657
2026-08-27 14:47:05,663 | EPOCH 4 train_loss=0.262924
2026-08-27 14:47:14,384 | EPOCH 5 train_loss=0.239155
2026-08-27 14:47:15,092 | EPOCH 5 VAL loss=0.248713 acc=0.9083 pre=0.9095 rec=0.9089 f1=0.9078 BEST
2026-08-27 14:47:24,572 | EPOCH 6 train_loss=0.220554
2026-08-27 14:47:33,671 | EPOCH 7 train_loss=0.204554
2026-08-27 14:47:42,622 | EPOCH 8 train_loss=0.187476
2026-08-27 14:47:52,150 | EPOCH 9 train_loss=0.175004
2026-08-27 14:48:01,279 | EPOCH 10 train_loss=0.161535
2026-08-27 14:48:02,109 | EPOCH 10 VAL loss=0.226036 acc=0.9185 pre=0.9198 rec=0.9188 f1=0.9179 BEST
2026-08-27 14:48:11,944 | EPOCH 11 train_loss=0.150080
2026-08-27 14:48:20,539 | EPOCH 12 train_loss=0.139202
2026-08-27 14:48:30,001 | EPOCH 13 train_loss=0.125199
2026-08-27 14:48:39,780 | EPOCH 14 train_loss=0.116348
2026-08-27 14:48:48,495 | EPOCH 15 train_loss=0.106890
2026-08-27 14:48:49,550 | EPOCH 15 VAL loss=0.243085 acc=0.9177 pre=0.9187 rec=0.9190 f1=0.9185
2026-08-27 14:48:57,747 | EPOCH 16 train_loss=0.097324
2026-08-27 14:49:06,910 | EPOCH 17 train_loss=0.087658
2026-08-27 14:49:16,827 | EPOCH 18 train_loss=0.084156
2026-08-27 14:49:25,341 | EPOCH 19 train_loss=0.071862
2026-08-27 14:49:35,530 | EPOCH 20 train_loss=0.066785
2026-08-27 14:49:36,230 | EPOCH 20 VAL loss=0.278090 acc=0.9215 pre=0.9225 rec=0.9218 f1=0.9215
2026-08-27 14:49:45,297 | EPOCH 21 train_loss=0.061808
2026-08-27 14:49:54,053 | EPOCH 22 train_loss=0.055085
2026-08-27 14:50:02,719 | EPOCH 23 train_loss=0.049643
2026-08-27 14:50:11,776 | EPOCH 24 train_loss=0.046766
2026-08-27 14:50:20,611 | EPOCH 25 train_loss=0.038800
2026-08-27 14:50:21,710 | EPOCH 25 VAL loss=0.341568 acc=0.9153 pre=0.9172 rec=0.9161 f1=0.9160
2026-08-27 14:50:30,271 | EPOCH 26 train_loss=0.041552
2026-08-27 14:50:39,102 | EPOCH 27 train_loss=0.034024
2026-08-27 14:50:48,020 | EPOCH 28 train_loss=0.034883
2026-08-27 14:50:56,530 | EPOCH 29 train_loss=0.031975
2026-08-27 14:51:06,411 | EPOCH 30 train_loss=0.028423
2026-08-27 14:51:07,185 | EPOCH 30 VAL loss=0.433080 acc=0.9122 pre=0.9150 rec=0.9124 f1=0.9127
2026-08-27 14:51:16,690 | EPOCH 31 train_loss=0.030007
2026-08-27 14:51:26,026 | EPOCH 32 train_loss=0.027034
2026-08-27 14:51:35,183 | EPOCH 33 train_loss=0.024697
2026-08-27 14:51:44,217 | EPOCH 34 train_loss=0.022302
2026-08-27 14:51:53,444 | EPOCH 35 train_loss=0.024589
2026-08-27 14:51:54,143 | EPOCH 35 VAL loss=0.406558 acc=0.9163 pre=0.9164 rec=0.9170 f1=0.9161
2026-08-27 14:52:02,970 | EPOCH 36 train_loss=0.020658
2026-08-27 14:52:12,630 | EPOCH 37 train_loss=0.020845
2026-08-27 14:52:22,023 | EPOCH 38 train_loss=0.022120
2026-08-27 14:52:30,551 | EPOCH 39 train_loss=0.017998
2026-08-27 14:52:39,831 | EPOCH 40 train_loss=0.015061
2026-08-27 14:52:40,553 | EPOCH 40 VAL loss=0.435877 acc=0.9202 pre=0.9205 rec=0.9211 f1=0.9207
2026-08-27 14:52:40,562 | DONE best_epoch=10 best_val_loss=0.226036 early_stop=True time=371.62s
