2026-08-27 15:55:29,156 | START mlp_nadam_lr0.0005_s2026 opt=nadam lr=0.0005 seed=2026 device=cuda epochs=150
2026-08-27 15:55:37,540 | EPOCH 1 train_loss=0.572415
2026-08-27 15:55:45,770 | EPOCH 2 train_loss=0.392519
2026-08-27 15:55:54,123 | EPOCH 3 train_loss=0.347438
2026-08-27 15:56:02,747 | EPOCH 4 train_loss=0.319874
2026-08-27 15:56:11,054 | EPOCH 5 train_loss=0.298291
2026-08-27 15:56:11,767 | EPOCH 5 VAL loss=0.335410 acc=0.8765 pre=0.8777 rec=0.8778 f1=0.8758 BEST
2026-08-27 15:56:20,902 | EPOCH 6 train_loss=0.281369
2026-08-27 15:56:29,224 | EPOCH 7 train_loss=0.266730
2026-08-27 15:56:37,614 | EPOCH 8 train_loss=0.254674
2026-08-27 15:56:46,033 | EPOCH 9 train_loss=0.242767
2026-08-27 15:56:54,424 | EPOCH 10 train_loss=0.232267
2026-08-27 15:56:55,142 | EPOCH 10 VAL loss=0.317967 acc=0.8863 pre=0.8880 rec=0.8871 f1=0.8857 BEST
2026-08-27 15:57:04,521 | EPOCH 11 train_loss=0.224012
2026-08-27 15:57:13,331 | EPOCH 12 train_loss=0.213492
2026-08-27 15:57:21,917 | EPOCH 13 train_loss=0.205677
2026-08-27 15:57:30,359 | EPOCH 14 train_loss=0.199177
2026-08-27 15:57:38,882 | EPOCH 15 train_loss=0.190588
2026-08-27 15:57:39,622 | EPOCH 15 VAL loss=0.314916 acc=0.8870 pre=0.8892 rec=0.8885 f1=0.8884 BEST
2026-08-27 15:57:48,514 | EPOCH 16 train_loss=0.182472
2026-08-27 15:57:56,730 | EPOCH 17 train_loss=0.176813
2026-08-27 15:58:04,997 | EPOCH 18 train_loss=0.169082
2026-08-27 15:58:13,273 | EPOCH 19 train_loss=0.162538
2026-08-27 15:58:21,395 | EPOCH 20 train_loss=0.157425
2026-08-27 15:58:22,112 | EPOCH 20 VAL loss=0.339907 acc=0.8878 pre=0.8899 rec=0.8882 f1=0.8880
2026-08-27 15:58:30,392 | EPOCH 21 train_loss=0.152221
2026-08-27 15:58:38,597 | EPOCH 22 train_loss=0.146016
2026-08-27 15:58:46,617 | EPOCH 23 train_loss=0.140883
2026-08-27 15:58:54,788 | EPOCH 24 train_loss=0.136999
2026-08-27 15:59:03,279 | EPOCH 25 train_loss=0.129609
2026-08-27 15:59:04,395 | EPOCH 25 VAL loss=0.348903 acc=0.8887 pre=0.8922 rec=0.8892 f1=0.8885
2026-08-27 15:59:12,566 | EPOCH 26 train_loss=0.129007
2026-08-27 15:59:21,593 | EPOCH 27 train_loss=0.121652
2026-08-27 15:59:29,770 | EPOCH 28 train_loss=0.116988
2026-08-27 15:59:39,993 | EPOCH 29 train_loss=0.114619
2026-08-27 15:59:49,014 | EPOCH 30 train_loss=0.111772
2026-08-27 15:59:49,736 | EPOCH 30 VAL loss=0.386992 acc=0.8950 pre=0.8958 rec=0.8959 f1=0.8951
2026-08-27 15:59:58,119 | EPOCH 31 train_loss=0.105881
2026-08-27 16:00:06,862 | EPOCH 32 train_loss=0.101812
2026-08-27 16:00:15,932 | EPOCH 33 train_loss=0.099328
2026-08-27 16:00:24,704 | EPOCH 34 train_loss=0.096821
2026-08-27 16:00:33,438 | EPOCH 35 train_loss=0.093259
2026-08-27 16:00:34,137 | EPOCH 35 VAL loss=0.433076 acc=0.8913 pre=0.8940 rec=0.8932 f1=0.8928
2026-08-27 16:00:43,785 | EPOCH 36 train_loss=0.089244
2026-08-27 16:00:53,543 | EPOCH 37 train_loss=0.087633
2026-08-27 16:01:02,038 | EPOCH 38 train_loss=0.085967
2026-08-27 16:01:10,881 | EPOCH 39 train_loss=0.083432
2026-08-27 16:01:19,329 | EPOCH 40 train_loss=0.080545
2026-08-27 16:01:20,152 | EPOCH 40 VAL loss=0.464057 acc=0.8883 pre=0.8892 rec=0.8898 f1=0.8891
2026-08-27 16:01:28,882 | EPOCH 41 train_loss=0.077340
2026-08-27 16:01:38,004 | EPOCH 42 train_loss=0.077686
2026-08-27 16:01:46,151 | EPOCH 43 train_loss=0.072181
2026-08-27 16:01:54,555 | EPOCH 44 train_loss=0.069584
2026-08-27 16:02:03,368 | EPOCH 45 train_loss=0.072083
2026-08-27 16:02:04,087 | EPOCH 45 VAL loss=0.506773 acc=0.8940 pre=0.8944 rec=0.8950 f1=0.8944
2026-08-27 16:02:04,097 | DONE best_epoch=15 best_val_loss=0.314916 early_stop=True time=394.12s
