2026-08-27 15:36:18,745 | START cnn_adamax_lr0.001_s42 opt=adamax lr=0.001 seed=42 device=cuda epochs=150
2026-08-27 15:36:27,251 | EPOCH 1 train_loss=0.647781
2026-08-27 15:36:35,629 | EPOCH 2 train_loss=0.423716
2026-08-27 15:36:43,813 | EPOCH 3 train_loss=0.375157
2026-08-27 15:36:51,916 | EPOCH 4 train_loss=0.343671
2026-08-27 15:37:00,311 | EPOCH 5 train_loss=0.320695
2026-08-27 15:37:01,018 | EPOCH 5 VAL loss=0.322116 acc=0.8855 pre=0.8869 rec=0.8865 f1=0.8849 BEST
2026-08-27 15:37:09,787 | EPOCH 6 train_loss=0.304635
2026-08-27 15:37:18,438 | EPOCH 7 train_loss=0.288474
2026-08-27 15:37:26,641 | EPOCH 8 train_loss=0.274993
2026-08-27 15:37:35,031 | EPOCH 9 train_loss=0.263956
2026-08-27 15:37:43,420 | EPOCH 10 train_loss=0.254267
2026-08-27 15:37:44,151 | EPOCH 10 VAL loss=0.280696 acc=0.9003 pre=0.9006 rec=0.9011 f1=0.8998 BEST
2026-08-27 15:37:52,937 | EPOCH 11 train_loss=0.243775
2026-08-27 15:38:01,171 | EPOCH 12 train_loss=0.235512
2026-08-27 15:38:09,512 | EPOCH 13 train_loss=0.229015
2026-08-27 15:38:17,782 | EPOCH 14 train_loss=0.221905
2026-08-27 15:38:25,824 | EPOCH 15 train_loss=0.214950
2026-08-27 15:38:26,548 | EPOCH 15 VAL loss=0.246217 acc=0.9080 pre=0.9086 rec=0.9094 f1=0.9085 BEST
2026-08-27 15:38:35,161 | EPOCH 16 train_loss=0.208887
2026-08-27 15:38:43,289 | EPOCH 17 train_loss=0.202554
2026-08-27 15:38:51,604 | EPOCH 18 train_loss=0.198329
2026-08-27 15:39:00,193 | EPOCH 19 train_loss=0.192107
2026-08-27 15:39:08,621 | EPOCH 20 train_loss=0.187395
2026-08-27 15:39:09,340 | EPOCH 20 VAL loss=0.231205 acc=0.9177 pre=0.9187 rec=0.9191 f1=0.9185 BEST
2026-08-27 15:39:17,925 | EPOCH 21 train_loss=0.182681
2026-08-27 15:39:26,213 | EPOCH 22 train_loss=0.177671
2026-08-27 15:39:34,839 | EPOCH 23 train_loss=0.173690
2026-08-27 15:39:43,036 | EPOCH 24 train_loss=0.169300
2026-08-27 15:39:51,226 | EPOCH 25 train_loss=0.166308
2026-08-27 15:39:51,913 | EPOCH 25 VAL loss=0.234176 acc=0.9143 pre=0.9171 rec=0.9153 f1=0.9152
2026-08-27 15:40:00,194 | EPOCH 26 train_loss=0.161736
2026-08-27 15:40:08,424 | EPOCH 27 train_loss=0.156005
2026-08-27 15:40:16,722 | EPOCH 28 train_loss=0.153633
2026-08-27 15:40:25,149 | EPOCH 29 train_loss=0.148699
2026-08-27 15:40:33,548 | EPOCH 30 train_loss=0.144392
2026-08-27 15:40:34,252 | EPOCH 30 VAL loss=0.214556 acc=0.9212 pre=0.9214 rec=0.9221 f1=0.9215 BEST
2026-08-27 15:40:43,075 | EPOCH 31 train_loss=0.142125
2026-08-27 15:40:51,631 | EPOCH 32 train_loss=0.137473
2026-08-27 15:41:00,053 | EPOCH 33 train_loss=0.134030
2026-08-27 15:41:08,393 | EPOCH 34 train_loss=0.130137
2026-08-27 15:41:16,746 | EPOCH 35 train_loss=0.127356
2026-08-27 15:41:17,505 | EPOCH 35 VAL loss=0.227235 acc=0.9223 pre=0.9243 rec=0.9226 f1=0.9230
2026-08-27 15:41:25,871 | EPOCH 36 train_loss=0.123228
2026-08-27 15:41:34,667 | EPOCH 37 train_loss=0.120518
2026-08-27 15:41:43,085 | EPOCH 38 train_loss=0.115928
2026-08-27 15:41:51,572 | EPOCH 39 train_loss=0.113123
2026-08-27 15:42:00,006 | EPOCH 40 train_loss=0.110280
2026-08-27 15:42:00,692 | EPOCH 40 VAL loss=0.238811 acc=0.9170 pre=0.9182 rec=0.9182 f1=0.9171
2026-08-27 15:42:08,820 | EPOCH 41 train_loss=0.107555
2026-08-27 15:42:17,238 | EPOCH 42 train_loss=0.104400
2026-08-27 15:42:25,751 | EPOCH 43 train_loss=0.101422
2026-08-27 15:42:34,391 | EPOCH 44 train_loss=0.098112
2026-08-27 15:42:43,099 | EPOCH 45 train_loss=0.094918
2026-08-27 15:42:43,850 | EPOCH 45 VAL loss=0.233659 acc=0.9218 pre=0.9234 rec=0.9228 f1=0.9227
2026-08-27 15:42:52,611 | EPOCH 46 train_loss=0.092709
2026-08-27 15:43:00,975 | EPOCH 47 train_loss=0.089549
2026-08-27 15:43:09,566 | EPOCH 48 train_loss=0.087134
2026-08-27 15:43:18,177 | EPOCH 49 train_loss=0.086249
2026-08-27 15:43:26,611 | EPOCH 50 train_loss=0.081718
2026-08-27 15:43:27,356 | EPOCH 50 VAL loss=0.252922 acc=0.9160 pre=0.9198 rec=0.9171 f1=0.9177
2026-08-27 15:43:35,662 | EPOCH 51 train_loss=0.080768
2026-08-27 15:43:44,072 | EPOCH 52 train_loss=0.076161
2026-08-27 15:43:52,630 | EPOCH 53 train_loss=0.074019
2026-08-27 15:44:01,243 | EPOCH 54 train_loss=0.071537
2026-08-27 15:44:09,869 | EPOCH 55 train_loss=0.069689
2026-08-27 15:44:10,594 | EPOCH 55 VAL loss=0.253654 acc=0.9208 pre=0.9216 rec=0.9213 f1=0.9212
2026-08-27 15:44:19,218 | EPOCH 56 train_loss=0.067986
2026-08-27 15:44:27,917 | EPOCH 57 train_loss=0.064281
2026-08-27 15:44:36,278 | EPOCH 58 train_loss=0.062605
2026-08-27 15:44:44,989 | EPOCH 59 train_loss=0.060565
2026-08-27 15:44:53,399 | EPOCH 60 train_loss=0.058408
2026-08-27 15:44:54,117 | EPOCH 60 VAL loss=0.270641 acc=0.9195 pre=0.9203 rec=0.9199 f1=0.9195
2026-08-27 15:44:54,126 | DONE best_epoch=30 best_val_loss=0.214556 early_stop=True time=514.57s
