2026-08-27 13:49:58,696 | START mlp_adamw_lr0.0005_s123 opt=adamw lr=0.0005 seed=123 device=cuda epochs=150
2026-08-27 13:50:06,922 | EPOCH 1 train_loss=0.584199
2026-08-27 13:50:14,333 | EPOCH 2 train_loss=0.398349
2026-08-27 13:50:21,880 | EPOCH 3 train_loss=0.355028
2026-08-27 13:50:29,838 | EPOCH 4 train_loss=0.329933
2026-08-27 13:50:37,325 | EPOCH 5 train_loss=0.307795
2026-08-27 13:50:38,016 | EPOCH 5 VAL loss=0.344402 acc=0.8750 pre=0.8767 rec=0.8761 f1=0.8731 BEST
2026-08-27 13:50:46,475 | EPOCH 6 train_loss=0.291601
2026-08-27 13:50:53,944 | EPOCH 7 train_loss=0.277190
2026-08-27 13:51:01,345 | EPOCH 8 train_loss=0.263846
2026-08-27 13:51:10,118 | EPOCH 9 train_loss=0.252983
2026-08-27 13:51:18,208 | EPOCH 10 train_loss=0.244805
2026-08-27 13:51:19,474 | EPOCH 10 VAL loss=0.303687 acc=0.8878 pre=0.8884 rec=0.8893 f1=0.8885 BEST
2026-08-27 13:51:27,765 | EPOCH 11 train_loss=0.230742
2026-08-27 13:51:36,617 | EPOCH 12 train_loss=0.222112
2026-08-27 13:51:44,181 | EPOCH 13 train_loss=0.216408
2026-08-27 13:51:51,921 | EPOCH 14 train_loss=0.207322
2026-08-27 13:51:59,959 | EPOCH 15 train_loss=0.201314
2026-08-27 13:52:00,542 | EPOCH 15 VAL loss=0.298484 acc=0.8952 pre=0.8949 rec=0.8956 f1=0.8945 BEST
2026-08-27 13:52:08,238 | EPOCH 16 train_loss=0.193466
2026-08-27 13:52:16,511 | EPOCH 17 train_loss=0.186671
2026-08-27 13:52:24,208 | EPOCH 18 train_loss=0.179933
2026-08-27 13:52:31,604 | EPOCH 19 train_loss=0.172406
2026-08-27 13:52:40,284 | EPOCH 20 train_loss=0.167317
2026-08-27 13:52:40,957 | EPOCH 20 VAL loss=0.334156 acc=0.8832 pre=0.8860 rec=0.8847 f1=0.8833
2026-08-27 13:52:49,360 | EPOCH 21 train_loss=0.161089
2026-08-27 13:52:56,921 | EPOCH 22 train_loss=0.154970
2026-08-27 13:53:04,703 | EPOCH 23 train_loss=0.150300
2026-08-27 13:53:12,540 | EPOCH 24 train_loss=0.146240
2026-08-27 13:53:20,110 | EPOCH 25 train_loss=0.142018
2026-08-27 13:53:20,701 | EPOCH 25 VAL loss=0.333011 acc=0.8965 pre=0.8975 rec=0.8969 f1=0.8955
2026-08-27 13:53:28,397 | EPOCH 26 train_loss=0.134491
2026-08-27 13:53:35,689 | EPOCH 27 train_loss=0.133017
2026-08-27 13:53:43,043 | EPOCH 28 train_loss=0.128753
2026-08-27 13:53:50,892 | EPOCH 29 train_loss=0.124474
2026-08-27 13:53:58,965 | EPOCH 30 train_loss=0.119780
2026-08-27 13:53:59,633 | EPOCH 30 VAL loss=0.364725 acc=0.8935 pre=0.8986 rec=0.8952 f1=0.8956
2026-08-27 13:54:07,732 | EPOCH 31 train_loss=0.117715
2026-08-27 13:54:15,571 | EPOCH 32 train_loss=0.111936
2026-08-27 13:54:23,839 | EPOCH 33 train_loss=0.108826
2026-08-27 13:54:32,399 | EPOCH 34 train_loss=0.107004
2026-08-27 13:54:39,865 | EPOCH 35 train_loss=0.101611
2026-08-27 13:54:40,531 | EPOCH 35 VAL loss=0.387523 acc=0.8975 pre=0.8988 rec=0.8978 f1=0.8972
2026-08-27 13:54:48,228 | EPOCH 36 train_loss=0.097751
2026-08-27 13:54:56,517 | EPOCH 37 train_loss=0.100099
2026-08-27 13:55:03,990 | EPOCH 38 train_loss=0.095862
2026-08-27 13:55:12,221 | EPOCH 39 train_loss=0.091282
2026-08-27 13:55:20,763 | EPOCH 40 train_loss=0.088465
2026-08-27 13:55:21,471 | EPOCH 40 VAL loss=0.445533 acc=0.8915 pre=0.8923 rec=0.8924 f1=0.8912
2026-08-27 13:55:29,171 | EPOCH 41 train_loss=0.088614
2026-08-27 13:55:37,476 | EPOCH 42 train_loss=0.082384
2026-08-27 13:55:45,514 | EPOCH 43 train_loss=0.083335
2026-08-27 13:55:53,602 | EPOCH 44 train_loss=0.079799
2026-08-27 13:56:02,153 | EPOCH 45 train_loss=0.076892
2026-08-27 13:56:02,961 | EPOCH 45 VAL loss=0.428763 acc=0.8948 pre=0.8956 rec=0.8959 f1=0.8955
2026-08-27 13:56:02,971 | DONE best_epoch=15 best_val_loss=0.298484 early_stop=True time=363.38s
