2026-08-27 15:08:07,294 | START cnn_adamw_lr0.0005_s2026 opt=adamw lr=0.0005 seed=2026 device=cuda epochs=150
2026-08-27 15:08:18,450 | EPOCH 1 train_loss=0.624860
2026-08-27 15:08:27,967 | EPOCH 2 train_loss=0.386089
2026-08-27 15:08:37,288 | EPOCH 3 train_loss=0.341834
2026-08-27 15:08:47,724 | EPOCH 4 train_loss=0.310893
2026-08-27 15:08:57,798 | EPOCH 5 train_loss=0.288931
2026-08-27 15:08:58,560 | EPOCH 5 VAL loss=0.289524 acc=0.8967 pre=0.8969 rec=0.8976 f1=0.8957 BEST
2026-08-27 15:09:09,031 | EPOCH 6 train_loss=0.271275
2026-08-27 15:09:18,046 | EPOCH 7 train_loss=0.256350
2026-08-27 15:09:28,222 | EPOCH 8 train_loss=0.239856
2026-08-27 15:09:37,893 | EPOCH 9 train_loss=0.227549
2026-08-27 15:09:46,898 | EPOCH 10 train_loss=0.217327
2026-08-27 15:09:47,751 | EPOCH 10 VAL loss=0.251046 acc=0.9082 pre=0.9097 rec=0.9090 f1=0.9070 BEST
2026-08-27 15:09:56,992 | EPOCH 11 train_loss=0.203737
2026-08-27 15:10:06,678 | EPOCH 12 train_loss=0.197179
2026-08-27 15:10:15,801 | EPOCH 13 train_loss=0.184273
2026-08-27 15:10:25,150 | EPOCH 14 train_loss=0.177924
2026-08-27 15:10:35,177 | EPOCH 15 train_loss=0.169381
2026-08-27 15:10:35,922 | EPOCH 15 VAL loss=0.226247 acc=0.9177 pre=0.9183 rec=0.9185 f1=0.9182 BEST
2026-08-27 15:10:46,601 | EPOCH 16 train_loss=0.162615
2026-08-27 15:10:56,064 | EPOCH 17 train_loss=0.155425
2026-08-27 15:11:05,120 | EPOCH 18 train_loss=0.150815
2026-08-27 15:11:15,615 | EPOCH 19 train_loss=0.141697
2026-08-27 15:11:26,001 | EPOCH 20 train_loss=0.135774
2026-08-27 15:11:26,750 | EPOCH 20 VAL loss=0.220042 acc=0.9243 pre=0.9254 rec=0.9246 f1=0.9248 BEST
2026-08-27 15:11:37,505 | EPOCH 21 train_loss=0.129205
2026-08-27 15:11:47,476 | EPOCH 22 train_loss=0.122414
2026-08-27 15:11:57,422 | EPOCH 23 train_loss=0.118252
2026-08-27 15:12:07,604 | EPOCH 24 train_loss=0.111876
2026-08-27 15:12:17,773 | EPOCH 25 train_loss=0.104796
2026-08-27 15:12:18,531 | EPOCH 25 VAL loss=0.245423 acc=0.9205 pre=0.9232 rec=0.9211 f1=0.9215
2026-08-27 15:12:27,575 | EPOCH 26 train_loss=0.100632
2026-08-27 15:12:36,329 | EPOCH 27 train_loss=0.096343
2026-08-27 15:12:45,918 | EPOCH 28 train_loss=0.090982
2026-08-27 15:12:56,513 | EPOCH 29 train_loss=0.086289
2026-08-27 15:13:05,503 | EPOCH 30 train_loss=0.079801
2026-08-27 15:13:06,406 | EPOCH 30 VAL loss=0.251622 acc=0.9217 pre=0.9230 rec=0.9220 f1=0.9223
2026-08-27 15:13:16,109 | EPOCH 31 train_loss=0.076985
2026-08-27 15:13:26,510 | EPOCH 32 train_loss=0.072068
2026-08-27 15:13:35,619 | EPOCH 33 train_loss=0.067799
2026-08-27 15:13:44,211 | EPOCH 34 train_loss=0.064067
2026-08-27 15:13:53,851 | EPOCH 35 train_loss=0.059296
2026-08-27 15:13:54,579 | EPOCH 35 VAL loss=0.294616 acc=0.9203 pre=0.9222 rec=0.9212 f1=0.9212
2026-08-27 15:14:03,691 | EPOCH 36 train_loss=0.059791
2026-08-27 15:14:12,614 | EPOCH 37 train_loss=0.052970
2026-08-27 15:14:22,918 | EPOCH 38 train_loss=0.050247
2026-08-27 15:14:31,852 | EPOCH 39 train_loss=0.046651
2026-08-27 15:14:40,812 | EPOCH 40 train_loss=0.042421
2026-08-27 15:14:42,264 | EPOCH 40 VAL loss=0.320599 acc=0.9210 pre=0.9223 rec=0.9220 f1=0.9219
2026-08-27 15:14:51,895 | EPOCH 41 train_loss=0.041546
2026-08-27 15:15:01,653 | EPOCH 42 train_loss=0.040818
2026-08-27 15:15:10,662 | EPOCH 43 train_loss=0.036799
2026-08-27 15:15:19,720 | EPOCH 44 train_loss=0.035719
2026-08-27 15:15:29,900 | EPOCH 45 train_loss=0.032945
2026-08-27 15:15:30,622 | EPOCH 45 VAL loss=0.345491 acc=0.9217 pre=0.9217 rec=0.9227 f1=0.9218
2026-08-27 15:15:40,302 | EPOCH 46 train_loss=0.031905
2026-08-27 15:15:50,524 | EPOCH 47 train_loss=0.032026
2026-08-27 15:16:00,042 | EPOCH 48 train_loss=0.028454
2026-08-27 15:16:09,978 | EPOCH 49 train_loss=0.025527
2026-08-27 15:16:19,071 | EPOCH 50 train_loss=0.025714
2026-08-27 15:16:19,822 | EPOCH 50 VAL loss=0.427507 acc=0.9118 pre=0.9190 rec=0.9130 f1=0.9143
2026-08-27 15:16:19,832 | DONE best_epoch=20 best_val_loss=0.220042 early_stop=True time=491.69s
