2026-08-27 16:38:28,398 | START cnn_nadam_lr0.002_s42 opt=nadam lr=0.002 seed=42 device=cuda epochs=150
2026-08-27 16:38:37,209 | EPOCH 1 train_loss=0.463822
2026-08-27 16:38:46,186 | EPOCH 2 train_loss=0.292438
2026-08-27 16:38:55,123 | EPOCH 3 train_loss=0.247197
2026-08-27 16:39:03,866 | EPOCH 4 train_loss=0.219167
2026-08-27 16:39:12,783 | EPOCH 5 train_loss=0.196011
2026-08-27 16:39:13,483 | EPOCH 5 VAL loss=0.226935 acc=0.9123 pre=0.9141 rec=0.9126 f1=0.9124 BEST
2026-08-27 16:39:22,863 | EPOCH 6 train_loss=0.176813
2026-08-27 16:39:31,845 | EPOCH 7 train_loss=0.158180
2026-08-27 16:39:40,835 | EPOCH 8 train_loss=0.140480
2026-08-27 16:39:49,865 | EPOCH 9 train_loss=0.124931
2026-08-27 16:39:59,140 | EPOCH 10 train_loss=0.111966
2026-08-27 16:39:59,857 | EPOCH 10 VAL loss=0.255531 acc=0.9147 pre=0.9151 rec=0.9150 f1=0.9148
2026-08-27 16:40:08,832 | EPOCH 11 train_loss=0.098431
2026-08-27 16:40:17,715 | EPOCH 12 train_loss=0.087083
2026-08-27 16:40:26,879 | EPOCH 13 train_loss=0.077788
2026-08-27 16:40:36,031 | EPOCH 14 train_loss=0.069897
2026-08-27 16:40:45,172 | EPOCH 15 train_loss=0.062847
2026-08-27 16:40:45,930 | EPOCH 15 VAL loss=0.340043 acc=0.9157 pre=0.9165 rec=0.9161 f1=0.9158
2026-08-27 16:40:55,348 | EPOCH 16 train_loss=0.058314
2026-08-27 16:41:04,713 | EPOCH 17 train_loss=0.051223
2026-08-27 16:41:13,724 | EPOCH 18 train_loss=0.044932
2026-08-27 16:41:22,898 | EPOCH 19 train_loss=0.041272
2026-08-27 16:41:32,206 | EPOCH 20 train_loss=0.040243
2026-08-27 16:41:33,389 | EPOCH 20 VAL loss=0.442564 acc=0.9153 pre=0.9158 rec=0.9167 f1=0.9161
2026-08-27 16:41:42,547 | EPOCH 21 train_loss=0.038705
2026-08-27 16:41:51,660 | EPOCH 22 train_loss=0.035866
2026-08-27 16:42:00,895 | EPOCH 23 train_loss=0.031972
2026-08-27 16:42:09,906 | EPOCH 24 train_loss=0.036926
2026-08-27 16:42:18,876 | EPOCH 25 train_loss=0.030648
2026-08-27 16:42:19,586 | EPOCH 25 VAL loss=0.556558 acc=0.9118 pre=0.9134 rec=0.9131 f1=0.9126
2026-08-27 16:42:28,512 | EPOCH 26 train_loss=0.028924
2026-08-27 16:42:37,499 | EPOCH 27 train_loss=0.028239
2026-08-27 16:42:46,342 | EPOCH 28 train_loss=0.028262
2026-08-27 16:42:55,383 | EPOCH 29 train_loss=0.025686
2026-08-27 16:43:04,200 | EPOCH 30 train_loss=0.023609
2026-08-27 16:43:04,914 | EPOCH 30 VAL loss=0.601163 acc=0.9150 pre=0.9166 rec=0.9159 f1=0.9160
2026-08-27 16:43:13,894 | EPOCH 31 train_loss=0.024343
2026-08-27 16:43:22,904 | EPOCH 32 train_loss=0.023157
2026-08-27 16:43:31,809 | EPOCH 33 train_loss=0.025067
2026-08-27 16:43:40,861 | EPOCH 34 train_loss=0.024076
2026-08-27 16:43:49,849 | EPOCH 35 train_loss=0.026627
2026-08-27 16:43:50,575 | EPOCH 35 VAL loss=0.692442 acc=0.9102 pre=0.9119 rec=0.9114 f1=0.9112
2026-08-27 16:43:50,585 | DONE best_epoch=5 best_val_loss=0.226935 early_stop=True time=321.36s
