2026-08-27 05:09:31,050 | START mlp_adadelta_lr0.5_s123 opt=adadelta lr=0.5 seed=123 device=cuda epochs=150
2026-08-27 05:09:37,947 | EPOCH 1 train_loss=0.588290
2026-08-27 05:09:44,724 | EPOCH 2 train_loss=0.401082
2026-08-27 05:09:51,561 | EPOCH 3 train_loss=0.358262
2026-08-27 05:09:58,408 | EPOCH 4 train_loss=0.330751
2026-08-27 05:10:05,566 | EPOCH 5 train_loss=0.309957
2026-08-27 05:10:06,154 | EPOCH 5 VAL loss=0.407309 acc=0.8507 pre=0.8643 rec=0.8536 f1=0.8517 BEST
2026-08-27 05:10:13,436 | EPOCH 6 train_loss=0.294358
2026-08-27 05:10:20,251 | EPOCH 7 train_loss=0.282545
2026-08-27 05:10:26,970 | EPOCH 8 train_loss=0.270097
2026-08-27 05:10:33,783 | EPOCH 9 train_loss=0.261110
2026-08-27 05:10:40,682 | EPOCH 10 train_loss=0.251476
2026-08-27 05:10:41,369 | EPOCH 10 VAL loss=0.364811 acc=0.8702 pre=0.8832 rec=0.8734 f1=0.8732 BEST
2026-08-27 05:10:48,499 | EPOCH 11 train_loss=0.243724
2026-08-27 05:10:55,407 | EPOCH 12 train_loss=0.236888
2026-08-27 05:11:02,260 | EPOCH 13 train_loss=0.229702
2026-08-27 05:11:06,087 | INTERRUPTED epoch=13 batch=474
2026-08-27 11:22:55,624 | START mlp_adadelta_lr0.5_s123 opt=adadelta lr=0.5 seed=123 device=cuda epochs=150
2026-08-27 11:23:02,911 | EPOCH 1 train_loss=0.588290
2026-08-27 11:23:09,948 | EPOCH 2 train_loss=0.401082
2026-08-27 11:23:16,636 | EPOCH 3 train_loss=0.358262
2026-08-27 11:23:23,520 | EPOCH 4 train_loss=0.330751
2026-08-27 11:23:30,316 | EPOCH 5 train_loss=0.309957
2026-08-27 11:23:30,887 | EPOCH 5 VAL loss=0.407309 acc=0.8507 pre=0.8643 rec=0.8536 f1=0.8517 BEST
2026-08-27 11:23:38,060 | EPOCH 6 train_loss=0.294358
2026-08-27 11:23:44,950 | EPOCH 7 train_loss=0.282545
2026-08-27 11:23:51,915 | EPOCH 8 train_loss=0.270097
2026-08-27 11:23:58,790 | EPOCH 9 train_loss=0.261110
2026-08-27 11:24:05,776 | EPOCH 10 train_loss=0.251476
2026-08-27 11:24:06,354 | EPOCH 10 VAL loss=0.364811 acc=0.8702 pre=0.8832 rec=0.8734 f1=0.8732 BEST
2026-08-27 11:24:13,776 | EPOCH 11 train_loss=0.243724
2026-08-27 11:24:20,655 | EPOCH 12 train_loss=0.236888
2026-08-27 11:24:27,481 | EPOCH 13 train_loss=0.229702
2026-08-27 11:24:34,223 | EPOCH 14 train_loss=0.224705
2026-08-27 11:24:41,368 | EPOCH 15 train_loss=0.216392
2026-08-27 11:24:41,944 | EPOCH 15 VAL loss=0.332441 acc=0.8885 pre=0.8918 rec=0.8901 f1=0.8898 BEST
2026-08-27 11:24:49,402 | EPOCH 16 train_loss=0.212443
2026-08-27 11:24:56,159 | EPOCH 17 train_loss=0.206591
2026-08-27 11:25:03,163 | EPOCH 18 train_loss=0.200016
2026-08-27 11:25:09,990 | EPOCH 19 train_loss=0.196021
2026-08-27 11:25:16,799 | EPOCH 20 train_loss=0.192023
2026-08-27 11:25:17,376 | EPOCH 20 VAL loss=0.357107 acc=0.8848 pre=0.8850 rec=0.8858 f1=0.8839
2026-08-27 11:25:24,273 | EPOCH 21 train_loss=0.188992
2026-08-27 11:25:31,136 | EPOCH 22 train_loss=0.183281
2026-08-27 11:25:37,866 | EPOCH 23 train_loss=0.179406
2026-08-27 11:25:44,601 | EPOCH 24 train_loss=0.178080
2026-08-27 11:25:51,453 | EPOCH 25 train_loss=0.174763
2026-08-27 11:25:52,066 | EPOCH 25 VAL loss=0.361947 acc=0.8928 pre=0.8922 rec=0.8935 f1=0.8924
2026-08-27 11:25:59,236 | EPOCH 26 train_loss=0.168314
2026-08-27 11:26:05,880 | EPOCH 27 train_loss=0.167832
2026-08-27 11:26:12,776 | EPOCH 28 train_loss=0.164532
2026-08-27 11:26:19,533 | EPOCH 29 train_loss=0.160649
2026-08-27 11:26:26,406 | EPOCH 30 train_loss=0.158448
2026-08-27 11:26:27,009 | EPOCH 30 VAL loss=0.538242 acc=0.8812 pre=0.8882 rec=0.8837 f1=0.8827
2026-08-27 11:26:33,734 | EPOCH 31 train_loss=0.153899
2026-08-27 11:26:40,508 | EPOCH 32 train_loss=0.152615
2026-08-27 11:26:47,204 | EPOCH 33 train_loss=0.147625
2026-08-27 11:26:53,963 | EPOCH 34 train_loss=0.147760
2026-08-27 11:27:00,751 | EPOCH 35 train_loss=0.144968
2026-08-27 11:27:01,324 | EPOCH 35 VAL loss=0.477166 acc=0.8888 pre=0.8902 rec=0.8894 f1=0.8866
2026-08-27 11:27:08,154 | EPOCH 36 train_loss=0.142531
2026-08-27 11:27:14,898 | EPOCH 37 train_loss=0.141903
2026-08-27 11:27:21,864 | EPOCH 38 train_loss=0.135115
2026-08-27 11:27:28,727 | EPOCH 39 train_loss=0.136690
2026-08-27 11:27:35,441 | EPOCH 40 train_loss=0.132686
2026-08-27 11:27:36,102 | EPOCH 40 VAL loss=0.564741 acc=0.8762 pre=0.8806 rec=0.8787 f1=0.8767
2026-08-27 11:27:42,998 | EPOCH 41 train_loss=0.130845
2026-08-27 11:27:49,858 | EPOCH 42 train_loss=0.128597
2026-08-27 11:27:56,694 | EPOCH 43 train_loss=0.127530
2026-08-27 11:28:03,496 | EPOCH 44 train_loss=0.126375
2026-08-27 11:28:10,490 | EPOCH 45 train_loss=0.122829
2026-08-27 11:28:11,070 | EPOCH 45 VAL loss=0.569985 acc=0.8897 pre=0.8917 rec=0.8911 f1=0.8908
2026-08-27 11:28:11,078 | DONE best_epoch=15 best_val_loss=0.332441 early_stop=True time=314.79s
