2026-08-27 15:54:05,231 | START cnn_adamax_lr0.001_s2026 opt=adamax lr=0.001 seed=2026 device=cuda epochs=150
2026-08-27 15:54:14,064 | EPOCH 1 train_loss=0.666060
2026-08-27 15:54:22,995 | EPOCH 2 train_loss=0.426703
2026-08-27 15:54:32,137 | EPOCH 3 train_loss=0.374786
2026-08-27 15:54:41,132 | EPOCH 4 train_loss=0.341600
2026-08-27 15:54:50,177 | EPOCH 5 train_loss=0.318446
2026-08-27 15:54:50,926 | EPOCH 5 VAL loss=0.320425 acc=0.8853 pre=0.8861 rec=0.8862 f1=0.8826 BEST
2026-08-27 15:55:00,157 | EPOCH 6 train_loss=0.300645
2026-08-27 15:55:09,005 | EPOCH 7 train_loss=0.285500
2026-08-27 15:55:17,892 | EPOCH 8 train_loss=0.270319
2026-08-27 15:55:26,583 | EPOCH 9 train_loss=0.259175
2026-08-27 15:55:35,562 | EPOCH 10 train_loss=0.250153
2026-08-27 15:55:36,293 | EPOCH 10 VAL loss=0.274880 acc=0.9000 pre=0.9008 rec=0.9010 f1=0.8986 BEST
2026-08-27 15:55:45,347 | EPOCH 11 train_loss=0.239227
2026-08-27 15:55:54,262 | EPOCH 12 train_loss=0.232055
2026-08-27 15:56:03,351 | EPOCH 13 train_loss=0.220753
2026-08-27 15:56:11,969 | EPOCH 14 train_loss=0.214067
2026-08-27 15:56:21,022 | EPOCH 15 train_loss=0.208110
2026-08-27 15:56:21,739 | EPOCH 15 VAL loss=0.248931 acc=0.9082 pre=0.9111 rec=0.9085 f1=0.9080 BEST
2026-08-27 15:56:31,052 | EPOCH 16 train_loss=0.202343
2026-08-27 15:56:39,800 | EPOCH 17 train_loss=0.196458
2026-08-27 15:56:48,651 | EPOCH 18 train_loss=0.191375
2026-08-27 15:56:57,669 | EPOCH 19 train_loss=0.184372
2026-08-27 15:57:06,927 | EPOCH 20 train_loss=0.178993
2026-08-27 15:57:07,727 | EPOCH 20 VAL loss=0.230649 acc=0.9158 pre=0.9171 rec=0.9158 f1=0.9158 BEST
2026-08-27 15:57:17,702 | EPOCH 21 train_loss=0.173458
2026-08-27 15:57:26,339 | EPOCH 22 train_loss=0.168510
2026-08-27 15:57:35,149 | EPOCH 23 train_loss=0.164909
2026-08-27 15:57:44,499 | EPOCH 24 train_loss=0.159310
2026-08-27 15:57:53,325 | EPOCH 25 train_loss=0.152872
2026-08-27 15:57:54,050 | EPOCH 25 VAL loss=0.244507 acc=0.9108 pre=0.9152 rec=0.9112 f1=0.9113
2026-08-27 15:58:02,885 | EPOCH 26 train_loss=0.149159
2026-08-27 15:58:11,695 | EPOCH 27 train_loss=0.146506
2026-08-27 15:58:20,404 | EPOCH 28 train_loss=0.141744
2026-08-27 15:58:29,354 | EPOCH 29 train_loss=0.139014
2026-08-27 15:58:38,022 | EPOCH 30 train_loss=0.132675
2026-08-27 15:58:38,740 | EPOCH 30 VAL loss=0.219632 acc=0.9227 pre=0.9235 rec=0.9231 f1=0.9229 BEST
2026-08-27 15:58:47,802 | EPOCH 31 train_loss=0.129002
2026-08-27 15:58:58,445 | EPOCH 32 train_loss=0.126874
2026-08-27 15:59:08,487 | EPOCH 33 train_loss=0.122381
2026-08-27 15:59:17,413 | EPOCH 34 train_loss=0.117222
2026-08-27 15:59:27,152 | EPOCH 35 train_loss=0.112652
2026-08-27 15:59:27,885 | EPOCH 35 VAL loss=0.232035 acc=0.9212 pre=0.9223 rec=0.9218 f1=0.9219
2026-08-27 15:59:36,883 | EPOCH 36 train_loss=0.112319
2026-08-27 15:59:46,548 | EPOCH 37 train_loss=0.106298
2026-08-27 15:59:54,996 | EPOCH 38 train_loss=0.103681
2026-08-27 16:00:04,625 | EPOCH 39 train_loss=0.099514
2026-08-27 16:00:14,831 | EPOCH 40 train_loss=0.095624
2026-08-27 16:00:15,552 | EPOCH 40 VAL loss=0.238158 acc=0.9202 pre=0.9208 rec=0.9211 f1=0.9205
2026-08-27 16:00:24,365 | EPOCH 41 train_loss=0.092580
2026-08-27 16:00:34,079 | EPOCH 42 train_loss=0.091108
2026-08-27 16:00:43,366 | EPOCH 43 train_loss=0.088797
2026-08-27 16:00:52,578 | EPOCH 44 train_loss=0.084943
2026-08-27 16:01:01,391 | EPOCH 45 train_loss=0.082218
2026-08-27 16:01:02,137 | EPOCH 45 VAL loss=0.243225 acc=0.9230 pre=0.9231 rec=0.9241 f1=0.9232
2026-08-27 16:01:12,123 | EPOCH 46 train_loss=0.078684
2026-08-27 16:01:21,894 | EPOCH 47 train_loss=0.076667
2026-08-27 16:01:30,762 | EPOCH 48 train_loss=0.073306
2026-08-27 16:01:40,738 | EPOCH 49 train_loss=0.069235
2026-08-27 16:01:50,847 | EPOCH 50 train_loss=0.068009
2026-08-27 16:01:51,544 | EPOCH 50 VAL loss=0.273484 acc=0.9168 pre=0.9221 rec=0.9177 f1=0.9188
2026-08-27 16:02:01,347 | EPOCH 51 train_loss=0.065968
2026-08-27 16:02:10,231 | EPOCH 52 train_loss=0.062556
2026-08-27 16:02:18,880 | EPOCH 53 train_loss=0.060476
2026-08-27 16:02:27,419 | EPOCH 54 train_loss=0.058063
2026-08-27 16:02:35,800 | EPOCH 55 train_loss=0.055643
2026-08-27 16:02:36,488 | EPOCH 55 VAL loss=0.281708 acc=0.9212 pre=0.9233 rec=0.9220 f1=0.9222
2026-08-27 16:02:45,031 | EPOCH 56 train_loss=0.052802
2026-08-27 16:02:53,480 | EPOCH 57 train_loss=0.051034
2026-08-27 16:03:01,800 | EPOCH 58 train_loss=0.048411
2026-08-27 16:03:10,144 | EPOCH 59 train_loss=0.046669
2026-08-27 16:03:18,626 | EPOCH 60 train_loss=0.044576
2026-08-27 16:03:19,325 | EPOCH 60 VAL loss=0.297672 acc=0.9213 pre=0.9219 rec=0.9220 f1=0.9219
2026-08-27 16:03:19,334 | DONE best_epoch=30 best_val_loss=0.219632 early_stop=True time=553.31s
