2026-08-27 07:09:48,493 | START cnn_adagrad_lr0.005_s2026 opt=adagrad lr=0.005 seed=2026 device=cuda epochs=150
2026-08-27 07:09:56,503 | EPOCH 1 train_loss=0.542973
2026-08-27 07:10:04,490 | EPOCH 2 train_loss=0.402946
2026-08-27 07:10:12,987 | EPOCH 3 train_loss=0.372374
2026-08-27 07:10:21,415 | EPOCH 4 train_loss=0.354719
2026-08-27 07:10:30,192 | EPOCH 5 train_loss=0.341347
2026-08-27 07:10:30,869 | EPOCH 5 VAL loss=0.354277 acc=0.8738 pre=0.8733 rec=0.8747 f1=0.8719 BEST
2026-08-27 07:10:39,108 | EPOCH 6 train_loss=0.332169
2026-08-27 07:10:47,524 | EPOCH 7 train_loss=0.323933
2026-08-27 07:10:55,965 | EPOCH 8 train_loss=0.317894
2026-08-27 07:11:04,616 | EPOCH 9 train_loss=0.312049
2026-08-27 07:11:12,372 | EPOCH 10 train_loss=0.306749
2026-08-27 07:11:13,017 | EPOCH 10 VAL loss=0.325009 acc=0.8870 pre=0.8874 rec=0.8879 f1=0.8858 BEST
2026-08-27 07:11:21,195 | EPOCH 11 train_loss=0.302039
2026-08-27 07:11:28,915 | EPOCH 12 train_loss=0.298310
2026-08-27 07:11:36,697 | EPOCH 13 train_loss=0.295022
2026-08-27 07:11:44,646 | EPOCH 14 train_loss=0.291338
2026-08-27 07:11:52,569 | EPOCH 15 train_loss=0.288478
2026-08-27 07:11:53,259 | EPOCH 15 VAL loss=0.304974 acc=0.8950 pre=0.8964 rec=0.8959 f1=0.8960 BEST
2026-08-27 07:12:01,575 | EPOCH 16 train_loss=0.285334
2026-08-27 07:12:09,225 | EPOCH 17 train_loss=0.282705
2026-08-27 07:12:17,081 | EPOCH 18 train_loss=0.280382
2026-08-27 07:12:24,939 | EPOCH 19 train_loss=0.277824
2026-08-27 07:12:32,794 | EPOCH 20 train_loss=0.275379
2026-08-27 07:12:33,447 | EPOCH 20 VAL loss=0.296659 acc=0.8975 pre=0.8977 rec=0.8984 f1=0.8971 BEST
2026-08-27 07:12:41,798 | EPOCH 21 train_loss=0.273173
2026-08-27 07:12:49,473 | EPOCH 22 train_loss=0.271288
2026-08-27 07:12:57,295 | EPOCH 23 train_loss=0.269398
2026-08-27 07:13:05,020 | EPOCH 24 train_loss=0.267738
2026-08-27 07:13:12,973 | EPOCH 25 train_loss=0.265432
2026-08-27 07:13:13,679 | EPOCH 25 VAL loss=0.295281 acc=0.8967 pre=0.8990 rec=0.8973 f1=0.8963 BEST
2026-08-27 07:13:22,285 | EPOCH 26 train_loss=0.264316
2026-08-27 07:13:30,195 | EPOCH 27 train_loss=0.262054
2026-08-27 07:13:38,020 | EPOCH 28 train_loss=0.260558
2026-08-27 07:13:45,949 | EPOCH 29 train_loss=0.259067
2026-08-27 07:13:53,606 | EPOCH 30 train_loss=0.257721
2026-08-27 07:13:54,245 | EPOCH 30 VAL loss=0.282430 acc=0.9042 pre=0.9042 rec=0.9051 f1=0.9042 BEST
2026-08-27 07:14:02,437 | EPOCH 31 train_loss=0.256049
2026-08-27 07:14:10,289 | EPOCH 32 train_loss=0.254745
2026-08-27 07:14:18,199 | EPOCH 33 train_loss=0.253111
2026-08-27 07:14:25,974 | EPOCH 34 train_loss=0.251951
2026-08-27 07:14:33,850 | EPOCH 35 train_loss=0.250704
2026-08-27 07:14:34,526 | EPOCH 35 VAL loss=0.277682 acc=0.9040 pre=0.9044 rec=0.9047 f1=0.9040 BEST
2026-08-27 07:14:42,738 | EPOCH 36 train_loss=0.249706
2026-08-27 07:14:50,564 | EPOCH 37 train_loss=0.248304
2026-08-27 07:14:58,588 | EPOCH 38 train_loss=0.247012
2026-08-27 07:15:06,368 | EPOCH 39 train_loss=0.246052
2026-08-27 07:15:14,468 | EPOCH 40 train_loss=0.244817
2026-08-27 07:15:15,124 | EPOCH 40 VAL loss=0.277435 acc=0.9038 pre=0.9042 rec=0.9049 f1=0.9040 BEST
2026-08-27 07:15:23,284 | EPOCH 41 train_loss=0.243801
2026-08-27 07:15:30,877 | EPOCH 42 train_loss=0.242651
2026-08-27 07:15:38,765 | EPOCH 43 train_loss=0.241753
2026-08-27 07:15:46,434 | EPOCH 44 train_loss=0.240194
2026-08-27 07:15:54,343 | EPOCH 45 train_loss=0.239363
2026-08-27 07:15:54,977 | EPOCH 45 VAL loss=0.273185 acc=0.9040 pre=0.9036 rec=0.9052 f1=0.9039 BEST
2026-08-27 07:16:03,027 | EPOCH 46 train_loss=0.238859
2026-08-27 07:16:10,709 | EPOCH 47 train_loss=0.237701
2026-08-27 07:16:18,716 | EPOCH 48 train_loss=0.236306
2026-08-27 07:16:26,678 | EPOCH 49 train_loss=0.235531
2026-08-27 07:16:34,572 | EPOCH 50 train_loss=0.234827
2026-08-27 07:16:35,218 | EPOCH 50 VAL loss=0.265161 acc=0.9065 pre=0.9069 rec=0.9076 f1=0.9072 BEST
2026-08-27 07:16:43,198 | EPOCH 51 train_loss=0.233872
2026-08-27 07:16:50,914 | EPOCH 52 train_loss=0.233097
2026-08-27 07:16:58,975 | EPOCH 53 train_loss=0.231824
2026-08-27 07:17:06,732 | EPOCH 54 train_loss=0.231310
2026-08-27 07:17:14,367 | EPOCH 55 train_loss=0.230569
2026-08-27 07:17:15,036 | EPOCH 55 VAL loss=0.262922 acc=0.9080 pre=0.9088 rec=0.9088 f1=0.9087 BEST
2026-08-27 07:17:23,372 | EPOCH 56 train_loss=0.229756
2026-08-27 07:17:31,144 | EPOCH 57 train_loss=0.228820
2026-08-27 07:17:38,822 | EPOCH 58 train_loss=0.228112
2026-08-27 07:17:46,534 | EPOCH 59 train_loss=0.227002
2026-08-27 07:17:54,291 | EPOCH 60 train_loss=0.226470
2026-08-27 07:17:54,958 | EPOCH 60 VAL loss=0.258822 acc=0.9092 pre=0.9098 rec=0.9101 f1=0.9098 BEST
2026-08-27 07:18:03,426 | EPOCH 61 train_loss=0.225785
2026-08-27 07:18:11,787 | EPOCH 62 train_loss=0.224872
2026-08-27 07:18:19,644 | EPOCH 63 train_loss=0.224289
2026-08-27 07:18:27,351 | EPOCH 64 train_loss=0.223335
2026-08-27 07:18:35,299 | EPOCH 65 train_loss=0.222576
2026-08-27 07:18:35,964 | EPOCH 65 VAL loss=0.257954 acc=0.9098 pre=0.9097 rec=0.9106 f1=0.9098 BEST
2026-08-27 07:18:44,166 | EPOCH 66 train_loss=0.221769
2026-08-27 07:18:52,015 | EPOCH 67 train_loss=0.221201
2026-08-27 07:18:59,656 | EPOCH 68 train_loss=0.220682
2026-08-27 07:19:07,689 | EPOCH 69 train_loss=0.219899
2026-08-27 07:19:15,644 | EPOCH 70 train_loss=0.219230
2026-08-27 07:19:16,317 | EPOCH 70 VAL loss=0.259226 acc=0.9072 pre=0.9086 rec=0.9084 f1=0.9081
2026-08-27 07:19:24,285 | EPOCH 71 train_loss=0.218420
2026-08-27 07:19:32,232 | EPOCH 72 train_loss=0.218249
2026-08-27 07:19:40,194 | EPOCH 73 train_loss=0.217426
2026-08-27 07:19:48,207 | EPOCH 74 train_loss=0.216907
2026-08-27 07:19:56,270 | EPOCH 75 train_loss=0.216123
2026-08-27 07:19:56,929 | EPOCH 75 VAL loss=0.254136 acc=0.9085 pre=0.9084 rec=0.9094 f1=0.9084 BEST
2026-08-27 07:20:05,067 | EPOCH 76 train_loss=0.215494
2026-08-27 07:20:13,042 | EPOCH 77 train_loss=0.215115
2026-08-27 07:20:21,632 | EPOCH 78 train_loss=0.214203
2026-08-27 07:20:29,965 | EPOCH 79 train_loss=0.214025
2026-08-27 07:20:37,675 | EPOCH 80 train_loss=0.213316
2026-08-27 07:20:38,330 | EPOCH 80 VAL loss=0.249517 acc=0.9103 pre=0.9105 rec=0.9109 f1=0.9105 BEST
2026-08-27 07:20:46,482 | EPOCH 81 train_loss=0.212605
2026-08-27 07:20:54,613 | EPOCH 82 train_loss=0.211861
2026-08-27 07:21:02,389 | EPOCH 83 train_loss=0.211545
2026-08-27 07:21:10,128 | EPOCH 84 train_loss=0.210926
2026-08-27 07:21:18,093 | EPOCH 85 train_loss=0.210711
2026-08-27 07:21:18,764 | EPOCH 85 VAL loss=0.248652 acc=0.9118 pre=0.9125 rec=0.9127 f1=0.9125 BEST
2026-08-27 07:21:27,145 | EPOCH 86 train_loss=0.209810
2026-08-27 07:21:35,028 | EPOCH 87 train_loss=0.209241
2026-08-27 07:21:42,797 | EPOCH 88 train_loss=0.209128
2026-08-27 07:21:50,379 | EPOCH 89 train_loss=0.208406
2026-08-27 07:21:58,246 | EPOCH 90 train_loss=0.207526
2026-08-27 07:21:58,870 | EPOCH 90 VAL loss=0.247411 acc=0.9127 pre=0.9129 rec=0.9135 f1=0.9130 BEST
2026-08-27 07:22:06,994 | EPOCH 91 train_loss=0.207368
2026-08-27 07:22:14,708 | EPOCH 92 train_loss=0.206680
2026-08-27 07:22:22,659 | EPOCH 93 train_loss=0.206393
2026-08-27 07:22:30,377 | EPOCH 94 train_loss=0.205602
2026-08-27 07:22:38,167 | EPOCH 95 train_loss=0.205463
2026-08-27 07:22:38,804 | EPOCH 95 VAL loss=0.246667 acc=0.9110 pre=0.9113 rec=0.9115 f1=0.9112 BEST
2026-08-27 07:22:46,771 | EPOCH 96 train_loss=0.204980
2026-08-27 07:22:54,593 | EPOCH 97 train_loss=0.204432
2026-08-27 07:23:02,429 | EPOCH 98 train_loss=0.204013
2026-08-27 07:23:10,222 | EPOCH 99 train_loss=0.203369
2026-08-27 07:23:18,091 | EPOCH 100 train_loss=0.202969
2026-08-27 07:23:18,727 | EPOCH 100 VAL loss=0.246309 acc=0.9092 pre=0.9112 rec=0.9103 f1=0.9105 BEST
2026-08-27 07:23:26,874 | EPOCH 101 train_loss=0.202637
2026-08-27 07:23:34,715 | EPOCH 102 train_loss=0.202239
2026-08-27 07:23:42,599 | EPOCH 103 train_loss=0.201668
2026-08-27 07:23:50,431 | EPOCH 104 train_loss=0.200869
2026-08-27 07:23:58,219 | EPOCH 105 train_loss=0.200506
2026-08-27 07:23:58,858 | EPOCH 105 VAL loss=0.243744 acc=0.9118 pre=0.9122 rec=0.9126 f1=0.9121 BEST
2026-08-27 07:24:07,067 | EPOCH 106 train_loss=0.200229
2026-08-27 07:24:14,739 | EPOCH 107 train_loss=0.199800
2026-08-27 07:24:22,456 | EPOCH 108 train_loss=0.199348
2026-08-27 07:24:30,144 | EPOCH 109 train_loss=0.198730
2026-08-27 07:24:37,963 | EPOCH 110 train_loss=0.198371
2026-08-27 07:24:38,619 | EPOCH 110 VAL loss=0.243878 acc=0.9115 pre=0.9126 rec=0.9125 f1=0.9123
2026-08-27 07:24:46,255 | EPOCH 111 train_loss=0.198096
2026-08-27 07:24:54,007 | EPOCH 112 train_loss=0.197670
2026-08-27 07:25:01,657 | EPOCH 113 train_loss=0.197174
2026-08-27 07:25:09,377 | EPOCH 114 train_loss=0.196660
2026-08-27 07:25:17,151 | EPOCH 115 train_loss=0.196304
2026-08-27 07:25:17,840 | EPOCH 115 VAL loss=0.241394 acc=0.9137 pre=0.9146 rec=0.9146 f1=0.9145 BEST
2026-08-27 07:25:26,083 | EPOCH 116 train_loss=0.196214
2026-08-27 07:25:33,946 | EPOCH 117 train_loss=0.195456
2026-08-27 07:25:41,859 | EPOCH 118 train_loss=0.195245
2026-08-27 07:25:49,742 | EPOCH 119 train_loss=0.194773
2026-08-27 07:25:57,582 | EPOCH 120 train_loss=0.194273
2026-08-27 07:25:58,243 | EPOCH 120 VAL loss=0.240086 acc=0.9138 pre=0.9140 rec=0.9145 f1=0.9140 BEST
2026-08-27 07:26:06,478 | EPOCH 121 train_loss=0.194081
2026-08-27 07:26:14,253 | EPOCH 122 train_loss=0.193407
2026-08-27 07:26:22,193 | EPOCH 123 train_loss=0.193194
2026-08-27 07:26:29,946 | EPOCH 124 train_loss=0.193040
2026-08-27 07:26:37,777 | EPOCH 125 train_loss=0.192534
2026-08-27 07:26:38,449 | EPOCH 125 VAL loss=0.239585 acc=0.9145 pre=0.9145 rec=0.9154 f1=0.9147 BEST
2026-08-27 07:26:46,528 | EPOCH 126 train_loss=0.192034
2026-08-27 07:26:54,493 | EPOCH 127 train_loss=0.191808
2026-08-27 07:27:02,249 | EPOCH 128 train_loss=0.191324
2026-08-27 07:27:10,096 | EPOCH 129 train_loss=0.190962
2026-08-27 07:27:17,783 | EPOCH 130 train_loss=0.190903
2026-08-27 07:27:18,424 | EPOCH 130 VAL loss=0.238523 acc=0.9130 pre=0.9137 rec=0.9140 f1=0.9138 BEST
2026-08-27 07:27:26,838 | EPOCH 131 train_loss=0.190146
2026-08-27 07:27:34,830 | EPOCH 132 train_loss=0.189939
2026-08-27 07:27:42,601 | EPOCH 133 train_loss=0.189488
2026-08-27 07:27:50,451 | EPOCH 134 train_loss=0.189281
2026-08-27 07:27:58,487 | EPOCH 135 train_loss=0.188786
2026-08-27 07:27:59,134 | EPOCH 135 VAL loss=0.237633 acc=0.9160 pre=0.9165 rec=0.9166 f1=0.9161 BEST
2026-08-27 07:28:07,445 | EPOCH 136 train_loss=0.188339
2026-08-27 07:28:15,289 | EPOCH 137 train_loss=0.188107
2026-08-27 07:28:23,167 | EPOCH 138 train_loss=0.187755
2026-08-27 07:28:30,877 | EPOCH 139 train_loss=0.187341
2026-08-27 07:28:38,693 | EPOCH 140 train_loss=0.187000
2026-08-27 07:28:39,338 | EPOCH 140 VAL loss=0.237149 acc=0.9142 pre=0.9143 rec=0.9149 f1=0.9141 BEST
2026-08-27 07:28:47,846 | EPOCH 141 train_loss=0.186821
2026-08-27 07:28:55,823 | EPOCH 142 train_loss=0.186422
2026-08-27 07:29:03,981 | EPOCH 143 train_loss=0.185830
2026-08-27 07:29:11,752 | EPOCH 144 train_loss=0.185779
2026-08-27 07:29:19,508 | EPOCH 145 train_loss=0.185539
2026-08-27 07:29:20,154 | EPOCH 145 VAL loss=0.237051 acc=0.9157 pre=0.9160 rec=0.9162 f1=0.9157 BEST
2026-08-27 07:29:28,340 | EPOCH 146 train_loss=0.185103
2026-08-27 07:29:36,070 | EPOCH 147 train_loss=0.184747
2026-08-27 07:29:44,059 | EPOCH 148 train_loss=0.184486
2026-08-27 07:29:52,001 | EPOCH 149 train_loss=0.183848
2026-08-27 07:29:59,861 | EPOCH 150 train_loss=0.183909
2026-08-27 07:30:00,563 | EPOCH 150 VAL loss=0.239909 acc=0.9142 pre=0.9150 rec=0.9145 f1=0.9138
2026-08-27 07:30:00,569 | DONE best_epoch=145 best_val_loss=0.237051 early_stop=False time=1211.29s
