2026-08-27 15:36:30,860 | START mlp_nadam_lr0.001_s2026 opt=nadam lr=0.001 seed=2026 device=cuda epochs=150
2026-08-27 15:36:38,676 | EPOCH 1 train_loss=0.523419
2026-08-27 15:36:46,399 | EPOCH 2 train_loss=0.365112
2026-08-27 15:36:54,120 | EPOCH 3 train_loss=0.322640
2026-08-27 15:37:02,013 | EPOCH 4 train_loss=0.298614
2026-08-27 15:37:09,769 | EPOCH 5 train_loss=0.278383
2026-08-27 15:37:10,478 | EPOCH 5 VAL loss=0.325515 acc=0.8800 pre=0.8806 rec=0.8812 f1=0.8788 BEST
2026-08-27 15:37:19,039 | EPOCH 6 train_loss=0.263242
2026-08-27 15:37:26,825 | EPOCH 7 train_loss=0.249080
2026-08-27 15:37:34,647 | EPOCH 8 train_loss=0.238596
2026-08-27 15:37:42,431 | EPOCH 9 train_loss=0.226478
2026-08-27 15:37:50,445 | EPOCH 10 train_loss=0.216902
2026-08-27 15:37:51,119 | EPOCH 10 VAL loss=0.311410 acc=0.8920 pre=0.8937 rec=0.8925 f1=0.8920 BEST
2026-08-27 15:37:59,106 | EPOCH 11 train_loss=0.208328
2026-08-27 15:38:07,101 | EPOCH 12 train_loss=0.199160
2026-08-27 15:38:14,774 | EPOCH 13 train_loss=0.191792
2026-08-27 15:38:22,485 | EPOCH 14 train_loss=0.183588
2026-08-27 15:38:30,185 | EPOCH 15 train_loss=0.177321
2026-08-27 15:38:30,875 | EPOCH 15 VAL loss=0.331124 acc=0.8930 pre=0.8962 rec=0.8949 f1=0.8949
2026-08-27 15:38:38,655 | EPOCH 16 train_loss=0.169639
2026-08-27 15:38:46,478 | EPOCH 17 train_loss=0.162824
2026-08-27 15:38:54,454 | EPOCH 18 train_loss=0.159154
2026-08-27 15:39:02,562 | EPOCH 19 train_loss=0.153185
2026-08-27 15:39:10,460 | EPOCH 20 train_loss=0.148311
2026-08-27 15:39:11,094 | EPOCH 20 VAL loss=0.340224 acc=0.8918 pre=0.8935 rec=0.8924 f1=0.8921
2026-08-27 15:39:18,762 | EPOCH 21 train_loss=0.145755
2026-08-27 15:39:26,573 | EPOCH 22 train_loss=0.139532
2026-08-27 15:39:34,542 | EPOCH 23 train_loss=0.132620
2026-08-27 15:39:42,425 | EPOCH 24 train_loss=0.132201
2026-08-27 15:39:50,102 | EPOCH 25 train_loss=0.127111
2026-08-27 15:39:50,772 | EPOCH 25 VAL loss=0.379680 acc=0.8885 pre=0.8902 rec=0.8894 f1=0.8883
2026-08-27 15:39:58,676 | EPOCH 26 train_loss=0.121932
2026-08-27 15:40:06,445 | EPOCH 27 train_loss=0.117012
2026-08-27 15:40:14,357 | EPOCH 28 train_loss=0.113922
2026-08-27 15:40:22,250 | EPOCH 29 train_loss=0.109954
2026-08-27 15:40:30,203 | EPOCH 30 train_loss=0.107821
2026-08-27 15:40:30,924 | EPOCH 30 VAL loss=0.416523 acc=0.8947 pre=0.8944 rec=0.8956 f1=0.8940
2026-08-27 15:40:38,939 | EPOCH 31 train_loss=0.103681
2026-08-27 15:40:46,885 | EPOCH 32 train_loss=0.102620
2026-08-27 15:40:54,825 | EPOCH 33 train_loss=0.101161
2026-08-27 15:41:03,073 | EPOCH 34 train_loss=0.093607
2026-08-27 15:41:11,114 | EPOCH 35 train_loss=0.092149
2026-08-27 15:41:11,811 | EPOCH 35 VAL loss=0.489221 acc=0.8927 pre=0.8964 rec=0.8938 f1=0.8946
2026-08-27 15:41:19,934 | EPOCH 36 train_loss=0.091008
2026-08-27 15:41:27,958 | EPOCH 37 train_loss=0.092937
2026-08-27 15:41:36,307 | EPOCH 38 train_loss=0.086490
2026-08-27 15:41:44,492 | EPOCH 39 train_loss=0.083495
2026-08-27 15:41:52,504 | EPOCH 40 train_loss=0.083229
2026-08-27 15:41:53,217 | EPOCH 40 VAL loss=0.501171 acc=0.9007 pre=0.9020 rec=0.9022 f1=0.9018
2026-08-27 15:41:53,227 | DONE best_epoch=10 best_val_loss=0.31141 early_stop=True time=321.56s
