2026-08-27 14:28:57,591 | START cnn_adamw_lr0.002_s2026 opt=adamw lr=0.002 seed=2026 device=cuda epochs=150
2026-08-27 14:29:06,623 | EPOCH 1 train_loss=0.472207
2026-08-27 14:29:15,190 | EPOCH 2 train_loss=0.298103
2026-08-27 14:29:23,340 | EPOCH 3 train_loss=0.254290
2026-08-27 14:29:32,662 | EPOCH 4 train_loss=0.225469
2026-08-27 14:29:40,754 | EPOCH 5 train_loss=0.203027
2026-08-27 14:29:41,415 | EPOCH 5 VAL loss=0.232612 acc=0.9137 pre=0.9144 rec=0.9142 f1=0.9140 BEST
2026-08-27 14:29:49,844 | EPOCH 6 train_loss=0.182221
2026-08-27 14:29:58,876 | EPOCH 7 train_loss=0.165757
2026-08-27 14:30:07,577 | EPOCH 8 train_loss=0.147066
2026-08-27 14:30:15,572 | EPOCH 9 train_loss=0.131397
2026-08-27 14:30:24,682 | EPOCH 10 train_loss=0.119243
2026-08-27 14:30:25,358 | EPOCH 10 VAL loss=0.235721 acc=0.9193 pre=0.9207 rec=0.9196 f1=0.9194
2026-08-27 14:30:34,494 | EPOCH 11 train_loss=0.105913
2026-08-27 14:30:43,423 | EPOCH 12 train_loss=0.096181
2026-08-27 14:30:51,622 | EPOCH 13 train_loss=0.084101
2026-08-27 14:31:00,844 | EPOCH 14 train_loss=0.077885
2026-08-27 14:31:08,990 | EPOCH 15 train_loss=0.070418
2026-08-27 14:31:09,660 | EPOCH 15 VAL loss=0.302999 acc=0.9182 pre=0.9188 rec=0.9189 f1=0.9186
2026-08-27 14:31:17,638 | EPOCH 16 train_loss=0.060528
2026-08-27 14:31:26,987 | EPOCH 17 train_loss=0.057946
2026-08-27 14:31:35,864 | EPOCH 18 train_loss=0.054561
2026-08-27 14:31:44,113 | EPOCH 19 train_loss=0.053123
2026-08-27 14:31:52,937 | EPOCH 20 train_loss=0.042219
2026-08-27 14:31:53,611 | EPOCH 20 VAL loss=0.377683 acc=0.9180 pre=0.9192 rec=0.9188 f1=0.9189
2026-08-27 14:32:02,170 | EPOCH 21 train_loss=0.044048
2026-08-27 14:32:10,447 | EPOCH 22 train_loss=0.042595
2026-08-27 14:32:19,079 | EPOCH 23 train_loss=0.040866
2026-08-27 14:32:27,676 | EPOCH 24 train_loss=0.035703
2026-08-27 14:32:35,625 | EPOCH 25 train_loss=0.031441
2026-08-27 14:32:36,298 | EPOCH 25 VAL loss=0.436459 acc=0.9162 pre=0.9170 rec=0.9170 f1=0.9165
2026-08-27 14:32:44,687 | EPOCH 26 train_loss=0.032968
2026-08-27 14:32:53,627 | EPOCH 27 train_loss=0.033386
2026-08-27 14:33:01,713 | EPOCH 28 train_loss=0.033198
2026-08-27 14:33:10,341 | EPOCH 29 train_loss=0.027886
2026-08-27 14:33:19,092 | EPOCH 30 train_loss=0.026440
2026-08-27 14:33:19,768 | EPOCH 30 VAL loss=0.496627 acc=0.9102 pre=0.9117 rec=0.9111 f1=0.9108
2026-08-27 14:33:27,718 | EPOCH 31 train_loss=0.029631
2026-08-27 14:33:36,612 | EPOCH 32 train_loss=0.029353
2026-08-27 14:33:45,606 | EPOCH 33 train_loss=0.028253
2026-08-27 14:33:53,561 | EPOCH 34 train_loss=0.027902
2026-08-27 14:34:02,680 | EPOCH 35 train_loss=0.023140
2026-08-27 14:34:03,319 | EPOCH 35 VAL loss=0.508573 acc=0.9147 pre=0.9158 rec=0.9153 f1=0.9153
2026-08-27 14:34:03,328 | DONE best_epoch=5 best_val_loss=0.232612 early_stop=True time=305.0s
