2026-08-27 08:15:18,030 | START cnn_rmsprop_lr0.005_s42 opt=rmsprop lr=0.005 seed=42 device=cuda epochs=150
2026-08-27 08:15:25,887 | EPOCH 1 train_loss=0.551824
2026-08-27 08:15:33,631 | EPOCH 2 train_loss=0.313895
2026-08-27 08:15:41,531 | EPOCH 3 train_loss=0.272744
2026-08-27 08:15:49,374 | EPOCH 4 train_loss=0.248793
2026-08-27 08:15:57,266 | EPOCH 5 train_loss=0.231549
2026-08-27 08:15:58,022 | EPOCH 5 VAL loss=0.269834 acc=0.9067 pre=0.9079 rec=0.9072 f1=0.9067 BEST
2026-08-27 08:16:06,499 | EPOCH 6 train_loss=0.218588
2026-08-27 08:16:14,334 | EPOCH 7 train_loss=0.206942
2026-08-27 08:16:22,114 | EPOCH 8 train_loss=0.197155
2026-08-27 08:16:30,028 | EPOCH 9 train_loss=0.187213
2026-08-27 08:16:37,985 | EPOCH 10 train_loss=0.179114
2026-08-27 08:16:38,605 | EPOCH 10 VAL loss=0.307163 acc=0.9007 pre=0.9023 rec=0.9016 f1=0.9010
2026-08-27 08:16:46,455 | EPOCH 11 train_loss=0.170983
2026-08-27 08:16:54,290 | EPOCH 12 train_loss=0.164567
2026-08-27 08:17:02,282 | EPOCH 13 train_loss=0.159006
2026-08-27 08:17:10,127 | EPOCH 14 train_loss=0.151056
2026-08-27 08:17:17,977 | EPOCH 15 train_loss=0.146471
2026-08-27 08:17:19,016 | EPOCH 15 VAL loss=0.362813 acc=0.9043 pre=0.9044 rec=0.9057 f1=0.9041
2026-08-27 08:17:26,837 | EPOCH 16 train_loss=0.142629
2026-08-27 08:17:34,819 | EPOCH 17 train_loss=0.135102
2026-08-27 08:17:42,973 | EPOCH 18 train_loss=0.130941
2026-08-27 08:17:50,959 | EPOCH 19 train_loss=0.128110
2026-08-27 08:17:58,822 | EPOCH 20 train_loss=0.125275
2026-08-27 08:17:59,493 | EPOCH 20 VAL loss=0.411618 acc=0.9035 pre=0.9038 rec=0.9050 f1=0.9040
2026-08-27 08:18:07,456 | EPOCH 21 train_loss=0.121169
2026-08-27 08:18:15,277 | EPOCH 22 train_loss=0.116313
2026-08-27 08:18:23,299 | EPOCH 23 train_loss=0.115893
2026-08-27 08:18:31,048 | EPOCH 24 train_loss=0.112163
2026-08-27 08:18:39,268 | EPOCH 25 train_loss=0.112284
2026-08-27 08:18:39,906 | EPOCH 25 VAL loss=0.475319 acc=0.9065 pre=0.9080 rec=0.9067 f1=0.9057
2026-08-27 08:18:47,990 | EPOCH 26 train_loss=0.107768
2026-08-27 08:18:56,124 | EPOCH 27 train_loss=0.102999
2026-08-27 08:19:04,036 | EPOCH 28 train_loss=0.105036
2026-08-27 08:19:11,913 | EPOCH 29 train_loss=0.099139
2026-08-27 08:19:19,744 | EPOCH 30 train_loss=0.099620
2026-08-27 08:19:20,384 | EPOCH 30 VAL loss=0.572965 acc=0.9025 pre=0.9020 rec=0.9036 f1=0.9021
2026-08-27 08:19:28,427 | EPOCH 31 train_loss=0.099623
2026-08-27 08:19:36,444 | EPOCH 32 train_loss=0.098939
2026-08-27 08:19:44,227 | EPOCH 33 train_loss=0.094958
2026-08-27 08:19:52,118 | EPOCH 34 train_loss=0.093023
2026-08-27 08:20:00,199 | EPOCH 35 train_loss=0.093542
2026-08-27 08:20:00,916 | EPOCH 35 VAL loss=0.629921 acc=0.9053 pre=0.9067 rec=0.9057 f1=0.9061
2026-08-27 08:20:00,922 | DONE best_epoch=5 best_val_loss=0.269834 early_stop=True time=282.09s
