2026-08-27 15:44:58,677 | START cnn_adamax_lr0.001_s123 opt=adamax lr=0.001 seed=123 device=cuda epochs=150
2026-08-27 15:45:06,907 | EPOCH 1 train_loss=0.618710
2026-08-27 15:45:15,198 | EPOCH 2 train_loss=0.402616
2026-08-27 15:45:23,754 | EPOCH 3 train_loss=0.351113
2026-08-27 15:45:32,019 | EPOCH 4 train_loss=0.322539
2026-08-27 15:45:40,351 | EPOCH 5 train_loss=0.299572
2026-08-27 15:45:41,047 | EPOCH 5 VAL loss=0.305641 acc=0.8935 pre=0.8931 rec=0.8944 f1=0.8922 BEST
2026-08-27 15:45:49,781 | EPOCH 6 train_loss=0.281752
2026-08-27 15:45:58,401 | EPOCH 7 train_loss=0.268967
2026-08-27 15:46:06,651 | EPOCH 8 train_loss=0.255309
2026-08-27 15:46:15,028 | EPOCH 9 train_loss=0.243521
2026-08-27 15:46:23,397 | EPOCH 10 train_loss=0.234343
2026-08-27 15:46:24,092 | EPOCH 10 VAL loss=0.262338 acc=0.9053 pre=0.9057 rec=0.9066 f1=0.9053 BEST
2026-08-27 15:46:33,139 | EPOCH 11 train_loss=0.225158
2026-08-27 15:46:41,731 | EPOCH 12 train_loss=0.217123
2026-08-27 15:46:50,767 | EPOCH 13 train_loss=0.211140
2026-08-27 15:46:59,543 | EPOCH 14 train_loss=0.203900
2026-08-27 15:47:08,265 | EPOCH 15 train_loss=0.196508
2026-08-27 15:47:08,951 | EPOCH 15 VAL loss=0.241116 acc=0.9118 pre=0.9124 rec=0.9126 f1=0.9116 BEST
2026-08-27 15:47:17,844 | EPOCH 16 train_loss=0.190739
2026-08-27 15:47:26,487 | EPOCH 17 train_loss=0.183288
2026-08-27 15:47:35,101 | EPOCH 18 train_loss=0.178846
2026-08-27 15:47:43,958 | EPOCH 19 train_loss=0.172518
2026-08-27 15:47:53,055 | EPOCH 20 train_loss=0.167354
2026-08-27 15:47:53,783 | EPOCH 20 VAL loss=0.230909 acc=0.9150 pre=0.9162 rec=0.9156 f1=0.9153 BEST
2026-08-27 15:48:02,948 | EPOCH 21 train_loss=0.162251
2026-08-27 15:48:11,610 | EPOCH 22 train_loss=0.156215
2026-08-27 15:48:20,215 | EPOCH 23 train_loss=0.152716
2026-08-27 15:48:28,996 | EPOCH 24 train_loss=0.146693
2026-08-27 15:48:38,308 | EPOCH 25 train_loss=0.144092
2026-08-27 15:48:39,043 | EPOCH 25 VAL loss=0.232543 acc=0.9162 pre=0.9175 rec=0.9165 f1=0.9160
2026-08-27 15:48:47,937 | EPOCH 26 train_loss=0.138899
2026-08-27 15:48:56,631 | EPOCH 27 train_loss=0.134487
2026-08-27 15:49:05,401 | EPOCH 28 train_loss=0.131502
2026-08-27 15:49:14,090 | EPOCH 29 train_loss=0.125249
2026-08-27 15:49:23,094 | EPOCH 30 train_loss=0.122436
2026-08-27 15:49:23,859 | EPOCH 30 VAL loss=0.229745 acc=0.9220 pre=0.9220 rec=0.9232 f1=0.9223 BEST
2026-08-27 15:49:33,232 | EPOCH 31 train_loss=0.119302
2026-08-27 15:49:42,260 | EPOCH 32 train_loss=0.114906
2026-08-27 15:49:51,108 | EPOCH 33 train_loss=0.110948
2026-08-27 15:50:00,166 | EPOCH 34 train_loss=0.107567
2026-08-27 15:50:09,201 | EPOCH 35 train_loss=0.103040
2026-08-27 15:50:10,063 | EPOCH 35 VAL loss=0.247586 acc=0.9180 pre=0.9192 rec=0.9184 f1=0.9185
2026-08-27 15:50:19,142 | EPOCH 36 train_loss=0.099268
2026-08-27 15:50:28,162 | EPOCH 37 train_loss=0.096339
2026-08-27 15:50:37,110 | EPOCH 38 train_loss=0.094660
2026-08-27 15:50:46,292 | EPOCH 39 train_loss=0.089987
2026-08-27 15:50:55,632 | EPOCH 40 train_loss=0.088342
2026-08-27 15:50:56,355 | EPOCH 40 VAL loss=0.253284 acc=0.9200 pre=0.9205 rec=0.9206 f1=0.9198
2026-08-27 15:51:05,485 | EPOCH 41 train_loss=0.083307
2026-08-27 15:51:14,568 | EPOCH 42 train_loss=0.080436
2026-08-27 15:51:23,829 | EPOCH 43 train_loss=0.076672
2026-08-27 15:51:32,904 | EPOCH 44 train_loss=0.074632
2026-08-27 15:51:41,722 | EPOCH 45 train_loss=0.072502
2026-08-27 15:51:42,955 | EPOCH 45 VAL loss=0.267272 acc=0.9242 pre=0.9264 rec=0.9254 f1=0.9253
2026-08-27 15:51:52,181 | EPOCH 46 train_loss=0.068671
2026-08-27 15:52:01,540 | EPOCH 47 train_loss=0.066493
2026-08-27 15:52:10,471 | EPOCH 48 train_loss=0.064192
2026-08-27 15:52:19,453 | EPOCH 49 train_loss=0.060816
2026-08-27 15:52:28,526 | EPOCH 50 train_loss=0.058249
2026-08-27 15:52:29,285 | EPOCH 50 VAL loss=0.280278 acc=0.9255 pre=0.9268 rec=0.9259 f1=0.9261
2026-08-27 15:52:38,352 | EPOCH 51 train_loss=0.056419
2026-08-27 15:52:47,709 | EPOCH 52 train_loss=0.054318
2026-08-27 15:52:56,454 | EPOCH 53 train_loss=0.052410
2026-08-27 15:53:05,865 | EPOCH 54 train_loss=0.049602
2026-08-27 15:53:14,998 | EPOCH 55 train_loss=0.047830
2026-08-27 15:53:15,741 | EPOCH 55 VAL loss=0.303153 acc=0.9230 pre=0.9233 rec=0.9238 f1=0.9233
2026-08-27 15:53:24,910 | EPOCH 56 train_loss=0.045601
2026-08-27 15:53:33,850 | EPOCH 57 train_loss=0.043448
2026-08-27 15:53:42,653 | EPOCH 58 train_loss=0.042016
2026-08-27 15:53:51,703 | EPOCH 59 train_loss=0.039123
2026-08-27 15:54:00,772 | EPOCH 60 train_loss=0.038514
2026-08-27 15:54:01,536 | EPOCH 60 VAL loss=0.327937 acc=0.9235 pre=0.9240 rec=0.9244 f1=0.9240
2026-08-27 15:54:01,546 | DONE best_epoch=30 best_val_loss=0.229745 early_stop=True time=542.01s
