2026-08-27 05:02:09,065 | START cnn_adadelta_lr1.0_s123 opt=adadelta lr=1.0 seed=123 device=cuda epochs=150
2026-08-27 05:02:17,389 | EPOCH 1 train_loss=0.499485
2026-08-27 05:02:25,325 | EPOCH 2 train_loss=0.305718
2026-08-27 05:02:33,226 | EPOCH 3 train_loss=0.257256
2026-08-27 05:02:41,316 | EPOCH 4 train_loss=0.227295
2026-08-27 05:02:49,425 | EPOCH 5 train_loss=0.206683
2026-08-27 05:02:50,082 | EPOCH 5 VAL loss=0.254828 acc=0.9103 pre=0.9111 rec=0.9118 f1=0.9109 BEST
2026-08-27 05:02:58,325 | EPOCH 6 train_loss=0.186473
2026-08-27 05:03:06,198 | EPOCH 7 train_loss=0.170586
2026-08-27 05:03:14,163 | EPOCH 8 train_loss=0.155065
2026-08-27 05:03:22,246 | EPOCH 9 train_loss=0.142643
2026-08-27 05:03:30,066 | EPOCH 10 train_loss=0.129893
2026-08-27 05:03:30,708 | EPOCH 10 VAL loss=0.276126 acc=0.9107 pre=0.9168 rec=0.9123 f1=0.9130
2026-08-27 05:03:38,748 | EPOCH 11 train_loss=0.117655
2026-08-27 05:03:46,778 | EPOCH 12 train_loss=0.107890
2026-08-27 05:03:54,967 | EPOCH 13 train_loss=0.098300
2026-08-27 05:04:02,847 | EPOCH 14 train_loss=0.086773
2026-08-27 05:04:10,716 | EPOCH 15 train_loss=0.079593
2026-08-27 05:04:11,424 | EPOCH 15 VAL loss=0.308380 acc=0.9120 pre=0.9128 rec=0.9132 f1=0.9125
2026-08-27 05:04:19,185 | EPOCH 16 train_loss=0.068976
2026-08-27 05:04:26,987 | EPOCH 17 train_loss=0.062851
2026-08-27 05:04:34,987 | EPOCH 18 train_loss=0.056492
2026-08-27 05:04:43,012 | EPOCH 19 train_loss=0.051233
2026-08-27 05:04:51,200 | EPOCH 20 train_loss=0.045949
2026-08-27 05:04:51,886 | EPOCH 20 VAL loss=0.415946 acc=0.9150 pre=0.9166 rec=0.9156 f1=0.9144
2026-08-27 05:05:00,272 | EPOCH 21 train_loss=0.040147
2026-08-27 05:05:08,386 | EPOCH 22 train_loss=0.034779
2026-08-27 05:05:16,492 | EPOCH 23 train_loss=0.030985
2026-08-27 05:05:24,913 | EPOCH 24 train_loss=0.026926
2026-08-27 05:05:32,954 | EPOCH 25 train_loss=0.026746
2026-08-27 05:05:33,595 | EPOCH 25 VAL loss=0.536873 acc=0.9168 pre=0.9181 rec=0.9171 f1=0.9170
2026-08-27 05:05:41,670 | EPOCH 26 train_loss=0.022530
2026-08-27 05:05:49,557 | EPOCH 27 train_loss=0.019025
2026-08-27 05:05:57,528 | EPOCH 28 train_loss=0.018938
2026-08-27 05:06:05,240 | EPOCH 29 train_loss=0.014716
2026-08-27 05:06:13,247 | EPOCH 30 train_loss=0.013407
2026-08-27 05:06:13,933 | EPOCH 30 VAL loss=0.607253 acc=0.9168 pre=0.9183 rec=0.9173 f1=0.9174
2026-08-27 05:06:21,864 | EPOCH 31 train_loss=0.012195
2026-08-27 05:06:29,936 | EPOCH 32 train_loss=0.010296
2026-08-27 05:06:37,951 | EPOCH 33 train_loss=0.010239
2026-08-27 05:06:45,893 | EPOCH 34 train_loss=0.007074
2026-08-27 05:06:47,037 | INTERRUPTED epoch=34 batch=109
2026-08-27 11:13:58,176 | START cnn_adadelta_lr1.0_s123 opt=adadelta lr=1.0 seed=123 device=cuda epochs=150
2026-08-27 11:14:05,754 | EPOCH 1 train_loss=0.500011
2026-08-27 11:14:13,580 | EPOCH 2 train_loss=0.306232
2026-08-27 11:14:21,106 | EPOCH 3 train_loss=0.257539
2026-08-27 11:14:28,690 | EPOCH 4 train_loss=0.228499
2026-08-27 11:14:36,147 | EPOCH 5 train_loss=0.206454
2026-08-27 11:14:36,780 | EPOCH 5 VAL loss=0.269289 acc=0.9083 pre=0.9104 rec=0.9102 f1=0.9095 BEST
2026-08-27 11:14:44,647 | EPOCH 6 train_loss=0.185818
2026-08-27 11:14:52,401 | EPOCH 7 train_loss=0.170579
2026-08-27 11:15:00,001 | EPOCH 8 train_loss=0.155046
2026-08-27 11:15:07,486 | EPOCH 9 train_loss=0.143441
2026-08-27 11:15:15,309 | EPOCH 10 train_loss=0.131085
2026-08-27 11:15:15,921 | EPOCH 10 VAL loss=0.250230 acc=0.9178 pre=0.9191 rec=0.9188 f1=0.9187 BEST
2026-08-27 11:15:23,921 | EPOCH 11 train_loss=0.118233
2026-08-27 11:15:31,484 | EPOCH 12 train_loss=0.109378
2026-08-27 11:15:38,855 | EPOCH 13 train_loss=0.098120
2026-08-27 11:15:46,413 | EPOCH 14 train_loss=0.089399
2026-08-27 11:15:53,964 | EPOCH 15 train_loss=0.079736
2026-08-27 11:15:54,577 | EPOCH 15 VAL loss=0.303248 acc=0.9145 pre=0.9150 rec=0.9157 f1=0.9151
2026-08-27 11:16:02,162 | EPOCH 16 train_loss=0.071766
2026-08-27 11:16:09,493 | EPOCH 17 train_loss=0.065304
2026-08-27 11:16:16,865 | EPOCH 18 train_loss=0.057910
2026-08-27 11:16:24,355 | EPOCH 19 train_loss=0.053232
2026-08-27 11:16:31,966 | EPOCH 20 train_loss=0.046845
2026-08-27 11:16:32,593 | EPOCH 20 VAL loss=0.392110 acc=0.9155 pre=0.9158 rec=0.9164 f1=0.9158
2026-08-27 11:16:40,322 | EPOCH 21 train_loss=0.043146
2026-08-27 11:16:47,625 | EPOCH 22 train_loss=0.037360
2026-08-27 11:16:55,251 | EPOCH 23 train_loss=0.033294
2026-08-27 11:17:02,940 | EPOCH 24 train_loss=0.029487
2026-08-27 11:17:10,510 | EPOCH 25 train_loss=0.027266
2026-08-27 11:17:11,095 | EPOCH 25 VAL loss=0.469334 acc=0.9152 pre=0.9161 rec=0.9159 f1=0.9154
2026-08-27 11:17:18,639 | EPOCH 26 train_loss=0.023630
2026-08-27 11:17:26,194 | EPOCH 27 train_loss=0.021593
2026-08-27 11:17:33,688 | EPOCH 28 train_loss=0.018333
2026-08-27 11:17:41,077 | EPOCH 29 train_loss=0.017222
2026-08-27 11:17:48,631 | EPOCH 30 train_loss=0.016662
2026-08-27 11:17:49,249 | EPOCH 30 VAL loss=0.612597 acc=0.9130 pre=0.9160 rec=0.9135 f1=0.9144
2026-08-27 11:17:56,818 | EPOCH 31 train_loss=0.013493
2026-08-27 11:18:04,275 | EPOCH 32 train_loss=0.012075
2026-08-27 11:18:11,848 | EPOCH 33 train_loss=0.011302
2026-08-27 11:18:19,746 | EPOCH 34 train_loss=0.008618
2026-08-27 11:18:27,281 | EPOCH 35 train_loss=0.008618
2026-08-27 11:18:27,909 | EPOCH 35 VAL loss=0.683365 acc=0.9098 pre=0.9118 rec=0.9110 f1=0.9111
2026-08-27 11:18:35,482 | EPOCH 36 train_loss=0.009092
2026-08-27 11:18:42,935 | EPOCH 37 train_loss=0.007027
