2026-08-27 13:40:05,023 | START cnn_adam_lr0.002_s2026 opt=adam lr=0.002 seed=2026 device=cuda epochs=150
2026-08-27 13:40:13,761 | EPOCH 1 train_loss=0.472040
2026-08-27 13:40:22,951 | EPOCH 2 train_loss=0.297898
2026-08-27 13:40:31,467 | EPOCH 3 train_loss=0.252875
2026-08-27 13:40:40,441 | EPOCH 4 train_loss=0.224194
2026-08-27 13:40:48,941 | EPOCH 5 train_loss=0.200012
2026-08-27 13:40:49,622 | EPOCH 5 VAL loss=0.230643 acc=0.9163 pre=0.9173 rec=0.9169 f1=0.9167 BEST
2026-08-27 13:40:58,814 | EPOCH 6 train_loss=0.181279
2026-08-27 13:41:06,744 | EPOCH 7 train_loss=0.160858
2026-08-27 13:41:15,278 | EPOCH 8 train_loss=0.143743
2026-08-27 13:41:24,716 | EPOCH 9 train_loss=0.127305
2026-08-27 13:41:32,975 | EPOCH 10 train_loss=0.115674
2026-08-27 13:41:33,701 | EPOCH 10 VAL loss=0.248155 acc=0.9188 pre=0.9203 rec=0.9193 f1=0.9189
2026-08-27 13:41:42,924 | EPOCH 11 train_loss=0.101740
2026-08-27 13:41:51,245 | EPOCH 12 train_loss=0.091117
2026-08-27 13:41:59,659 | EPOCH 13 train_loss=0.078161
2026-08-27 13:42:09,125 | EPOCH 14 train_loss=0.071231
2026-08-27 13:42:18,216 | EPOCH 15 train_loss=0.064676
2026-08-27 13:42:18,905 | EPOCH 15 VAL loss=0.360036 acc=0.9138 pre=0.9150 rec=0.9149 f1=0.9145
2026-08-27 13:42:27,612 | EPOCH 16 train_loss=0.057110
2026-08-27 13:42:35,974 | EPOCH 17 train_loss=0.054312
2026-08-27 13:42:45,290 | EPOCH 18 train_loss=0.049920
2026-08-27 13:42:53,480 | EPOCH 19 train_loss=0.044658
2026-08-27 13:43:01,524 | EPOCH 20 train_loss=0.040405
2026-08-27 13:43:02,221 | EPOCH 20 VAL loss=0.507060 acc=0.9122 pre=0.9137 rec=0.9126 f1=0.9114
2026-08-27 13:43:11,639 | EPOCH 21 train_loss=0.040780
2026-08-27 13:43:20,375 | EPOCH 22 train_loss=0.040235
2026-08-27 13:43:28,701 | EPOCH 23 train_loss=0.033553
2026-08-27 13:43:36,916 | EPOCH 24 train_loss=0.035624
2026-08-27 13:43:46,118 | EPOCH 25 train_loss=0.031080
2026-08-27 13:43:46,817 | EPOCH 25 VAL loss=0.556332 acc=0.9157 pre=0.9159 rec=0.9164 f1=0.9160
2026-08-27 13:43:55,633 | EPOCH 26 train_loss=0.027257
2026-08-27 13:44:04,225 | EPOCH 27 train_loss=0.036084
2026-08-27 13:44:13,565 | EPOCH 28 train_loss=0.025209
2026-08-27 13:44:22,692 | EPOCH 29 train_loss=0.026855
2026-08-27 13:44:31,164 | EPOCH 30 train_loss=0.031209
2026-08-27 13:44:31,881 | EPOCH 30 VAL loss=0.626558 acc=0.9080 pre=0.9099 rec=0.9094 f1=0.9092
2026-08-27 13:44:40,360 | EPOCH 31 train_loss=0.025092
2026-08-27 13:44:48,743 | EPOCH 32 train_loss=0.028383
2026-08-27 13:44:57,111 | EPOCH 33 train_loss=0.025823
2026-08-27 13:45:05,911 | EPOCH 34 train_loss=0.020675
2026-08-27 13:45:14,341 | EPOCH 35 train_loss=0.026983
2026-08-27 13:45:15,053 | EPOCH 35 VAL loss=0.647681 acc=0.9200 pre=0.9216 rec=0.9210 f1=0.9212
2026-08-27 13:45:15,062 | DONE best_epoch=5 best_val_loss=0.230643 early_stop=True time=309.24s
