2026-08-27 06:14:07,673 | START mlp_adagrad_lr0.005_s123 opt=adagrad lr=0.005 seed=123 device=cuda epochs=150
2026-08-27 06:14:14,412 | EPOCH 1 train_loss=0.566629
2026-08-27 06:14:21,297 | EPOCH 2 train_loss=0.428427
2026-08-27 06:14:28,372 | EPOCH 3 train_loss=0.395379
2026-08-27 06:14:35,088 | EPOCH 4 train_loss=0.375706
2026-08-27 06:14:41,938 | EPOCH 5 train_loss=0.360961
2026-08-27 06:14:42,543 | EPOCH 5 VAL loss=0.381909 acc=0.8652 pre=0.8646 rec=0.8668 f1=0.8648 BEST
2026-08-27 06:14:49,639 | EPOCH 6 train_loss=0.349591
2026-08-27 06:14:57,107 | EPOCH 7 train_loss=0.339583
2026-08-27 06:15:04,054 | EPOCH 8 train_loss=0.331739
2026-08-27 06:15:11,394 | EPOCH 9 train_loss=0.323966
2026-08-27 06:15:18,416 | EPOCH 10 train_loss=0.318483
2026-08-27 06:15:19,016 | EPOCH 10 VAL loss=0.347094 acc=0.8738 pre=0.8741 rec=0.8751 f1=0.8743 BEST
2026-08-27 06:15:26,058 | EPOCH 11 train_loss=0.312237
2026-08-27 06:15:33,138 | EPOCH 12 train_loss=0.307207
2026-08-27 06:15:40,379 | EPOCH 13 train_loss=0.302729
2026-08-27 06:15:47,334 | EPOCH 14 train_loss=0.298275
2026-08-27 06:15:54,350 | EPOCH 15 train_loss=0.294002
2026-08-27 06:15:54,927 | EPOCH 15 VAL loss=0.331781 acc=0.8780 pre=0.8789 rec=0.8793 f1=0.8790 BEST
2026-08-27 06:16:02,317 | EPOCH 16 train_loss=0.289804
2026-08-27 06:16:09,062 | EPOCH 17 train_loss=0.286698
2026-08-27 06:16:16,372 | EPOCH 18 train_loss=0.282948
2026-08-27 06:16:23,169 | EPOCH 19 train_loss=0.279742
2026-08-27 06:16:30,579 | EPOCH 20 train_loss=0.276625
2026-08-27 06:16:31,235 | EPOCH 20 VAL loss=0.325033 acc=0.8798 pre=0.8801 rec=0.8810 f1=0.8798 BEST
2026-08-27 06:16:38,405 | EPOCH 21 train_loss=0.273978
2026-08-27 06:16:45,085 | EPOCH 22 train_loss=0.271199
2026-08-27 06:16:52,396 | EPOCH 23 train_loss=0.268410
2026-08-27 06:16:59,064 | EPOCH 24 train_loss=0.266022
2026-08-27 06:17:06,194 | EPOCH 25 train_loss=0.263574
2026-08-27 06:17:06,741 | EPOCH 25 VAL loss=0.317361 acc=0.8842 pre=0.8845 rec=0.8850 f1=0.8830 BEST
2026-08-27 06:17:14,364 | EPOCH 26 train_loss=0.261275
2026-08-27 06:17:21,031 | EPOCH 27 train_loss=0.259006
2026-08-27 06:17:28,304 | EPOCH 28 train_loss=0.256957
2026-08-27 06:17:35,738 | EPOCH 29 train_loss=0.254969
2026-08-27 06:17:42,862 | EPOCH 30 train_loss=0.252858
2026-08-27 06:17:43,453 | EPOCH 30 VAL loss=0.314543 acc=0.8843 pre=0.8857 rec=0.8858 f1=0.8849 BEST
2026-08-27 06:17:50,657 | EPOCH 31 train_loss=0.250961
2026-08-27 06:17:57,430 | EPOCH 32 train_loss=0.248960
2026-08-27 06:18:04,637 | EPOCH 33 train_loss=0.247485
2026-08-27 06:18:11,821 | EPOCH 34 train_loss=0.245312
2026-08-27 06:18:18,353 | EPOCH 35 train_loss=0.244172
2026-08-27 06:18:18,983 | EPOCH 35 VAL loss=0.305453 acc=0.8873 pre=0.8873 rec=0.8883 f1=0.8872 BEST
2026-08-27 06:18:26,575 | EPOCH 36 train_loss=0.242449
2026-08-27 06:18:33,735 | EPOCH 37 train_loss=0.240674
2026-08-27 06:18:40,328 | EPOCH 38 train_loss=0.239193
2026-08-27 06:18:47,211 | EPOCH 39 train_loss=0.238101
2026-08-27 06:18:53,838 | EPOCH 40 train_loss=0.236624
2026-08-27 06:18:54,417 | EPOCH 40 VAL loss=0.302812 acc=0.8867 pre=0.8870 rec=0.8880 f1=0.8872 BEST
2026-08-27 06:19:02,457 | EPOCH 41 train_loss=0.235065
2026-08-27 06:19:09,286 | EPOCH 42 train_loss=0.233865
2026-08-27 06:19:16,106 | EPOCH 43 train_loss=0.232299
2026-08-27 06:19:23,396 | EPOCH 44 train_loss=0.231255
2026-08-27 06:19:30,067 | EPOCH 45 train_loss=0.229655
2026-08-27 06:19:30,652 | EPOCH 45 VAL loss=0.300503 acc=0.8890 pre=0.8892 rec=0.8902 f1=0.8893 BEST
2026-08-27 06:19:38,297 | EPOCH 46 train_loss=0.228402
2026-08-27 06:19:45,629 | EPOCH 47 train_loss=0.227080
2026-08-27 06:19:52,298 | EPOCH 48 train_loss=0.226140
2026-08-27 06:19:59,040 | EPOCH 49 train_loss=0.224880
2026-08-27 06:20:06,073 | EPOCH 50 train_loss=0.223720
2026-08-27 06:20:06,692 | EPOCH 50 VAL loss=0.298150 acc=0.8903 pre=0.8909 rec=0.8913 f1=0.8906 BEST
2026-08-27 06:20:14,022 | EPOCH 51 train_loss=0.222479
2026-08-27 06:20:20,991 | EPOCH 52 train_loss=0.221477
2026-08-27 06:20:27,753 | EPOCH 53 train_loss=0.220455
2026-08-27 06:20:35,080 | EPOCH 54 train_loss=0.219127
2026-08-27 06:20:42,125 | EPOCH 55 train_loss=0.218272
2026-08-27 06:20:43,147 | EPOCH 55 VAL loss=0.301588 acc=0.8895 pre=0.8894 rec=0.8908 f1=0.8895
2026-08-27 06:20:49,807 | EPOCH 56 train_loss=0.217375
2026-08-27 06:20:56,663 | EPOCH 57 train_loss=0.216283
2026-08-27 06:21:03,424 | EPOCH 58 train_loss=0.215299
2026-08-27 06:21:10,618 | EPOCH 59 train_loss=0.214241
2026-08-27 06:21:17,321 | EPOCH 60 train_loss=0.213099
2026-08-27 06:21:18,057 | EPOCH 60 VAL loss=0.300267 acc=0.8907 pre=0.8910 rec=0.8917 f1=0.8906
2026-08-27 06:21:24,823 | EPOCH 61 train_loss=0.212509
2026-08-27 06:21:32,466 | EPOCH 62 train_loss=0.211486
2026-08-27 06:21:39,124 | EPOCH 63 train_loss=0.210387
2026-08-27 06:21:46,457 | EPOCH 64 train_loss=0.209607
2026-08-27 06:21:53,863 | EPOCH 65 train_loss=0.208662
2026-08-27 06:21:54,426 | EPOCH 65 VAL loss=0.298669 acc=0.8903 pre=0.8917 rec=0.8917 f1=0.8913
2026-08-27 06:22:00,995 | EPOCH 66 train_loss=0.207805
2026-08-27 06:22:08,512 | EPOCH 67 train_loss=0.206749
2026-08-27 06:22:15,143 | EPOCH 68 train_loss=0.205833
2026-08-27 06:22:22,042 | EPOCH 69 train_loss=0.205143
2026-08-27 06:22:29,033 | EPOCH 70 train_loss=0.204236
2026-08-27 06:22:29,665 | EPOCH 70 VAL loss=0.302717 acc=0.8880 pre=0.8886 rec=0.8891 f1=0.8879
2026-08-27 06:22:36,563 | EPOCH 71 train_loss=0.203372
2026-08-27 06:22:43,475 | EPOCH 72 train_loss=0.202533
2026-08-27 06:22:50,059 | EPOCH 73 train_loss=0.201723
2026-08-27 06:22:57,078 | EPOCH 74 train_loss=0.201133
2026-08-27 06:23:04,461 | EPOCH 75 train_loss=0.199923
2026-08-27 06:23:05,015 | EPOCH 75 VAL loss=0.297607 acc=0.8910 pre=0.8908 rec=0.8920 f1=0.8911 BEST
2026-08-27 06:23:12,368 | EPOCH 76 train_loss=0.199142
2026-08-27 06:23:20,046 | EPOCH 77 train_loss=0.198437
2026-08-27 06:23:27,570 | EPOCH 78 train_loss=0.197543
2026-08-27 06:23:34,310 | EPOCH 79 train_loss=0.197148
2026-08-27 06:23:41,469 | EPOCH 80 train_loss=0.196183
2026-08-27 06:23:42,027 | EPOCH 80 VAL loss=0.294757 acc=0.8920 pre=0.8927 rec=0.8929 f1=0.8924 BEST
2026-08-27 06:23:49,366 | EPOCH 81 train_loss=0.195481
2026-08-27 06:23:56,233 | EPOCH 82 train_loss=0.194651
2026-08-27 06:24:03,375 | EPOCH 83 train_loss=0.194063
2026-08-27 06:24:10,039 | EPOCH 84 train_loss=0.193282
2026-08-27 06:24:16,832 | EPOCH 85 train_loss=0.192502
2026-08-27 06:24:17,424 | EPOCH 85 VAL loss=0.300703 acc=0.8888 pre=0.8889 rec=0.8900 f1=0.8891
2026-08-27 06:24:24,297 | EPOCH 86 train_loss=0.192083
2026-08-27 06:24:31,304 | EPOCH 87 train_loss=0.190937
2026-08-27 06:24:38,858 | EPOCH 88 train_loss=0.190428
2026-08-27 06:24:45,765 | EPOCH 89 train_loss=0.189645
2026-08-27 06:24:53,120 | EPOCH 90 train_loss=0.188997
2026-08-27 06:24:53,687 | EPOCH 90 VAL loss=0.299352 acc=0.8907 pre=0.8906 rec=0.8916 f1=0.8902
2026-08-27 06:25:00,863 | EPOCH 91 train_loss=0.188406
2026-08-27 06:25:07,850 | EPOCH 92 train_loss=0.187957
2026-08-27 06:25:15,100 | EPOCH 93 train_loss=0.186883
2026-08-27 06:25:22,566 | EPOCH 94 train_loss=0.186444
2026-08-27 06:25:29,887 | EPOCH 95 train_loss=0.185881
2026-08-27 06:25:30,521 | EPOCH 95 VAL loss=0.296792 acc=0.8920 pre=0.8919 rec=0.8931 f1=0.8921
2026-08-27 06:25:38,024 | EPOCH 96 train_loss=0.185340
2026-08-27 06:25:44,711 | EPOCH 97 train_loss=0.184609
2026-08-27 06:25:51,641 | EPOCH 98 train_loss=0.183862
2026-08-27 06:25:58,672 | EPOCH 99 train_loss=0.183514
2026-08-27 06:26:05,413 | EPOCH 100 train_loss=0.182749
2026-08-27 06:26:06,037 | EPOCH 100 VAL loss=0.300644 acc=0.8908 pre=0.8908 rec=0.8921 f1=0.8910
2026-08-27 06:26:13,367 | EPOCH 101 train_loss=0.181823
2026-08-27 06:26:20,056 | EPOCH 102 train_loss=0.181259
2026-08-27 06:26:26,739 | EPOCH 103 train_loss=0.180700
2026-08-27 06:26:33,677 | EPOCH 104 train_loss=0.180011
2026-08-27 06:26:40,440 | EPOCH 105 train_loss=0.179630
2026-08-27 06:26:41,092 | EPOCH 105 VAL loss=0.298875 acc=0.8900 pre=0.8904 rec=0.8912 f1=0.8906
2026-08-27 06:26:48,925 | EPOCH 106 train_loss=0.178941
2026-08-27 06:26:56,222 | EPOCH 107 train_loss=0.178057
2026-08-27 06:27:03,144 | EPOCH 108 train_loss=0.177796
2026-08-27 06:27:10,260 | EPOCH 109 train_loss=0.177089
2026-08-27 06:27:17,073 | EPOCH 110 train_loss=0.176712
2026-08-27 06:27:17,642 | EPOCH 110 VAL loss=0.298236 acc=0.8928 pre=0.8930 rec=0.8939 f1=0.8934
2026-08-27 06:27:17,649 | DONE best_epoch=80 best_val_loss=0.294757 early_stop=True time=789.31s
