2026-08-27 05:16:49,825 | START cnn_adadelta_lr0.5_s2026 opt=adadelta lr=0.5 seed=2026 device=cuda epochs=150
2026-08-27 05:16:58,401 | EPOCH 1 train_loss=0.574580
2026-08-27 05:17:06,660 | EPOCH 2 train_loss=0.349701
2026-08-27 05:17:14,547 | EPOCH 3 train_loss=0.294650
2026-08-27 05:17:22,785 | EPOCH 4 train_loss=0.261903
2026-08-27 05:17:30,782 | EPOCH 5 train_loss=0.236184
2026-08-27 05:17:31,482 | EPOCH 5 VAL loss=0.250022 acc=0.9070 pre=0.9074 rec=0.9077 f1=0.9066 BEST
2026-08-27 05:17:40,231 | EPOCH 6 train_loss=0.217095
2026-08-27 05:17:48,196 | EPOCH 7 train_loss=0.199618
2026-08-27 05:17:56,625 | EPOCH 8 train_loss=0.185137
2026-08-27 05:18:05,451 | EPOCH 9 train_loss=0.171569
2026-08-27 05:18:13,677 | EPOCH 10 train_loss=0.160041
2026-08-27 05:18:14,957 | EPOCH 10 VAL loss=0.237799 acc=0.9140 pre=0.9172 rec=0.9147 f1=0.9142 BEST
2026-08-27 05:18:23,931 | EPOCH 11 train_loss=0.146603
2026-08-27 05:18:32,503 | EPOCH 12 train_loss=0.135047
2026-08-27 05:18:41,153 | EPOCH 13 train_loss=0.124976
2026-08-27 05:18:49,267 | EPOCH 14 train_loss=0.113780
2026-08-27 05:18:57,529 | EPOCH 15 train_loss=0.103712
2026-08-27 05:18:58,188 | EPOCH 15 VAL loss=0.244040 acc=0.9223 pre=0.9246 rec=0.9236 f1=0.9236
2026-08-27 05:19:06,822 | EPOCH 16 train_loss=0.095349
2026-08-27 05:19:15,090 | EPOCH 17 train_loss=0.085639
2026-08-27 05:19:23,103 | EPOCH 18 train_loss=0.078268
2026-08-27 05:19:31,629 | EPOCH 19 train_loss=0.070824
2026-08-27 05:19:39,793 | EPOCH 20 train_loss=0.064232
2026-08-27 05:19:40,458 | EPOCH 20 VAL loss=0.283905 acc=0.9227 pre=0.9229 rec=0.9234 f1=0.9222
2026-08-27 05:19:49,242 | EPOCH 21 train_loss=0.057777
2026-08-27 05:19:57,389 | EPOCH 22 train_loss=0.050553
2026-08-27 05:20:05,706 | EPOCH 23 train_loss=0.046065
2026-08-27 05:20:13,944 | EPOCH 24 train_loss=0.040904
2026-08-27 05:20:22,502 | EPOCH 25 train_loss=0.036980
2026-08-27 05:20:23,201 | EPOCH 25 VAL loss=0.365255 acc=0.9205 pre=0.9217 rec=0.9212 f1=0.9207
2026-08-27 05:20:31,501 | EPOCH 26 train_loss=0.032494
2026-08-27 05:20:40,297 | EPOCH 27 train_loss=0.029354
2026-08-27 05:20:48,398 | EPOCH 28 train_loss=0.024850
2026-08-27 05:20:56,578 | EPOCH 29 train_loss=0.022397
2026-08-27 05:21:04,841 | EPOCH 30 train_loss=0.019729
2026-08-27 05:21:05,518 | EPOCH 30 VAL loss=0.406443 acc=0.9253 pre=0.9256 rec=0.9262 f1=0.9256
2026-08-27 05:21:14,463 | EPOCH 31 train_loss=0.016235
2026-08-27 05:21:23,241 | EPOCH 32 train_loss=0.014165
2026-08-27 05:21:31,319 | EPOCH 33 train_loss=0.013307
2026-08-27 05:21:39,982 | EPOCH 34 train_loss=0.011807
2026-08-27 05:21:48,433 | EPOCH 35 train_loss=0.009621
2026-08-27 05:21:49,155 | EPOCH 35 VAL loss=0.484299 acc=0.9235 pre=0.9238 rec=0.9246 f1=0.9241
2026-08-27 05:21:57,664 | EPOCH 36 train_loss=0.007785
2026-08-27 05:22:05,563 | EPOCH 37 train_loss=0.007293
2026-08-27 05:22:13,803 | EPOCH 38 train_loss=0.004995
2026-08-27 05:22:22,248 | EPOCH 39 train_loss=0.005060
2026-08-27 05:22:30,874 | EPOCH 40 train_loss=0.003927
2026-08-27 05:22:31,577 | EPOCH 40 VAL loss=0.590772 acc=0.9122 pre=0.9156 rec=0.9133 f1=0.9130
2026-08-27 05:22:31,585 | DONE best_epoch=10 best_val_loss=0.237799 early_stop=True time=340.96s
