2026-08-27 14:29:47,243 | START mlp_adamax_lr0.001_s123 opt=adamax lr=0.001 seed=123 device=cuda epochs=150
2026-08-27 14:29:54,962 | EPOCH 1 train_loss=0.615063
2026-08-27 14:30:02,128 | EPOCH 2 train_loss=0.433883
2026-08-27 14:30:10,394 | EPOCH 3 train_loss=0.390102
2026-08-27 14:30:17,830 | EPOCH 4 train_loss=0.364146
2026-08-27 14:30:25,105 | EPOCH 5 train_loss=0.340660
2026-08-27 14:30:25,728 | EPOCH 5 VAL loss=0.358084 acc=0.8703 pre=0.8714 rec=0.8712 f1=0.8688 BEST
2026-08-27 14:30:34,019 | EPOCH 6 train_loss=0.322510
2026-08-27 14:30:41,370 | EPOCH 7 train_loss=0.308820
2026-08-27 14:30:49,578 | EPOCH 8 train_loss=0.293806
2026-08-27 14:30:56,935 | EPOCH 9 train_loss=0.282628
2026-08-27 14:31:04,164 | EPOCH 10 train_loss=0.273434
2026-08-27 14:31:04,799 | EPOCH 10 VAL loss=0.318492 acc=0.8818 pre=0.8827 rec=0.8834 f1=0.8825 BEST
2026-08-27 14:31:13,848 | EPOCH 11 train_loss=0.262440
2026-08-27 14:31:21,085 | EPOCH 12 train_loss=0.253754
2026-08-27 14:31:28,580 | EPOCH 13 train_loss=0.247007
2026-08-27 14:31:36,598 | EPOCH 14 train_loss=0.238783
2026-08-27 14:31:43,976 | EPOCH 15 train_loss=0.232601
2026-08-27 14:31:44,609 | EPOCH 15 VAL loss=0.298054 acc=0.8923 pre=0.8924 rec=0.8933 f1=0.8925 BEST
2026-08-27 14:31:52,972 | EPOCH 16 train_loss=0.223951
2026-08-27 14:32:01,473 | EPOCH 17 train_loss=0.217722
2026-08-27 14:32:09,010 | EPOCH 18 train_loss=0.211173
2026-08-27 14:32:16,887 | EPOCH 19 train_loss=0.203936
2026-08-27 14:32:24,067 | EPOCH 20 train_loss=0.199271
2026-08-27 14:32:25,112 | EPOCH 20 VAL loss=0.314102 acc=0.8868 pre=0.8892 rec=0.8880 f1=0.8868
2026-08-27 14:32:32,631 | EPOCH 21 train_loss=0.194244
2026-08-27 14:32:40,720 | EPOCH 22 train_loss=0.187538
2026-08-27 14:32:47,857 | EPOCH 23 train_loss=0.182285
2026-08-27 14:32:55,638 | EPOCH 24 train_loss=0.175889
2026-08-27 14:33:03,278 | EPOCH 25 train_loss=0.172239
2026-08-27 14:33:04,538 | EPOCH 25 VAL loss=0.305855 acc=0.8957 pre=0.8966 rec=0.8964 f1=0.8954
2026-08-27 14:33:12,172 | EPOCH 26 train_loss=0.167132
2026-08-27 14:33:20,450 | EPOCH 27 train_loss=0.163364
2026-08-27 14:33:27,777 | EPOCH 28 train_loss=0.158076
2026-08-27 14:33:35,473 | EPOCH 29 train_loss=0.153814
2026-08-27 14:33:42,907 | EPOCH 30 train_loss=0.150716
2026-08-27 14:33:43,651 | EPOCH 30 VAL loss=0.328459 acc=0.8908 pre=0.8969 rec=0.8932 f1=0.8931
2026-08-27 14:33:50,901 | EPOCH 31 train_loss=0.143955
2026-08-27 14:33:58,781 | EPOCH 32 train_loss=0.140806
2026-08-27 14:34:05,860 | EPOCH 33 train_loss=0.136663
2026-08-27 14:34:14,136 | EPOCH 34 train_loss=0.132632
2026-08-27 14:34:22,516 | EPOCH 35 train_loss=0.129400
2026-08-27 14:34:23,121 | EPOCH 35 VAL loss=0.327472 acc=0.8982 pre=0.8984 rec=0.8989 f1=0.8983
2026-08-27 14:34:30,350 | EPOCH 36 train_loss=0.123996
2026-08-27 14:34:37,966 | EPOCH 37 train_loss=0.121300
2026-08-27 14:34:45,067 | EPOCH 38 train_loss=0.117820
2026-08-27 14:34:53,453 | EPOCH 39 train_loss=0.114394
2026-08-27 14:35:01,110 | EPOCH 40 train_loss=0.110881
2026-08-27 14:35:01,796 | EPOCH 40 VAL loss=0.362629 acc=0.8932 pre=0.8930 rec=0.8945 f1=0.8926
2026-08-27 14:35:09,139 | EPOCH 41 train_loss=0.108728
2026-08-27 14:35:16,951 | EPOCH 42 train_loss=0.104087
2026-08-27 14:35:24,335 | EPOCH 43 train_loss=0.100764
2026-08-27 14:35:32,068 | EPOCH 44 train_loss=0.097209
2026-08-27 14:35:39,794 | EPOCH 45 train_loss=0.095609
2026-08-27 14:35:40,454 | EPOCH 45 VAL loss=0.360129 acc=0.8978 pre=0.8990 rec=0.8990 f1=0.8989
2026-08-27 14:35:40,462 | DONE best_epoch=15 best_val_loss=0.298054 early_stop=True time=352.47s
