2026-08-27 13:36:43,914 | START mlp_adamw_lr0.001_s2026 opt=adamw lr=0.001 seed=2026 device=cuda epochs=150
2026-08-27 13:36:52,481 | EPOCH 1 train_loss=0.539000
2026-08-27 13:37:00,985 | EPOCH 2 train_loss=0.378269
2026-08-27 13:37:09,357 | EPOCH 3 train_loss=0.338010
2026-08-27 13:37:17,551 | EPOCH 4 train_loss=0.311982
2026-08-27 13:37:25,898 | EPOCH 5 train_loss=0.293786
2026-08-27 13:37:26,551 | EPOCH 5 VAL loss=0.332313 acc=0.8807 pre=0.8811 rec=0.8819 f1=0.8795 BEST
2026-08-27 13:37:35,168 | EPOCH 6 train_loss=0.278335
2026-08-27 13:37:43,421 | EPOCH 7 train_loss=0.267132
2026-08-27 13:37:52,399 | EPOCH 8 train_loss=0.252529
2026-08-27 13:38:01,417 | EPOCH 9 train_loss=0.242352
2026-08-27 13:38:09,168 | EPOCH 10 train_loss=0.233036
2026-08-27 13:38:09,851 | EPOCH 10 VAL loss=0.337195 acc=0.8872 pre=0.8870 rec=0.8883 f1=0.8849
2026-08-27 13:38:18,735 | EPOCH 11 train_loss=0.223686
2026-08-27 13:38:27,455 | EPOCH 12 train_loss=0.217272
2026-08-27 13:38:35,307 | EPOCH 13 train_loss=0.209768
2026-08-27 13:38:43,403 | EPOCH 14 train_loss=0.203019
2026-08-27 13:38:51,534 | EPOCH 15 train_loss=0.192912
2026-08-27 13:38:52,195 | EPOCH 15 VAL loss=0.324654 acc=0.8955 pre=0.8964 rec=0.8967 f1=0.8961 BEST
2026-08-27 13:39:00,457 | EPOCH 16 train_loss=0.187450
2026-08-27 13:39:09,504 | EPOCH 17 train_loss=0.181305
2026-08-27 13:39:18,074 | EPOCH 18 train_loss=0.177779
2026-08-27 13:39:25,704 | EPOCH 19 train_loss=0.170870
2026-08-27 13:39:33,835 | EPOCH 20 train_loss=0.166340
2026-08-27 13:39:34,516 | EPOCH 20 VAL loss=0.326515 acc=0.8938 pre=0.8951 rec=0.8946 f1=0.8945
2026-08-27 13:39:42,551 | EPOCH 21 train_loss=0.158422
2026-08-27 13:39:50,264 | EPOCH 22 train_loss=0.157819
2026-08-27 13:39:58,995 | EPOCH 23 train_loss=0.152463
2026-08-27 13:40:07,601 | EPOCH 24 train_loss=0.144469
2026-08-27 13:40:15,293 | EPOCH 25 train_loss=0.140538
2026-08-27 13:40:15,961 | EPOCH 25 VAL loss=0.385071 acc=0.8825 pre=0.8861 rec=0.8833 f1=0.8826
2026-08-27 13:40:24,268 | EPOCH 26 train_loss=0.138898
2026-08-27 13:40:31,964 | EPOCH 27 train_loss=0.137741
2026-08-27 13:40:39,379 | EPOCH 28 train_loss=0.132533
2026-08-27 13:40:47,860 | EPOCH 29 train_loss=0.130009
2026-08-27 13:40:55,201 | EPOCH 30 train_loss=0.124229
2026-08-27 13:40:55,820 | EPOCH 30 VAL loss=0.368693 acc=0.8975 pre=0.8985 rec=0.8988 f1=0.8985
2026-08-27 13:41:03,940 | EPOCH 31 train_loss=0.122453
2026-08-27 13:41:12,531 | EPOCH 32 train_loss=0.122410
2026-08-27 13:41:19,877 | EPOCH 33 train_loss=0.113055
2026-08-27 13:41:27,673 | EPOCH 34 train_loss=0.116213
2026-08-27 13:41:35,333 | EPOCH 35 train_loss=0.109281
2026-08-27 13:41:36,002 | EPOCH 35 VAL loss=0.405706 acc=0.8982 pre=0.8978 rec=0.8994 f1=0.8978
2026-08-27 13:41:43,652 | EPOCH 36 train_loss=0.109818
2026-08-27 13:41:52,134 | EPOCH 37 train_loss=0.105144
2026-08-27 13:41:59,450 | EPOCH 38 train_loss=0.107171
2026-08-27 13:42:07,164 | EPOCH 39 train_loss=0.101341
2026-08-27 13:42:15,045 | EPOCH 40 train_loss=0.098944
2026-08-27 13:42:15,747 | EPOCH 40 VAL loss=0.428282 acc=0.8972 pre=0.8982 rec=0.8981 f1=0.8980
2026-08-27 13:42:23,195 | EPOCH 41 train_loss=0.099162
2026-08-27 13:42:31,624 | EPOCH 42 train_loss=0.095856
2026-08-27 13:42:39,487 | EPOCH 43 train_loss=0.093901
2026-08-27 13:42:47,020 | EPOCH 44 train_loss=0.093297
2026-08-27 13:42:55,739 | EPOCH 45 train_loss=0.092051
2026-08-27 13:42:56,386 | EPOCH 45 VAL loss=0.483405 acc=0.8882 pre=0.8894 rec=0.8898 f1=0.8888
2026-08-27 13:42:56,396 | DONE best_epoch=15 best_val_loss=0.324654 early_stop=True time=371.72s
