2026-08-27 06:27:33,041 | START cnn_adagrad_lr0.005_s42 opt=adagrad lr=0.005 seed=42 device=cuda epochs=150
2026-08-27 06:27:40,841 | EPOCH 1 train_loss=0.550004
2026-08-27 06:27:49,172 | EPOCH 2 train_loss=0.409215
2026-08-27 06:27:56,995 | EPOCH 3 train_loss=0.374089
2026-08-27 06:28:04,774 | EPOCH 4 train_loss=0.355792
2026-08-27 06:28:12,937 | EPOCH 5 train_loss=0.342476
2026-08-27 06:28:13,611 | EPOCH 5 VAL loss=0.357956 acc=0.8733 pre=0.8749 rec=0.8741 f1=0.8730 BEST
2026-08-27 06:28:22,565 | EPOCH 6 train_loss=0.332678
2026-08-27 06:28:30,374 | EPOCH 7 train_loss=0.324315
2026-08-27 06:28:38,266 | EPOCH 8 train_loss=0.317300
2026-08-27 06:28:46,492 | EPOCH 9 train_loss=0.310567
2026-08-27 06:28:54,441 | EPOCH 10 train_loss=0.305787
2026-08-27 06:28:55,102 | EPOCH 10 VAL loss=0.328886 acc=0.8812 pre=0.8813 rec=0.8822 f1=0.8810 BEST
2026-08-27 06:29:03,265 | EPOCH 11 train_loss=0.300074
2026-08-27 06:29:11,615 | EPOCH 12 train_loss=0.296135
2026-08-27 06:29:20,095 | EPOCH 13 train_loss=0.291928
2026-08-27 06:29:28,238 | EPOCH 14 train_loss=0.288803
2026-08-27 06:29:36,587 | EPOCH 15 train_loss=0.284951
2026-08-27 06:29:37,293 | EPOCH 15 VAL loss=0.312857 acc=0.8892 pre=0.8898 rec=0.8899 f1=0.8876 BEST
2026-08-27 06:29:46,278 | EPOCH 16 train_loss=0.282002
2026-08-27 06:29:54,469 | EPOCH 17 train_loss=0.279053
2026-08-27 06:30:02,513 | EPOCH 18 train_loss=0.276079
2026-08-27 06:30:11,039 | EPOCH 19 train_loss=0.273578
2026-08-27 06:30:19,712 | EPOCH 20 train_loss=0.270673
2026-08-27 06:30:20,387 | EPOCH 20 VAL loss=0.296122 acc=0.8968 pre=0.8965 rec=0.8979 f1=0.8968 BEST
2026-08-27 06:30:29,813 | EPOCH 21 train_loss=0.268459
2026-08-27 06:30:37,718 | EPOCH 22 train_loss=0.266247
2026-08-27 06:30:46,316 | EPOCH 23 train_loss=0.264045
2026-08-27 06:30:54,810 | EPOCH 24 train_loss=0.262252
2026-08-27 06:31:04,011 | EPOCH 25 train_loss=0.260422
2026-08-27 06:31:04,678 | EPOCH 25 VAL loss=0.291385 acc=0.8932 pre=0.8949 rec=0.8936 f1=0.8936 BEST
2026-08-27 06:31:13,070 | EPOCH 26 train_loss=0.258739
2026-08-27 06:31:21,928 | EPOCH 27 train_loss=0.257227
2026-08-27 06:31:30,695 | EPOCH 28 train_loss=0.255185
2026-08-27 06:31:39,317 | EPOCH 29 train_loss=0.253751
2026-08-27 06:31:47,347 | EPOCH 30 train_loss=0.252264
2026-08-27 06:31:48,032 | EPOCH 30 VAL loss=0.285271 acc=0.8992 pre=0.9002 rec=0.9003 f1=0.8999 BEST
2026-08-27 06:31:56,245 | EPOCH 31 train_loss=0.250605
2026-08-27 06:32:04,168 | EPOCH 32 train_loss=0.249662
2026-08-27 06:32:11,920 | EPOCH 33 train_loss=0.248128
2026-08-27 06:32:20,161 | EPOCH 34 train_loss=0.246753
2026-08-27 06:32:28,714 | EPOCH 35 train_loss=0.245637
2026-08-27 06:32:29,392 | EPOCH 35 VAL loss=0.281726 acc=0.8993 pre=0.9013 rec=0.9004 f1=0.9005 BEST
2026-08-27 06:32:38,117 | EPOCH 36 train_loss=0.244272
2026-08-27 06:32:46,304 | EPOCH 37 train_loss=0.243149
2026-08-27 06:32:55,030 | EPOCH 38 train_loss=0.242182
2026-08-27 06:33:03,556 | EPOCH 39 train_loss=0.240998
2026-08-27 06:33:11,252 | EPOCH 40 train_loss=0.239750
2026-08-27 06:33:12,002 | EPOCH 40 VAL loss=0.275908 acc=0.9027 pre=0.9027 rec=0.9037 f1=0.9029 BEST
2026-08-27 06:33:20,702 | EPOCH 41 train_loss=0.238833
2026-08-27 06:33:29,272 | EPOCH 42 train_loss=0.238041
2026-08-27 06:33:37,024 | EPOCH 43 train_loss=0.236971
2026-08-27 06:33:44,810 | EPOCH 44 train_loss=0.236168
2026-08-27 06:33:52,811 | EPOCH 45 train_loss=0.234879
2026-08-27 06:33:53,466 | EPOCH 45 VAL loss=0.274979 acc=0.9055 pre=0.9054 rec=0.9067 f1=0.9057 BEST
2026-08-27 06:34:01,802 | EPOCH 46 train_loss=0.233990
2026-08-27 06:34:09,424 | EPOCH 47 train_loss=0.232983
2026-08-27 06:34:18,079 | EPOCH 48 train_loss=0.232348
2026-08-27 06:34:26,765 | EPOCH 49 train_loss=0.231202
2026-08-27 06:34:35,140 | EPOCH 50 train_loss=0.230252
2026-08-27 06:34:35,963 | EPOCH 50 VAL loss=0.268403 acc=0.9068 pre=0.9073 rec=0.9079 f1=0.9073 BEST
2026-08-27 06:34:44,023 | EPOCH 51 train_loss=0.229797
2026-08-27 06:34:52,381 | EPOCH 52 train_loss=0.228940
2026-08-27 06:35:00,324 | EPOCH 53 train_loss=0.228152
2026-08-27 06:35:08,524 | EPOCH 54 train_loss=0.227004
2026-08-27 06:35:17,096 | EPOCH 55 train_loss=0.226463
2026-08-27 06:35:17,786 | EPOCH 55 VAL loss=0.267368 acc=0.9048 pre=0.9054 rec=0.9055 f1=0.9051 BEST
2026-08-27 06:35:26,806 | EPOCH 56 train_loss=0.225651
2026-08-27 06:35:34,832 | EPOCH 57 train_loss=0.224863
2026-08-27 06:35:42,649 | EPOCH 58 train_loss=0.224472
2026-08-27 06:35:51,211 | EPOCH 59 train_loss=0.223676
2026-08-27 06:35:59,323 | EPOCH 60 train_loss=0.222824
2026-08-27 06:36:00,003 | EPOCH 60 VAL loss=0.263287 acc=0.9072 pre=0.9074 rec=0.9082 f1=0.9076 BEST
2026-08-27 06:36:08,086 | EPOCH 61 train_loss=0.221979
2026-08-27 06:36:16,656 | EPOCH 62 train_loss=0.221385
2026-08-27 06:36:24,957 | EPOCH 63 train_loss=0.221058
2026-08-27 06:36:33,353 | EPOCH 64 train_loss=0.220194
2026-08-27 06:36:41,171 | EPOCH 65 train_loss=0.219659
2026-08-27 06:36:41,819 | EPOCH 65 VAL loss=0.262177 acc=0.9078 pre=0.9085 rec=0.9089 f1=0.9086 BEST
2026-08-27 06:36:50,357 | EPOCH 66 train_loss=0.219019
2026-08-27 06:36:58,744 | EPOCH 67 train_loss=0.218177
2026-08-27 06:37:07,187 | EPOCH 68 train_loss=0.217596
2026-08-27 06:37:15,114 | EPOCH 69 train_loss=0.217007
2026-08-27 06:37:23,400 | EPOCH 70 train_loss=0.216511
2026-08-27 06:37:24,072 | EPOCH 70 VAL loss=0.259977 acc=0.9055 pre=0.9065 rec=0.9063 f1=0.9062 BEST
2026-08-27 06:37:32,272 | EPOCH 71 train_loss=0.216108
2026-08-27 06:37:39,892 | EPOCH 72 train_loss=0.215420
2026-08-27 06:37:48,566 | EPOCH 73 train_loss=0.214468
2026-08-27 06:37:57,275 | EPOCH 74 train_loss=0.214035
2026-08-27 06:38:05,451 | EPOCH 75 train_loss=0.213599
2026-08-27 06:38:06,551 | EPOCH 75 VAL loss=0.262767 acc=0.9055 pre=0.9059 rec=0.9062 f1=0.9054
2026-08-27 06:38:14,370 | EPOCH 76 train_loss=0.213185
2026-08-27 06:38:22,255 | EPOCH 77 train_loss=0.212637
2026-08-27 06:38:30,400 | EPOCH 78 train_loss=0.211975
2026-08-27 06:38:38,316 | EPOCH 79 train_loss=0.211121
2026-08-27 06:38:46,656 | EPOCH 80 train_loss=0.210961
2026-08-27 06:38:47,346 | EPOCH 80 VAL loss=0.258015 acc=0.9078 pre=0.9082 rec=0.9089 f1=0.9084 BEST
2026-08-27 06:38:55,906 | EPOCH 81 train_loss=0.210373
2026-08-27 06:39:03,918 | EPOCH 82 train_loss=0.209817
2026-08-27 06:39:11,813 | EPOCH 83 train_loss=0.209185
2026-08-27 06:39:19,651 | EPOCH 84 train_loss=0.208845
2026-08-27 06:39:28,218 | EPOCH 85 train_loss=0.208481
2026-08-27 06:39:28,854 | EPOCH 85 VAL loss=0.257015 acc=0.9080 pre=0.9087 rec=0.9090 f1=0.9087 BEST
2026-08-27 06:39:36,899 | EPOCH 86 train_loss=0.207721
2026-08-27 06:39:45,390 | EPOCH 87 train_loss=0.207258
2026-08-27 06:39:53,575 | EPOCH 88 train_loss=0.206832
2026-08-27 06:40:01,415 | EPOCH 89 train_loss=0.206593
2026-08-27 06:40:09,385 | EPOCH 90 train_loss=0.205958
2026-08-27 06:40:10,039 | EPOCH 90 VAL loss=0.259505 acc=0.9068 pre=0.9090 rec=0.9077 f1=0.9080
2026-08-27 06:40:18,371 | EPOCH 91 train_loss=0.205480
2026-08-27 06:40:26,908 | EPOCH 92 train_loss=0.205017
2026-08-27 06:40:34,709 | EPOCH 93 train_loss=0.204465
2026-08-27 06:40:42,672 | EPOCH 94 train_loss=0.204345
2026-08-27 06:40:51,383 | EPOCH 95 train_loss=0.203570
2026-08-27 06:40:52,074 | EPOCH 95 VAL loss=0.254251 acc=0.9087 pre=0.9096 rec=0.9098 f1=0.9096 BEST
2026-08-27 06:41:00,151 | EPOCH 96 train_loss=0.203367
2026-08-27 06:41:08,642 | EPOCH 97 train_loss=0.202770
2026-08-27 06:41:17,188 | EPOCH 98 train_loss=0.202452
2026-08-27 06:41:25,709 | EPOCH 99 train_loss=0.201993
2026-08-27 06:41:33,442 | EPOCH 100 train_loss=0.201554
2026-08-27 06:41:34,113 | EPOCH 100 VAL loss=0.254202 acc=0.9093 pre=0.9096 rec=0.9100 f1=0.9091 BEST
2026-08-27 06:41:42,688 | EPOCH 101 train_loss=0.201176
2026-08-27 06:41:51,252 | EPOCH 102 train_loss=0.200623
2026-08-27 06:41:59,437 | EPOCH 103 train_loss=0.200567
2026-08-27 06:42:07,863 | EPOCH 104 train_loss=0.199647
2026-08-27 06:42:15,890 | EPOCH 105 train_loss=0.199280
2026-08-27 06:42:16,976 | EPOCH 105 VAL loss=0.252243 acc=0.9102 pre=0.9102 rec=0.9114 f1=0.9106 BEST
2026-08-27 06:42:25,826 | EPOCH 106 train_loss=0.199144
2026-08-27 06:42:33,651 | EPOCH 107 train_loss=0.198667
2026-08-27 06:42:41,617 | EPOCH 108 train_loss=0.198253
2026-08-27 06:42:50,070 | EPOCH 109 train_loss=0.197804
2026-08-27 06:42:58,132 | EPOCH 110 train_loss=0.197449
2026-08-27 06:42:59,333 | EPOCH 110 VAL loss=0.252249 acc=0.9063 pre=0.9067 rec=0.9071 f1=0.9064
2026-08-27 06:43:07,510 | EPOCH 111 train_loss=0.197298
2026-08-27 06:43:15,937 | EPOCH 112 train_loss=0.196839
2026-08-27 06:43:24,211 | EPOCH 113 train_loss=0.196360
2026-08-27 06:43:32,042 | EPOCH 114 train_loss=0.196005
2026-08-27 06:43:39,968 | EPOCH 115 train_loss=0.195669
2026-08-27 06:43:40,675 | EPOCH 115 VAL loss=0.252332 acc=0.9110 pre=0.9113 rec=0.9122 f1=0.9116
2026-08-27 06:43:49,465 | EPOCH 116 train_loss=0.195087
2026-08-27 06:43:57,541 | EPOCH 117 train_loss=0.195177
2026-08-27 06:44:05,628 | EPOCH 118 train_loss=0.194272
2026-08-27 06:44:14,376 | EPOCH 119 train_loss=0.194566
2026-08-27 06:44:23,173 | EPOCH 120 train_loss=0.193756
2026-08-27 06:44:23,813 | EPOCH 120 VAL loss=0.249956 acc=0.9093 pre=0.9094 rec=0.9100 f1=0.9094 BEST
2026-08-27 06:44:32,158 | EPOCH 121 train_loss=0.193525
2026-08-27 06:44:40,442 | EPOCH 122 train_loss=0.193015
2026-08-27 06:44:48,521 | EPOCH 123 train_loss=0.192859
2026-08-27 06:44:56,844 | EPOCH 124 train_loss=0.192557
2026-08-27 06:45:04,813 | EPOCH 125 train_loss=0.192190
2026-08-27 06:45:05,488 | EPOCH 125 VAL loss=0.249236 acc=0.9115 pre=0.9124 rec=0.9126 f1=0.9124 BEST
2026-08-27 06:45:14,050 | EPOCH 126 train_loss=0.191997
2026-08-27 06:45:22,831 | EPOCH 127 train_loss=0.191561
2026-08-27 06:45:30,759 | EPOCH 128 train_loss=0.191012
2026-08-27 06:45:38,469 | EPOCH 129 train_loss=0.190718
2026-08-27 06:45:46,547 | EPOCH 130 train_loss=0.190450
2026-08-27 06:45:47,209 | EPOCH 130 VAL loss=0.249979 acc=0.9105 pre=0.9110 rec=0.9117 f1=0.9112
2026-08-27 06:45:55,610 | EPOCH 131 train_loss=0.190192
2026-08-27 06:46:03,508 | EPOCH 132 train_loss=0.189684
2026-08-27 06:46:11,898 | EPOCH 133 train_loss=0.189233
2026-08-27 06:46:20,485 | EPOCH 134 train_loss=0.188892
2026-08-27 06:46:28,586 | EPOCH 135 train_loss=0.188710
2026-08-27 06:46:29,252 | EPOCH 135 VAL loss=0.250565 acc=0.9097 pre=0.9098 rec=0.9107 f1=0.9096
2026-08-27 06:46:37,401 | EPOCH 136 train_loss=0.188428
2026-08-27 06:46:45,658 | EPOCH 137 train_loss=0.188069
2026-08-27 06:46:53,717 | EPOCH 138 train_loss=0.187437
2026-08-27 06:47:01,608 | EPOCH 139 train_loss=0.187268
2026-08-27 06:47:09,958 | EPOCH 140 train_loss=0.186964
2026-08-27 06:47:10,610 | EPOCH 140 VAL loss=0.249143 acc=0.9102 pre=0.9108 rec=0.9108 f1=0.9100 BEST
2026-08-27 06:47:19,359 | EPOCH 141 train_loss=0.186844
2026-08-27 06:47:27,220 | EPOCH 142 train_loss=0.186330
2026-08-27 06:47:35,987 | EPOCH 143 train_loss=0.186087
2026-08-27 06:47:44,484 | EPOCH 144 train_loss=0.185907
2026-08-27 06:47:52,702 | EPOCH 145 train_loss=0.185591
2026-08-27 06:47:53,393 | EPOCH 145 VAL loss=0.248091 acc=0.9085 pre=0.9094 rec=0.9096 f1=0.9091 BEST
2026-08-27 06:48:01,758 | EPOCH 146 train_loss=0.185447
2026-08-27 06:48:10,080 | EPOCH 147 train_loss=0.184843
2026-08-27 06:48:18,680 | EPOCH 148 train_loss=0.184487
2026-08-27 06:48:26,934 | EPOCH 149 train_loss=0.184175
2026-08-27 06:48:34,771 | EPOCH 150 train_loss=0.184209
2026-08-27 06:48:35,439 | EPOCH 150 VAL loss=0.245537 acc=0.9108 pre=0.9111 rec=0.9117 f1=0.9112 BEST
2026-08-27 06:48:35,781 | DONE best_epoch=150 best_val_loss=0.245537 early_stop=False time=1261.65s
