2026-08-27 08:05:38,141 | START mlp_rmsprop_lr0.0005_s123 opt=rmsprop lr=0.0005 seed=123 device=cuda epochs=150
2026-08-27 08:05:44,927 | EPOCH 1 train_loss=0.556251
2026-08-27 08:05:52,058 | EPOCH 2 train_loss=0.399449
2026-08-27 08:05:59,111 | EPOCH 3 train_loss=0.354345
2026-08-27 08:06:05,897 | EPOCH 4 train_loss=0.324604
2026-08-27 08:06:12,571 | EPOCH 5 train_loss=0.303249
2026-08-27 08:06:13,131 | EPOCH 5 VAL loss=0.375153 acc=0.8607 pre=0.8706 rec=0.8634 f1=0.8619 BEST
2026-08-27 08:06:20,537 | EPOCH 6 train_loss=0.286820
2026-08-27 08:06:27,265 | EPOCH 7 train_loss=0.271817
2026-08-27 08:06:34,245 | EPOCH 8 train_loss=0.259118
2026-08-27 08:06:40,996 | EPOCH 9 train_loss=0.248434
2026-08-27 08:06:47,809 | EPOCH 10 train_loss=0.237882
2026-08-27 08:06:48,407 | EPOCH 10 VAL loss=0.312798 acc=0.8863 pre=0.8895 rec=0.8883 f1=0.8878 BEST
2026-08-27 08:06:55,469 | EPOCH 11 train_loss=0.228616
2026-08-27 08:07:02,483 | EPOCH 12 train_loss=0.219015
2026-08-27 08:07:09,217 | EPOCH 13 train_loss=0.211041
2026-08-27 08:07:15,925 | EPOCH 14 train_loss=0.203656
2026-08-27 08:07:22,622 | EPOCH 15 train_loss=0.195649
2026-08-27 08:07:23,219 | EPOCH 15 VAL loss=0.315114 acc=0.8898 pre=0.8924 rec=0.8915 f1=0.8911
2026-08-27 08:07:30,135 | EPOCH 16 train_loss=0.188122
2026-08-27 08:07:37,203 | EPOCH 17 train_loss=0.181111
2026-08-27 08:07:44,205 | EPOCH 18 train_loss=0.176090
2026-08-27 08:07:50,896 | EPOCH 19 train_loss=0.167743
2026-08-27 08:07:57,560 | EPOCH 20 train_loss=0.162897
2026-08-27 08:07:58,160 | EPOCH 20 VAL loss=0.332728 acc=0.8907 pre=0.8906 rec=0.8921 f1=0.8904
2026-08-27 08:08:05,030 | EPOCH 21 train_loss=0.158409
2026-08-27 08:08:12,033 | EPOCH 22 train_loss=0.151318
2026-08-27 08:08:18,750 | EPOCH 23 train_loss=0.147238
2026-08-27 08:08:25,582 | EPOCH 24 train_loss=0.141370
2026-08-27 08:08:32,439 | EPOCH 25 train_loss=0.137496
2026-08-27 08:08:33,022 | EPOCH 25 VAL loss=0.363064 acc=0.8932 pre=0.8952 rec=0.8935 f1=0.8915
2026-08-27 08:08:39,595 | EPOCH 26 train_loss=0.131922
2026-08-27 08:08:46,450 | EPOCH 27 train_loss=0.127854
2026-08-27 08:08:53,282 | EPOCH 28 train_loss=0.123969
2026-08-27 08:08:59,914 | EPOCH 29 train_loss=0.119739
2026-08-27 08:09:06,706 | EPOCH 30 train_loss=0.115287
2026-08-27 08:09:07,301 | EPOCH 30 VAL loss=0.424836 acc=0.8887 pre=0.8889 rec=0.8905 f1=0.8889
2026-08-27 08:09:14,548 | EPOCH 31 train_loss=0.113572
2026-08-27 08:09:21,439 | EPOCH 32 train_loss=0.107379
2026-08-27 08:09:28,048 | EPOCH 33 train_loss=0.104706
2026-08-27 08:09:34,786 | EPOCH 34 train_loss=0.101538
2026-08-27 08:09:41,768 | EPOCH 35 train_loss=0.097373
2026-08-27 08:09:42,359 | EPOCH 35 VAL loss=0.485981 acc=0.8903 pre=0.8917 rec=0.8912 f1=0.8887
2026-08-27 08:09:49,053 | EPOCH 36 train_loss=0.095382
2026-08-27 08:09:55,953 | EPOCH 37 train_loss=0.092980
2026-08-27 08:10:02,614 | EPOCH 38 train_loss=0.090063
2026-08-27 08:10:09,416 | EPOCH 39 train_loss=0.088433
2026-08-27 08:10:16,279 | EPOCH 40 train_loss=0.084770
2026-08-27 08:10:16,875 | EPOCH 40 VAL loss=0.497109 acc=0.8958 pre=0.8960 rec=0.8969 f1=0.8960
2026-08-27 08:10:16,882 | DONE best_epoch=10 best_val_loss=0.312798 early_stop=True time=278.06s
