2026-08-27 05:37:40,926 | START mlp_adagrad_lr0.01_s42 opt=adagrad lr=0.01 seed=42 device=cuda epochs=150
2026-08-27 05:37:48,485 | EPOCH 1 train_loss=0.522418
2026-08-27 05:37:55,527 | EPOCH 2 train_loss=0.384953
2026-08-27 05:38:02,567 | EPOCH 3 train_loss=0.348298
2026-08-27 05:38:10,124 | EPOCH 4 train_loss=0.326895
2026-08-27 05:38:16,805 | EPOCH 5 train_loss=0.311109
2026-08-27 05:38:17,380 | EPOCH 5 VAL loss=0.334027 acc=0.8777 pre=0.8790 rec=0.8784 f1=0.8776 BEST
2026-08-27 05:38:24,962 | EPOCH 6 train_loss=0.299068
2026-08-27 05:38:32,570 | EPOCH 7 train_loss=0.288573
2026-08-27 05:38:39,320 | EPOCH 8 train_loss=0.279949
2026-08-27 05:38:46,226 | EPOCH 9 train_loss=0.271573
2026-08-27 05:38:53,232 | EPOCH 10 train_loss=0.265327
2026-08-27 05:38:53,835 | EPOCH 10 VAL loss=0.317315 acc=0.8833 pre=0.8842 rec=0.8844 f1=0.8836 BEST
2026-08-27 05:39:01,086 | EPOCH 11 train_loss=0.258984
2026-08-27 05:39:08,451 | EPOCH 12 train_loss=0.253654
2026-08-27 05:39:15,147 | EPOCH 13 train_loss=0.248303
2026-08-27 05:39:22,647 | EPOCH 14 train_loss=0.244125
2026-08-27 05:39:30,090 | EPOCH 15 train_loss=0.239043
2026-08-27 05:39:30,663 | EPOCH 15 VAL loss=0.308110 acc=0.8868 pre=0.8884 rec=0.8878 f1=0.8859 BEST
2026-08-27 05:39:37,682 | EPOCH 16 train_loss=0.235519
2026-08-27 05:39:44,550 | EPOCH 17 train_loss=0.231410
2026-08-27 05:39:51,404 | EPOCH 18 train_loss=0.227304
2026-08-27 05:39:58,487 | EPOCH 19 train_loss=0.223866
2026-08-27 05:40:05,928 | EPOCH 20 train_loss=0.220007
2026-08-27 05:40:06,519 | EPOCH 20 VAL loss=0.296812 acc=0.8907 pre=0.8908 rec=0.8917 f1=0.8905 BEST
2026-08-27 05:40:13,459 | EPOCH 21 train_loss=0.216704
2026-08-27 05:40:20,977 | EPOCH 22 train_loss=0.213357
2026-08-27 05:40:27,882 | EPOCH 23 train_loss=0.210117
2026-08-27 05:40:34,654 | EPOCH 24 train_loss=0.207415
2026-08-27 05:40:42,267 | EPOCH 25 train_loss=0.205082
2026-08-27 05:40:42,862 | EPOCH 25 VAL loss=0.287339 acc=0.8957 pre=0.8960 rec=0.8965 f1=0.8959 BEST
2026-08-27 05:40:49,937 | EPOCH 26 train_loss=0.201986
2026-08-27 05:40:56,971 | EPOCH 27 train_loss=0.199864
2026-08-27 05:41:04,363 | EPOCH 28 train_loss=0.196873
2026-08-27 05:41:11,117 | EPOCH 29 train_loss=0.194161
2026-08-27 05:41:18,291 | EPOCH 30 train_loss=0.191965
2026-08-27 05:41:18,871 | EPOCH 30 VAL loss=0.290075 acc=0.8947 pre=0.8951 rec=0.8960 f1=0.8952
2026-08-27 05:41:25,997 | EPOCH 31 train_loss=0.189017
2026-08-27 05:41:32,788 | EPOCH 32 train_loss=0.187214
2026-08-27 05:41:39,868 | EPOCH 33 train_loss=0.185171
2026-08-27 05:41:46,670 | EPOCH 34 train_loss=0.182347
2026-08-27 05:41:54,155 | EPOCH 35 train_loss=0.180907
2026-08-27 05:41:54,871 | EPOCH 35 VAL loss=0.291527 acc=0.8952 pre=0.8965 rec=0.8961 f1=0.8962
2026-08-27 05:42:01,997 | EPOCH 36 train_loss=0.178322
2026-08-27 05:42:08,574 | EPOCH 37 train_loss=0.176213
2026-08-27 05:42:15,735 | EPOCH 38 train_loss=0.174349
2026-08-27 05:42:22,634 | EPOCH 39 train_loss=0.172399
2026-08-27 05:42:29,726 | EPOCH 40 train_loss=0.170631
2026-08-27 05:42:30,292 | EPOCH 40 VAL loss=0.290857 acc=0.8942 pre=0.8939 rec=0.8949 f1=0.8939
2026-08-27 05:42:37,900 | EPOCH 41 train_loss=0.168722
2026-08-27 05:42:44,583 | EPOCH 42 train_loss=0.166769
2026-08-27 05:42:51,698 | EPOCH 43 train_loss=0.164596
2026-08-27 05:42:58,286 | EPOCH 44 train_loss=0.163505
2026-08-27 05:43:05,236 | EPOCH 45 train_loss=0.161286
2026-08-27 05:43:05,934 | EPOCH 45 VAL loss=0.295535 acc=0.8945 pre=0.8942 rec=0.8954 f1=0.8941
2026-08-27 05:43:13,093 | EPOCH 46 train_loss=0.159518
2026-08-27 05:43:19,734 | EPOCH 47 train_loss=0.157731
2026-08-27 05:43:27,402 | EPOCH 48 train_loss=0.156176
2026-08-27 05:43:34,963 | EPOCH 49 train_loss=0.154772
2026-08-27 05:43:41,779 | EPOCH 50 train_loss=0.152667
2026-08-27 05:43:42,369 | EPOCH 50 VAL loss=0.293882 acc=0.8967 pre=0.8979 rec=0.8979 f1=0.8977
2026-08-27 05:43:50,113 | EPOCH 51 train_loss=0.151566
2026-08-27 05:43:57,094 | EPOCH 52 train_loss=0.149995
2026-08-27 05:44:04,612 | EPOCH 53 train_loss=0.148274
2026-08-27 05:44:11,949 | EPOCH 54 train_loss=0.146456
2026-08-27 05:44:18,803 | EPOCH 55 train_loss=0.145035
2026-08-27 05:44:19,387 | EPOCH 55 VAL loss=0.300582 acc=0.8948 pre=0.8955 rec=0.8954 f1=0.8947
2026-08-27 05:44:19,393 | DONE best_epoch=25 best_val_loss=0.287339 early_stop=True time=397.78s
