2026-08-27 16:54:42,452 | START cnn_nadam_lr0.001_s42 opt=nadam lr=0.001 seed=42 device=cuda epochs=150
2026-08-27 16:54:51,615 | EPOCH 1 train_loss=0.523351
2026-08-27 16:55:00,380 | EPOCH 2 train_loss=0.331568
2026-08-27 16:55:09,285 | EPOCH 3 train_loss=0.282081
2026-08-27 16:55:18,203 | EPOCH 4 train_loss=0.253625
2026-08-27 16:55:26,994 | EPOCH 5 train_loss=0.231985
2026-08-27 16:55:27,748 | EPOCH 5 VAL loss=0.245279 acc=0.9073 pre=0.9090 rec=0.9076 f1=0.9075 BEST
2026-08-27 16:55:37,066 | EPOCH 6 train_loss=0.215325
2026-08-27 16:55:46,015 | EPOCH 7 train_loss=0.197197
2026-08-27 16:55:54,829 | EPOCH 8 train_loss=0.183407
2026-08-27 16:56:03,764 | EPOCH 9 train_loss=0.169596
2026-08-27 16:56:12,652 | EPOCH 10 train_loss=0.159041
2026-08-27 16:56:13,358 | EPOCH 10 VAL loss=0.232183 acc=0.9168 pre=0.9178 rec=0.9173 f1=0.9168 BEST
2026-08-27 16:56:22,742 | EPOCH 11 train_loss=0.146434
2026-08-27 16:56:31,698 | EPOCH 12 train_loss=0.135547
2026-08-27 16:56:40,498 | EPOCH 13 train_loss=0.125694
2026-08-27 16:56:49,445 | EPOCH 14 train_loss=0.115011
2026-08-27 16:56:58,408 | EPOCH 15 train_loss=0.104632
2026-08-27 16:56:59,111 | EPOCH 15 VAL loss=0.247719 acc=0.9215 pre=0.9219 rec=0.9223 f1=0.9213
2026-08-27 16:57:07,955 | EPOCH 16 train_loss=0.096336
2026-08-27 16:57:16,695 | EPOCH 17 train_loss=0.087487
2026-08-27 16:57:25,480 | EPOCH 18 train_loss=0.079667
2026-08-27 16:57:34,346 | EPOCH 19 train_loss=0.073193
2026-08-27 16:57:43,206 | EPOCH 20 train_loss=0.065384
2026-08-27 16:57:43,924 | EPOCH 20 VAL loss=0.294970 acc=0.9198 pre=0.9200 rec=0.9206 f1=0.9202
2026-08-27 16:57:53,150 | EPOCH 21 train_loss=0.060238
2026-08-27 16:58:02,045 | EPOCH 22 train_loss=0.056247
2026-08-27 16:58:10,841 | EPOCH 23 train_loss=0.050533
2026-08-27 16:58:19,860 | EPOCH 24 train_loss=0.045340
2026-08-27 16:58:28,990 | EPOCH 25 train_loss=0.042451
2026-08-27 16:58:29,696 | EPOCH 25 VAL loss=0.357898 acc=0.9145 pre=0.9162 rec=0.9148 f1=0.9150
2026-08-27 16:58:38,809 | EPOCH 26 train_loss=0.038572
2026-08-27 16:58:47,764 | EPOCH 27 train_loss=0.034202
2026-08-27 16:58:56,684 | EPOCH 28 train_loss=0.033386
2026-08-27 16:59:05,620 | EPOCH 29 train_loss=0.030630
2026-08-27 16:59:14,547 | EPOCH 30 train_loss=0.026613
2026-08-27 16:59:15,257 | EPOCH 30 VAL loss=0.437088 acc=0.9150 pre=0.9166 rec=0.9156 f1=0.9151
2026-08-27 16:59:24,238 | EPOCH 31 train_loss=0.023032
2026-08-27 16:59:33,139 | EPOCH 32 train_loss=0.027558
2026-08-27 16:59:41,989 | EPOCH 33 train_loss=0.024714
2026-08-27 16:59:50,959 | EPOCH 34 train_loss=0.021891
2026-08-27 16:59:59,923 | EPOCH 35 train_loss=0.024386
2026-08-27 17:00:00,629 | EPOCH 35 VAL loss=0.476669 acc=0.9193 pre=0.9203 rec=0.9200 f1=0.9201
2026-08-27 17:00:09,521 | EPOCH 36 train_loss=0.016909
2026-08-27 17:00:18,389 | EPOCH 37 train_loss=0.018762
2026-08-27 17:00:27,237 | EPOCH 38 train_loss=0.020111
2026-08-27 17:00:36,013 | EPOCH 39 train_loss=0.016649
2026-08-27 17:00:44,919 | EPOCH 40 train_loss=0.017475
2026-08-27 17:00:45,632 | EPOCH 40 VAL loss=0.560806 acc=0.9167 pre=0.9170 rec=0.9172 f1=0.9167
2026-08-27 17:00:45,642 | DONE best_epoch=10 best_val_loss=0.232183 early_stop=True time=362.38s
