2026-08-27 05:06:50,345 | START mlp_adadelta_lr0.5_s42 opt=adadelta lr=0.5 seed=42 device=cuda epochs=150
2026-08-27 05:06:57,501 | EPOCH 1 train_loss=0.591787
2026-08-27 05:07:04,619 | EPOCH 2 train_loss=0.403388
2026-08-27 05:07:11,412 | EPOCH 3 train_loss=0.358191
2026-08-27 05:07:18,142 | EPOCH 4 train_loss=0.331147
2026-08-27 05:07:25,200 | EPOCH 5 train_loss=0.310215
2026-08-27 05:07:25,750 | EPOCH 5 VAL loss=0.330817 acc=0.8750 pre=0.8795 rec=0.8754 f1=0.8745 BEST
2026-08-27 05:07:32,997 | EPOCH 6 train_loss=0.295454
2026-08-27 05:07:39,648 | EPOCH 7 train_loss=0.280493
2026-08-27 05:07:46,420 | EPOCH 8 train_loss=0.271721
2026-08-27 05:07:53,377 | EPOCH 9 train_loss=0.260240
2026-08-27 05:08:00,255 | EPOCH 10 train_loss=0.252321
2026-08-27 05:08:00,858 | EPOCH 10 VAL loss=0.363466 acc=0.8703 pre=0.8773 rec=0.8711 f1=0.8712
2026-08-27 05:08:07,879 | EPOCH 11 train_loss=0.244435
2026-08-27 05:08:14,789 | EPOCH 12 train_loss=0.237147
2026-08-27 05:08:21,809 | EPOCH 13 train_loss=0.230331
2026-08-27 05:08:28,873 | EPOCH 14 train_loss=0.225259
2026-08-27 05:08:35,713 | EPOCH 15 train_loss=0.217582
2026-08-27 05:08:36,299 | EPOCH 15 VAL loss=0.375327 acc=0.8817 pre=0.8836 rec=0.8831 f1=0.8792
2026-08-27 05:08:43,229 | EPOCH 16 train_loss=0.213293
2026-08-27 05:08:49,894 | EPOCH 17 train_loss=0.207095
2026-08-27 05:08:56,846 | EPOCH 18 train_loss=0.200734
2026-08-27 05:09:03,697 | EPOCH 19 train_loss=0.198894
2026-08-27 05:09:10,676 | EPOCH 20 train_loss=0.194902
2026-08-27 05:09:11,309 | EPOCH 20 VAL loss=0.372074 acc=0.8872 pre=0.8879 rec=0.8884 f1=0.8867
2026-08-27 05:09:18,161 | EPOCH 21 train_loss=0.189557
2026-08-27 05:09:25,052 | EPOCH 22 train_loss=0.184310
2026-08-27 05:09:29,720 | INTERRUPTED epoch=22 batch=595
2026-08-27 11:18:44,355 | START mlp_adadelta_lr0.5_s42 opt=adadelta lr=0.5 seed=42 device=cuda epochs=150
2026-08-27 11:18:51,234 | EPOCH 1 train_loss=0.591787
2026-08-27 11:18:57,953 | EPOCH 2 train_loss=0.403388
2026-08-27 11:19:04,779 | EPOCH 3 train_loss=0.358191
2026-08-27 11:19:11,709 | EPOCH 4 train_loss=0.331147
2026-08-27 11:19:18,645 | EPOCH 5 train_loss=0.310215
2026-08-27 11:19:19,229 | EPOCH 5 VAL loss=0.330817 acc=0.8750 pre=0.8795 rec=0.8754 f1=0.8745 BEST
2026-08-27 11:19:26,521 | EPOCH 6 train_loss=0.295454
2026-08-27 11:19:33,441 | EPOCH 7 train_loss=0.280493
2026-08-27 11:19:40,393 | EPOCH 8 train_loss=0.271721
2026-08-27 11:19:47,248 | EPOCH 9 train_loss=0.260240
2026-08-27 11:19:54,281 | EPOCH 10 train_loss=0.252321
2026-08-27 11:19:55,258 | EPOCH 10 VAL loss=0.363466 acc=0.8703 pre=0.8773 rec=0.8711 f1=0.8712
2026-08-27 11:20:02,101 | EPOCH 11 train_loss=0.244435
2026-08-27 11:20:09,044 | EPOCH 12 train_loss=0.237147
2026-08-27 11:20:16,251 | EPOCH 13 train_loss=0.230331
2026-08-27 11:20:23,583 | EPOCH 14 train_loss=0.225259
2026-08-27 11:20:30,576 | EPOCH 15 train_loss=0.217582
2026-08-27 11:20:31,157 | EPOCH 15 VAL loss=0.375327 acc=0.8817 pre=0.8836 rec=0.8831 f1=0.8792
2026-08-27 11:20:37,960 | EPOCH 16 train_loss=0.213293
2026-08-27 11:20:44,900 | EPOCH 17 train_loss=0.207095
2026-08-27 11:20:51,971 | EPOCH 18 train_loss=0.200734
2026-08-27 11:20:59,087 | EPOCH 19 train_loss=0.198894
2026-08-27 11:21:05,891 | EPOCH 20 train_loss=0.194902
2026-08-27 11:21:06,530 | EPOCH 20 VAL loss=0.372074 acc=0.8872 pre=0.8879 rec=0.8884 f1=0.8867
2026-08-27 11:21:13,559 | EPOCH 21 train_loss=0.189557
2026-08-27 11:21:20,575 | EPOCH 22 train_loss=0.184310
2026-08-27 11:21:27,330 | EPOCH 23 train_loss=0.180797
2026-08-27 11:21:34,193 | EPOCH 24 train_loss=0.176462
2026-08-27 11:21:41,198 | EPOCH 25 train_loss=0.174230
2026-08-27 11:21:41,767 | EPOCH 25 VAL loss=0.375653 acc=0.8860 pre=0.8889 rec=0.8858 f1=0.8849
2026-08-27 11:21:48,819 | EPOCH 26 train_loss=0.170371
2026-08-27 11:21:55,762 | EPOCH 27 train_loss=0.168085
2026-08-27 11:22:02,588 | EPOCH 28 train_loss=0.164771
2026-08-27 11:22:09,632 | EPOCH 29 train_loss=0.160826
2026-08-27 11:22:16,652 | EPOCH 30 train_loss=0.159237
2026-08-27 11:22:17,252 | EPOCH 30 VAL loss=0.441575 acc=0.8792 pre=0.8813 rec=0.8805 f1=0.8791
2026-08-27 11:22:24,076 | EPOCH 31 train_loss=0.155211
2026-08-27 11:22:31,009 | EPOCH 32 train_loss=0.153028
2026-08-27 11:22:38,148 | EPOCH 33 train_loss=0.152887
2026-08-27 11:22:45,143 | EPOCH 34 train_loss=0.146838
2026-08-27 11:22:52,144 | EPOCH 35 train_loss=0.147014
2026-08-27 11:22:52,738 | EPOCH 35 VAL loss=0.471427 acc=0.8857 pre=0.8914 rec=0.8872 f1=0.8878
2026-08-27 11:22:52,747 | DONE best_epoch=5 best_val_loss=0.330817 early_stop=True time=247.71s
