2026-08-27 06:01:37,412 | START cnn_adagrad_lr0.01_s123 opt=adagrad lr=0.01 seed=123 device=cuda epochs=150
2026-08-27 06:01:46,159 | EPOCH 1 train_loss=0.484030
2026-08-27 06:01:54,656 | EPOCH 2 train_loss=0.341833
2026-08-27 06:02:02,581 | EPOCH 3 train_loss=0.308957
2026-08-27 06:02:10,550 | EPOCH 4 train_loss=0.290352
2026-08-27 06:02:18,603 | EPOCH 5 train_loss=0.276453
2026-08-27 06:02:19,282 | EPOCH 5 VAL loss=0.298136 acc=0.8925 pre=0.8926 rec=0.8941 f1=0.8925 BEST
2026-08-27 06:02:27,648 | EPOCH 6 train_loss=0.265752
2026-08-27 06:02:35,597 | EPOCH 7 train_loss=0.257728
2026-08-27 06:02:43,681 | EPOCH 8 train_loss=0.250644
2026-08-27 06:02:51,814 | EPOCH 9 train_loss=0.243838
2026-08-27 06:02:59,907 | EPOCH 10 train_loss=0.238993
2026-08-27 06:03:00,865 | EPOCH 10 VAL loss=0.270479 acc=0.8995 pre=0.9001 rec=0.9011 f1=0.9003 BEST
2026-08-27 06:03:09,086 | EPOCH 11 train_loss=0.233999
2026-08-27 06:03:17,562 | EPOCH 12 train_loss=0.229416
2026-08-27 06:03:25,345 | EPOCH 13 train_loss=0.225875
2026-08-27 06:03:33,327 | EPOCH 14 train_loss=0.222235
2026-08-27 06:03:41,633 | EPOCH 15 train_loss=0.218156
2026-08-27 06:03:42,334 | EPOCH 15 VAL loss=0.261914 acc=0.9040 pre=0.9076 rec=0.9054 f1=0.9058 BEST
2026-08-27 06:03:51,409 | EPOCH 16 train_loss=0.215279
2026-08-27 06:03:59,634 | EPOCH 17 train_loss=0.212215
2026-08-27 06:04:07,516 | EPOCH 18 train_loss=0.209097
2026-08-27 06:04:15,933 | EPOCH 19 train_loss=0.206569
2026-08-27 06:04:24,110 | EPOCH 20 train_loss=0.203778
2026-08-27 06:04:24,772 | EPOCH 20 VAL loss=0.249657 acc=0.9088 pre=0.9088 rec=0.9096 f1=0.9086 BEST
2026-08-27 06:04:33,697 | EPOCH 21 train_loss=0.201619
2026-08-27 06:04:42,205 | EPOCH 22 train_loss=0.199385
2026-08-27 06:04:50,899 | EPOCH 23 train_loss=0.196676
2026-08-27 06:04:59,613 | EPOCH 24 train_loss=0.194899
2026-08-27 06:05:07,781 | EPOCH 25 train_loss=0.192872
2026-08-27 06:05:08,465 | EPOCH 25 VAL loss=0.245377 acc=0.9078 pre=0.9080 rec=0.9085 f1=0.9076 BEST
2026-08-27 06:05:16,933 | EPOCH 26 train_loss=0.190632
2026-08-27 06:05:25,742 | EPOCH 27 train_loss=0.188684
2026-08-27 06:05:33,883 | EPOCH 28 train_loss=0.186656
2026-08-27 06:05:41,639 | EPOCH 29 train_loss=0.184927
2026-08-27 06:05:49,477 | EPOCH 30 train_loss=0.183015
2026-08-27 06:05:50,128 | EPOCH 30 VAL loss=0.246012 acc=0.9112 pre=0.9124 rec=0.9127 f1=0.9120
2026-08-27 06:05:58,564 | EPOCH 31 train_loss=0.181309
2026-08-27 06:06:06,657 | EPOCH 32 train_loss=0.179646
2026-08-27 06:06:15,427 | EPOCH 33 train_loss=0.178236
2026-08-27 06:06:23,457 | EPOCH 34 train_loss=0.176253
2026-08-27 06:06:31,730 | EPOCH 35 train_loss=0.175036
2026-08-27 06:06:32,455 | EPOCH 35 VAL loss=0.241066 acc=0.9117 pre=0.9121 rec=0.9122 f1=0.9116 BEST
2026-08-27 06:06:40,689 | EPOCH 36 train_loss=0.172953
2026-08-27 06:06:48,522 | EPOCH 37 train_loss=0.171448
2026-08-27 06:06:56,441 | EPOCH 38 train_loss=0.170187
2026-08-27 06:07:04,477 | EPOCH 39 train_loss=0.168955
2026-08-27 06:07:12,985 | EPOCH 40 train_loss=0.167303
2026-08-27 06:07:13,641 | EPOCH 40 VAL loss=0.237536 acc=0.9137 pre=0.9143 rec=0.9148 f1=0.9143 BEST
2026-08-27 06:07:22,084 | EPOCH 41 train_loss=0.165896
2026-08-27 06:07:29,780 | EPOCH 42 train_loss=0.164428
2026-08-27 06:07:37,798 | EPOCH 43 train_loss=0.163205
2026-08-27 06:07:45,806 | EPOCH 44 train_loss=0.162198
2026-08-27 06:07:54,132 | EPOCH 45 train_loss=0.160407
2026-08-27 06:07:54,762 | EPOCH 45 VAL loss=0.236679 acc=0.9162 pre=0.9168 rec=0.9172 f1=0.9170 BEST
2026-08-27 06:08:02,930 | EPOCH 46 train_loss=0.159285
2026-08-27 06:08:11,623 | EPOCH 47 train_loss=0.157948
2026-08-27 06:08:19,722 | EPOCH 48 train_loss=0.156935
2026-08-27 06:08:27,965 | EPOCH 49 train_loss=0.155617
2026-08-27 06:08:35,782 | EPOCH 50 train_loss=0.154399
2026-08-27 06:08:36,491 | EPOCH 50 VAL loss=0.239097 acc=0.9142 pre=0.9151 rec=0.9148 f1=0.9145
2026-08-27 06:08:44,951 | EPOCH 51 train_loss=0.153101
2026-08-27 06:08:53,463 | EPOCH 52 train_loss=0.151791
2026-08-27 06:09:01,311 | EPOCH 53 train_loss=0.151090
2026-08-27 06:09:09,978 | EPOCH 54 train_loss=0.149748
2026-08-27 06:09:18,624 | EPOCH 55 train_loss=0.148821
2026-08-27 06:09:19,307 | EPOCH 55 VAL loss=0.239079 acc=0.9167 pre=0.9172 rec=0.9178 f1=0.9174
2026-08-27 06:09:27,913 | EPOCH 56 train_loss=0.147707
2026-08-27 06:09:35,895 | EPOCH 57 train_loss=0.146553
2026-08-27 06:09:44,417 | EPOCH 58 train_loss=0.145476
2026-08-27 06:09:52,868 | EPOCH 59 train_loss=0.144711
2026-08-27 06:10:00,488 | EPOCH 60 train_loss=0.143539
2026-08-27 06:10:01,471 | EPOCH 60 VAL loss=0.239096 acc=0.9167 pre=0.9168 rec=0.9175 f1=0.9167
2026-08-27 06:10:09,589 | EPOCH 61 train_loss=0.142692
2026-08-27 06:10:17,557 | EPOCH 62 train_loss=0.141650
2026-08-27 06:10:25,980 | EPOCH 63 train_loss=0.140546
2026-08-27 06:10:33,853 | EPOCH 64 train_loss=0.139604
2026-08-27 06:10:42,596 | EPOCH 65 train_loss=0.138482
2026-08-27 06:10:43,299 | EPOCH 65 VAL loss=0.242682 acc=0.9168 pre=0.9177 rec=0.9178 f1=0.9173
2026-08-27 06:10:51,289 | EPOCH 66 train_loss=0.137761
2026-08-27 06:10:59,777 | EPOCH 67 train_loss=0.136920
2026-08-27 06:11:08,058 | EPOCH 68 train_loss=0.135781
2026-08-27 06:11:16,797 | EPOCH 69 train_loss=0.135376
2026-08-27 06:11:24,754 | EPOCH 70 train_loss=0.134101
2026-08-27 06:11:25,384 | EPOCH 70 VAL loss=0.244733 acc=0.9172 pre=0.9179 rec=0.9182 f1=0.9179
2026-08-27 06:11:33,264 | EPOCH 71 train_loss=0.133291
2026-08-27 06:11:41,166 | EPOCH 72 train_loss=0.132150
2026-08-27 06:11:49,179 | EPOCH 73 train_loss=0.131451
2026-08-27 06:11:57,128 | EPOCH 74 train_loss=0.131095
2026-08-27 06:12:05,170 | EPOCH 75 train_loss=0.129759
2026-08-27 06:12:05,837 | EPOCH 75 VAL loss=0.241783 acc=0.9162 pre=0.9164 rec=0.9172 f1=0.9167
2026-08-27 06:12:05,843 | DONE best_epoch=45 best_val_loss=0.236679 early_stop=True time=627.68s
