2026-08-27 13:14:08,056 | START cnn_rmsprop_lr0.0005_s123 opt=rmsprop lr=0.0005 seed=123 device=cuda epochs=150
2026-08-27 13:14:16,168 | EPOCH 1 train_loss=0.511927
2026-08-27 13:14:24,753 | EPOCH 2 train_loss=0.349691
2026-08-27 13:14:33,223 | EPOCH 3 train_loss=0.305790
2026-08-27 13:14:41,740 | EPOCH 4 train_loss=0.278028
2026-08-27 13:14:50,316 | EPOCH 5 train_loss=0.257530
2026-08-27 13:14:51,041 | EPOCH 5 VAL loss=0.296302 acc=0.8917 pre=0.8954 rec=0.8941 f1=0.8924 BEST
2026-08-27 13:14:59,745 | EPOCH 6 train_loss=0.240243
2026-08-27 13:15:08,130 | EPOCH 7 train_loss=0.226061
2026-08-27 13:15:17,672 | EPOCH 8 train_loss=0.213259
2026-08-27 13:15:26,378 | EPOCH 9 train_loss=0.201265
2026-08-27 13:15:34,431 | EPOCH 10 train_loss=0.190700
2026-08-27 13:15:35,101 | EPOCH 10 VAL loss=0.271439 acc=0.9015 pre=0.9074 rec=0.9041 f1=0.9035 BEST
2026-08-27 13:15:44,065 | EPOCH 11 train_loss=0.180562
2026-08-27 13:15:52,403 | EPOCH 12 train_loss=0.171012
2026-08-27 13:16:00,434 | EPOCH 13 train_loss=0.162202
2026-08-27 13:16:09,581 | EPOCH 14 train_loss=0.154292
2026-08-27 13:16:18,526 | EPOCH 15 train_loss=0.145716
2026-08-27 13:16:19,171 | EPOCH 15 VAL loss=0.242212 acc=0.9140 pre=0.9169 rec=0.9154 f1=0.9154 BEST
2026-08-27 13:16:27,672 | EPOCH 16 train_loss=0.137491
2026-08-27 13:16:37,102 | EPOCH 17 train_loss=0.129575
2026-08-27 13:16:45,428 | EPOCH 18 train_loss=0.122713
2026-08-27 13:16:53,616 | EPOCH 19 train_loss=0.116757
2026-08-27 13:17:01,859 | EPOCH 20 train_loss=0.109214
2026-08-27 13:17:02,551 | EPOCH 20 VAL loss=0.238679 acc=0.9208 pre=0.9210 rec=0.9216 f1=0.9207 BEST
2026-08-27 13:17:12,067 | EPOCH 21 train_loss=0.102798
2026-08-27 13:17:20,551 | EPOCH 22 train_loss=0.097453
2026-08-27 13:17:28,476 | EPOCH 23 train_loss=0.091096
2026-08-27 13:17:37,650 | EPOCH 24 train_loss=0.085326
2026-08-27 13:17:45,850 | EPOCH 25 train_loss=0.080219
2026-08-27 13:17:46,497 | EPOCH 25 VAL loss=0.278985 acc=0.9203 pre=0.9212 rec=0.9211 f1=0.9195
2026-08-27 13:17:54,543 | EPOCH 26 train_loss=0.075079
2026-08-27 13:18:03,486 | EPOCH 27 train_loss=0.070817
2026-08-27 13:18:12,813 | EPOCH 28 train_loss=0.066107
2026-08-27 13:18:20,890 | EPOCH 29 train_loss=0.061611
2026-08-27 13:18:29,393 | EPOCH 30 train_loss=0.057001
2026-08-27 13:18:30,064 | EPOCH 30 VAL loss=0.317914 acc=0.9207 pre=0.9211 rec=0.9218 f1=0.9211
2026-08-27 13:18:39,248 | EPOCH 31 train_loss=0.053590
2026-08-27 13:18:48,172 | EPOCH 32 train_loss=0.050006
2026-08-27 13:18:56,215 | EPOCH 33 train_loss=0.046369
2026-08-27 13:19:05,440 | EPOCH 34 train_loss=0.044118
2026-08-27 13:19:14,867 | EPOCH 35 train_loss=0.041089
2026-08-27 13:19:15,554 | EPOCH 35 VAL loss=0.367543 acc=0.9167 pre=0.9174 rec=0.9174 f1=0.9166
2026-08-27 13:19:24,049 | EPOCH 36 train_loss=0.037667
2026-08-27 13:19:32,914 | EPOCH 37 train_loss=0.035040
2026-08-27 13:19:41,667 | EPOCH 38 train_loss=0.033595
2026-08-27 13:19:50,968 | EPOCH 39 train_loss=0.030936
2026-08-27 13:19:59,379 | EPOCH 40 train_loss=0.029004
2026-08-27 13:20:00,045 | EPOCH 40 VAL loss=0.406529 acc=0.9172 pre=0.9179 rec=0.9179 f1=0.9174
2026-08-27 13:20:09,377 | EPOCH 41 train_loss=0.027719
2026-08-27 13:20:18,187 | EPOCH 42 train_loss=0.025423
2026-08-27 13:20:26,740 | EPOCH 43 train_loss=0.023325
2026-08-27 13:20:34,920 | EPOCH 44 train_loss=0.022142
2026-08-27 13:20:43,932 | EPOCH 45 train_loss=0.021989
2026-08-27 13:20:44,641 | EPOCH 45 VAL loss=0.444597 acc=0.9183 pre=0.9190 rec=0.9193 f1=0.9190
2026-08-27 13:20:53,527 | EPOCH 46 train_loss=0.020502
2026-08-27 13:21:01,684 | EPOCH 47 train_loss=0.018819
2026-08-27 13:21:10,022 | EPOCH 48 train_loss=0.018058
2026-08-27 13:21:19,248 | EPOCH 49 train_loss=0.017637
2026-08-27 13:21:27,389 | EPOCH 50 train_loss=0.015305
2026-08-27 13:21:28,066 | EPOCH 50 VAL loss=0.498294 acc=0.9222 pre=0.9227 rec=0.9230 f1=0.9228
2026-08-27 13:21:28,072 | DONE best_epoch=20 best_val_loss=0.238679 early_stop=True time=439.25s
