2026-08-27 17:19:39,975 | START cnn_nadam_lr0.0005_s123 opt=nadam lr=0.0005 seed=123 device=cuda epochs=150
2026-08-27 17:19:49,092 | EPOCH 1 train_loss=0.579782
2026-08-27 17:19:58,181 | EPOCH 2 train_loss=0.366153
2026-08-27 17:20:07,438 | EPOCH 3 train_loss=0.317316
2026-08-27 17:20:16,409 | EPOCH 4 train_loss=0.288352
2026-08-27 17:20:25,343 | EPOCH 5 train_loss=0.266321
2026-08-27 17:20:26,055 | EPOCH 5 VAL loss=0.287557 acc=0.8942 pre=0.8958 rec=0.8963 f1=0.8944 BEST
2026-08-27 17:20:35,487 | EPOCH 6 train_loss=0.247644
2026-08-27 17:20:44,448 | EPOCH 7 train_loss=0.232801
2026-08-27 17:20:53,413 | EPOCH 8 train_loss=0.219377
2026-08-27 17:21:02,367 | EPOCH 9 train_loss=0.205787
2026-08-27 17:21:11,362 | EPOCH 10 train_loss=0.195475
2026-08-27 17:21:12,069 | EPOCH 10 VAL loss=0.237952 acc=0.9133 pre=0.9146 rec=0.9147 f1=0.9144 BEST
2026-08-27 17:21:21,343 | EPOCH 11 train_loss=0.184230
2026-08-27 17:21:30,174 | EPOCH 12 train_loss=0.175497
2026-08-27 17:21:38,944 | EPOCH 13 train_loss=0.166967
2026-08-27 17:21:47,792 | EPOCH 14 train_loss=0.158207
2026-08-27 17:21:56,599 | EPOCH 15 train_loss=0.150298
2026-08-27 17:21:57,351 | EPOCH 15 VAL loss=0.226436 acc=0.9183 pre=0.9191 rec=0.9197 f1=0.9192 BEST
2026-08-27 17:22:06,484 | EPOCH 16 train_loss=0.142470
2026-08-27 17:22:15,183 | EPOCH 17 train_loss=0.135552
2026-08-27 17:22:24,058 | EPOCH 18 train_loss=0.127739
2026-08-27 17:22:32,856 | EPOCH 19 train_loss=0.120864
2026-08-27 17:22:41,615 | EPOCH 20 train_loss=0.115591
2026-08-27 17:22:42,316 | EPOCH 20 VAL loss=0.236905 acc=0.9195 pre=0.9202 rec=0.9200 f1=0.9198
2026-08-27 17:22:51,166 | EPOCH 21 train_loss=0.108419
2026-08-27 17:22:59,967 | EPOCH 22 train_loss=0.101794
2026-08-27 17:23:08,657 | EPOCH 23 train_loss=0.096714
2026-08-27 17:23:17,344 | EPOCH 24 train_loss=0.091455
2026-08-27 17:23:26,095 | EPOCH 25 train_loss=0.086449
2026-08-27 17:23:26,814 | EPOCH 25 VAL loss=0.262441 acc=0.9198 pre=0.9208 rec=0.9205 f1=0.9198
2026-08-27 17:23:35,579 | EPOCH 26 train_loss=0.080813
2026-08-27 17:23:44,463 | EPOCH 27 train_loss=0.075947
2026-08-27 17:23:53,471 | EPOCH 28 train_loss=0.072219
2026-08-27 17:24:02,415 | EPOCH 29 train_loss=0.067497
2026-08-27 17:24:11,484 | EPOCH 30 train_loss=0.062353
2026-08-27 17:24:12,193 | EPOCH 30 VAL loss=0.301865 acc=0.9183 pre=0.9200 rec=0.9195 f1=0.9190
2026-08-27 17:24:21,244 | EPOCH 31 train_loss=0.059975
2026-08-27 17:24:30,382 | EPOCH 32 train_loss=0.054757
2026-08-27 17:24:39,538 | EPOCH 33 train_loss=0.051942
2026-08-27 17:24:48,745 | EPOCH 34 train_loss=0.049218
2026-08-27 17:24:57,913 | EPOCH 35 train_loss=0.047349
2026-08-27 17:24:58,617 | EPOCH 35 VAL loss=0.334683 acc=0.9160 pre=0.9179 rec=0.9163 f1=0.9165
2026-08-27 17:25:07,875 | EPOCH 36 train_loss=0.041897
2026-08-27 17:25:17,142 | EPOCH 37 train_loss=0.040545
2026-08-27 17:25:26,328 | EPOCH 38 train_loss=0.038997
2026-08-27 17:25:35,552 | EPOCH 39 train_loss=0.036092
2026-08-27 17:25:44,686 | EPOCH 40 train_loss=0.032982
2026-08-27 17:25:45,391 | EPOCH 40 VAL loss=0.373495 acc=0.9203 pre=0.9207 rec=0.9211 f1=0.9206
2026-08-27 17:25:54,488 | EPOCH 41 train_loss=0.032800
2026-08-27 17:26:03,654 | EPOCH 42 train_loss=0.028312
2026-08-27 17:26:12,853 | EPOCH 43 train_loss=0.028796
2026-08-27 17:26:22,025 | EPOCH 44 train_loss=0.028805
2026-08-27 17:26:31,162 | EPOCH 45 train_loss=0.025881
2026-08-27 17:26:31,881 | EPOCH 45 VAL loss=0.408690 acc=0.9180 pre=0.9186 rec=0.9191 f1=0.9188
2026-08-27 17:26:31,892 | DONE best_epoch=15 best_val_loss=0.226436 early_stop=True time=411.1s
