2026-08-27 05:31:09,121 | START cnn_adadelta_lr0.1_s123 opt=adadelta lr=0.1 seed=123 device=cuda epochs=150
2026-08-27 05:31:17,705 | EPOCH 1 train_loss=0.752969
2026-08-27 05:31:26,530 | EPOCH 2 train_loss=0.475360
2026-08-27 05:31:35,284 | EPOCH 3 train_loss=0.406654
2026-08-27 05:31:43,423 | EPOCH 4 train_loss=0.367204
2026-08-27 05:31:52,157 | EPOCH 5 train_loss=0.337811
2026-08-27 05:31:52,826 | EPOCH 5 VAL loss=0.365192 acc=0.8683 pre=0.8726 rec=0.8706 f1=0.8681 BEST
2026-08-27 05:32:02,066 | EPOCH 6 train_loss=0.315767
2026-08-27 05:32:10,093 | EPOCH 7 train_loss=0.298463
2026-08-27 05:32:18,275 | EPOCH 8 train_loss=0.284649
2026-08-27 05:32:26,430 | EPOCH 9 train_loss=0.271852
2026-08-27 05:32:34,958 | EPOCH 10 train_loss=0.261127
2026-08-27 05:32:35,623 | EPOCH 10 VAL loss=0.294069 acc=0.8932 pre=0.8984 rec=0.8956 f1=0.8952 BEST
2026-08-27 05:32:44,657 | EPOCH 11 train_loss=0.252480
2026-08-27 05:32:52,736 | EPOCH 12 train_loss=0.243756
2026-08-27 05:33:01,504 | EPOCH 13 train_loss=0.237127
2026-08-27 05:33:09,756 | EPOCH 14 train_loss=0.230389
2026-08-27 05:33:18,494 | EPOCH 15 train_loss=0.223131
2026-08-27 05:33:19,152 | EPOCH 15 VAL loss=0.264452 acc=0.9025 pre=0.9055 rec=0.9041 f1=0.9039 BEST
2026-08-27 05:33:27,339 | EPOCH 16 train_loss=0.217246
2026-08-27 05:33:35,935 | EPOCH 17 train_loss=0.212146
2026-08-27 05:33:44,399 | EPOCH 18 train_loss=0.206680
2026-08-27 05:33:53,116 | EPOCH 19 train_loss=0.202144
2026-08-27 05:34:01,081 | EPOCH 20 train_loss=0.196431
2026-08-27 05:34:01,740 | EPOCH 20 VAL loss=0.246757 acc=0.9107 pre=0.9119 rec=0.9107 f1=0.9097 BEST
2026-08-27 05:34:10,202 | EPOCH 21 train_loss=0.192116
2026-08-27 05:34:18,652 | EPOCH 22 train_loss=0.188085
2026-08-27 05:34:26,768 | EPOCH 23 train_loss=0.183344
2026-08-27 05:34:34,807 | EPOCH 24 train_loss=0.179377
2026-08-27 05:34:42,833 | EPOCH 25 train_loss=0.175052
2026-08-27 05:34:43,494 | EPOCH 25 VAL loss=0.245284 acc=0.9147 pre=0.9162 rec=0.9151 f1=0.9137 BEST
2026-08-27 05:34:52,130 | EPOCH 26 train_loss=0.170859
2026-08-27 05:34:59,986 | EPOCH 27 train_loss=0.167989
2026-08-27 05:35:08,402 | EPOCH 28 train_loss=0.162638
2026-08-27 05:35:17,001 | EPOCH 29 train_loss=0.159815
2026-08-27 05:35:24,977 | EPOCH 30 train_loss=0.155653
2026-08-27 05:35:25,881 | EPOCH 30 VAL loss=0.242013 acc=0.9135 pre=0.9148 rec=0.9149 f1=0.9141 BEST
2026-08-27 05:35:34,186 | EPOCH 31 train_loss=0.152381
2026-08-27 05:35:42,671 | EPOCH 32 train_loss=0.148637
2026-08-27 05:35:50,954 | EPOCH 33 train_loss=0.145214
2026-08-27 05:35:59,005 | EPOCH 34 train_loss=0.142408
2026-08-27 05:36:07,026 | EPOCH 35 train_loss=0.139444
2026-08-27 05:36:07,683 | EPOCH 35 VAL loss=0.244787 acc=0.9163 pre=0.9188 rec=0.9167 f1=0.9158
2026-08-27 05:36:16,031 | EPOCH 36 train_loss=0.135016
2026-08-27 05:36:24,596 | EPOCH 37 train_loss=0.132142
2026-08-27 05:36:32,598 | EPOCH 38 train_loss=0.129573
2026-08-27 05:36:41,433 | EPOCH 39 train_loss=0.126888
2026-08-27 05:36:49,757 | EPOCH 40 train_loss=0.123109
2026-08-27 05:36:50,440 | EPOCH 40 VAL loss=0.260220 acc=0.9132 pre=0.9150 rec=0.9143 f1=0.9136
2026-08-27 05:36:59,098 | EPOCH 41 train_loss=0.120639
2026-08-27 05:37:07,201 | EPOCH 42 train_loss=0.117137
2026-08-27 05:37:15,721 | EPOCH 43 train_loss=0.115186
2026-08-27 05:37:24,343 | EPOCH 44 train_loss=0.112448
2026-08-27 05:37:33,113 | EPOCH 45 train_loss=0.108786
2026-08-27 05:37:33,833 | EPOCH 45 VAL loss=0.252941 acc=0.9195 pre=0.9211 rec=0.9208 f1=0.9206
2026-08-27 05:37:41,916 | EPOCH 46 train_loss=0.106014
2026-08-27 05:37:50,085 | EPOCH 47 train_loss=0.103809
2026-08-27 05:37:58,656 | EPOCH 48 train_loss=0.100553
2026-08-27 05:38:06,819 | EPOCH 49 train_loss=0.099422
2026-08-27 05:38:14,951 | EPOCH 50 train_loss=0.096385
2026-08-27 05:38:15,580 | EPOCH 50 VAL loss=0.269369 acc=0.9170 pre=0.9203 rec=0.9173 f1=0.9163
2026-08-27 05:38:23,953 | EPOCH 51 train_loss=0.093566
2026-08-27 05:38:32,266 | EPOCH 52 train_loss=0.091515
2026-08-27 05:38:40,275 | EPOCH 53 train_loss=0.089514
2026-08-27 05:38:49,172 | EPOCH 54 train_loss=0.086048
2026-08-27 05:38:58,071 | EPOCH 55 train_loss=0.085009
2026-08-27 05:38:58,745 | EPOCH 55 VAL loss=0.290603 acc=0.9133 pre=0.9182 rec=0.9148 f1=0.9149
2026-08-27 05:39:07,074 | EPOCH 56 train_loss=0.082016
2026-08-27 05:39:15,019 | EPOCH 57 train_loss=0.080672
2026-08-27 05:39:22,984 | EPOCH 58 train_loss=0.078579
2026-08-27 05:39:30,989 | EPOCH 59 train_loss=0.076856
2026-08-27 05:39:38,917 | EPOCH 60 train_loss=0.075139
2026-08-27 05:39:39,611 | EPOCH 60 VAL loss=0.288483 acc=0.9157 pre=0.9179 rec=0.9158 f1=0.9160
2026-08-27 05:39:39,623 | DONE best_epoch=30 best_val_loss=0.242013 early_stop=True time=509.68s
