2026-08-27 15:41:59,754 | START mlp_nadam_lr0.0005_s42 opt=nadam lr=0.0005 seed=42 device=cuda epochs=150
2026-08-27 15:42:07,509 | EPOCH 1 train_loss=0.575248
2026-08-27 15:42:15,060 | EPOCH 2 train_loss=0.394307
2026-08-27 15:42:23,173 | EPOCH 3 train_loss=0.348689
2026-08-27 15:42:31,062 | EPOCH 4 train_loss=0.320540
2026-08-27 15:42:39,377 | EPOCH 5 train_loss=0.298799
2026-08-27 15:42:40,126 | EPOCH 5 VAL loss=0.323640 acc=0.8760 pre=0.8780 rec=0.8772 f1=0.8764 BEST
2026-08-27 15:42:48,682 | EPOCH 6 train_loss=0.282389
2026-08-27 15:42:56,614 | EPOCH 7 train_loss=0.266648
2026-08-27 15:43:04,800 | EPOCH 8 train_loss=0.253706
2026-08-27 15:43:12,649 | EPOCH 9 train_loss=0.241731
2026-08-27 15:43:20,634 | EPOCH 10 train_loss=0.232542
2026-08-27 15:43:21,278 | EPOCH 10 VAL loss=0.329289 acc=0.8802 pre=0.8839 rec=0.8810 f1=0.8804
2026-08-27 15:43:29,180 | EPOCH 11 train_loss=0.222413
2026-08-27 15:43:37,159 | EPOCH 12 train_loss=0.214308
2026-08-27 15:43:44,803 | EPOCH 13 train_loss=0.203877
2026-08-27 15:43:52,588 | EPOCH 14 train_loss=0.198584
2026-08-27 15:44:00,608 | EPOCH 15 train_loss=0.190329
2026-08-27 15:44:01,262 | EPOCH 15 VAL loss=0.321444 acc=0.8862 pre=0.8884 rec=0.8874 f1=0.8849 BEST
2026-08-27 15:44:09,754 | EPOCH 16 train_loss=0.183953
2026-08-27 15:44:17,977 | EPOCH 17 train_loss=0.176497
2026-08-27 15:44:26,314 | EPOCH 18 train_loss=0.171115
2026-08-27 15:44:34,164 | EPOCH 19 train_loss=0.163181
2026-08-27 15:44:42,282 | EPOCH 20 train_loss=0.157444
2026-08-27 15:44:42,941 | EPOCH 20 VAL loss=0.321133 acc=0.8950 pre=0.8951 rec=0.8960 f1=0.8947 BEST
2026-08-27 15:44:51,080 | EPOCH 21 train_loss=0.153099
2026-08-27 15:44:58,933 | EPOCH 22 train_loss=0.145964
2026-08-27 15:45:06,584 | EPOCH 23 train_loss=0.143371
2026-08-27 15:45:14,315 | EPOCH 24 train_loss=0.136202
2026-08-27 15:45:22,551 | EPOCH 25 train_loss=0.131261
2026-08-27 15:45:23,208 | EPOCH 25 VAL loss=0.353268 acc=0.8907 pre=0.8902 rec=0.8914 f1=0.8904
2026-08-27 15:45:31,006 | EPOCH 26 train_loss=0.127504
2026-08-27 15:45:38,717 | EPOCH 27 train_loss=0.124814
2026-08-27 15:45:46,358 | EPOCH 28 train_loss=0.119096
2026-08-27 15:45:53,932 | EPOCH 29 train_loss=0.113886
2026-08-27 15:46:02,093 | EPOCH 30 train_loss=0.113120
2026-08-27 15:46:02,756 | EPOCH 30 VAL loss=0.384467 acc=0.8898 pre=0.8921 rec=0.8917 f1=0.8912
2026-08-27 15:46:10,615 | EPOCH 31 train_loss=0.104424
2026-08-27 15:46:18,430 | EPOCH 32 train_loss=0.105205
2026-08-27 15:46:26,267 | EPOCH 33 train_loss=0.100824
2026-08-27 15:46:34,384 | EPOCH 34 train_loss=0.095336
2026-08-27 15:46:42,466 | EPOCH 35 train_loss=0.094614
2026-08-27 15:46:43,212 | EPOCH 35 VAL loss=0.426239 acc=0.8965 pre=0.8979 rec=0.8967 f1=0.8962
2026-08-27 15:46:51,788 | EPOCH 36 train_loss=0.093024
2026-08-27 15:46:59,741 | EPOCH 37 train_loss=0.087959
2026-08-27 15:47:07,923 | EPOCH 38 train_loss=0.084280
2026-08-27 15:47:15,938 | EPOCH 39 train_loss=0.084592
2026-08-27 15:47:24,160 | EPOCH 40 train_loss=0.077026
2026-08-27 15:47:24,878 | EPOCH 40 VAL loss=0.469955 acc=0.8885 pre=0.8890 rec=0.8891 f1=0.8875
2026-08-27 15:47:32,844 | EPOCH 41 train_loss=0.078500
2026-08-27 15:47:40,757 | EPOCH 42 train_loss=0.076760
2026-08-27 15:47:49,379 | EPOCH 43 train_loss=0.071278
2026-08-27 15:47:57,555 | EPOCH 44 train_loss=0.072734
2026-08-27 15:48:05,704 | EPOCH 45 train_loss=0.067549
2026-08-27 15:48:06,396 | EPOCH 45 VAL loss=0.486615 acc=0.8938 pre=0.8945 rec=0.8947 f1=0.8941
2026-08-27 15:48:14,281 | EPOCH 46 train_loss=0.068556
2026-08-27 15:48:22,353 | EPOCH 47 train_loss=0.064654
2026-08-27 15:48:30,548 | EPOCH 48 train_loss=0.065067
2026-08-27 15:48:39,309 | EPOCH 49 train_loss=0.062901
2026-08-27 15:48:47,864 | EPOCH 50 train_loss=0.059155
2026-08-27 15:48:48,614 | EPOCH 50 VAL loss=0.536175 acc=0.8930 pre=0.8930 rec=0.8939 f1=0.8927
2026-08-27 15:48:48,625 | DONE best_epoch=20 best_val_loss=0.321133 early_stop=True time=408.03s
