2026-08-27 04:37:23,867 | START mlp_sgd_lr0.01_s123 opt=sgd lr=0.01 seed=123 device=cuda epochs=150
2026-08-27 04:37:30,510 | EPOCH 1 train_loss=1.446613
2026-08-27 04:37:37,049 | EPOCH 2 train_loss=0.735274
2026-08-27 04:37:43,561 | EPOCH 3 train_loss=0.613605
2026-08-27 04:37:49,878 | EPOCH 4 train_loss=0.552064
2026-08-27 04:37:56,367 | EPOCH 5 train_loss=0.514502
2026-08-27 04:37:56,918 | EPOCH 5 VAL loss=0.536101 acc=0.8090 pre=0.8150 rec=0.8104 f1=0.8074 BEST
2026-08-27 04:38:03,921 | EPOCH 6 train_loss=0.489402
2026-08-27 04:38:10,188 | EPOCH 7 train_loss=0.471200
2026-08-27 04:38:16,572 | EPOCH 8 train_loss=0.457589
2026-08-27 04:38:23,111 | EPOCH 9 train_loss=0.444819
2026-08-27 04:38:29,590 | EPOCH 10 train_loss=0.435158
2026-08-27 04:38:30,160 | EPOCH 10 VAL loss=0.458895 acc=0.8350 pre=0.8423 rec=0.8366 f1=0.8377 BEST
2026-08-27 04:38:36,905 | EPOCH 11 train_loss=0.424991
2026-08-27 04:38:43,369 | EPOCH 12 train_loss=0.417448
2026-08-27 04:38:49,980 | EPOCH 13 train_loss=0.410829
2026-08-27 04:38:56,364 | EPOCH 14 train_loss=0.404014
2026-08-27 04:39:03,011 | EPOCH 15 train_loss=0.397001
2026-08-27 04:39:03,639 | EPOCH 15 VAL loss=0.426803 acc=0.8463 pre=0.8521 rec=0.8484 f1=0.8487 BEST
2026-08-27 04:39:10,291 | EPOCH 16 train_loss=0.390118
2026-08-27 04:39:17,306 | EPOCH 17 train_loss=0.384943
2026-08-27 04:39:23,741 | EPOCH 18 train_loss=0.378897
2026-08-27 04:39:30,205 | EPOCH 19 train_loss=0.374065
2026-08-27 04:39:36,719 | EPOCH 20 train_loss=0.368576
2026-08-27 04:39:37,284 | EPOCH 20 VAL loss=0.393106 acc=0.8590 pre=0.8587 rec=0.8600 f1=0.8583 BEST
2026-08-27 04:39:44,648 | EPOCH 21 train_loss=0.364505
2026-08-27 04:39:51,172 | EPOCH 22 train_loss=0.359858
2026-08-27 04:39:57,435 | EPOCH 23 train_loss=0.354814
2026-08-27 04:40:03,882 | EPOCH 24 train_loss=0.350750
2026-08-27 04:40:10,159 | EPOCH 25 train_loss=0.346178
2026-08-27 04:40:10,717 | EPOCH 25 VAL loss=0.380299 acc=0.8655 pre=0.8655 rec=0.8664 f1=0.8628 BEST
2026-08-27 04:40:17,479 | EPOCH 26 train_loss=0.341588
2026-08-27 04:40:24,258 | EPOCH 27 train_loss=0.337656
2026-08-27 04:40:30,739 | EPOCH 28 train_loss=0.333458
2026-08-27 04:40:37,102 | EPOCH 29 train_loss=0.329792
2026-08-27 04:40:43,836 | EPOCH 30 train_loss=0.326234
2026-08-27 04:40:44,391 | EPOCH 30 VAL loss=0.371828 acc=0.8648 pre=0.8701 rec=0.8670 f1=0.8663 BEST
2026-08-27 04:40:51,474 | EPOCH 31 train_loss=0.322295
2026-08-27 04:40:58,003 | EPOCH 32 train_loss=0.318056
2026-08-27 04:41:04,362 | EPOCH 33 train_loss=0.315533
2026-08-27 04:41:10,950 | EPOCH 34 train_loss=0.311845
2026-08-27 04:41:17,519 | EPOCH 35 train_loss=0.309431
2026-08-27 04:41:18,093 | EPOCH 35 VAL loss=0.349730 acc=0.8788 pre=0.8804 rec=0.8793 f1=0.8769 BEST
2026-08-27 04:41:25,188 | EPOCH 36 train_loss=0.305414
2026-08-27 04:41:31,616 | EPOCH 37 train_loss=0.302250
2026-08-27 04:41:38,212 | EPOCH 38 train_loss=0.299313
2026-08-27 04:41:44,768 | EPOCH 39 train_loss=0.297591
2026-08-27 04:41:51,232 | EPOCH 40 train_loss=0.294234
2026-08-27 04:41:51,858 | EPOCH 40 VAL loss=0.352976 acc=0.8697 pre=0.8797 rec=0.8719 f1=0.8729
2026-08-27 04:41:58,427 | EPOCH 41 train_loss=0.291491
2026-08-27 04:42:05,252 | EPOCH 42 train_loss=0.289167
2026-08-27 04:42:11,744 | EPOCH 43 train_loss=0.285246
2026-08-27 04:42:18,214 | EPOCH 44 train_loss=0.283092
2026-08-27 04:42:20,673 | INTERRUPTED epoch=44 batch=327
