2026-08-27 13:28:18,482 | START cnn_adam_lr0.002_s42 opt=adam lr=0.002 seed=42 device=cuda epochs=150
2026-08-27 13:28:28,176 | EPOCH 1 train_loss=0.473149
2026-08-27 13:28:36,701 | EPOCH 2 train_loss=0.301670
2026-08-27 13:28:46,368 | EPOCH 3 train_loss=0.258716
2026-08-27 13:28:56,609 | EPOCH 4 train_loss=0.228869
2026-08-27 13:29:06,001 | EPOCH 5 train_loss=0.207784
2026-08-27 13:29:06,742 | EPOCH 5 VAL loss=0.239802 acc=0.9125 pre=0.9149 rec=0.9125 f1=0.9122 BEST
2026-08-27 13:29:16,681 | EPOCH 6 train_loss=0.186614
2026-08-27 13:29:25,529 | EPOCH 7 train_loss=0.167328
2026-08-27 13:29:34,574 | EPOCH 8 train_loss=0.150998
2026-08-27 13:29:43,515 | EPOCH 9 train_loss=0.135488
2026-08-27 13:29:52,346 | EPOCH 10 train_loss=0.122675
2026-08-27 13:29:53,016 | EPOCH 10 VAL loss=0.234233 acc=0.9228 pre=0.9233 rec=0.9238 f1=0.9230 BEST
2026-08-27 13:30:02,612 | EPOCH 11 train_loss=0.108794
2026-08-27 13:30:11,810 | EPOCH 12 train_loss=0.097099
2026-08-27 13:30:20,836 | EPOCH 13 train_loss=0.084869
2026-08-27 13:30:30,050 | EPOCH 14 train_loss=0.079630
2026-08-27 13:30:39,538 | EPOCH 15 train_loss=0.069199
2026-08-27 13:30:40,224 | EPOCH 15 VAL loss=0.323097 acc=0.9128 pre=0.9149 rec=0.9141 f1=0.9141
2026-08-27 13:30:50,355 | EPOCH 16 train_loss=0.061889
2026-08-27 13:31:00,283 | EPOCH 17 train_loss=0.057467
2026-08-27 13:31:09,109 | EPOCH 18 train_loss=0.051583
2026-08-27 13:31:18,114 | EPOCH 19 train_loss=0.045055
2026-08-27 13:31:28,030 | EPOCH 20 train_loss=0.043331
2026-08-27 13:31:28,751 | EPOCH 20 VAL loss=0.472347 acc=0.9092 pre=0.9115 rec=0.9104 f1=0.9104
2026-08-27 13:31:38,319 | EPOCH 21 train_loss=0.041087
2026-08-27 13:31:46,995 | EPOCH 22 train_loss=0.037804
2026-08-27 13:31:56,231 | EPOCH 23 train_loss=0.035103
2026-08-27 13:32:04,979 | EPOCH 24 train_loss=0.036499
2026-08-27 13:32:14,072 | EPOCH 25 train_loss=0.027206
2026-08-27 13:32:15,139 | EPOCH 25 VAL loss=0.515048 acc=0.9133 pre=0.9139 rec=0.9143 f1=0.9139
2026-08-27 13:32:23,904 | EPOCH 26 train_loss=0.030741
2026-08-27 13:32:33,081 | EPOCH 27 train_loss=0.030000
2026-08-27 13:32:42,928 | EPOCH 28 train_loss=0.028006
2026-08-27 13:32:51,606 | EPOCH 29 train_loss=0.025396
2026-08-27 13:33:00,658 | EPOCH 30 train_loss=0.026446
2026-08-27 13:33:01,397 | EPOCH 30 VAL loss=0.637605 acc=0.9055 pre=0.9069 rec=0.9063 f1=0.9064
2026-08-27 13:33:11,244 | EPOCH 31 train_loss=0.031233
2026-08-27 13:33:21,054 | EPOCH 32 train_loss=0.023726
2026-08-27 13:33:30,120 | EPOCH 33 train_loss=0.021220
2026-08-27 13:33:39,126 | EPOCH 34 train_loss=0.019050
2026-08-27 13:33:49,159 | EPOCH 35 train_loss=0.025726
2026-08-27 13:33:49,865 | EPOCH 35 VAL loss=0.724377 acc=0.9138 pre=0.9144 rec=0.9148 f1=0.9144
2026-08-27 13:33:59,676 | EPOCH 36 train_loss=0.021727
2026-08-27 13:34:08,374 | EPOCH 37 train_loss=0.020997
2026-08-27 13:34:17,144 | EPOCH 38 train_loss=0.021112
2026-08-27 13:34:25,872 | EPOCH 39 train_loss=0.020640
2026-08-27 13:34:35,046 | EPOCH 40 train_loss=0.024742
2026-08-27 13:34:36,475 | EPOCH 40 VAL loss=0.800540 acc=0.9108 pre=0.9113 rec=0.9116 f1=0.9106
2026-08-27 13:34:36,491 | DONE best_epoch=10 best_val_loss=0.234233 early_stop=True time=376.48s
