2026-08-27 04:27:28,902 | START cnn_sgd_lr0.05_s42 opt=sgd lr=0.05 seed=42 device=cuda epochs=150
2026-08-27 04:28:03,095 | EPOCH 1 train_loss=0.800181
2026-08-27 04:28:10,709 | EPOCH 2 train_loss=0.468622
2026-08-27 04:28:18,420 | EPOCH 3 train_loss=0.394191
2026-08-27 04:28:25,988 | EPOCH 4 train_loss=0.354735
2026-08-27 04:28:33,648 | EPOCH 5 train_loss=0.326279
2026-08-27 04:28:34,340 | EPOCH 5 VAL loss=0.326095 acc=0.8820 pre=0.8844 rec=0.8829 f1=0.8822 BEST
2026-08-27 04:28:42,586 | EPOCH 6 train_loss=0.306205
2026-08-27 04:28:50,148 | EPOCH 7 train_loss=0.287229
2026-08-27 04:28:57,735 | EPOCH 8 train_loss=0.274268
2026-08-27 04:29:05,392 | EPOCH 9 train_loss=0.261116
2026-08-27 04:29:13,064 | EPOCH 10 train_loss=0.251884
2026-08-27 04:29:13,724 | EPOCH 10 VAL loss=0.299467 acc=0.8882 pre=0.8918 rec=0.8886 f1=0.8884 BEST
2026-08-27 04:29:21,571 | EPOCH 11 train_loss=0.241615
2026-08-27 04:29:29,213 | EPOCH 12 train_loss=0.232818
2026-08-27 04:29:36,882 | EPOCH 13 train_loss=0.223380
2026-08-27 04:29:44,823 | EPOCH 14 train_loss=0.215146
2026-08-27 04:29:52,530 | EPOCH 15 train_loss=0.207617
2026-08-27 04:29:53,175 | EPOCH 15 VAL loss=0.281624 acc=0.8988 pre=0.9024 rec=0.8999 f1=0.8973 BEST
2026-08-27 04:30:01,120 | EPOCH 16 train_loss=0.199894
2026-08-27 04:30:08,768 | EPOCH 17 train_loss=0.193228
2026-08-27 04:30:16,302 | EPOCH 18 train_loss=0.186200
2026-08-27 04:30:23,915 | EPOCH 19 train_loss=0.180444
2026-08-27 04:30:31,517 | EPOCH 20 train_loss=0.173590
2026-08-27 04:30:32,148 | EPOCH 20 VAL loss=0.254138 acc=0.9138 pre=0.9143 rec=0.9147 f1=0.9138 BEST
2026-08-27 04:30:40,101 | EPOCH 21 train_loss=0.167354
2026-08-27 04:30:47,519 | EPOCH 22 train_loss=0.160854
2026-08-27 04:30:55,085 | EPOCH 23 train_loss=0.154863
2026-08-27 04:31:02,893 | EPOCH 24 train_loss=0.149957
2026-08-27 04:31:10,425 | EPOCH 25 train_loss=0.144545
2026-08-27 04:31:11,136 | EPOCH 25 VAL loss=0.241678 acc=0.9180 pre=0.9203 rec=0.9179 f1=0.9181 BEST
2026-08-27 04:31:19,197 | EPOCH 26 train_loss=0.139319
2026-08-27 04:31:26,859 | EPOCH 27 train_loss=0.134637
2026-08-27 04:31:34,602 | EPOCH 28 train_loss=0.129553
2026-08-27 04:31:42,281 | EPOCH 29 train_loss=0.122762
2026-08-27 04:31:49,874 | EPOCH 30 train_loss=0.120268
2026-08-27 04:31:50,515 | EPOCH 30 VAL loss=0.247311 acc=0.9192 pre=0.9194 rec=0.9200 f1=0.9195
2026-08-27 04:31:56,868 | INTERRUPTED epoch=30 batch=712
