2026-08-27 15:29:53,068 | START cnn_adamax_lr0.002_s2026 opt=adamax lr=0.002 seed=2026 device=cuda epochs=150
2026-08-27 15:30:01,449 | EPOCH 1 train_loss=0.569842
2026-08-27 15:30:09,864 | EPOCH 2 train_loss=0.367931
2026-08-27 15:30:18,196 | EPOCH 3 train_loss=0.322407
2026-08-27 15:30:26,927 | EPOCH 4 train_loss=0.291827
2026-08-27 15:30:35,847 | EPOCH 5 train_loss=0.269383
2026-08-27 15:30:36,570 | EPOCH 5 VAL loss=0.269481 acc=0.9027 pre=0.9029 rec=0.9035 f1=0.9017 BEST
2026-08-27 15:30:45,479 | EPOCH 6 train_loss=0.250607
2026-08-27 15:30:54,197 | EPOCH 7 train_loss=0.236068
2026-08-27 15:31:02,812 | EPOCH 8 train_loss=0.220401
2026-08-27 15:31:11,356 | EPOCH 9 train_loss=0.209572
2026-08-27 15:31:19,862 | EPOCH 10 train_loss=0.200826
2026-08-27 15:31:20,576 | EPOCH 10 VAL loss=0.239919 acc=0.9132 pre=0.9144 rec=0.9138 f1=0.9122 BEST
2026-08-27 15:31:29,303 | EPOCH 11 train_loss=0.188565
2026-08-27 15:31:37,361 | EPOCH 12 train_loss=0.181534
2026-08-27 15:31:45,487 | EPOCH 13 train_loss=0.169568
2026-08-27 15:31:53,550 | EPOCH 14 train_loss=0.163436
2026-08-27 15:32:02,080 | EPOCH 15 train_loss=0.155703
2026-08-27 15:32:02,770 | EPOCH 15 VAL loss=0.224382 acc=0.9182 pre=0.9197 rec=0.9190 f1=0.9189 BEST
2026-08-27 15:32:11,371 | EPOCH 16 train_loss=0.148667
2026-08-27 15:32:19,528 | EPOCH 17 train_loss=0.141797
2026-08-27 15:32:27,878 | EPOCH 18 train_loss=0.134908
2026-08-27 15:32:36,260 | EPOCH 19 train_loss=0.126847
2026-08-27 15:32:44,588 | EPOCH 20 train_loss=0.121794
2026-08-27 15:32:45,269 | EPOCH 20 VAL loss=0.237413 acc=0.9183 pre=0.9202 rec=0.9182 f1=0.9184
2026-08-27 15:32:53,802 | EPOCH 21 train_loss=0.114816
2026-08-27 15:33:02,139 | EPOCH 22 train_loss=0.108236
2026-08-27 15:33:10,203 | EPOCH 23 train_loss=0.103552
2026-08-27 15:33:18,579 | EPOCH 24 train_loss=0.096785
2026-08-27 15:33:26,990 | EPOCH 25 train_loss=0.089729
2026-08-27 15:33:27,730 | EPOCH 25 VAL loss=0.261004 acc=0.9190 pre=0.9218 rec=0.9198 f1=0.9201
2026-08-27 15:33:35,991 | EPOCH 26 train_loss=0.084990
2026-08-27 15:33:44,373 | EPOCH 27 train_loss=0.079697
2026-08-27 15:33:52,337 | EPOCH 28 train_loss=0.075658
2026-08-27 15:34:00,626 | EPOCH 29 train_loss=0.070680
2026-08-27 15:34:08,877 | EPOCH 30 train_loss=0.065205
2026-08-27 15:34:09,928 | EPOCH 30 VAL loss=0.280032 acc=0.9200 pre=0.9218 rec=0.9203 f1=0.9208
2026-08-27 15:34:18,153 | EPOCH 31 train_loss=0.060969
2026-08-27 15:34:26,240 | EPOCH 32 train_loss=0.058354
2026-08-27 15:34:34,419 | EPOCH 33 train_loss=0.053486
2026-08-27 15:34:42,737 | EPOCH 34 train_loss=0.050564
2026-08-27 15:34:50,881 | EPOCH 35 train_loss=0.044665
2026-08-27 15:34:51,596 | EPOCH 35 VAL loss=0.321970 acc=0.9185 pre=0.9196 rec=0.9188 f1=0.9191
2026-08-27 15:35:00,125 | EPOCH 36 train_loss=0.042937
2026-08-27 15:35:08,654 | EPOCH 37 train_loss=0.039207
2026-08-27 15:35:16,665 | EPOCH 38 train_loss=0.037593
2026-08-27 15:35:24,812 | EPOCH 39 train_loss=0.034634
2026-08-27 15:35:33,105 | EPOCH 40 train_loss=0.030414
2026-08-27 15:35:33,771 | EPOCH 40 VAL loss=0.364709 acc=0.9167 pre=0.9172 rec=0.9174 f1=0.9171
2026-08-27 15:35:41,855 | EPOCH 41 train_loss=0.028773
2026-08-27 15:35:50,005 | EPOCH 42 train_loss=0.025878
2026-08-27 15:35:58,255 | EPOCH 43 train_loss=0.023548
2026-08-27 15:36:06,458 | EPOCH 44 train_loss=0.022130
2026-08-27 15:36:14,998 | EPOCH 45 train_loss=0.019761
2026-08-27 15:36:15,664 | EPOCH 45 VAL loss=0.392582 acc=0.9212 pre=0.9212 rec=0.9220 f1=0.9215
2026-08-27 15:36:15,673 | DONE best_epoch=15 best_val_loss=0.224382 early_stop=True time=381.84s
