2026-08-27 16:03:22,396 | START cnn_adamax_lr0.0005_s42 opt=adamax lr=0.0005 seed=42 device=cuda epochs=150
2026-08-27 16:03:30,844 | EPOCH 1 train_loss=0.756555
2026-08-27 16:03:39,279 | EPOCH 2 train_loss=0.488781
2026-08-27 16:03:47,799 | EPOCH 3 train_loss=0.431539
2026-08-27 16:03:56,227 | EPOCH 4 train_loss=0.396068
2026-08-27 16:04:04,915 | EPOCH 5 train_loss=0.370413
2026-08-27 16:04:05,627 | EPOCH 5 VAL loss=0.369515 acc=0.8717 pre=0.8719 rec=0.8727 f1=0.8706 BEST
2026-08-27 16:04:14,852 | EPOCH 6 train_loss=0.354022
2026-08-27 16:04:23,673 | EPOCH 7 train_loss=0.338741
2026-08-27 16:04:32,628 | EPOCH 8 train_loss=0.324619
2026-08-27 16:04:41,409 | EPOCH 9 train_loss=0.313999
2026-08-27 16:04:50,020 | EPOCH 10 train_loss=0.304224
2026-08-27 16:04:50,728 | EPOCH 10 VAL loss=0.325400 acc=0.8848 pre=0.8851 rec=0.8861 f1=0.8841 BEST
2026-08-27 16:04:59,910 | EPOCH 11 train_loss=0.294844
2026-08-27 16:05:08,511 | EPOCH 12 train_loss=0.285407
2026-08-27 16:05:17,410 | EPOCH 13 train_loss=0.278854
2026-08-27 16:05:26,199 | EPOCH 14 train_loss=0.273036
2026-08-27 16:05:34,942 | EPOCH 15 train_loss=0.265334
2026-08-27 16:05:35,752 | EPOCH 15 VAL loss=0.288169 acc=0.8958 pre=0.8962 rec=0.8971 f1=0.8960 BEST
2026-08-27 16:05:45,039 | EPOCH 16 train_loss=0.260567
2026-08-27 16:05:53,896 | EPOCH 17 train_loss=0.253964
2026-08-27 16:06:02,884 | EPOCH 18 train_loss=0.249857
2026-08-27 16:06:11,691 | EPOCH 19 train_loss=0.244506
2026-08-27 16:06:20,646 | EPOCH 20 train_loss=0.239157
2026-08-27 16:06:21,368 | EPOCH 20 VAL loss=0.270663 acc=0.9022 pre=0.9055 rec=0.9040 f1=0.9039 BEST
2026-08-27 16:06:30,662 | EPOCH 21 train_loss=0.234816
2026-08-27 16:06:39,271 | EPOCH 22 train_loss=0.231483
2026-08-27 16:06:47,949 | EPOCH 23 train_loss=0.227568
2026-08-27 16:06:56,836 | EPOCH 24 train_loss=0.224152
2026-08-27 16:07:05,495 | EPOCH 25 train_loss=0.220665
2026-08-27 16:07:06,191 | EPOCH 25 VAL loss=0.263993 acc=0.9053 pre=0.9085 rec=0.9063 f1=0.9063 BEST
2026-08-27 16:07:15,021 | EPOCH 26 train_loss=0.216617
2026-08-27 16:07:23,723 | EPOCH 27 train_loss=0.212356
2026-08-27 16:07:32,344 | EPOCH 28 train_loss=0.210230
2026-08-27 16:07:40,880 | EPOCH 29 train_loss=0.204586
2026-08-27 16:07:49,363 | EPOCH 30 train_loss=0.200694
2026-08-27 16:07:50,045 | EPOCH 30 VAL loss=0.240984 acc=0.9117 pre=0.9116 rec=0.9127 f1=0.9116 BEST
2026-08-27 16:07:59,480 | EPOCH 31 train_loss=0.199322
2026-08-27 16:08:07,949 | EPOCH 32 train_loss=0.194976
2026-08-27 16:08:16,216 | EPOCH 33 train_loss=0.190680
2026-08-27 16:08:24,669 | EPOCH 34 train_loss=0.189485
2026-08-27 16:08:33,053 | EPOCH 35 train_loss=0.185735
2026-08-27 16:08:33,774 | EPOCH 35 VAL loss=0.237913 acc=0.9128 pre=0.9144 rec=0.9131 f1=0.9131 BEST
2026-08-27 16:08:42,530 | EPOCH 36 train_loss=0.181469
2026-08-27 16:08:51,097 | EPOCH 37 train_loss=0.179740
2026-08-27 16:08:59,782 | EPOCH 38 train_loss=0.176759
2026-08-27 16:09:08,274 | EPOCH 39 train_loss=0.173570
2026-08-27 16:09:16,890 | EPOCH 40 train_loss=0.170891
2026-08-27 16:09:17,617 | EPOCH 40 VAL loss=0.235327 acc=0.9123 pre=0.9128 rec=0.9134 f1=0.9124 BEST
2026-08-27 16:09:26,893 | EPOCH 41 train_loss=0.168060
2026-08-27 16:09:35,614 | EPOCH 42 train_loss=0.165903
2026-08-27 16:09:44,384 | EPOCH 43 train_loss=0.163075
2026-08-27 16:09:53,304 | EPOCH 44 train_loss=0.160558
2026-08-27 16:10:02,165 | EPOCH 45 train_loss=0.157164
2026-08-27 16:10:02,901 | EPOCH 45 VAL loss=0.231661 acc=0.9160 pre=0.9160 rec=0.9173 f1=0.9163 BEST
2026-08-27 16:10:12,004 | EPOCH 46 train_loss=0.156255
2026-08-27 16:10:20,802 | EPOCH 47 train_loss=0.153224
2026-08-27 16:10:29,629 | EPOCH 48 train_loss=0.151195
2026-08-27 16:10:38,298 | EPOCH 49 train_loss=0.149624
2026-08-27 16:10:46,982 | EPOCH 50 train_loss=0.146820
2026-08-27 16:10:47,724 | EPOCH 50 VAL loss=0.221979 acc=0.9203 pre=0.9212 rec=0.9213 f1=0.9211 BEST
2026-08-27 16:10:56,823 | EPOCH 51 train_loss=0.145257
2026-08-27 16:11:05,582 | EPOCH 52 train_loss=0.142543
2026-08-27 16:11:14,223 | EPOCH 53 train_loss=0.139646
2026-08-27 16:11:23,016 | EPOCH 54 train_loss=0.137038
2026-08-27 16:11:31,872 | EPOCH 55 train_loss=0.136353
2026-08-27 16:11:32,575 | EPOCH 55 VAL loss=0.235511 acc=0.9148 pre=0.9165 rec=0.9154 f1=0.9146
2026-08-27 16:11:41,235 | EPOCH 56 train_loss=0.134830
2026-08-27 16:11:49,971 | EPOCH 57 train_loss=0.131817
2026-08-27 16:11:58,710 | EPOCH 58 train_loss=0.128733
2026-08-27 16:12:07,380 | EPOCH 59 train_loss=0.126821
2026-08-27 16:12:16,033 | EPOCH 60 train_loss=0.126222
2026-08-27 16:12:16,739 | EPOCH 60 VAL loss=0.222147 acc=0.9182 pre=0.9189 rec=0.9190 f1=0.9184
2026-08-27 16:12:25,371 | EPOCH 61 train_loss=0.122286
2026-08-27 16:12:34,034 | EPOCH 62 train_loss=0.122572
2026-08-27 16:12:42,710 | EPOCH 63 train_loss=0.119552
2026-08-27 16:12:51,447 | EPOCH 64 train_loss=0.116418
2026-08-27 16:12:59,941 | EPOCH 65 train_loss=0.114963
2026-08-27 16:13:00,646 | EPOCH 65 VAL loss=0.224128 acc=0.9200 pre=0.9205 rec=0.9207 f1=0.9202
2026-08-27 16:13:09,092 | EPOCH 66 train_loss=0.114411
2026-08-27 16:13:17,710 | EPOCH 67 train_loss=0.110501
2026-08-27 16:13:26,143 | EPOCH 68 train_loss=0.109249
2026-08-27 16:13:34,466 | EPOCH 69 train_loss=0.107716
2026-08-27 16:13:42,937 | EPOCH 70 train_loss=0.106997
2026-08-27 16:13:43,622 | EPOCH 70 VAL loss=0.232734 acc=0.9173 pre=0.9195 rec=0.9183 f1=0.9186
2026-08-27 16:13:52,104 | EPOCH 71 train_loss=0.105267
2026-08-27 16:14:00,361 | EPOCH 72 train_loss=0.101425
2026-08-27 16:14:08,790 | EPOCH 73 train_loss=0.100868
2026-08-27 16:14:17,292 | EPOCH 74 train_loss=0.098686
2026-08-27 16:14:25,648 | EPOCH 75 train_loss=0.096312
2026-08-27 16:14:26,345 | EPOCH 75 VAL loss=0.230316 acc=0.9202 pre=0.9217 rec=0.9212 f1=0.9212
2026-08-27 16:14:34,864 | EPOCH 76 train_loss=0.095063
2026-08-27 16:14:43,524 | EPOCH 77 train_loss=0.094717
2026-08-27 16:14:51,970 | EPOCH 78 train_loss=0.092564
2026-08-27 16:15:00,578 | EPOCH 79 train_loss=0.090214
2026-08-27 16:15:09,236 | EPOCH 80 train_loss=0.089021
2026-08-27 16:15:09,940 | EPOCH 80 VAL loss=0.243354 acc=0.9205 pre=0.9223 rec=0.9212 f1=0.9214
2026-08-27 16:15:09,950 | DONE best_epoch=50 best_val_loss=0.221979 early_stop=True time=706.75s
