2026-08-27 15:09:36,854 | START mlp_nadam_lr0.002_s42 opt=nadam lr=0.002 seed=42 device=cuda epochs=150
2026-08-27 15:09:45,702 | EPOCH 1 train_loss=0.503419
2026-08-27 15:09:54,258 | EPOCH 2 train_loss=0.357762
2026-08-27 15:10:03,839 | EPOCH 3 train_loss=0.318753
2026-08-27 15:10:13,292 | EPOCH 4 train_loss=0.297634
2026-08-27 15:10:22,572 | EPOCH 5 train_loss=0.279322
2026-08-27 15:10:23,248 | EPOCH 5 VAL loss=0.320866 acc=0.8818 pre=0.8844 rec=0.8829 f1=0.8818 BEST
2026-08-27 15:10:33,326 | EPOCH 6 train_loss=0.263828
2026-08-27 15:10:42,471 | EPOCH 7 train_loss=0.251054
2026-08-27 15:10:50,775 | EPOCH 8 train_loss=0.239405
2026-08-27 15:11:00,893 | EPOCH 9 train_loss=0.232643
2026-08-27 15:11:09,761 | EPOCH 10 train_loss=0.223294
2026-08-27 15:11:10,456 | EPOCH 10 VAL loss=0.341443 acc=0.8815 pre=0.8828 rec=0.8830 f1=0.8810
2026-08-27 15:11:19,171 | EPOCH 11 train_loss=0.214995
2026-08-27 15:11:28,046 | EPOCH 12 train_loss=0.208470
2026-08-27 15:11:37,171 | EPOCH 13 train_loss=0.201572
2026-08-27 15:11:46,046 | EPOCH 14 train_loss=0.195364
2026-08-27 15:11:55,351 | EPOCH 15 train_loss=0.188064
2026-08-27 15:11:56,052 | EPOCH 15 VAL loss=0.343963 acc=0.8900 pre=0.8920 rec=0.8910 f1=0.8887
2026-08-27 15:12:05,481 | EPOCH 16 train_loss=0.182749
2026-08-27 15:12:14,978 | EPOCH 17 train_loss=0.180240
2026-08-27 15:12:23,510 | EPOCH 18 train_loss=0.174362
2026-08-27 15:12:33,392 | EPOCH 19 train_loss=0.170131
2026-08-27 15:12:42,631 | EPOCH 20 train_loss=0.166049
2026-08-27 15:12:43,331 | EPOCH 20 VAL loss=0.374739 acc=0.8945 pre=0.8947 rec=0.8951 f1=0.8945
2026-08-27 15:12:51,584 | EPOCH 21 train_loss=0.162991
2026-08-27 15:13:00,163 | EPOCH 22 train_loss=0.156299
2026-08-27 15:13:09,124 | EPOCH 23 train_loss=0.152612
2026-08-27 15:13:17,473 | EPOCH 24 train_loss=0.150686
2026-08-27 15:13:26,330 | EPOCH 25 train_loss=0.150468
2026-08-27 15:13:27,114 | EPOCH 25 VAL loss=0.390725 acc=0.8905 pre=0.8909 rec=0.8909 f1=0.8906
2026-08-27 15:13:36,907 | EPOCH 26 train_loss=0.142687
2026-08-27 15:13:45,109 | EPOCH 27 train_loss=0.141106
2026-08-27 15:13:54,432 | EPOCH 28 train_loss=0.134016
2026-08-27 15:14:04,093 | EPOCH 29 train_loss=0.134919
2026-08-27 15:14:12,265 | EPOCH 30 train_loss=0.132206
2026-08-27 15:14:13,086 | EPOCH 30 VAL loss=0.449478 acc=0.8910 pre=0.8919 rec=0.8918 f1=0.8907
2026-08-27 15:14:21,687 | EPOCH 31 train_loss=0.134536
2026-08-27 15:14:31,733 | EPOCH 32 train_loss=0.131148
2026-08-27 15:14:39,822 | EPOCH 33 train_loss=0.121608
2026-08-27 15:14:48,326 | EPOCH 34 train_loss=0.121834
2026-08-27 15:14:57,199 | EPOCH 35 train_loss=0.121041
2026-08-27 15:14:58,067 | EPOCH 35 VAL loss=0.497974 acc=0.8882 pre=0.8892 rec=0.8888 f1=0.8887
2026-08-27 15:14:58,077 | DONE best_epoch=5 best_val_loss=0.320866 early_stop=True time=320.24s
