2026-08-27 16:26:24,264 | START cnn_adamax_lr0.0005_s2026 opt=adamax lr=0.0005 seed=2026 device=cuda epochs=150
2026-08-27 16:26:33,253 | EPOCH 1 train_loss=0.789886
2026-08-27 16:26:42,105 | EPOCH 2 train_loss=0.499466
2026-08-27 16:26:51,138 | EPOCH 3 train_loss=0.437684
2026-08-27 16:27:00,150 | EPOCH 4 train_loss=0.399933
2026-08-27 16:27:09,005 | EPOCH 5 train_loss=0.375831
2026-08-27 16:27:09,758 | EPOCH 5 VAL loss=0.383134 acc=0.8633 pre=0.8635 rec=0.8639 f1=0.8583 BEST
2026-08-27 16:27:19,174 | EPOCH 6 train_loss=0.358124
2026-08-27 16:27:28,156 | EPOCH 7 train_loss=0.342360
2026-08-27 16:27:37,136 | EPOCH 8 train_loss=0.327254
2026-08-27 16:27:46,114 | EPOCH 9 train_loss=0.317564
2026-08-27 16:27:55,228 | EPOCH 10 train_loss=0.309316
2026-08-27 16:27:55,954 | EPOCH 10 VAL loss=0.327029 acc=0.8847 pre=0.8849 rec=0.8858 f1=0.8829 BEST
2026-08-27 16:28:05,440 | EPOCH 11 train_loss=0.299188
2026-08-27 16:28:14,653 | EPOCH 12 train_loss=0.291768
2026-08-27 16:28:23,574 | EPOCH 13 train_loss=0.281728
2026-08-27 16:28:32,558 | EPOCH 14 train_loss=0.274297
2026-08-27 16:28:41,529 | EPOCH 15 train_loss=0.268415
2026-08-27 16:28:42,244 | EPOCH 15 VAL loss=0.292848 acc=0.8927 pre=0.8940 rec=0.8934 f1=0.8921 BEST
2026-08-27 16:28:51,590 | EPOCH 16 train_loss=0.262291
2026-08-27 16:29:00,451 | EPOCH 17 train_loss=0.256779
2026-08-27 16:29:09,382 | EPOCH 18 train_loss=0.251703
2026-08-27 16:29:18,250 | EPOCH 19 train_loss=0.246379
2026-08-27 16:29:27,038 | EPOCH 20 train_loss=0.240277
2026-08-27 16:29:27,756 | EPOCH 20 VAL loss=0.262713 acc=0.9038 pre=0.9053 rec=0.9043 f1=0.9045 BEST
2026-08-27 16:29:36,776 | EPOCH 21 train_loss=0.235709
2026-08-27 16:29:45,630 | EPOCH 22 train_loss=0.230914
2026-08-27 16:29:54,242 | EPOCH 23 train_loss=0.226229
2026-08-27 16:30:03,136 | EPOCH 24 train_loss=0.222915
2026-08-27 16:30:11,983 | EPOCH 25 train_loss=0.216096
2026-08-27 16:30:12,689 | EPOCH 25 VAL loss=0.257136 acc=0.9077 pre=0.9114 rec=0.9083 f1=0.9086 BEST
2026-08-27 16:30:21,798 | EPOCH 26 train_loss=0.212765
2026-08-27 16:30:30,529 | EPOCH 27 train_loss=0.210665
2026-08-27 16:30:39,144 | EPOCH 28 train_loss=0.206043
2026-08-27 16:30:48,116 | EPOCH 29 train_loss=0.204234
2026-08-27 16:30:56,861 | EPOCH 30 train_loss=0.199556
2026-08-27 16:30:57,597 | EPOCH 30 VAL loss=0.234610 acc=0.9135 pre=0.9142 rec=0.9142 f1=0.9141 BEST
2026-08-27 16:31:06,848 | EPOCH 31 train_loss=0.195537
2026-08-27 16:31:15,584 | EPOCH 32 train_loss=0.194274
2026-08-27 16:31:24,131 | EPOCH 33 train_loss=0.190201
2026-08-27 16:31:33,087 | EPOCH 34 train_loss=0.186155
2026-08-27 16:31:41,955 | EPOCH 35 train_loss=0.183289
2026-08-27 16:31:42,667 | EPOCH 35 VAL loss=0.233139 acc=0.9147 pre=0.9156 rec=0.9156 f1=0.9151 BEST
2026-08-27 16:31:51,914 | EPOCH 36 train_loss=0.182359
2026-08-27 16:32:00,525 | EPOCH 37 train_loss=0.177891
2026-08-27 16:32:09,131 | EPOCH 38 train_loss=0.175089
2026-08-27 16:32:17,962 | EPOCH 39 train_loss=0.172325
2026-08-27 16:32:26,516 | EPOCH 40 train_loss=0.168579
2026-08-27 16:32:27,374 | EPOCH 40 VAL loss=0.232407 acc=0.9147 pre=0.9164 rec=0.9163 f1=0.9158 BEST
2026-08-27 16:32:36,446 | EPOCH 41 train_loss=0.165878
2026-08-27 16:32:45,429 | EPOCH 42 train_loss=0.163365
2026-08-27 16:32:54,183 | EPOCH 43 train_loss=0.161083
2026-08-27 16:33:03,072 | EPOCH 44 train_loss=0.158246
2026-08-27 16:33:12,173 | EPOCH 45 train_loss=0.156293
2026-08-27 16:33:12,885 | EPOCH 45 VAL loss=0.233316 acc=0.9133 pre=0.9131 rec=0.9147 f1=0.9131
2026-08-27 16:33:21,631 | EPOCH 46 train_loss=0.154284
2026-08-27 16:33:30,468 | EPOCH 47 train_loss=0.151232
2026-08-27 16:33:39,412 | EPOCH 48 train_loss=0.148291
2026-08-27 16:33:48,422 | EPOCH 49 train_loss=0.146273
2026-08-27 16:33:57,158 | EPOCH 50 train_loss=0.143080
2026-08-27 16:33:57,868 | EPOCH 50 VAL loss=0.227334 acc=0.9140 pre=0.9170 rec=0.9150 f1=0.9153 BEST
2026-08-27 16:34:07,320 | EPOCH 51 train_loss=0.141290
2026-08-27 16:34:16,178 | EPOCH 52 train_loss=0.139051
2026-08-27 16:34:25,128 | EPOCH 53 train_loss=0.137541
2026-08-27 16:34:33,973 | EPOCH 54 train_loss=0.133704
2026-08-27 16:34:42,787 | EPOCH 55 train_loss=0.133235
2026-08-27 16:34:43,490 | EPOCH 55 VAL loss=0.229320 acc=0.9160 pre=0.9190 rec=0.9170 f1=0.9175
2026-08-27 16:34:52,355 | EPOCH 56 train_loss=0.130659
2026-08-27 16:35:01,051 | EPOCH 57 train_loss=0.128199
2026-08-27 16:35:09,937 | EPOCH 58 train_loss=0.125889
2026-08-27 16:35:18,837 | EPOCH 59 train_loss=0.123281
2026-08-27 16:35:27,571 | EPOCH 60 train_loss=0.121911
2026-08-27 16:35:28,326 | EPOCH 60 VAL loss=0.230580 acc=0.9207 pre=0.9213 rec=0.9218 f1=0.9213
2026-08-27 16:35:37,227 | EPOCH 61 train_loss=0.120404
2026-08-27 16:35:45,950 | EPOCH 62 train_loss=0.118096
2026-08-27 16:35:54,644 | EPOCH 63 train_loss=0.114899
2026-08-27 16:36:03,344 | EPOCH 64 train_loss=0.113933
2026-08-27 16:36:12,115 | EPOCH 65 train_loss=0.111602
2026-08-27 16:36:12,813 | EPOCH 65 VAL loss=0.238996 acc=0.9172 pre=0.9190 rec=0.9179 f1=0.9169
2026-08-27 16:36:21,574 | EPOCH 66 train_loss=0.109969
2026-08-27 16:36:30,169 | EPOCH 67 train_loss=0.108887
2026-08-27 16:36:38,913 | EPOCH 68 train_loss=0.105983
2026-08-27 16:36:47,492 | EPOCH 69 train_loss=0.103700
2026-08-27 16:36:55,890 | EPOCH 70 train_loss=0.102004
2026-08-27 16:36:56,605 | EPOCH 70 VAL loss=0.247199 acc=0.9183 pre=0.9199 rec=0.9200 f1=0.9192
2026-08-27 16:37:05,172 | EPOCH 71 train_loss=0.100570
2026-08-27 16:37:13,676 | EPOCH 72 train_loss=0.098074
2026-08-27 16:37:22,153 | EPOCH 73 train_loss=0.097092
2026-08-27 16:37:30,894 | EPOCH 74 train_loss=0.096184
2026-08-27 16:37:39,643 | EPOCH 75 train_loss=0.094146
2026-08-27 16:37:40,344 | EPOCH 75 VAL loss=0.238619 acc=0.9192 pre=0.9207 rec=0.9209 f1=0.9201
2026-08-27 16:37:49,056 | EPOCH 76 train_loss=0.090529
2026-08-27 16:37:57,675 | EPOCH 77 train_loss=0.091357
2026-08-27 16:38:06,359 | EPOCH 78 train_loss=0.086898
2026-08-27 16:38:15,137 | EPOCH 79 train_loss=0.085069
2026-08-27 16:38:23,759 | EPOCH 80 train_loss=0.084985
2026-08-27 16:38:24,454 | EPOCH 80 VAL loss=0.247079 acc=0.9180 pre=0.9193 rec=0.9187 f1=0.9188
2026-08-27 16:38:24,464 | DONE best_epoch=50 best_val_loss=0.227334 early_stop=True time=719.41s
