2026-08-27 13:24:20,903 | START mlp_adamw_lr0.001_s42 opt=adamw lr=0.001 seed=42 device=cuda epochs=150
2026-08-27 13:24:30,213 | EPOCH 1 train_loss=0.538383
2026-08-27 13:24:37,829 | EPOCH 2 train_loss=0.375812
2026-08-27 13:24:45,725 | EPOCH 3 train_loss=0.338949
2026-08-27 13:24:54,078 | EPOCH 4 train_loss=0.312391
2026-08-27 13:25:01,799 | EPOCH 5 train_loss=0.294832
2026-08-27 13:25:02,453 | EPOCH 5 VAL loss=0.325894 acc=0.8810 pre=0.8821 rec=0.8822 f1=0.8799 BEST
2026-08-27 13:25:11,345 | EPOCH 6 train_loss=0.278664
2026-08-27 13:25:19,697 | EPOCH 7 train_loss=0.267440
2026-08-27 13:25:27,381 | EPOCH 8 train_loss=0.253577
2026-08-27 13:25:35,996 | EPOCH 9 train_loss=0.243218
2026-08-27 13:25:45,001 | EPOCH 10 train_loss=0.236409
2026-08-27 13:25:46,058 | EPOCH 10 VAL loss=0.316806 acc=0.8875 pre=0.8882 rec=0.8879 f1=0.8871 BEST
2026-08-27 13:25:54,272 | EPOCH 11 train_loss=0.226049
2026-08-27 13:26:02,563 | EPOCH 12 train_loss=0.219294
2026-08-27 13:26:11,336 | EPOCH 13 train_loss=0.208590
2026-08-27 13:26:19,325 | EPOCH 14 train_loss=0.201885
2026-08-27 13:26:27,795 | EPOCH 15 train_loss=0.195471
2026-08-27 13:26:28,449 | EPOCH 15 VAL loss=0.321386 acc=0.8872 pre=0.8889 rec=0.8885 f1=0.8866
2026-08-27 13:26:37,052 | EPOCH 16 train_loss=0.190327
2026-08-27 13:26:45,043 | EPOCH 17 train_loss=0.183088
2026-08-27 13:26:53,240 | EPOCH 18 train_loss=0.175938
2026-08-27 13:27:01,633 | EPOCH 19 train_loss=0.172295
2026-08-27 13:27:09,921 | EPOCH 20 train_loss=0.167381
2026-08-27 13:27:11,281 | EPOCH 20 VAL loss=0.347640 acc=0.8948 pre=0.8976 rec=0.8950 f1=0.8942
2026-08-27 13:27:19,495 | EPOCH 21 train_loss=0.161800
2026-08-27 13:27:28,565 | EPOCH 22 train_loss=0.155981
2026-08-27 13:27:36,831 | EPOCH 23 train_loss=0.154865
2026-08-27 13:27:44,644 | EPOCH 24 train_loss=0.145997
2026-08-27 13:27:53,492 | EPOCH 25 train_loss=0.144755
2026-08-27 13:27:54,201 | EPOCH 25 VAL loss=0.343394 acc=0.8958 pre=0.8961 rec=0.8964 f1=0.8950
2026-08-27 13:28:03,025 | EPOCH 26 train_loss=0.141454
2026-08-27 13:28:11,041 | EPOCH 27 train_loss=0.138457
2026-08-27 13:28:20,465 | EPOCH 28 train_loss=0.127579
2026-08-27 13:28:29,398 | EPOCH 29 train_loss=0.130148
2026-08-27 13:28:37,559 | EPOCH 30 train_loss=0.123910
2026-08-27 13:28:38,329 | EPOCH 30 VAL loss=0.377148 acc=0.8950 pre=0.8952 rec=0.8966 f1=0.8956
2026-08-27 13:28:46,816 | EPOCH 31 train_loss=0.125922
2026-08-27 13:28:55,247 | EPOCH 32 train_loss=0.116694
2026-08-27 13:29:03,315 | EPOCH 33 train_loss=0.119703
2026-08-27 13:29:12,614 | EPOCH 34 train_loss=0.112859
2026-08-27 13:29:21,661 | EPOCH 35 train_loss=0.110307
2026-08-27 13:29:22,370 | EPOCH 35 VAL loss=0.427853 acc=0.8923 pre=0.8938 rec=0.8929 f1=0.8931
2026-08-27 13:29:31,751 | EPOCH 36 train_loss=0.107881
2026-08-27 13:29:39,545 | EPOCH 37 train_loss=0.106582
2026-08-27 13:29:48,951 | EPOCH 38 train_loss=0.099933
2026-08-27 13:29:57,785 | EPOCH 39 train_loss=0.102719
2026-08-27 13:30:05,996 | EPOCH 40 train_loss=0.095242
2026-08-27 13:30:07,160 | EPOCH 40 VAL loss=0.469426 acc=0.8902 pre=0.8902 rec=0.8909 f1=0.8894
2026-08-27 13:30:07,170 | DONE best_epoch=10 best_val_loss=0.316806 early_stop=True time=345.01s
