2026-08-27 04:27:28,915 | START mlp_sgd_lr0.05_s42 opt=sgd lr=0.05 seed=42 device=cuda epochs=150
2026-08-27 04:28:01,540 | EPOCH 1 train_loss=0.833051
2026-08-27 04:28:08,022 | EPOCH 2 train_loss=0.497684
2026-08-27 04:28:14,477 | EPOCH 3 train_loss=0.435234
2026-08-27 04:28:20,882 | EPOCH 4 train_loss=0.400333
2026-08-27 04:28:27,466 | EPOCH 5 train_loss=0.375175
2026-08-27 04:28:28,176 | EPOCH 5 VAL loss=0.389754 acc=0.8558 pre=0.8609 rec=0.8555 f1=0.8550 BEST
2026-08-27 04:28:35,532 | EPOCH 6 train_loss=0.357435
2026-08-27 04:28:41,976 | EPOCH 7 train_loss=0.340777
2026-08-27 04:28:48,593 | EPOCH 8 train_loss=0.328118
2026-08-27 04:28:55,072 | EPOCH 9 train_loss=0.315861
2026-08-27 04:29:01,449 | EPOCH 10 train_loss=0.305831
2026-08-27 04:29:02,067 | EPOCH 10 VAL loss=0.380320 acc=0.8577 pre=0.8666 rec=0.8594 f1=0.8588 BEST
2026-08-27 04:29:09,051 | EPOCH 11 train_loss=0.296444
2026-08-27 04:29:15,580 | EPOCH 12 train_loss=0.287888
2026-08-27 04:29:21,978 | EPOCH 13 train_loss=0.279542
2026-08-27 04:29:28,511 | EPOCH 14 train_loss=0.273304
2026-08-27 04:29:35,006 | EPOCH 15 train_loss=0.266018
2026-08-27 04:29:35,615 | EPOCH 15 VAL loss=0.370417 acc=0.8643 pre=0.8707 rec=0.8666 f1=0.8614 BEST
2026-08-27 04:29:42,860 | EPOCH 16 train_loss=0.259764
2026-08-27 04:29:49,476 | EPOCH 17 train_loss=0.253466
2026-08-27 04:29:55,850 | EPOCH 18 train_loss=0.246151
2026-08-27 04:30:02,312 | EPOCH 19 train_loss=0.241823
2026-08-27 04:30:08,864 | EPOCH 20 train_loss=0.235447
2026-08-27 04:30:09,424 | EPOCH 20 VAL loss=0.332752 acc=0.8840 pre=0.8855 rec=0.8853 f1=0.8823 BEST
2026-08-27 04:30:16,094 | EPOCH 21 train_loss=0.230809
2026-08-27 04:30:22,635 | EPOCH 22 train_loss=0.225258
2026-08-27 04:30:28,967 | EPOCH 23 train_loss=0.220962
2026-08-27 04:30:35,508 | EPOCH 24 train_loss=0.215312
2026-08-27 04:30:41,946 | EPOCH 25 train_loss=0.211821
2026-08-27 04:30:42,516 | EPOCH 25 VAL loss=0.340959 acc=0.8788 pre=0.8838 rec=0.8774 f1=0.8766
2026-08-27 04:30:48,843 | EPOCH 26 train_loss=0.206968
2026-08-27 04:30:55,431 | EPOCH 27 train_loss=0.204272
2026-08-27 04:31:01,979 | EPOCH 28 train_loss=0.199018
2026-08-27 04:31:08,444 | EPOCH 29 train_loss=0.194645
2026-08-27 04:31:14,978 | EPOCH 30 train_loss=0.191983
2026-08-27 04:31:15,548 | EPOCH 30 VAL loss=0.297829 acc=0.8917 pre=0.8952 rec=0.8931 f1=0.8932 BEST
2026-08-27 04:31:22,636 | EPOCH 31 train_loss=0.186265
2026-08-27 04:31:29,080 | EPOCH 32 train_loss=0.183207
2026-08-27 04:31:35,713 | EPOCH 33 train_loss=0.180258
2026-08-27 04:31:42,305 | EPOCH 34 train_loss=0.175484
2026-08-27 04:31:48,659 | EPOCH 35 train_loss=0.172818
2026-08-27 04:31:49,262 | EPOCH 35 VAL loss=0.312837 acc=0.8873 pre=0.8928 rec=0.8883 f1=0.8889
2026-08-27 04:31:55,626 | EPOCH 36 train_loss=0.168863
2026-08-27 04:31:56,867 | INTERRUPTED epoch=36 batch=160
2026-08-27 09:37:38,886 | START mlp_sgd_lr0.05_s42 opt=sgd lr=0.05 seed=42 device=cuda epochs=150
2026-08-27 09:38:13,851 | EPOCH 1 train_loss=0.833051
2026-08-27 09:38:21,009 | EPOCH 2 train_loss=0.497684
2026-08-27 09:38:27,895 | EPOCH 3 train_loss=0.435234
2026-08-27 09:38:34,778 | EPOCH 4 train_loss=0.400333
2026-08-27 09:38:41,831 | EPOCH 5 train_loss=0.375175
2026-08-27 09:38:42,467 | EPOCH 5 VAL loss=0.389754 acc=0.8558 pre=0.8609 rec=0.8555 f1=0.8550 BEST
2026-08-27 09:38:49,974 | EPOCH 6 train_loss=0.357435
2026-08-27 09:38:56,975 | EPOCH 7 train_loss=0.340777
2026-08-27 09:39:03,845 | EPOCH 8 train_loss=0.328118
2026-08-27 09:39:11,009 | EPOCH 9 train_loss=0.315861
2026-08-27 09:39:17,959 | EPOCH 10 train_loss=0.305831
2026-08-27 09:39:18,942 | EPOCH 10 VAL loss=0.380320 acc=0.8577 pre=0.8666 rec=0.8594 f1=0.8588 BEST
2026-08-27 09:39:26,349 | EPOCH 11 train_loss=0.296444
2026-08-27 09:39:33,440 | EPOCH 12 train_loss=0.287888
2026-08-27 09:39:40,618 | EPOCH 13 train_loss=0.279542
2026-08-27 09:39:47,762 | EPOCH 14 train_loss=0.273304
2026-08-27 09:39:55,054 | EPOCH 15 train_loss=0.266018
2026-08-27 09:39:55,733 | EPOCH 15 VAL loss=0.370417 acc=0.8643 pre=0.8707 rec=0.8666 f1=0.8614 BEST
2026-08-27 09:40:01,694 | INTERRUPTED epoch=15 batch=635
2026-08-27 12:25:29,488 | START mlp_sgd_lr0.05_s42 opt=sgd lr=0.05 seed=42 device=cuda epochs=150
2026-08-27 12:26:03,310 | EPOCH 1 train_loss=0.833051
2026-08-27 12:26:10,483 | EPOCH 2 train_loss=0.497684
2026-08-27 12:26:17,351 | EPOCH 3 train_loss=0.435234
2026-08-27 12:26:24,045 | EPOCH 4 train_loss=0.400333
2026-08-27 12:26:31,032 | EPOCH 5 train_loss=0.375175
2026-08-27 12:26:31,657 | EPOCH 5 VAL loss=0.389754 acc=0.8558 pre=0.8609 rec=0.8555 f1=0.8550 BEST
2026-08-27 12:26:38,954 | EPOCH 6 train_loss=0.357435
2026-08-27 12:26:45,433 | EPOCH 7 train_loss=0.340777
2026-08-27 12:26:52,407 | EPOCH 8 train_loss=0.328118
2026-08-27 12:26:59,285 | EPOCH 9 train_loss=0.315861
2026-08-27 12:27:05,869 | EPOCH 10 train_loss=0.305831
2026-08-27 12:27:06,750 | EPOCH 10 VAL loss=0.380320 acc=0.8577 pre=0.8666 rec=0.8594 f1=0.8588 BEST
2026-08-27 12:27:13,651 | EPOCH 11 train_loss=0.296444
2026-08-27 12:27:20,280 | EPOCH 12 train_loss=0.287888
2026-08-27 12:27:27,212 | EPOCH 13 train_loss=0.279542
2026-08-27 12:27:33,719 | EPOCH 14 train_loss=0.273304
2026-08-27 12:27:40,416 | EPOCH 15 train_loss=0.266018
2026-08-27 12:27:41,008 | EPOCH 15 VAL loss=0.370417 acc=0.8643 pre=0.8707 rec=0.8666 f1=0.8614 BEST
2026-08-27 12:27:48,099 | EPOCH 16 train_loss=0.259764
2026-08-27 12:27:54,847 | EPOCH 17 train_loss=0.253466
2026-08-27 12:28:01,514 | EPOCH 18 train_loss=0.246151
2026-08-27 12:28:08,094 | EPOCH 19 train_loss=0.241823
2026-08-27 12:28:14,748 | EPOCH 20 train_loss=0.235447
2026-08-27 12:28:15,350 | EPOCH 20 VAL loss=0.332752 acc=0.8840 pre=0.8855 rec=0.8853 f1=0.8823 BEST
2026-08-27 12:28:22,258 | EPOCH 21 train_loss=0.230809
2026-08-27 12:28:28,760 | EPOCH 22 train_loss=0.225258
2026-08-27 12:28:35,320 | EPOCH 23 train_loss=0.220962
2026-08-27 12:28:41,927 | EPOCH 24 train_loss=0.215312
2026-08-27 12:28:48,579 | EPOCH 25 train_loss=0.211821
2026-08-27 12:28:49,185 | EPOCH 25 VAL loss=0.340959 acc=0.8788 pre=0.8838 rec=0.8774 f1=0.8766
2026-08-27 12:28:56,153 | EPOCH 26 train_loss=0.206968
2026-08-27 12:29:03,136 | EPOCH 27 train_loss=0.204272
2026-08-27 12:29:10,255 | EPOCH 28 train_loss=0.199018
2026-08-27 12:29:17,772 | EPOCH 29 train_loss=0.194645
2026-08-27 12:29:24,535 | EPOCH 30 train_loss=0.191983
2026-08-27 12:29:25,151 | EPOCH 30 VAL loss=0.297829 acc=0.8917 pre=0.8952 rec=0.8931 f1=0.8932 BEST
2026-08-27 12:29:32,413 | EPOCH 31 train_loss=0.186265
2026-08-27 12:29:39,527 | EPOCH 32 train_loss=0.183207
2026-08-27 12:29:46,803 | EPOCH 33 train_loss=0.180258
2026-08-27 12:29:54,263 | EPOCH 34 train_loss=0.175484
2026-08-27 12:30:01,669 | EPOCH 35 train_loss=0.172818
2026-08-27 12:30:02,366 | EPOCH 35 VAL loss=0.312837 acc=0.8873 pre=0.8928 rec=0.8883 f1=0.8889
2026-08-27 12:30:09,363 | EPOCH 36 train_loss=0.168863
2026-08-27 12:30:16,475 | EPOCH 37 train_loss=0.166339
2026-08-27 12:30:23,505 | EPOCH 38 train_loss=0.162716
2026-08-27 12:30:30,544 | EPOCH 39 train_loss=0.159857
2026-08-27 12:30:37,941 | EPOCH 40 train_loss=0.155716
2026-08-27 12:30:38,576 | EPOCH 40 VAL loss=0.320494 acc=0.8862 pre=0.8891 rec=0.8864 f1=0.8858
2026-08-27 12:30:45,610 | EPOCH 41 train_loss=0.152466
2026-08-27 12:30:52,611 | EPOCH 42 train_loss=0.149899
2026-08-27 12:30:59,471 | EPOCH 43 train_loss=0.148147
2026-08-27 12:31:06,577 | EPOCH 44 train_loss=0.146337
2026-08-27 12:31:13,759 | EPOCH 45 train_loss=0.142234
2026-08-27 12:31:14,453 | EPOCH 45 VAL loss=0.343492 acc=0.8877 pre=0.8889 rec=0.8886 f1=0.8843
2026-08-27 12:31:21,483 | EPOCH 46 train_loss=0.138432
2026-08-27 12:31:28,467 | EPOCH 47 train_loss=0.135446
2026-08-27 12:31:35,345 | EPOCH 48 train_loss=0.132611
2026-08-27 12:31:42,044 | EPOCH 49 train_loss=0.130717
2026-08-27 12:31:49,007 | EPOCH 50 train_loss=0.126705
2026-08-27 12:31:49,650 | EPOCH 50 VAL loss=0.364071 acc=0.8835 pre=0.8911 rec=0.8857 f1=0.8865
2026-08-27 12:31:56,786 | EPOCH 51 train_loss=0.127595
2026-08-27 12:32:03,574 | EPOCH 52 train_loss=0.123268
2026-08-27 12:32:10,559 | EPOCH 53 train_loss=0.122882
2026-08-27 12:32:17,306 | EPOCH 54 train_loss=0.118297
2026-08-27 12:32:24,010 | EPOCH 55 train_loss=0.116730
2026-08-27 12:32:24,656 | EPOCH 55 VAL loss=0.348347 acc=0.8883 pre=0.8935 rec=0.8887 f1=0.8898
2026-08-27 12:32:31,820 | EPOCH 56 train_loss=0.113667
2026-08-27 12:32:38,669 | EPOCH 57 train_loss=0.110790
2026-08-27 12:32:45,865 | EPOCH 58 train_loss=0.110392
2026-08-27 12:32:53,225 | EPOCH 59 train_loss=0.107217
2026-08-27 12:33:00,619 | EPOCH 60 train_loss=0.106063
2026-08-27 12:33:01,221 | EPOCH 60 VAL loss=0.348345 acc=0.8940 pre=0.8947 rec=0.8941 f1=0.8935
2026-08-27 12:33:01,225 | DONE best_epoch=30 best_val_loss=0.297829 early_stop=True time=450.62s
