2026-08-27 04:57:19,001 | START mlp_adadelta_lr1.0_s42 opt=adadelta lr=1.0 seed=42 device=cuda epochs=150
2026-08-27 04:57:26,631 | EPOCH 1 train_loss=0.574224
2026-08-27 04:57:33,667 | EPOCH 2 train_loss=0.401012
2026-08-27 04:57:40,529 | EPOCH 3 train_loss=0.357925
2026-08-27 04:57:47,564 | EPOCH 4 train_loss=0.331908
2026-08-27 04:57:54,351 | EPOCH 5 train_loss=0.313548
2026-08-27 04:57:54,925 | EPOCH 5 VAL loss=0.344235 acc=0.8758 pre=0.8788 rec=0.8762 f1=0.8740 BEST
2026-08-27 04:58:02,127 | EPOCH 6 train_loss=0.301413
2026-08-27 04:58:09,223 | EPOCH 7 train_loss=0.290860
2026-08-27 04:58:16,295 | EPOCH 8 train_loss=0.283575
2026-08-27 04:58:23,431 | EPOCH 9 train_loss=0.274716
2026-08-27 04:58:30,247 | EPOCH 10 train_loss=0.269277
2026-08-27 04:58:30,839 | EPOCH 10 VAL loss=0.357333 acc=0.8680 pre=0.8766 rec=0.8691 f1=0.8693
2026-08-27 04:58:37,724 | EPOCH 11 train_loss=0.262167
2026-08-27 04:58:44,769 | EPOCH 12 train_loss=0.257871
2026-08-27 04:58:51,500 | EPOCH 13 train_loss=0.254110
2026-08-27 04:58:58,125 | EPOCH 14 train_loss=0.248032
2026-08-27 04:59:05,056 | EPOCH 15 train_loss=0.243364
2026-08-27 04:59:05,625 | EPOCH 15 VAL loss=0.409753 acc=0.8725 pre=0.8741 rec=0.8743 f1=0.8701
2026-08-27 04:59:12,366 | EPOCH 16 train_loss=0.239434
2026-08-27 04:59:19,274 | EPOCH 17 train_loss=0.235013
2026-08-27 04:59:26,017 | EPOCH 18 train_loss=0.228605
2026-08-27 04:59:32,932 | EPOCH 19 train_loss=0.227035
2026-08-27 04:59:39,743 | EPOCH 20 train_loss=0.222651
2026-08-27 04:59:40,328 | EPOCH 20 VAL loss=0.442337 acc=0.8797 pre=0.8814 rec=0.8812 f1=0.8792
2026-08-27 04:59:47,188 | EPOCH 21 train_loss=0.218804
2026-08-27 04:59:54,151 | EPOCH 22 train_loss=0.215520
2026-08-27 05:00:00,895 | EPOCH 23 train_loss=0.213792
2026-08-27 05:00:07,692 | EPOCH 24 train_loss=0.207998
2026-08-27 05:00:14,461 | EPOCH 25 train_loss=0.206976
2026-08-27 05:00:15,106 | EPOCH 25 VAL loss=0.531117 acc=0.8783 pre=0.8842 rec=0.8786 f1=0.8786
2026-08-27 05:00:22,006 | EPOCH 26 train_loss=0.203168
2026-08-27 05:00:28,579 | EPOCH 27 train_loss=0.200061
2026-08-27 05:00:35,372 | EPOCH 28 train_loss=0.196766
2026-08-27 05:00:42,363 | EPOCH 29 train_loss=0.195126
2026-08-27 05:00:49,031 | EPOCH 30 train_loss=0.191723
2026-08-27 05:00:49,639 | EPOCH 30 VAL loss=0.548929 acc=0.8713 pre=0.8801 rec=0.8734 f1=0.8728
2026-08-27 05:00:56,420 | EPOCH 31 train_loss=0.191392
2026-08-27 05:01:03,293 | EPOCH 32 train_loss=0.186181
2026-08-27 05:01:10,053 | EPOCH 33 train_loss=0.184527
2026-08-27 05:01:16,812 | EPOCH 34 train_loss=0.182973
2026-08-27 05:01:23,613 | EPOCH 35 train_loss=0.179899
2026-08-27 05:01:24,172 | EPOCH 35 VAL loss=0.583512 acc=0.8807 pre=0.8893 rec=0.8821 f1=0.8830
2026-08-27 05:01:24,180 | DONE best_epoch=5 best_val_loss=0.344235 early_stop=True time=244.54s
