2026-08-27 04:32:03,959 | START mlp_sgd_lr0.05_s2026 opt=sgd lr=0.05 seed=2026 device=cuda epochs=150
2026-08-27 04:32:12,541 | EPOCH 1 train_loss=0.815728
2026-08-27 04:32:19,047 | EPOCH 2 train_loss=0.494516
2026-08-27 04:32:25,728 | EPOCH 3 train_loss=0.432892
2026-08-27 04:32:32,227 | EPOCH 4 train_loss=0.400037
2026-08-27 04:32:38,727 | EPOCH 5 train_loss=0.374271
2026-08-27 04:32:39,348 | EPOCH 5 VAL loss=0.399292 acc=0.8580 pre=0.8586 rec=0.8592 f1=0.8568 BEST
2026-08-27 04:32:46,081 | EPOCH 6 train_loss=0.355748
2026-08-27 04:32:52,496 | EPOCH 7 train_loss=0.339987
2026-08-27 04:32:58,815 | EPOCH 8 train_loss=0.328674
2026-08-27 04:33:05,229 | EPOCH 9 train_loss=0.317717
2026-08-27 04:33:11,774 | EPOCH 10 train_loss=0.307189
2026-08-27 04:33:12,356 | EPOCH 10 VAL loss=0.348817 acc=0.8755 pre=0.8785 rec=0.8762 f1=0.8745 BEST
2026-08-27 04:33:18,997 | EPOCH 11 train_loss=0.298387
2026-08-27 04:33:25,441 | EPOCH 12 train_loss=0.288825
2026-08-27 04:33:31,858 | EPOCH 13 train_loss=0.283069
2026-08-27 04:33:38,187 | EPOCH 14 train_loss=0.275513
2026-08-27 04:33:44,569 | EPOCH 15 train_loss=0.268409
2026-08-27 04:33:45,147 | EPOCH 15 VAL loss=0.319563 acc=0.8812 pre=0.8864 rec=0.8829 f1=0.8831 BEST
2026-08-27 04:33:51,970 | EPOCH 16 train_loss=0.262310
2026-08-27 04:33:58,287 | EPOCH 17 train_loss=0.255715
2026-08-27 04:34:04,984 | EPOCH 18 train_loss=0.249218
2026-08-27 04:34:11,469 | EPOCH 19 train_loss=0.244226
2026-08-27 04:34:17,804 | EPOCH 20 train_loss=0.238103
2026-08-27 04:34:18,372 | EPOCH 20 VAL loss=0.312115 acc=0.8860 pre=0.8849 rec=0.8871 f1=0.8846 BEST
2026-08-27 04:34:25,112 | EPOCH 21 train_loss=0.234629
2026-08-27 04:34:31,544 | EPOCH 22 train_loss=0.227540
2026-08-27 04:34:37,915 | EPOCH 23 train_loss=0.223736
2026-08-27 04:34:44,366 | EPOCH 24 train_loss=0.218416
2026-08-27 04:34:50,832 | EPOCH 25 train_loss=0.214967
2026-08-27 04:34:51,451 | EPOCH 25 VAL loss=0.332852 acc=0.8795 pre=0.8871 rec=0.8804 f1=0.8781
2026-08-27 04:34:57,841 | EPOCH 26 train_loss=0.210740
2026-08-27 04:35:04,186 | EPOCH 27 train_loss=0.204562
2026-08-27 04:35:10,494 | EPOCH 28 train_loss=0.202450
2026-08-27 04:35:16,830 | EPOCH 29 train_loss=0.196269
2026-08-27 04:35:23,275 | EPOCH 30 train_loss=0.192332
2026-08-27 04:35:23,843 | EPOCH 30 VAL loss=0.303722 acc=0.8917 pre=0.8927 rec=0.8927 f1=0.8923 BEST
2026-08-27 04:35:30,577 | EPOCH 31 train_loss=0.189082
2026-08-27 04:35:36,945 | EPOCH 32 train_loss=0.185246
2026-08-27 04:35:43,388 | EPOCH 33 train_loss=0.179709
2026-08-27 04:35:49,815 | EPOCH 34 train_loss=0.177817
2026-08-27 04:35:56,499 | EPOCH 35 train_loss=0.173663
2026-08-27 04:35:57,087 | EPOCH 35 VAL loss=0.304829 acc=0.8965 pre=0.8995 rec=0.8976 f1=0.8980
2026-08-27 04:36:03,747 | EPOCH 36 train_loss=0.169824
2026-08-27 04:36:10,383 | EPOCH 37 train_loss=0.167365
2026-08-27 04:36:16,952 | EPOCH 38 train_loss=0.164690
2026-08-27 04:36:23,998 | EPOCH 39 train_loss=0.160982
2026-08-27 04:36:30,507 | EPOCH 40 train_loss=0.156914
2026-08-27 04:36:31,219 | EPOCH 40 VAL loss=0.353611 acc=0.8792 pre=0.8828 rec=0.8811 f1=0.8798
2026-08-27 04:36:37,703 | EPOCH 41 train_loss=0.154492
2026-08-27 04:36:44,387 | EPOCH 42 train_loss=0.150054
2026-08-27 04:36:50,804 | EPOCH 43 train_loss=0.150026
2026-08-27 04:36:58,105 | EPOCH 44 train_loss=0.144369
2026-08-27 04:37:04,690 | EPOCH 45 train_loss=0.141893
2026-08-27 04:37:05,561 | EPOCH 45 VAL loss=0.321113 acc=0.8925 pre=0.8942 rec=0.8930 f1=0.8934
2026-08-27 04:37:12,310 | EPOCH 46 train_loss=0.139992
2026-08-27 04:37:18,959 | EPOCH 47 train_loss=0.135536
2026-08-27 04:37:20,626 | INTERRUPTED epoch=47 batch=219
