2026-08-27 07:47:39,891 | START mlp_rmsprop_lr0.001_s42 opt=rmsprop lr=0.001 seed=42 device=cuda epochs=150
2026-08-27 07:47:46,945 | EPOCH 1 train_loss=0.525129
2026-08-27 07:47:53,770 | EPOCH 2 train_loss=0.375787
2026-08-27 07:48:00,466 | EPOCH 3 train_loss=0.334179
2026-08-27 07:48:07,253 | EPOCH 4 train_loss=0.309726
2026-08-27 07:48:14,071 | EPOCH 5 train_loss=0.289911
2026-08-27 07:48:14,682 | EPOCH 5 VAL loss=0.312089 acc=0.8797 pre=0.8827 rec=0.8802 f1=0.8797 BEST
2026-08-27 07:48:21,700 | EPOCH 6 train_loss=0.274983
2026-08-27 07:48:28,553 | EPOCH 7 train_loss=0.260820
2026-08-27 07:48:35,202 | EPOCH 8 train_loss=0.250881
2026-08-27 07:48:41,882 | EPOCH 9 train_loss=0.239825
2026-08-27 07:48:48,447 | EPOCH 10 train_loss=0.229116
2026-08-27 07:48:49,040 | EPOCH 10 VAL loss=0.388575 acc=0.8607 pre=0.8719 rec=0.8620 f1=0.8618
2026-08-27 07:48:55,719 | EPOCH 11 train_loss=0.219511
2026-08-27 07:49:02,404 | EPOCH 12 train_loss=0.211836
2026-08-27 07:49:09,112 | EPOCH 13 train_loss=0.203932
2026-08-27 07:49:15,697 | EPOCH 14 train_loss=0.196757
2026-08-27 07:49:22,459 | EPOCH 15 train_loss=0.189715
2026-08-27 07:49:23,038 | EPOCH 15 VAL loss=0.366900 acc=0.8842 pre=0.8864 rec=0.8853 f1=0.8832
2026-08-27 07:49:29,803 | EPOCH 16 train_loss=0.183509
2026-08-27 07:49:36,655 | EPOCH 17 train_loss=0.175986
2026-08-27 07:49:43,909 | EPOCH 18 train_loss=0.170622
2026-08-27 07:49:50,606 | EPOCH 19 train_loss=0.165962
2026-08-27 07:49:57,468 | EPOCH 20 train_loss=0.160043
2026-08-27 07:49:58,061 | EPOCH 20 VAL loss=0.396726 acc=0.8888 pre=0.8898 rec=0.8896 f1=0.8873
2026-08-27 07:50:04,962 | EPOCH 21 train_loss=0.155674
2026-08-27 07:50:11,548 | EPOCH 22 train_loss=0.151250
2026-08-27 07:50:18,192 | EPOCH 23 train_loss=0.146988
2026-08-27 07:50:24,950 | EPOCH 24 train_loss=0.142261
2026-08-27 07:50:31,749 | EPOCH 25 train_loss=0.137866
2026-08-27 07:50:32,366 | EPOCH 25 VAL loss=0.416086 acc=0.8875 pre=0.8903 rec=0.8874 f1=0.8859
2026-08-27 07:50:38,863 | EPOCH 26 train_loss=0.135698
2026-08-27 07:50:45,765 | EPOCH 27 train_loss=0.130803
2026-08-27 07:50:52,792 | EPOCH 28 train_loss=0.126977
2026-08-27 07:50:59,531 | EPOCH 29 train_loss=0.125209
2026-08-27 07:51:06,228 | EPOCH 30 train_loss=0.121892
2026-08-27 07:51:06,823 | EPOCH 30 VAL loss=0.495853 acc=0.8878 pre=0.8880 rec=0.8889 f1=0.8876
2026-08-27 07:51:13,545 | EPOCH 31 train_loss=0.117337
2026-08-27 07:51:20,468 | EPOCH 32 train_loss=0.115553
2026-08-27 07:51:27,081 | EPOCH 33 train_loss=0.114363
2026-08-27 07:51:33,774 | EPOCH 34 train_loss=0.110493
2026-08-27 07:51:40,277 | EPOCH 35 train_loss=0.108638
2026-08-27 07:51:40,873 | EPOCH 35 VAL loss=0.510675 acc=0.8955 pre=0.8976 rec=0.8967 f1=0.8970
2026-08-27 07:51:40,880 | DONE best_epoch=5 best_val_loss=0.312089 early_stop=True time=240.31s
