2026-08-27 08:30:21,223 | START mlp_adam_lr0.001_s123 opt=adam lr=0.001 seed=123 device=cuda epochs=150
2026-08-27 08:30:27,988 | EPOCH 1 train_loss=0.536273
2026-08-27 08:30:35,019 | EPOCH 2 train_loss=0.374301
2026-08-27 08:30:41,833 | EPOCH 3 train_loss=0.332732
2026-08-27 08:30:48,739 | EPOCH 4 train_loss=0.309970
2026-08-27 08:30:55,511 | EPOCH 5 train_loss=0.291943
2026-08-27 08:30:56,143 | EPOCH 5 VAL loss=0.347561 acc=0.8752 pre=0.8759 rec=0.8763 f1=0.8732 BEST
2026-08-27 08:31:03,793 | EPOCH 6 train_loss=0.276699
2026-08-27 08:31:10,762 | EPOCH 7 train_loss=0.261659
2026-08-27 08:31:17,561 | EPOCH 8 train_loss=0.251031
2026-08-27 08:31:24,267 | EPOCH 9 train_loss=0.239146
2026-08-27 08:31:30,961 | EPOCH 10 train_loss=0.229916
2026-08-27 08:31:31,581 | EPOCH 10 VAL loss=0.326414 acc=0.8863 pre=0.8879 rec=0.8879 f1=0.8873 BEST
2026-08-27 08:31:38,791 | EPOCH 11 train_loss=0.217562
2026-08-27 08:31:45,677 | EPOCH 12 train_loss=0.210014
2026-08-27 08:31:52,489 | EPOCH 13 train_loss=0.205810
2026-08-27 08:31:59,317 | EPOCH 14 train_loss=0.195341
2026-08-27 08:32:06,260 | EPOCH 15 train_loss=0.188761
2026-08-27 08:32:06,884 | EPOCH 15 VAL loss=0.318419 acc=0.8938 pre=0.8941 rec=0.8948 f1=0.8939 BEST
2026-08-27 08:32:14,036 | EPOCH 16 train_loss=0.185249
2026-08-27 08:32:20,912 | EPOCH 17 train_loss=0.176097
2026-08-27 08:32:27,739 | EPOCH 18 train_loss=0.169376
2026-08-27 08:32:34,606 | EPOCH 19 train_loss=0.162680
2026-08-27 08:32:41,484 | EPOCH 20 train_loss=0.160418
2026-08-27 08:32:42,057 | EPOCH 20 VAL loss=0.347076 acc=0.8873 pre=0.8888 rec=0.8881 f1=0.8870
2026-08-27 08:32:48,967 | EPOCH 21 train_loss=0.153757
2026-08-27 08:32:55,908 | EPOCH 22 train_loss=0.147295
2026-08-27 08:33:02,790 | EPOCH 23 train_loss=0.143725
2026-08-27 08:33:09,720 | EPOCH 24 train_loss=0.138396
2026-08-27 08:33:16,598 | EPOCH 25 train_loss=0.135571
2026-08-27 08:33:17,179 | EPOCH 25 VAL loss=0.378900 acc=0.8940 pre=0.8934 rec=0.8949 f1=0.8935
2026-08-27 08:33:24,259 | EPOCH 26 train_loss=0.130512
2026-08-27 08:33:31,145 | EPOCH 27 train_loss=0.126530
2026-08-27 08:33:37,968 | EPOCH 28 train_loss=0.120568
2026-08-27 08:33:45,128 | EPOCH 29 train_loss=0.121953
2026-08-27 08:33:52,138 | EPOCH 30 train_loss=0.117223
2026-08-27 08:33:52,757 | EPOCH 30 VAL loss=0.412135 acc=0.8857 pre=0.8900 rec=0.8875 f1=0.8875
2026-08-27 08:33:59,502 | EPOCH 31 train_loss=0.111941
2026-08-27 08:34:06,354 | EPOCH 32 train_loss=0.112236
2026-08-27 08:34:13,306 | EPOCH 33 train_loss=0.104764
2026-08-27 08:34:20,149 | EPOCH 34 train_loss=0.106362
2026-08-27 12:38:19,208 | START mlp_adam_lr0.001_s123 opt=adam lr=0.001 seed=123 device=cuda epochs=150
2026-08-27 12:38:26,944 | EPOCH 1 train_loss=0.536273
2026-08-27 12:38:34,931 | EPOCH 2 train_loss=0.374301
2026-08-27 12:38:43,288 | EPOCH 3 train_loss=0.332732
2026-08-27 12:38:51,236 | EPOCH 4 train_loss=0.309970
2026-08-27 12:38:59,224 | EPOCH 5 train_loss=0.291943
2026-08-27 12:38:59,919 | EPOCH 5 VAL loss=0.347561 acc=0.8752 pre=0.8759 rec=0.8763 f1=0.8732 BEST
2026-08-27 12:39:08,580 | EPOCH 6 train_loss=0.276699
2026-08-27 12:39:16,252 | EPOCH 7 train_loss=0.261659
2026-08-27 12:39:23,941 | EPOCH 8 train_loss=0.251031
2026-08-27 12:39:31,965 | EPOCH 9 train_loss=0.239146
2026-08-27 12:39:39,860 | EPOCH 10 train_loss=0.229916
2026-08-27 12:39:40,542 | EPOCH 10 VAL loss=0.326414 acc=0.8863 pre=0.8879 rec=0.8879 f1=0.8873 BEST
2026-08-27 12:39:48,953 | EPOCH 11 train_loss=0.217562
2026-08-27 12:39:56,954 | EPOCH 12 train_loss=0.210014
2026-08-27 12:40:05,026 | EPOCH 13 train_loss=0.205810
2026-08-27 12:40:12,868 | EPOCH 14 train_loss=0.195341
2026-08-27 12:40:20,960 | EPOCH 15 train_loss=0.188761
2026-08-27 12:40:21,628 | EPOCH 15 VAL loss=0.318419 acc=0.8938 pre=0.8941 rec=0.8948 f1=0.8939 BEST
2026-08-27 12:40:30,132 | EPOCH 16 train_loss=0.185249
2026-08-27 12:40:38,025 | EPOCH 17 train_loss=0.176097
2026-08-27 12:40:45,694 | EPOCH 18 train_loss=0.169376
2026-08-27 12:40:53,678 | EPOCH 19 train_loss=0.162680
2026-08-27 12:41:01,390 | EPOCH 20 train_loss=0.160418
2026-08-27 12:41:02,049 | EPOCH 20 VAL loss=0.347076 acc=0.8873 pre=0.8888 rec=0.8881 f1=0.8870
2026-08-27 12:41:10,029 | EPOCH 21 train_loss=0.153757
2026-08-27 12:41:18,214 | EPOCH 22 train_loss=0.147295
2026-08-27 12:41:25,991 | EPOCH 23 train_loss=0.143725
2026-08-27 12:41:34,083 | EPOCH 24 train_loss=0.138396
2026-08-27 12:41:41,718 | EPOCH 25 train_loss=0.135571
2026-08-27 12:41:42,381 | EPOCH 25 VAL loss=0.378900 acc=0.8940 pre=0.8934 rec=0.8949 f1=0.8935
2026-08-27 12:41:50,203 | EPOCH 26 train_loss=0.130512
2026-08-27 12:41:58,177 | EPOCH 27 train_loss=0.126530
2026-08-27 12:42:05,733 | EPOCH 28 train_loss=0.120568
2026-08-27 12:42:13,648 | EPOCH 29 train_loss=0.121953
2026-08-27 12:42:21,822 | EPOCH 30 train_loss=0.117223
2026-08-27 12:42:22,487 | EPOCH 30 VAL loss=0.412135 acc=0.8857 pre=0.8900 rec=0.8875 f1=0.8875
2026-08-27 12:42:30,379 | EPOCH 31 train_loss=0.111941
2026-08-27 12:42:38,563 | EPOCH 32 train_loss=0.112236
2026-08-27 12:42:46,343 | EPOCH 33 train_loss=0.104764
2026-08-27 12:42:54,300 | EPOCH 34 train_loss=0.106362
2026-08-27 12:43:02,170 | EPOCH 35 train_loss=0.099908
2026-08-27 12:43:02,886 | EPOCH 35 VAL loss=0.459568 acc=0.8913 pre=0.8911 rec=0.8920 f1=0.8909
2026-08-27 12:43:10,810 | EPOCH 36 train_loss=0.100170
2026-08-27 12:43:18,697 | EPOCH 37 train_loss=0.093758
2026-08-27 12:43:26,702 | EPOCH 38 train_loss=0.095895
2026-08-27 12:43:34,826 | EPOCH 39 train_loss=0.093097
2026-08-27 12:43:43,161 | EPOCH 40 train_loss=0.087874
2026-08-27 12:43:43,892 | EPOCH 40 VAL loss=0.508516 acc=0.8907 pre=0.8902 rec=0.8920 f1=0.8898
2026-08-27 12:43:52,212 | EPOCH 41 train_loss=0.086725
2026-08-27 12:44:00,272 | EPOCH 42 train_loss=0.085138
2026-08-27 12:44:08,402 | EPOCH 43 train_loss=0.078604
2026-08-27 12:44:16,152 | EPOCH 44 train_loss=0.080356
2026-08-27 12:44:23,961 | EPOCH 45 train_loss=0.076304
2026-08-27 12:44:24,669 | EPOCH 45 VAL loss=0.506725 acc=0.8937 pre=0.8937 rec=0.8944 f1=0.8933
2026-08-27 12:44:24,678 | DONE best_epoch=15 best_val_loss=0.318419 early_stop=True time=364.67s
