2026-08-27 04:42:23,971 | START mlp_sgd_lr0.01_s2026 opt=sgd lr=0.01 seed=2026 device=cuda epochs=150
2026-08-27 04:42:30,548 | EPOCH 1 train_loss=1.433041
2026-08-27 04:42:36,984 | EPOCH 2 train_loss=0.744673
2026-08-27 04:42:43,409 | EPOCH 3 train_loss=0.614598
2026-08-27 04:42:49,810 | EPOCH 4 train_loss=0.549446
2026-08-27 04:42:56,153 | EPOCH 5 train_loss=0.509243
2026-08-27 04:42:56,754 | EPOCH 5 VAL loss=0.530353 acc=0.8135 pre=0.8148 rec=0.8144 f1=0.8063 BEST
2026-08-27 04:43:03,787 | EPOCH 6 train_loss=0.485118
2026-08-27 04:43:10,202 | EPOCH 7 train_loss=0.466693
2026-08-27 04:43:16,756 | EPOCH 8 train_loss=0.454238
2026-08-27 04:43:23,331 | EPOCH 9 train_loss=0.442896
2026-08-27 04:43:29,749 | EPOCH 10 train_loss=0.432659
2026-08-27 04:43:30,353 | EPOCH 10 VAL loss=0.451011 acc=0.8443 pre=0.8448 rec=0.8445 f1=0.8412 BEST
2026-08-27 04:43:37,303 | EPOCH 11 train_loss=0.423528
2026-08-27 04:43:43,558 | EPOCH 12 train_loss=0.415272
2026-08-27 04:43:49,900 | EPOCH 13 train_loss=0.409168
2026-08-27 04:43:56,270 | EPOCH 14 train_loss=0.402271
2026-08-27 04:44:02,742 | EPOCH 15 train_loss=0.396304
2026-08-27 04:44:03,368 | EPOCH 15 VAL loss=0.437073 acc=0.8417 pre=0.8543 rec=0.8429 f1=0.8454 BEST
2026-08-27 04:44:10,011 | INTERRUPTED epoch=15 batch=838
2026-08-27 10:07:22,355 | START mlp_sgd_lr0.01_s2026 opt=sgd lr=0.01 seed=2026 device=cuda epochs=150
2026-08-27 10:07:29,963 | EPOCH 1 train_loss=1.433041
2026-08-27 10:07:36,774 | EPOCH 2 train_loss=0.744673
2026-08-27 10:07:43,674 | EPOCH 3 train_loss=0.614598
2026-08-27 10:07:51,180 | EPOCH 4 train_loss=0.549446
2026-08-27 10:07:57,618 | EPOCH 5 train_loss=0.509243
2026-08-27 10:07:58,230 | EPOCH 5 VAL loss=0.530353 acc=0.8135 pre=0.8148 rec=0.8144 f1=0.8063 BEST
2026-08-27 10:08:05,912 | EPOCH 6 train_loss=0.485118
2026-08-27 10:08:12,834 | EPOCH 7 train_loss=0.466693
2026-08-27 10:08:19,992 | EPOCH 8 train_loss=0.454238
2026-08-27 10:08:27,180 | EPOCH 9 train_loss=0.442896
2026-08-27 10:08:33,936 | EPOCH 10 train_loss=0.432659
2026-08-27 10:08:34,527 | EPOCH 10 VAL loss=0.451011 acc=0.8443 pre=0.8448 rec=0.8445 f1=0.8412 BEST
2026-08-27 10:08:42,396 | EPOCH 11 train_loss=0.423528
2026-08-27 10:08:48,956 | EPOCH 12 train_loss=0.415272
2026-08-27 10:08:56,184 | EPOCH 13 train_loss=0.409168
2026-08-27 10:09:03,070 | EPOCH 14 train_loss=0.402271
2026-08-27 10:09:10,012 | EPOCH 15 train_loss=0.396304
2026-08-27 10:09:10,608 | EPOCH 15 VAL loss=0.437073 acc=0.8417 pre=0.8543 rec=0.8429 f1=0.8454 BEST
2026-08-27 10:09:17,781 | EPOCH 16 train_loss=0.390954
2026-08-27 10:09:24,508 | EPOCH 17 train_loss=0.384348
2026-08-27 10:09:32,058 | EPOCH 18 train_loss=0.379296
2026-08-27 10:09:38,959 | EPOCH 19 train_loss=0.374346
2026-08-27 10:09:45,965 | EPOCH 20 train_loss=0.369391
2026-08-27 10:09:46,581 | EPOCH 20 VAL loss=0.396283 acc=0.8638 pre=0.8637 rec=0.8645 f1=0.8607 BEST
2026-08-27 10:09:54,457 | EPOCH 21 train_loss=0.364456
2026-08-27 10:10:01,275 | EPOCH 22 train_loss=0.359953
2026-08-27 10:10:09,564 | EPOCH 23 train_loss=0.356471
2026-08-27 10:10:16,459 | EPOCH 24 train_loss=0.352217
2026-08-27 10:10:23,372 | EPOCH 25 train_loss=0.347817
2026-08-27 10:10:23,961 | EPOCH 25 VAL loss=0.389046 acc=0.8637 pre=0.8665 rec=0.8642 f1=0.8609 BEST
2026-08-27 10:10:31,960 | EPOCH 26 train_loss=0.344739
2026-08-27 10:10:38,706 | EPOCH 27 train_loss=0.339432
2026-08-27 10:10:46,414 | EPOCH 28 train_loss=0.336759
2026-08-27 10:10:53,916 | EPOCH 29 train_loss=0.332040
2026-08-27 10:11:01,109 | EPOCH 30 train_loss=0.329326
2026-08-27 10:11:01,725 | EPOCH 30 VAL loss=0.355069 acc=0.8720 pre=0.8712 rec=0.8730 f1=0.8715 BEST
2026-08-27 10:11:09,334 | EPOCH 31 train_loss=0.324947
2026-08-27 10:11:15,932 | EPOCH 32 train_loss=0.321895
2026-08-27 10:11:23,666 | EPOCH 33 train_loss=0.318102
2026-08-27 10:11:30,524 | EPOCH 34 train_loss=0.314263
2026-08-27 10:11:37,469 | EPOCH 35 train_loss=0.311453
2026-08-27 10:11:38,071 | EPOCH 35 VAL loss=0.346139 acc=0.8767 pre=0.8788 rec=0.8775 f1=0.8780 BEST
2026-08-27 10:11:45,680 | EPOCH 36 train_loss=0.308837
2026-08-27 10:11:52,580 | EPOCH 37 train_loss=0.305623
2026-08-27 10:12:00,221 | EPOCH 38 train_loss=0.302808
2026-08-27 10:12:07,349 | EPOCH 39 train_loss=0.299741
2026-08-27 10:12:14,039 | EPOCH 40 train_loss=0.296855
2026-08-27 10:12:14,614 | EPOCH 40 VAL loss=0.355090 acc=0.8690 pre=0.8706 rec=0.8709 f1=0.8693
2026-08-27 10:12:22,477 | EPOCH 41 train_loss=0.294272
2026-08-27 10:12:29,151 | EPOCH 42 train_loss=0.290522
2026-08-27 10:12:37,099 | EPOCH 43 train_loss=0.289048
2026-08-27 10:12:44,774 | EPOCH 44 train_loss=0.285566
2026-08-27 10:12:51,945 | EPOCH 45 train_loss=0.282655
2026-08-27 10:12:52,605 | EPOCH 45 VAL loss=0.333520 acc=0.8840 pre=0.8837 rec=0.8853 f1=0.8835 BEST
2026-08-27 10:13:00,264 | EPOCH 46 train_loss=0.281035
2026-08-27 10:13:07,008 | EPOCH 47 train_loss=0.278006
2026-08-27 10:13:14,017 | EPOCH 48 train_loss=0.275334
2026-08-27 10:13:20,933 | EPOCH 49 train_loss=0.272912
2026-08-27 10:13:28,206 | EPOCH 50 train_loss=0.270704
2026-08-27 10:13:28,849 | EPOCH 50 VAL loss=0.322595 acc=0.8865 pre=0.8880 rec=0.8877 f1=0.8876 BEST
2026-08-27 10:13:35,942 | EPOCH 51 train_loss=0.268304
2026-08-27 10:13:42,698 | EPOCH 52 train_loss=0.266121
2026-08-27 10:13:49,771 | EPOCH 53 train_loss=0.263847
2026-08-27 10:13:56,585 | EPOCH 54 train_loss=0.261307
2026-08-27 10:14:04,287 | EPOCH 55 train_loss=0.259333
2026-08-27 10:14:04,901 | EPOCH 55 VAL loss=0.322034 acc=0.8847 pre=0.8862 rec=0.8854 f1=0.8851 BEST
2026-08-27 10:14:13,182 | EPOCH 56 train_loss=0.257011
2026-08-27 10:14:20,026 | EPOCH 57 train_loss=0.254582
2026-08-27 10:14:27,267 | EPOCH 58 train_loss=0.253348
2026-08-27 10:14:34,128 | EPOCH 59 train_loss=0.249657
2026-08-27 10:14:41,431 | EPOCH 60 train_loss=0.248178
2026-08-27 10:14:42,001 | EPOCH 60 VAL loss=0.309033 acc=0.8908 pre=0.8919 rec=0.8911 f1=0.8905 BEST
2026-08-27 10:14:50,325 | EPOCH 61 train_loss=0.246130
2026-08-27 10:14:57,044 | EPOCH 62 train_loss=0.244424
2026-08-27 10:15:04,433 | EPOCH 63 train_loss=0.242222
2026-08-27 10:15:11,615 | EPOCH 64 train_loss=0.238918
2026-08-27 10:15:18,493 | EPOCH 65 train_loss=0.237816
2026-08-27 10:15:19,093 | EPOCH 65 VAL loss=0.311930 acc=0.8878 pre=0.8878 rec=0.8891 f1=0.8879
2026-08-27 10:15:27,003 | EPOCH 66 train_loss=0.235267
2026-08-27 10:15:33,784 | EPOCH 67 train_loss=0.233322
2026-08-27 10:15:40,691 | EPOCH 68 train_loss=0.232197
2026-08-27 10:15:48,163 | EPOCH 69 train_loss=0.229930
2026-08-27 10:15:55,732 | EPOCH 70 train_loss=0.228017
2026-08-27 10:15:56,349 | EPOCH 70 VAL loss=0.330339 acc=0.8797 pre=0.8867 rec=0.8816 f1=0.8810
2026-08-27 10:16:04,526 | EPOCH 71 train_loss=0.225822
2026-08-27 10:16:11,258 | EPOCH 72 train_loss=0.224092
