2026-08-27 04:32:00,103 | START cnn_sgd_lr0.05_s123 opt=sgd lr=0.05 seed=123 device=cuda epochs=150
2026-08-27 04:32:00,643 | INTERRUPTED epoch=0 batch=28
2026-08-27 09:40:03,208 | START cnn_sgd_lr0.05_s123 opt=sgd lr=0.05 seed=123 device=cuda epochs=150
2026-08-27 09:40:11,120 | EPOCH 1 train_loss=0.800361
2026-08-27 09:40:18,764 | EPOCH 2 train_loss=0.466268
2026-08-27 09:40:27,390 | EPOCH 3 train_loss=0.389470
2026-08-27 09:40:35,283 | EPOCH 4 train_loss=0.347265
2026-08-27 09:40:43,125 | EPOCH 5 train_loss=0.317705
2026-08-27 09:40:43,792 | EPOCH 5 VAL loss=0.333943 acc=0.8758 pre=0.8792 rec=0.8780 f1=0.8760 BEST
2026-08-27 09:40:53,116 | EPOCH 6 train_loss=0.295939
2026-08-27 09:41:01,882 | EPOCH 7 train_loss=0.280155
2026-08-27 09:41:10,110 | EPOCH 8 train_loss=0.266810
2026-08-27 09:41:18,677 | EPOCH 9 train_loss=0.256102
2026-08-27 09:41:27,127 | EPOCH 10 train_loss=0.244785
2026-08-27 09:41:27,785 | EPOCH 10 VAL loss=0.301947 acc=0.8860 pre=0.8969 rec=0.8894 f1=0.8886 BEST
2026-08-27 09:41:37,194 | EPOCH 11 train_loss=0.235842
2026-08-27 09:41:44,686 | EPOCH 12 train_loss=0.226963
2026-08-27 09:41:52,705 | EPOCH 13 train_loss=0.220098
2026-08-27 09:42:00,840 | EPOCH 14 train_loss=0.212103
2026-08-27 09:42:08,642 | EPOCH 15 train_loss=0.204654
2026-08-27 09:42:09,339 | EPOCH 15 VAL loss=0.265622 acc=0.8982 pre=0.9022 rec=0.8999 f1=0.8996 BEST
2026-08-27 09:42:17,409 | EPOCH 16 train_loss=0.197038
2026-08-27 09:42:25,732 | EPOCH 17 train_loss=0.190436
2026-08-27 09:42:33,414 | EPOCH 18 train_loss=0.183567
2026-08-27 09:42:41,333 | EPOCH 19 train_loss=0.179039
2026-08-27 09:42:49,473 | EPOCH 20 train_loss=0.171530
2026-08-27 09:42:50,134 | EPOCH 20 VAL loss=0.255959 acc=0.9077 pre=0.9079 rec=0.9082 f1=0.9072 BEST
2026-08-27 09:42:58,080 | EPOCH 21 train_loss=0.166194
2026-08-27 09:43:06,682 | EPOCH 22 train_loss=0.161622
2026-08-27 09:43:15,131 | EPOCH 23 train_loss=0.154287
2026-08-27 09:43:22,332 | EPOCH 24 train_loss=0.148491
2026-08-27 09:43:30,831 | EPOCH 25 train_loss=0.144686
2026-08-27 09:43:31,477 | EPOCH 25 VAL loss=0.265441 acc=0.9067 pre=0.9070 rec=0.9074 f1=0.9053
2026-08-27 09:43:39,637 | EPOCH 26 train_loss=0.137426
2026-08-27 09:43:46,911 | EPOCH 27 train_loss=0.134050
2026-08-27 09:43:55,124 | EPOCH 28 train_loss=0.126450
2026-08-27 09:44:03,046 | EPOCH 29 train_loss=0.123166
2026-08-27 09:44:10,847 | EPOCH 30 train_loss=0.117229
2026-08-27 09:44:11,440 | EPOCH 30 VAL loss=0.282629 acc=0.9120 pre=0.9135 rec=0.9135 f1=0.9125
2026-08-27 09:44:19,702 | EPOCH 31 train_loss=0.112140
2026-08-27 09:44:27,158 | EPOCH 32 train_loss=0.107788
2026-08-27 09:44:34,561 | EPOCH 33 train_loss=0.102143
2026-08-27 09:44:42,832 | EPOCH 34 train_loss=0.099075
2026-08-27 09:44:50,088 | EPOCH 35 train_loss=0.094321
2026-08-27 09:44:51,080 | EPOCH 35 VAL loss=0.299287 acc=0.9088 pre=0.9096 rec=0.9094 f1=0.9080
2026-08-27 09:44:58,672 | EPOCH 36 train_loss=0.088814
2026-08-27 09:45:06,677 | EPOCH 37 train_loss=0.086000
2026-08-27 09:45:14,107 | EPOCH 38 train_loss=0.084005
2026-08-27 09:45:22,063 | EPOCH 39 train_loss=0.079258
2026-08-27 09:45:29,946 | EPOCH 40 train_loss=0.074660
2026-08-27 09:45:30,560 | EPOCH 40 VAL loss=0.335217 acc=0.9088 pre=0.9104 rec=0.9101 f1=0.9100
2026-08-27 09:45:37,587 | EPOCH 41 train_loss=0.071811
2026-08-27 09:45:45,984 | EPOCH 42 train_loss=0.066856
2026-08-27 09:45:53,523 | EPOCH 43 train_loss=0.064692
2026-08-27 09:46:00,837 | EPOCH 44 train_loss=0.061975
2026-08-27 09:46:09,144 | EPOCH 45 train_loss=0.058029
2026-08-27 09:46:09,769 | EPOCH 45 VAL loss=0.366355 acc=0.9138 pre=0.9142 rec=0.9150 f1=0.9144
2026-08-27 09:46:17,907 | EPOCH 46 train_loss=0.055656
2026-08-27 09:46:25,368 | EPOCH 47 train_loss=0.051231
2026-08-27 09:46:33,387 | EPOCH 48 train_loss=0.049184
2026-08-27 09:46:41,264 | EPOCH 49 train_loss=0.048858
2026-08-27 09:46:48,463 | EPOCH 50 train_loss=0.044091
2026-08-27 09:46:49,062 | EPOCH 50 VAL loss=0.409065 acc=0.9108 pre=0.9140 rec=0.9115 f1=0.9118
2026-08-27 09:46:49,066 | DONE best_epoch=20 best_val_loss=0.255959 early_stop=True time=405.17s
