2026-08-27 04:44:11,348 | START cnn_sgd_lr0.001_s42 opt=sgd lr=0.001 seed=42 device=cuda epochs=150
2026-08-27 04:44:19,021 | EPOCH 1 train_loss=2.286727
2026-08-27 04:44:26,628 | EPOCH 2 train_loss=2.231031
2026-08-27 04:44:34,462 | EPOCH 3 train_loss=1.964497
2026-08-27 04:44:42,082 | EPOCH 4 train_loss=1.257269
2026-08-27 04:44:49,688 | EPOCH 5 train_loss=0.921906
2026-08-27 04:44:50,334 | EPOCH 5 VAL loss=0.868922 acc=0.6848 pre=0.6769 rec=0.6851 f1=0.6660 BEST
2026-08-27 04:44:58,340 | EPOCH 6 train_loss=0.810292
2026-08-27 04:45:06,201 | EPOCH 7 train_loss=0.749548
2026-08-27 04:45:14,546 | EPOCH 8 train_loss=0.709022
2026-08-27 04:45:22,218 | EPOCH 9 train_loss=0.678313
2026-08-27 04:45:29,978 | EPOCH 10 train_loss=0.655494
2026-08-27 04:45:30,664 | EPOCH 10 VAL loss=0.660724 acc=0.7633 pre=0.7647 rec=0.7642 f1=0.7612 BEST
2026-08-27 04:45:38,752 | EPOCH 11 train_loss=0.635967
2026-08-27 04:45:46,449 | EPOCH 12 train_loss=0.621360
2026-08-27 04:45:54,413 | EPOCH 13 train_loss=0.607863
2026-08-27 04:46:02,081 | EPOCH 14 train_loss=0.596873
2026-08-27 04:46:09,605 | EPOCH 15 train_loss=0.586150
2026-08-27 04:46:10,271 | EPOCH 15 VAL loss=0.601290 acc=0.7822 pre=0.7773 rec=0.7830 f1=0.7706 BEST
2026-08-27 04:46:18,212 | EPOCH 16 train_loss=0.577288
2026-08-27 04:46:25,906 | EPOCH 17 train_loss=0.568229
2026-08-27 04:46:33,596 | EPOCH 18 train_loss=0.559142
2026-08-27 04:46:41,343 | EPOCH 19 train_loss=0.552111
2026-08-27 04:46:48,892 | EPOCH 20 train_loss=0.543366
2026-08-27 04:46:49,523 | EPOCH 20 VAL loss=0.550667 acc=0.8022 pre=0.7971 rec=0.8028 f1=0.7945 BEST
2026-08-27 04:46:57,667 | EPOCH 21 train_loss=0.535679
2026-08-27 04:47:05,482 | EPOCH 22 train_loss=0.528539
2026-08-27 04:47:07,823 | INTERRUPTED epoch=22 batch=262
2026-08-27 10:16:18,043 | START cnn_sgd_lr0.001_s42 opt=sgd lr=0.001 seed=42 device=cuda epochs=150
2026-08-27 10:16:26,604 | EPOCH 1 train_loss=2.286727
2026-08-27 10:16:34,284 | EPOCH 2 train_loss=2.231031
2026-08-27 10:16:42,307 | EPOCH 3 train_loss=1.964501
2026-08-27 10:16:51,209 | EPOCH 4 train_loss=1.257273
2026-08-27 10:16:59,374 | EPOCH 5 train_loss=0.921893
2026-08-27 10:16:59,996 | EPOCH 5 VAL loss=0.868916 acc=0.6848 pre=0.6769 rec=0.6851 f1=0.6660 BEST
2026-08-27 10:17:09,081 | EPOCH 6 train_loss=0.810281
2026-08-27 10:17:17,007 | EPOCH 7 train_loss=0.749546
2026-08-27 10:17:24,636 | EPOCH 8 train_loss=0.709035
2026-08-27 10:17:32,718 | EPOCH 9 train_loss=0.678317
2026-08-27 10:17:40,826 | EPOCH 10 train_loss=0.655497
2026-08-27 10:17:41,462 | EPOCH 10 VAL loss=0.660726 acc=0.7633 pre=0.7647 rec=0.7642 f1=0.7612 BEST
2026-08-27 10:17:49,579 | EPOCH 11 train_loss=0.635964
2026-08-27 10:17:57,995 | EPOCH 12 train_loss=0.621355
2026-08-27 10:18:06,114 | EPOCH 13 train_loss=0.607859
2026-08-27 10:18:13,747 | EPOCH 14 train_loss=0.596870
2026-08-27 10:18:21,824 | EPOCH 15 train_loss=0.586141
2026-08-27 10:18:22,425 | EPOCH 15 VAL loss=0.601172 acc=0.7823 pre=0.7776 rec=0.7831 f1=0.7709 BEST
2026-08-27 10:18:30,785 | EPOCH 16 train_loss=0.577279
2026-08-27 10:18:38,200 | EPOCH 17 train_loss=0.568221
2026-08-27 10:18:45,726 | EPOCH 18 train_loss=0.559156
2026-08-27 10:18:54,471 | EPOCH 19 train_loss=0.552106
2026-08-27 10:19:02,183 | EPOCH 20 train_loss=0.543384
2026-08-27 10:19:02,817 | EPOCH 20 VAL loss=0.550657 acc=0.8022 pre=0.7971 rec=0.8028 f1=0.7945 BEST
2026-08-27 10:19:11,383 | EPOCH 21 train_loss=0.535687
2026-08-27 10:19:18,829 | EPOCH 22 train_loss=0.528528
2026-08-27 10:19:26,135 | EPOCH 23 train_loss=0.522006
2026-08-27 10:19:34,317 | EPOCH 24 train_loss=0.514874
2026-08-27 10:19:42,572 | EPOCH 25 train_loss=0.508068
2026-08-27 10:19:43,333 | EPOCH 25 VAL loss=0.521461 acc=0.8135 pre=0.8109 rec=0.8131 f1=0.8065 BEST
2026-08-27 10:19:51,069 | EPOCH 26 train_loss=0.502085
2026-08-27 10:19:58,738 | EPOCH 27 train_loss=0.496720
2026-08-27 10:20:07,073 | EPOCH 28 train_loss=0.490845
2026-08-27 10:20:14,268 | EPOCH 29 train_loss=0.485204
2026-08-27 10:20:22,451 | EPOCH 30 train_loss=0.479808
2026-08-27 10:20:23,092 | EPOCH 30 VAL loss=0.500011 acc=0.8207 pre=0.8304 rec=0.8222 f1=0.8216 BEST
2026-08-27 10:20:30,999 | EPOCH 31 train_loss=0.473910
2026-08-27 10:20:38,446 | EPOCH 32 train_loss=0.470580
2026-08-27 10:20:46,321 | EPOCH 33 train_loss=0.464807
2026-08-27 10:20:53,681 | EPOCH 34 train_loss=0.460679
2026-08-27 10:21:02,113 | EPOCH 35 train_loss=0.456464
2026-08-27 10:21:03,144 | EPOCH 35 VAL loss=0.522937 acc=0.8008 pre=0.8376 rec=0.8031 f1=0.8026
2026-08-27 10:21:11,321 | EPOCH 36 train_loss=0.453150
2026-08-27 10:21:18,523 | EPOCH 37 train_loss=0.449412
2026-08-27 10:21:26,919 | EPOCH 38 train_loss=0.445160
2026-08-27 10:21:35,248 | EPOCH 39 train_loss=0.441426
2026-08-27 10:21:42,783 | EPOCH 40 train_loss=0.438347
2026-08-27 10:21:43,401 | EPOCH 40 VAL loss=0.456888 acc=0.8372 pre=0.8413 rec=0.8380 f1=0.8363 BEST
2026-08-27 10:21:51,892 | EPOCH 41 train_loss=0.434919
2026-08-27 10:21:59,305 | EPOCH 42 train_loss=0.432274
2026-08-27 10:22:06,484 | EPOCH 43 train_loss=0.428404
2026-08-27 10:22:14,258 | EPOCH 44 train_loss=0.427367
2026-08-27 10:22:21,559 | EPOCH 45 train_loss=0.424094
2026-08-27 10:22:22,205 | EPOCH 45 VAL loss=0.439918 acc=0.8427 pre=0.8437 rec=0.8441 f1=0.8403 BEST
2026-08-27 10:22:29,980 | EPOCH 46 train_loss=0.419765
2026-08-27 10:22:37,423 | EPOCH 47 train_loss=0.417222
2026-08-27 10:22:44,765 | EPOCH 48 train_loss=0.414120
2026-08-27 10:22:53,291 | EPOCH 49 train_loss=0.413342
2026-08-27 10:23:01,435 | EPOCH 50 train_loss=0.410243
2026-08-27 10:23:02,087 | EPOCH 50 VAL loss=0.425539 acc=0.8482 pre=0.8508 rec=0.8498 f1=0.8490 BEST
2026-08-27 10:23:10,034 | EPOCH 51 train_loss=0.407851
2026-08-27 10:23:18,253 | EPOCH 52 train_loss=0.405577
2026-08-27 10:23:25,934 | EPOCH 53 train_loss=0.403929
2026-08-27 10:23:33,269 | EPOCH 54 train_loss=0.399792
2026-08-27 10:23:41,544 | EPOCH 55 train_loss=0.398039
2026-08-27 10:23:42,197 | EPOCH 55 VAL loss=0.409830 acc=0.8597 pre=0.8606 rec=0.8604 f1=0.8597 BEST
2026-08-27 10:23:50,524 | EPOCH 56 train_loss=0.396069
2026-08-27 10:23:57,892 | EPOCH 57 train_loss=0.393924
2026-08-27 10:24:06,021 | EPOCH 58 train_loss=0.393346
2026-08-27 10:24:13,464 | EPOCH 59 train_loss=0.390170
2026-08-27 10:24:20,769 | EPOCH 60 train_loss=0.387163
2026-08-27 10:24:21,502 | EPOCH 60 VAL loss=0.396176 acc=0.8615 pre=0.8608 rec=0.8625 f1=0.8607 BEST
2026-08-27 10:24:30,522 | EPOCH 61 train_loss=0.385455
2026-08-27 10:24:38,697 | EPOCH 62 train_loss=0.383299
2026-08-27 10:24:46,360 | EPOCH 63 train_loss=0.381792
2026-08-27 10:24:54,584 | EPOCH 64 train_loss=0.380719
2026-08-27 10:25:03,532 | EPOCH 65 train_loss=0.379790
2026-08-27 10:25:04,159 | EPOCH 65 VAL loss=0.394980 acc=0.8603 pre=0.8615 rec=0.8614 f1=0.8599 BEST
2026-08-27 10:25:12,482 | EPOCH 66 train_loss=0.377053
2026-08-27 10:25:20,134 | EPOCH 67 train_loss=0.374458
2026-08-27 10:25:28,554 | EPOCH 68 train_loss=0.373708
2026-08-27 10:25:36,346 | EPOCH 69 train_loss=0.372242
2026-08-27 10:25:44,379 | EPOCH 70 train_loss=0.370819
2026-08-27 10:25:44,981 | EPOCH 70 VAL loss=0.382240 acc=0.8677 pre=0.8675 rec=0.8687 f1=0.8670 BEST
2026-08-27 10:25:53,690 | EPOCH 71 train_loss=0.368944
2026-08-27 10:26:01,127 | EPOCH 72 train_loss=0.368306
2026-08-27 10:26:08,966 | EPOCH 73 train_loss=0.365446
2026-08-27 10:26:17,082 | EPOCH 74 train_loss=0.364612
2026-08-27 10:26:24,385 | EPOCH 75 train_loss=0.362771
2026-08-27 10:26:25,074 | EPOCH 75 VAL loss=0.383226 acc=0.8633 pre=0.8653 rec=0.8640 f1=0.8603
2026-08-27 10:26:32,328 | EPOCH 76 train_loss=0.362015
2026-08-27 10:26:40,435 | EPOCH 77 train_loss=0.359954
2026-08-27 10:26:47,713 | EPOCH 78 train_loss=0.359329
2026-08-27 10:26:55,345 | EPOCH 79 train_loss=0.356973
2026-08-27 10:27:02,805 | EPOCH 80 train_loss=0.356652
2026-08-27 10:27:03,462 | EPOCH 80 VAL loss=0.380257 acc=0.8667 pre=0.8677 rec=0.8686 f1=0.8672 BEST
2026-08-27 10:27:11,515 | EPOCH 81 train_loss=0.355259
2026-08-27 10:27:18,863 | EPOCH 82 train_loss=0.352691
2026-08-27 10:27:26,374 | EPOCH 83 train_loss=0.351855
2026-08-27 10:27:34,538 | EPOCH 84 train_loss=0.350276
2026-08-27 10:27:42,786 | EPOCH 85 train_loss=0.349191
2026-08-27 10:27:43,426 | EPOCH 85 VAL loss=0.367749 acc=0.8743 pre=0.8743 rec=0.8753 f1=0.8741 BEST
2026-08-27 10:27:51,404 | EPOCH 86 train_loss=0.348856
2026-08-27 10:27:58,749 | EPOCH 87 train_loss=0.346875
2026-08-27 10:28:06,589 | EPOCH 88 train_loss=0.346207
2026-08-27 10:28:13,910 | EPOCH 89 train_loss=0.345833
2026-08-27 10:28:22,290 | EPOCH 90 train_loss=0.344176
2026-08-27 10:28:22,977 | EPOCH 90 VAL loss=0.384976 acc=0.8590 pre=0.8677 rec=0.8598 f1=0.8613
2026-08-27 10:28:30,914 | EPOCH 91 train_loss=0.340950
2026-08-27 10:28:38,090 | EPOCH 92 train_loss=0.340631
2026-08-27 10:28:46,518 | EPOCH 93 train_loss=0.339739
2026-08-27 10:28:54,018 | EPOCH 94 train_loss=0.338627
2026-08-27 10:29:01,298 | EPOCH 95 train_loss=0.337522
2026-08-27 10:29:01,927 | EPOCH 95 VAL loss=0.351218 acc=0.8772 pre=0.8771 rec=0.8780 f1=0.8773 BEST
2026-08-27 10:29:10,731 | EPOCH 96 train_loss=0.338486
2026-08-27 10:29:18,088 | EPOCH 97 train_loss=0.335441
2026-08-27 10:29:25,438 | EPOCH 98 train_loss=0.334755
2026-08-27 10:29:33,392 | EPOCH 99 train_loss=0.332594
2026-08-27 10:29:40,786 | EPOCH 100 train_loss=0.332237
2026-08-27 10:29:41,531 | EPOCH 100 VAL loss=0.351567 acc=0.8767 pre=0.8777 rec=0.8770 f1=0.8754
2026-08-27 10:29:48,805 | EPOCH 101 train_loss=0.331789
2026-08-27 10:29:57,217 | EPOCH 102 train_loss=0.329733
2026-08-27 10:30:04,654 | EPOCH 103 train_loss=0.330215
2026-08-27 10:30:12,401 | EPOCH 104 train_loss=0.328484
2026-08-27 10:30:20,371 | EPOCH 105 train_loss=0.327231
2026-08-27 10:30:20,985 | EPOCH 105 VAL loss=0.372510 acc=0.8668 pre=0.8726 rec=0.8675 f1=0.8633
2026-08-27 10:30:28,536 | EPOCH 106 train_loss=0.326552
2026-08-27 10:30:36,471 | EPOCH 107 train_loss=0.325354
2026-08-27 10:30:44,754 | EPOCH 108 train_loss=0.325257
2026-08-27 10:30:52,181 | EPOCH 109 train_loss=0.323452
2026-08-27 10:30:59,515 | EPOCH 110 train_loss=0.322243
2026-08-27 10:31:00,162 | EPOCH 110 VAL loss=0.362148 acc=0.8737 pre=0.8769 rec=0.8743 f1=0.8701
2026-08-27 10:31:07,641 | EPOCH 111 train_loss=0.323235
2026-08-27 10:31:15,138 | EPOCH 112 train_loss=0.321769
2026-08-27 10:31:22,758 | EPOCH 113 train_loss=0.320094
2026-08-27 10:31:30,235 | EPOCH 114 train_loss=0.318881
2026-08-27 10:31:38,644 | EPOCH 115 train_loss=0.318104
2026-08-27 10:31:39,304 | EPOCH 115 VAL loss=0.361801 acc=0.8732 pre=0.8762 rec=0.8744 f1=0.8696
2026-08-27 10:31:46,667 | EPOCH 116 train_loss=0.316769
2026-08-27 10:31:54,212 | EPOCH 117 train_loss=0.316785
2026-08-27 10:32:02,327 | EPOCH 118 train_loss=0.314981
2026-08-27 10:32:10,823 | EPOCH 119 train_loss=0.314460
2026-08-27 10:32:17,891 | EPOCH 120 train_loss=0.313264
2026-08-27 10:32:18,566 | EPOCH 120 VAL loss=0.334306 acc=0.8833 pre=0.8839 rec=0.8837 f1=0.8822 BEST
2026-08-27 10:32:26,442 | EPOCH 121 train_loss=0.312791
2026-08-27 10:32:34,632 | EPOCH 122 train_loss=0.311798
2026-08-27 10:32:41,785 | EPOCH 123 train_loss=0.311462
2026-08-27 10:32:50,217 | EPOCH 124 train_loss=0.309942
2026-08-27 10:32:57,396 | EPOCH 125 train_loss=0.309284
2026-08-27 10:32:58,027 | EPOCH 125 VAL loss=0.339693 acc=0.8817 pre=0.8863 rec=0.8830 f1=0.8835
2026-08-27 10:33:05,331 | EPOCH 126 train_loss=0.308592
2026-08-27 10:33:13,134 | EPOCH 127 train_loss=0.307857
2026-08-27 10:33:20,376 | EPOCH 128 train_loss=0.306756
2026-08-27 10:33:28,376 | EPOCH 129 train_loss=0.305526
2026-08-27 10:33:35,435 | EPOCH 130 train_loss=0.305100
2026-08-27 10:33:36,142 | EPOCH 130 VAL loss=0.332745 acc=0.8828 pre=0.8854 rec=0.8848 f1=0.8842 BEST
2026-08-27 10:33:43,631 | EPOCH 131 train_loss=0.304781
2026-08-27 10:33:50,991 | EPOCH 132 train_loss=0.302852
2026-08-27 10:33:59,007 | EPOCH 133 train_loss=0.302963
2026-08-27 10:34:06,427 | EPOCH 134 train_loss=0.301227
2026-08-27 10:34:14,048 | EPOCH 135 train_loss=0.301566
2026-08-27 10:34:14,796 | EPOCH 135 VAL loss=0.338315 acc=0.8815 pre=0.8837 rec=0.8821 f1=0.8780
2026-08-27 10:34:22,041 | EPOCH 136 train_loss=0.299558
2026-08-27 10:34:29,619 | EPOCH 137 train_loss=0.299299
2026-08-27 10:34:37,620 | EPOCH 138 train_loss=0.297344
2026-08-27 10:34:44,717 | EPOCH 139 train_loss=0.296870
2026-08-27 10:34:52,791 | EPOCH 140 train_loss=0.295879
2026-08-27 10:34:53,400 | EPOCH 140 VAL loss=0.333186 acc=0.8823 pre=0.8852 rec=0.8826 f1=0.8798
2026-08-27 10:35:01,573 | EPOCH 141 train_loss=0.295564
2026-08-27 10:35:08,939 | EPOCH 142 train_loss=0.295167
2026-08-27 10:35:17,048 | EPOCH 143 train_loss=0.294022
2026-08-27 10:35:25,254 | EPOCH 144 train_loss=0.294611
2026-08-27 10:35:32,637 | EPOCH 145 train_loss=0.292853
2026-08-27 10:35:33,278 | EPOCH 145 VAL loss=0.324179 acc=0.8883 pre=0.8883 rec=0.8898 f1=0.8880 BEST
2026-08-27 10:35:41,804 | EPOCH 146 train_loss=0.292704
2026-08-27 10:35:49,965 | EPOCH 147 train_loss=0.290918
2026-08-27 10:35:57,033 | EPOCH 148 train_loss=0.290560
2026-08-27 10:36:05,341 | EPOCH 149 train_loss=0.289839
2026-08-27 10:36:13,462 | EPOCH 150 train_loss=0.289485
2026-08-27 10:36:14,154 | EPOCH 150 VAL loss=0.319399 acc=0.8870 pre=0.8885 rec=0.8876 f1=0.8860 BEST
2026-08-27 10:36:14,517 | DONE best_epoch=150 best_val_loss=0.319399 early_stop=False time=1195.33s
