2026-08-27 05:39:43,226 | START cnn_adadelta_lr0.1_s2026 opt=adadelta lr=0.1 seed=2026 device=cuda epochs=150
2026-08-27 05:39:51,585 | EPOCH 1 train_loss=0.787858
2026-08-27 05:39:59,557 | EPOCH 2 train_loss=0.508447
2026-08-27 05:40:07,849 | EPOCH 3 train_loss=0.429538
2026-08-27 05:40:15,828 | EPOCH 4 train_loss=0.385421
2026-08-27 05:40:23,996 | EPOCH 5 train_loss=0.354543
2026-08-27 05:40:24,667 | EPOCH 5 VAL loss=0.356758 acc=0.8745 pre=0.8735 rec=0.8755 f1=0.8724 BEST
2026-08-27 05:40:33,568 | EPOCH 6 train_loss=0.331503
2026-08-27 05:40:41,592 | EPOCH 7 train_loss=0.312848
2026-08-27 05:40:49,511 | EPOCH 8 train_loss=0.299235
2026-08-27 05:40:58,164 | EPOCH 9 train_loss=0.285977
2026-08-27 05:41:06,355 | EPOCH 10 train_loss=0.274877
2026-08-27 05:41:07,040 | EPOCH 10 VAL loss=0.309991 acc=0.8880 pre=0.8922 rec=0.8888 f1=0.8871 BEST
2026-08-27 05:41:15,635 | EPOCH 11 train_loss=0.265261
2026-08-27 05:41:23,518 | EPOCH 12 train_loss=0.255799
2026-08-27 05:41:31,765 | EPOCH 13 train_loss=0.249687
2026-08-27 05:41:40,231 | EPOCH 14 train_loss=0.241359
2026-08-27 05:41:48,565 | EPOCH 15 train_loss=0.234506
2026-08-27 05:41:49,277 | EPOCH 15 VAL loss=0.261112 acc=0.9032 pre=0.9060 rec=0.9044 f1=0.9047 BEST
2026-08-27 05:41:57,875 | EPOCH 16 train_loss=0.228703
2026-08-27 05:42:06,417 | EPOCH 17 train_loss=0.222189
2026-08-27 05:42:14,884 | EPOCH 18 train_loss=0.217018
2026-08-27 05:42:23,035 | EPOCH 19 train_loss=0.211135
2026-08-27 05:42:31,778 | EPOCH 20 train_loss=0.206360
2026-08-27 05:42:32,548 | EPOCH 20 VAL loss=0.258577 acc=0.9043 pre=0.9046 rec=0.9050 f1=0.9028 BEST
2026-08-27 05:42:41,005 | EPOCH 21 train_loss=0.201181
2026-08-27 05:42:49,607 | EPOCH 22 train_loss=0.195893
2026-08-27 05:42:57,666 | EPOCH 23 train_loss=0.191187
2026-08-27 05:43:06,590 | EPOCH 24 train_loss=0.188046
2026-08-27 05:43:15,188 | EPOCH 25 train_loss=0.183150
2026-08-27 05:43:15,844 | EPOCH 25 VAL loss=0.252807 acc=0.9093 pre=0.9132 rec=0.9098 f1=0.9089 BEST
2026-08-27 05:43:24,812 | EPOCH 26 train_loss=0.178992
2026-08-27 05:43:32,862 | EPOCH 27 train_loss=0.173833
2026-08-27 05:43:40,952 | EPOCH 28 train_loss=0.170853
2026-08-27 05:43:49,439 | EPOCH 29 train_loss=0.167296
2026-08-27 05:43:57,511 | EPOCH 30 train_loss=0.163856
2026-08-27 05:43:58,202 | EPOCH 30 VAL loss=0.236730 acc=0.9148 pre=0.9158 rec=0.9153 f1=0.9146 BEST
2026-08-27 05:44:06,884 | EPOCH 31 train_loss=0.159549
2026-08-27 05:44:16,109 | EPOCH 32 train_loss=0.155855
2026-08-27 05:44:24,386 | EPOCH 33 train_loss=0.152219
2026-08-27 05:44:33,498 | EPOCH 34 train_loss=0.149147
2026-08-27 05:44:41,504 | EPOCH 35 train_loss=0.145461
2026-08-27 05:44:42,178 | EPOCH 35 VAL loss=0.229423 acc=0.9183 pre=0.9190 rec=0.9189 f1=0.9188 BEST
2026-08-27 05:44:50,974 | EPOCH 36 train_loss=0.142156
2026-08-27 05:44:59,350 | EPOCH 37 train_loss=0.138940
2026-08-27 05:45:07,881 | EPOCH 38 train_loss=0.136809
2026-08-27 05:45:15,950 | EPOCH 39 train_loss=0.132758
2026-08-27 05:45:24,558 | EPOCH 40 train_loss=0.129351
2026-08-27 05:45:25,205 | EPOCH 40 VAL loss=0.256089 acc=0.9070 pre=0.9097 rec=0.9082 f1=0.9078
2026-08-27 05:45:33,873 | EPOCH 41 train_loss=0.126996
2026-08-27 05:45:42,016 | EPOCH 42 train_loss=0.123699
2026-08-27 05:45:50,553 | EPOCH 43 train_loss=0.121849
2026-08-27 05:45:58,880 | EPOCH 44 train_loss=0.117997
2026-08-27 05:46:07,027 | EPOCH 45 train_loss=0.115348
2026-08-27 05:46:07,688 | EPOCH 45 VAL loss=0.241751 acc=0.9188 pre=0.9195 rec=0.9198 f1=0.9196
2026-08-27 05:46:15,635 | EPOCH 46 train_loss=0.113800
2026-08-27 05:46:24,025 | EPOCH 47 train_loss=0.109918
2026-08-27 05:46:32,329 | EPOCH 48 train_loss=0.107676
2026-08-27 05:46:40,487 | EPOCH 49 train_loss=0.104243
2026-08-27 05:46:48,664 | EPOCH 50 train_loss=0.102075
2026-08-27 05:46:49,294 | EPOCH 50 VAL loss=0.248199 acc=0.9173 pre=0.9184 rec=0.9178 f1=0.9179
2026-08-27 05:46:57,693 | EPOCH 51 train_loss=0.099879
2026-08-27 05:47:06,492 | EPOCH 52 train_loss=0.098002
2026-08-27 05:47:14,899 | EPOCH 53 train_loss=0.095444
2026-08-27 05:47:23,731 | EPOCH 54 train_loss=0.092526
2026-08-27 05:47:32,038 | EPOCH 55 train_loss=0.090869
2026-08-27 05:47:32,677 | EPOCH 55 VAL loss=0.268536 acc=0.9180 pre=0.9196 rec=0.9194 f1=0.9192
2026-08-27 05:47:40,996 | EPOCH 56 train_loss=0.088114
2026-08-27 05:47:49,085 | EPOCH 57 train_loss=0.085635
2026-08-27 05:47:57,376 | EPOCH 58 train_loss=0.084411
2026-08-27 05:48:05,876 | EPOCH 59 train_loss=0.081135
2026-08-27 05:48:14,091 | EPOCH 60 train_loss=0.079379
2026-08-27 05:48:14,731 | EPOCH 60 VAL loss=0.285695 acc=0.9158 pre=0.9194 rec=0.9159 f1=0.9156
2026-08-27 05:48:22,772 | EPOCH 61 train_loss=0.077107
2026-08-27 05:48:31,273 | EPOCH 62 train_loss=0.075108
2026-08-27 05:48:39,459 | EPOCH 63 train_loss=0.074139
2026-08-27 05:48:47,915 | EPOCH 64 train_loss=0.071010
2026-08-27 05:48:55,902 | EPOCH 65 train_loss=0.069749
2026-08-27 05:48:56,600 | EPOCH 65 VAL loss=0.278055 acc=0.9187 pre=0.9197 rec=0.9200 f1=0.9196
2026-08-27 05:48:56,609 | DONE best_epoch=35 best_val_loss=0.229423 early_stop=True time=552.59s
