2026-08-27 13:21:31,256 | START cnn_rmsprop_lr0.0005_s2026 opt=rmsprop lr=0.0005 seed=2026 device=cuda epochs=150
2026-08-27 13:21:39,444 | EPOCH 1 train_loss=0.527180
2026-08-27 13:21:48,604 | EPOCH 2 train_loss=0.367204
2026-08-27 13:21:57,283 | EPOCH 3 train_loss=0.321626
2026-08-27 13:22:05,558 | EPOCH 4 train_loss=0.292402
2026-08-27 13:22:14,152 | EPOCH 5 train_loss=0.268897
2026-08-27 13:22:14,861 | EPOCH 5 VAL loss=0.275660 acc=0.9000 pre=0.8997 rec=0.9013 f1=0.9001 BEST
2026-08-27 13:22:24,383 | EPOCH 6 train_loss=0.251113
2026-08-27 13:22:32,562 | EPOCH 7 train_loss=0.235227
2026-08-27 13:22:40,933 | EPOCH 8 train_loss=0.222380
2026-08-27 13:22:49,844 | EPOCH 9 train_loss=0.209215
2026-08-27 13:22:58,892 | EPOCH 10 train_loss=0.198626
2026-08-27 13:22:59,992 | EPOCH 10 VAL loss=0.247133 acc=0.9073 pre=0.9106 rec=0.9080 f1=0.9073 BEST
2026-08-27 13:23:08,358 | EPOCH 11 train_loss=0.188071
2026-08-27 13:23:17,381 | EPOCH 12 train_loss=0.178714
2026-08-27 13:23:26,328 | EPOCH 13 train_loss=0.170854
2026-08-27 13:23:34,798 | EPOCH 14 train_loss=0.161593
2026-08-27 13:23:42,936 | EPOCH 15 train_loss=0.153248
2026-08-27 13:23:43,620 | EPOCH 15 VAL loss=0.229680 acc=0.9158 pre=0.9185 rec=0.9173 f1=0.9174 BEST
2026-08-27 13:23:52,315 | EPOCH 16 train_loss=0.147442
2026-08-27 13:24:00,615 | EPOCH 17 train_loss=0.138794
2026-08-27 13:24:09,348 | EPOCH 18 train_loss=0.131955
2026-08-27 13:24:18,768 | EPOCH 19 train_loss=0.125394
2026-08-27 13:24:27,240 | EPOCH 20 train_loss=0.118253
2026-08-27 13:24:27,963 | EPOCH 20 VAL loss=0.244940 acc=0.9173 pre=0.9186 rec=0.9178 f1=0.9167
2026-08-27 13:24:35,926 | EPOCH 21 train_loss=0.112269
2026-08-27 13:24:45,515 | EPOCH 22 train_loss=0.105589
2026-08-27 13:24:54,642 | EPOCH 23 train_loss=0.099974
2026-08-27 13:25:02,967 | EPOCH 24 train_loss=0.095092
2026-08-27 13:25:11,668 | EPOCH 25 train_loss=0.089901
2026-08-27 13:25:12,379 | EPOCH 25 VAL loss=0.279232 acc=0.9165 pre=0.9191 rec=0.9169 f1=0.9164
2026-08-27 13:25:21,455 | EPOCH 26 train_loss=0.084187
2026-08-27 13:25:30,369 | EPOCH 27 train_loss=0.078967
2026-08-27 13:25:38,771 | EPOCH 28 train_loss=0.075119
2026-08-27 13:25:47,190 | EPOCH 29 train_loss=0.070171
2026-08-27 13:25:56,381 | EPOCH 30 train_loss=0.065126
2026-08-27 13:25:57,155 | EPOCH 30 VAL loss=0.311611 acc=0.9167 pre=0.9178 rec=0.9172 f1=0.9166
2026-08-27 13:26:05,680 | EPOCH 31 train_loss=0.061077
2026-08-27 13:26:14,829 | EPOCH 32 train_loss=0.057873
2026-08-27 13:26:23,976 | EPOCH 33 train_loss=0.053185
2026-08-27 13:26:33,098 | EPOCH 34 train_loss=0.050188
2026-08-27 13:26:41,525 | EPOCH 35 train_loss=0.046780
2026-08-27 13:26:42,257 | EPOCH 35 VAL loss=0.374341 acc=0.9080 pre=0.9117 rec=0.9089 f1=0.9096
2026-08-27 13:26:51,785 | EPOCH 36 train_loss=0.043547
2026-08-27 13:27:01,531 | EPOCH 37 train_loss=0.040705
2026-08-27 13:27:10,493 | EPOCH 38 train_loss=0.038623
2026-08-27 13:27:18,863 | EPOCH 39 train_loss=0.036054
2026-08-27 13:27:28,378 | EPOCH 40 train_loss=0.032445
2026-08-27 13:27:29,086 | EPOCH 40 VAL loss=0.425788 acc=0.9078 pre=0.9105 rec=0.9086 f1=0.9091
2026-08-27 13:27:38,762 | EPOCH 41 train_loss=0.030939
2026-08-27 13:27:47,255 | EPOCH 42 train_loss=0.028938
2026-08-27 13:27:56,531 | EPOCH 43 train_loss=0.027060
2026-08-27 13:28:05,680 | EPOCH 44 train_loss=0.026489
2026-08-27 13:28:14,518 | EPOCH 45 train_loss=0.023068
2026-08-27 13:28:15,253 | EPOCH 45 VAL loss=0.469168 acc=0.9127 pre=0.9128 rec=0.9135 f1=0.9128
2026-08-27 13:28:15,260 | DONE best_epoch=15 best_val_loss=0.22968 early_stop=True time=403.18s
