2026-08-27 05:05:36,885 | START mlp_adadelta_lr1.0_s2026 opt=adadelta lr=1.0 seed=2026 device=cuda epochs=150
2026-08-27 05:05:44,076 | EPOCH 1 train_loss=0.575082
2026-08-27 05:05:50,705 | EPOCH 2 train_loss=0.402828
2026-08-27 05:05:57,535 | EPOCH 3 train_loss=0.354579
2026-08-27 05:06:04,261 | EPOCH 4 train_loss=0.330992
2026-08-27 05:06:11,135 | EPOCH 5 train_loss=0.313430
2026-08-27 05:06:11,701 | EPOCH 5 VAL loss=0.362359 acc=0.8698 pre=0.8706 rec=0.8710 f1=0.8701 BEST
2026-08-27 05:06:18,815 | EPOCH 6 train_loss=0.297660
2026-08-27 05:06:25,833 | EPOCH 7 train_loss=0.286344
2026-08-27 05:06:32,915 | EPOCH 8 train_loss=0.281929
2026-08-27 05:06:39,670 | EPOCH 9 train_loss=0.274326
2026-08-27 05:06:46,638 | EPOCH 10 train_loss=0.267539
2026-08-27 05:06:47,040 | INTERRUPTED epoch=9 batch=843
2026-08-27 11:13:23,498 | START mlp_adadelta_lr1.0_s2026 opt=adadelta lr=1.0 seed=2026 device=cuda epochs=150
2026-08-27 11:13:30,697 | EPOCH 1 train_loss=0.575082
2026-08-27 11:13:37,421 | EPOCH 2 train_loss=0.402828
2026-08-27 11:13:44,224 | EPOCH 3 train_loss=0.354579
2026-08-27 11:13:51,572 | EPOCH 4 train_loss=0.330992
2026-08-27 11:13:58,468 | EPOCH 5 train_loss=0.313430
2026-08-27 11:13:59,053 | EPOCH 5 VAL loss=0.362359 acc=0.8698 pre=0.8706 rec=0.8710 f1=0.8701 BEST
2026-08-27 11:14:06,361 | EPOCH 6 train_loss=0.297660
2026-08-27 11:14:13,427 | EPOCH 7 train_loss=0.286344
2026-08-27 11:14:20,298 | EPOCH 8 train_loss=0.281929
2026-08-27 11:14:27,078 | EPOCH 9 train_loss=0.274326
2026-08-27 11:14:34,033 | EPOCH 10 train_loss=0.267539
2026-08-27 11:14:34,647 | EPOCH 10 VAL loss=0.362207 acc=0.8675 pre=0.8731 rec=0.8683 f1=0.8680 BEST
2026-08-27 11:14:42,032 | EPOCH 11 train_loss=0.261523
2026-08-27 11:14:49,127 | EPOCH 12 train_loss=0.253831
2026-08-27 11:14:56,072 | EPOCH 13 train_loss=0.249917
2026-08-27 11:15:02,888 | EPOCH 14 train_loss=0.245562
2026-08-27 11:15:10,128 | EPOCH 15 train_loss=0.239750
2026-08-27 11:15:10,708 | EPOCH 15 VAL loss=0.360835 acc=0.8838 pre=0.8863 rec=0.8852 f1=0.8851 BEST
2026-08-27 11:15:17,889 | EPOCH 16 train_loss=0.235022
2026-08-27 11:15:24,793 | EPOCH 17 train_loss=0.233104
2026-08-27 11:15:31,516 | EPOCH 18 train_loss=0.227640
2026-08-27 11:15:38,237 | EPOCH 19 train_loss=0.224531
2026-08-27 11:15:45,187 | EPOCH 20 train_loss=0.221717
2026-08-27 11:15:45,766 | EPOCH 20 VAL loss=0.435055 acc=0.8815 pre=0.8826 rec=0.8820 f1=0.8797
2026-08-27 11:15:52,529 | EPOCH 21 train_loss=0.218008
2026-08-27 11:15:59,440 | EPOCH 22 train_loss=0.216188
2026-08-27 11:16:06,177 | EPOCH 23 train_loss=0.209723
2026-08-27 11:16:13,162 | EPOCH 24 train_loss=0.207725
2026-08-27 11:16:20,050 | EPOCH 25 train_loss=0.206269
2026-08-27 11:16:20,636 | EPOCH 25 VAL loss=0.491579 acc=0.8792 pre=0.8854 rec=0.8796 f1=0.8783
2026-08-27 11:16:27,427 | EPOCH 26 train_loss=0.205049
2026-08-27 11:16:34,373 | EPOCH 27 train_loss=0.201242
2026-08-27 11:16:41,666 | EPOCH 28 train_loss=0.198088
2026-08-27 11:16:48,516 | EPOCH 29 train_loss=0.196263
2026-08-27 11:16:55,374 | EPOCH 30 train_loss=0.193562
2026-08-27 11:16:56,083 | EPOCH 30 VAL loss=0.522901 acc=0.8850 pre=0.8875 rec=0.8855 f1=0.8848
2026-08-27 11:17:03,105 | EPOCH 31 train_loss=0.189658
2026-08-27 11:17:10,133 | EPOCH 32 train_loss=0.187917
2026-08-27 11:17:16,911 | EPOCH 33 train_loss=0.187908
2026-08-27 11:17:23,779 | EPOCH 34 train_loss=0.183767
2026-08-27 11:17:30,627 | EPOCH 35 train_loss=0.182364
2026-08-27 11:17:31,223 | EPOCH 35 VAL loss=0.573702 acc=0.8887 pre=0.8900 rec=0.8899 f1=0.8888
2026-08-27 11:17:37,977 | EPOCH 36 train_loss=0.182739
2026-08-27 11:17:44,759 | EPOCH 37 train_loss=0.176058
2026-08-27 11:17:51,689 | EPOCH 38 train_loss=0.173622
2026-08-27 11:17:58,617 | EPOCH 39 train_loss=0.173511
2026-08-27 11:18:05,472 | EPOCH 40 train_loss=0.173397
2026-08-27 11:18:06,094 | EPOCH 40 VAL loss=0.574808 acc=0.8907 pre=0.8920 rec=0.8919 f1=0.8914
2026-08-27 11:18:13,012 | EPOCH 41 train_loss=0.170895
2026-08-27 11:18:20,214 | EPOCH 42 train_loss=0.171392
2026-08-27 11:18:26,997 | EPOCH 43 train_loss=0.165830
2026-08-27 11:18:34,030 | EPOCH 44 train_loss=0.163276
2026-08-27 11:18:40,944 | EPOCH 45 train_loss=0.164180
2026-08-27 11:18:41,536 | EPOCH 45 VAL loss=0.648123 acc=0.8862 pre=0.8876 rec=0.8876 f1=0.8868
2026-08-27 11:18:41,544 | DONE best_epoch=15 best_val_loss=0.360835 early_stop=True time=317.36s
