2026-08-27 05:16:40,531 | START mlp_adadelta_lr0.1_s42 opt=adadelta lr=0.1 seed=42 device=cuda epochs=150
2026-08-27 05:16:47,692 | EPOCH 1 train_loss=0.780385
2026-08-27 05:16:55,122 | EPOCH 2 train_loss=0.489982
2026-08-27 05:17:02,108 | EPOCH 3 train_loss=0.439249
2026-08-27 05:17:09,772 | EPOCH 4 train_loss=0.408957
2026-08-27 05:17:17,079 | EPOCH 5 train_loss=0.386340
2026-08-27 05:17:17,666 | EPOCH 5 VAL loss=0.401589 acc=0.8543 pre=0.8590 rec=0.8543 f1=0.8532 BEST
2026-08-27 05:17:24,810 | EPOCH 6 train_loss=0.367501
2026-08-27 05:17:32,256 | EPOCH 7 train_loss=0.351269
2026-08-27 05:17:39,047 | EPOCH 8 train_loss=0.338071
2026-08-27 05:17:46,219 | EPOCH 9 train_loss=0.324626
2026-08-27 05:17:53,494 | EPOCH 10 train_loss=0.314301
2026-08-27 05:17:54,100 | EPOCH 10 VAL loss=0.376484 acc=0.8648 pre=0.8697 rec=0.8663 f1=0.8653 BEST
2026-08-27 05:18:01,593 | EPOCH 11 train_loss=0.304567
2026-08-27 05:18:08,683 | EPOCH 12 train_loss=0.296430
2026-08-27 05:18:15,861 | EPOCH 13 train_loss=0.287832
2026-08-27 05:18:23,089 | EPOCH 14 train_loss=0.281347
2026-08-27 05:18:30,334 | EPOCH 15 train_loss=0.273700
2026-08-27 05:18:30,942 | EPOCH 15 VAL loss=0.348004 acc=0.8735 pre=0.8762 rec=0.8749 f1=0.8715 BEST
2026-08-27 05:18:38,118 | EPOCH 16 train_loss=0.267615
2026-08-27 05:18:45,133 | EPOCH 17 train_loss=0.261357
2026-08-27 05:18:52,603 | EPOCH 18 train_loss=0.254010
2026-08-27 05:18:59,369 | EPOCH 19 train_loss=0.249380
2026-08-27 05:19:06,791 | EPOCH 20 train_loss=0.243062
2026-08-27 05:19:07,383 | EPOCH 20 VAL loss=0.331236 acc=0.8807 pre=0.8819 rec=0.8822 f1=0.8796 BEST
2026-08-27 05:19:15,187 | EPOCH 21 train_loss=0.237971
2026-08-27 05:19:22,149 | EPOCH 22 train_loss=0.232403
2026-08-27 05:19:29,345 | EPOCH 23 train_loss=0.227836
2026-08-27 05:19:37,219 | EPOCH 24 train_loss=0.222978
2026-08-27 05:19:43,979 | EPOCH 25 train_loss=0.218506
2026-08-27 05:19:44,554 | EPOCH 25 VAL loss=0.303043 acc=0.8928 pre=0.8949 rec=0.8926 f1=0.8913 BEST
2026-08-27 05:19:52,134 | EPOCH 26 train_loss=0.213961
2026-08-27 05:19:59,587 | EPOCH 27 train_loss=0.210431
2026-08-27 05:20:06,585 | EPOCH 28 train_loss=0.205660
2026-08-27 05:20:14,324 | EPOCH 29 train_loss=0.200830
2026-08-27 05:20:21,352 | EPOCH 30 train_loss=0.198048
2026-08-27 05:20:22,097 | EPOCH 30 VAL loss=0.305789 acc=0.8902 pre=0.8926 rec=0.8917 f1=0.8910
2026-08-27 05:20:29,288 | EPOCH 31 train_loss=0.193079
2026-08-27 05:20:36,488 | EPOCH 32 train_loss=0.189222
2026-08-27 05:20:43,611 | EPOCH 33 train_loss=0.186369
2026-08-27 05:20:51,426 | EPOCH 34 train_loss=0.181844
2026-08-27 05:20:58,994 | EPOCH 35 train_loss=0.178693
2026-08-27 05:20:59,581 | EPOCH 35 VAL loss=0.319635 acc=0.8882 pre=0.8937 rec=0.8890 f1=0.8895
2026-08-27 05:21:06,634 | EPOCH 36 train_loss=0.174995
2026-08-27 05:21:14,363 | EPOCH 37 train_loss=0.171208
2026-08-27 05:21:21,160 | EPOCH 38 train_loss=0.167964
2026-08-27 05:21:28,028 | EPOCH 39 train_loss=0.164132
2026-08-27 05:21:35,045 | EPOCH 40 train_loss=0.161586
2026-08-27 05:21:35,602 | EPOCH 40 VAL loss=0.310525 acc=0.8923 pre=0.8941 rec=0.8924 f1=0.8921
2026-08-27 05:21:42,302 | EPOCH 41 train_loss=0.159259
2026-08-27 05:21:49,779 | EPOCH 42 train_loss=0.154870
2026-08-27 05:21:57,109 | EPOCH 43 train_loss=0.152199
2026-08-27 05:22:04,012 | EPOCH 44 train_loss=0.150951
2026-08-27 05:22:11,385 | EPOCH 45 train_loss=0.146774
2026-08-27 05:22:12,001 | EPOCH 45 VAL loss=0.347411 acc=0.8908 pre=0.8924 rec=0.8919 f1=0.8876
2026-08-27 05:22:19,348 | EPOCH 46 train_loss=0.144480
2026-08-27 05:22:26,239 | EPOCH 47 train_loss=0.140701
2026-08-27 05:22:33,178 | EPOCH 48 train_loss=0.138398
2026-08-27 05:22:40,115 | EPOCH 49 train_loss=0.135474
2026-08-27 05:22:47,530 | EPOCH 50 train_loss=0.132800
2026-08-27 05:22:48,129 | EPOCH 50 VAL loss=0.324151 acc=0.8903 pre=0.8946 rec=0.8922 f1=0.8924
2026-08-27 05:22:55,790 | EPOCH 51 train_loss=0.130261
2026-08-27 05:23:02,780 | EPOCH 52 train_loss=0.127357
2026-08-27 05:23:10,087 | EPOCH 53 train_loss=0.125360
2026-08-27 05:23:17,601 | EPOCH 54 train_loss=0.122847
2026-08-27 05:23:24,824 | EPOCH 55 train_loss=0.120034
2026-08-27 05:23:25,415 | EPOCH 55 VAL loss=0.354985 acc=0.8885 pre=0.8955 rec=0.8904 f1=0.8907
2026-08-27 05:23:25,423 | DONE best_epoch=25 best_val_loss=0.303043 early_stop=True time=404.21s
