2026-08-27 08:29:39,059 | START cnn_rmsprop_lr0.001_s42 opt=rmsprop lr=0.001 seed=42 device=cuda epochs=150
2026-08-27 08:29:47,052 | EPOCH 1 train_loss=0.480979
2026-08-27 08:29:55,087 | EPOCH 2 train_loss=0.318570
2026-08-27 08:30:03,208 | EPOCH 3 train_loss=0.274742
2026-08-27 08:30:10,927 | EPOCH 4 train_loss=0.248000
2026-08-27 08:30:18,692 | EPOCH 5 train_loss=0.227174
2026-08-27 08:30:19,348 | EPOCH 5 VAL loss=0.249829 acc=0.9060 pre=0.9082 rec=0.9065 f1=0.9058 BEST
2026-08-27 08:30:27,504 | EPOCH 6 train_loss=0.210504
2026-08-27 08:30:35,399 | EPOCH 7 train_loss=0.194027
2026-08-27 08:30:43,222 | EPOCH 8 train_loss=0.180237
2026-08-27 08:30:51,087 | EPOCH 9 train_loss=0.167629
2026-08-27 08:30:59,106 | EPOCH 10 train_loss=0.156254
2026-08-27 08:30:59,786 | EPOCH 10 VAL loss=0.257604 acc=0.9092 pre=0.9111 rec=0.9098 f1=0.9096
2026-08-27 08:31:07,775 | EPOCH 11 train_loss=0.143558
2026-08-27 08:31:15,758 | EPOCH 12 train_loss=0.132851
2026-08-27 08:31:23,684 | EPOCH 13 train_loss=0.122961
2026-08-27 08:31:31,602 | EPOCH 14 train_loss=0.112525
2026-08-27 08:31:39,583 | EPOCH 15 train_loss=0.102776
2026-08-27 08:31:40,226 | EPOCH 15 VAL loss=0.262167 acc=0.9128 pre=0.9134 rec=0.9141 f1=0.9131
2026-08-27 08:31:48,292 | EPOCH 16 train_loss=0.093655
2026-08-27 08:31:56,032 | EPOCH 17 train_loss=0.086690
2026-08-27 08:32:03,884 | EPOCH 18 train_loss=0.078009
2026-08-27 08:32:11,820 | EPOCH 19 train_loss=0.071042
2026-08-27 08:32:19,595 | EPOCH 20 train_loss=0.064929
2026-08-27 08:32:20,229 | EPOCH 20 VAL loss=0.310691 acc=0.9177 pre=0.9182 rec=0.9186 f1=0.9183
2026-08-27 08:32:27,997 | EPOCH 21 train_loss=0.058148
2026-08-27 08:32:35,739 | EPOCH 22 train_loss=0.053996
2026-08-27 08:32:43,649 | EPOCH 23 train_loss=0.048619
2026-08-27 08:32:51,443 | EPOCH 24 train_loss=0.044739
2026-08-27 08:32:59,190 | EPOCH 25 train_loss=0.040881
2026-08-27 08:32:59,824 | EPOCH 25 VAL loss=0.375306 acc=0.9170 pre=0.9176 rec=0.9175 f1=0.9173
2026-08-27 08:33:07,740 | EPOCH 26 train_loss=0.037226
2026-08-27 08:33:15,530 | EPOCH 27 train_loss=0.033349
2026-08-27 08:33:23,703 | EPOCH 28 train_loss=0.031920
2026-08-27 08:33:31,599 | EPOCH 29 train_loss=0.027936
2026-08-27 08:33:39,347 | EPOCH 30 train_loss=0.026735
2026-08-27 08:33:39,992 | EPOCH 30 VAL loss=0.461748 acc=0.9190 pre=0.9197 rec=0.9197 f1=0.9192
2026-08-27 08:33:48,155 | EPOCH 31 train_loss=0.025045
2026-08-27 08:33:56,097 | EPOCH 32 train_loss=0.023126
2026-08-27 08:34:03,901 | EPOCH 33 train_loss=0.022160
2026-08-27 08:34:11,741 | EPOCH 34 train_loss=0.020096
2026-08-27 08:34:19,579 | EPOCH 35 train_loss=0.019090
2026-08-27 08:34:20,233 | EPOCH 35 VAL loss=0.547872 acc=0.9145 pre=0.9164 rec=0.9156 f1=0.9156
2026-08-27 08:34:20,240 | DONE best_epoch=5 best_val_loss=0.249829 early_stop=True time=280.44s
