2026-08-27 04:47:11,098 | START mlp_sgd_lr0.001_s123 opt=sgd lr=0.001 seed=123 device=cuda epochs=150
2026-08-27 04:47:17,673 | EPOCH 1 train_loss=2.258182
2026-08-27 04:47:24,785 | EPOCH 2 train_loss=2.154848
2026-08-27 04:47:31,185 | EPOCH 3 train_loss=1.967927
2026-08-27 04:47:37,776 | EPOCH 4 train_loss=1.671951
2026-08-27 04:47:44,384 | EPOCH 5 train_loss=1.381293
2026-08-27 04:47:44,981 | EPOCH 5 VAL loss=1.276026 acc=0.6255 pre=0.5686 rec=0.6277 f1=0.5600 BEST
2026-08-27 04:47:51,927 | EPOCH 6 train_loss=1.182053
2026-08-27 04:47:58,367 | EPOCH 7 train_loss=1.052828
2026-08-27 04:48:04,914 | EPOCH 8 train_loss=0.965537
2026-08-27 04:48:11,612 | EPOCH 9 train_loss=0.903078
2026-08-27 04:48:18,173 | EPOCH 10 train_loss=0.856523
2026-08-27 04:48:18,770 | EPOCH 10 VAL loss=0.851577 acc=0.6798 pre=0.6824 rec=0.6830 f1=0.6508 BEST
2026-08-27 04:48:23,339 | INTERRUPTED epoch=10 batch=537
2026-08-27 10:39:23,573 | START mlp_sgd_lr0.001_s123 opt=sgd lr=0.001 seed=123 device=cuda epochs=150
2026-08-27 10:39:31,649 | EPOCH 1 train_loss=2.258182
2026-08-27 10:39:38,492 | EPOCH 2 train_loss=2.154848
2026-08-27 10:39:46,146 | EPOCH 3 train_loss=1.967927
2026-08-27 10:39:53,413 | EPOCH 4 train_loss=1.671951
2026-08-27 10:40:00,119 | EPOCH 5 train_loss=1.381293
2026-08-27 10:40:00,707 | EPOCH 5 VAL loss=1.276026 acc=0.6255 pre=0.5686 rec=0.6277 f1=0.5600 BEST
2026-08-27 10:40:08,640 | EPOCH 6 train_loss=1.182053
2026-08-27 10:40:15,141 | EPOCH 7 train_loss=1.052828
2026-08-27 10:40:22,266 | EPOCH 8 train_loss=0.965537
2026-08-27 10:40:29,149 | EPOCH 9 train_loss=0.903078
2026-08-27 10:40:35,751 | EPOCH 10 train_loss=0.856523
2026-08-27 10:40:36,346 | EPOCH 10 VAL loss=0.851577 acc=0.6798 pre=0.6824 rec=0.6830 f1=0.6508 BEST
2026-08-27 10:40:43,179 | EPOCH 11 train_loss=0.820003
2026-08-27 10:40:49,924 | EPOCH 12 train_loss=0.790550
2026-08-27 10:40:56,396 | EPOCH 13 train_loss=0.766016
2026-08-27 10:41:02,819 | EPOCH 14 train_loss=0.744798
2026-08-27 10:41:09,372 | EPOCH 15 train_loss=0.725847
2026-08-27 10:41:09,943 | EPOCH 15 VAL loss=0.731159 acc=0.7368 pre=0.7323 rec=0.7389 f1=0.7271 BEST
2026-08-27 10:41:17,115 | EPOCH 16 train_loss=0.709016
2026-08-27 10:41:24,007 | EPOCH 17 train_loss=0.693707
2026-08-27 10:41:30,437 | EPOCH 18 train_loss=0.679518
2026-08-27 10:41:36,909 | EPOCH 19 train_loss=0.666195
2026-08-27 10:41:43,203 | EPOCH 20 train_loss=0.653898
2026-08-27 10:41:43,815 | EPOCH 20 VAL loss=0.662580 acc=0.7650 pre=0.7589 rec=0.7667 f1=0.7579 BEST
2026-08-27 10:41:50,712 | EPOCH 21 train_loss=0.642445
2026-08-27 10:41:57,076 | EPOCH 22 train_loss=0.631788
2026-08-27 10:42:03,523 | EPOCH 23 train_loss=0.621812
2026-08-27 10:42:10,023 | EPOCH 24 train_loss=0.612436
2026-08-27 10:42:16,413 | EPOCH 25 train_loss=0.603712
2026-08-27 10:42:17,046 | EPOCH 25 VAL loss=0.615175 acc=0.7828 pre=0.7768 rec=0.7841 f1=0.7763 BEST
2026-08-27 10:42:23,971 | EPOCH 26 train_loss=0.595635
2026-08-27 10:42:30,389 | EPOCH 27 train_loss=0.587821
2026-08-27 10:42:36,804 | EPOCH 28 train_loss=0.580741
2026-08-27 10:42:43,239 | EPOCH 29 train_loss=0.574008
2026-08-27 10:42:50,068 | EPOCH 30 train_loss=0.567573
2026-08-27 10:42:50,636 | EPOCH 30 VAL loss=0.581539 acc=0.7995 pre=0.7981 rec=0.8008 f1=0.7973 BEST
2026-08-27 10:42:57,537 | EPOCH 31 train_loss=0.561438
2026-08-27 10:43:03,924 | EPOCH 32 train_loss=0.555706
2026-08-27 10:43:10,616 | EPOCH 33 train_loss=0.550232
2026-08-27 10:43:17,055 | EPOCH 34 train_loss=0.544885
2026-08-27 10:43:23,812 | EPOCH 35 train_loss=0.540204
2026-08-27 10:43:24,395 | EPOCH 35 VAL loss=0.555129 acc=0.8102 pre=0.8077 rec=0.8107 f1=0.8066 BEST
2026-08-27 10:43:31,217 | EPOCH 36 train_loss=0.535347
2026-08-27 10:43:37,806 | EPOCH 37 train_loss=0.531110
2026-08-27 10:43:44,278 | EPOCH 38 train_loss=0.526938
2026-08-27 10:43:50,780 | EPOCH 39 train_loss=0.522814
2026-08-27 10:43:57,212 | EPOCH 40 train_loss=0.518912
2026-08-27 10:43:57,795 | EPOCH 40 VAL loss=0.537019 acc=0.8185 pre=0.8158 rec=0.8193 f1=0.8154 BEST
2026-08-27 10:44:04,540 | EPOCH 41 train_loss=0.515180
2026-08-27 10:44:11,435 | EPOCH 42 train_loss=0.511623
2026-08-27 10:44:18,122 | EPOCH 43 train_loss=0.508132
2026-08-27 10:44:24,722 | EPOCH 44 train_loss=0.504975
2026-08-27 10:44:31,195 | EPOCH 45 train_loss=0.501590
2026-08-27 10:44:31,778 | EPOCH 45 VAL loss=0.520612 acc=0.8230 pre=0.8218 rec=0.8239 f1=0.8219 BEST
2026-08-27 10:44:38,833 | EPOCH 46 train_loss=0.498862
2026-08-27 10:44:45,373 | EPOCH 47 train_loss=0.495917
2026-08-27 10:44:52,097 | EPOCH 48 train_loss=0.493120
2026-08-27 10:44:58,513 | EPOCH 49 train_loss=0.490586
2026-08-27 10:45:04,946 | EPOCH 50 train_loss=0.488020
2026-08-27 10:45:05,517 | EPOCH 50 VAL loss=0.509697 acc=0.8247 pre=0.8231 rec=0.8253 f1=0.8235 BEST
2026-08-27 10:45:12,346 | EPOCH 51 train_loss=0.485671
2026-08-27 10:45:18,893 | EPOCH 52 train_loss=0.483250
2026-08-27 10:45:25,287 | EPOCH 53 train_loss=0.480972
2026-08-27 10:45:31,761 | EPOCH 54 train_loss=0.478746
2026-08-27 10:45:38,192 | EPOCH 55 train_loss=0.476666
2026-08-27 10:45:38,831 | EPOCH 55 VAL loss=0.501086 acc=0.8265 pre=0.8245 rec=0.8276 f1=0.8247 BEST
2026-08-27 10:45:45,566 | EPOCH 56 train_loss=0.474697
2026-08-27 10:45:52,145 | EPOCH 57 train_loss=0.472553
2026-08-27 10:45:58,768 | EPOCH 58 train_loss=0.470694
2026-08-27 10:46:05,259 | EPOCH 59 train_loss=0.468732
2026-08-27 10:46:11,934 | EPOCH 60 train_loss=0.466898
2026-08-27 10:46:12,929 | EPOCH 60 VAL loss=0.490295 acc=0.8307 pre=0.8288 rec=0.8315 f1=0.8292 BEST
2026-08-27 10:46:19,752 | EPOCH 61 train_loss=0.465087
2026-08-27 10:46:26,148 | EPOCH 62 train_loss=0.463398
2026-08-27 10:46:32,450 | EPOCH 63 train_loss=0.461769
2026-08-27 10:46:39,022 | EPOCH 64 train_loss=0.459927
2026-08-27 10:46:45,421 | EPOCH 65 train_loss=0.458440
2026-08-27 10:46:45,998 | EPOCH 65 VAL loss=0.483284 acc=0.8310 pre=0.8305 rec=0.8319 f1=0.8302 BEST
2026-08-27 10:46:53,006 | EPOCH 66 train_loss=0.456891
2026-08-27 10:46:59,446 | EPOCH 67 train_loss=0.455289
2026-08-27 10:47:05,918 | EPOCH 68 train_loss=0.453882
2026-08-27 10:47:12,277 | EPOCH 69 train_loss=0.452540
2026-08-27 10:47:18,785 | EPOCH 70 train_loss=0.450878
2026-08-27 10:47:19,373 | EPOCH 70 VAL loss=0.479977 acc=0.8315 pre=0.8300 rec=0.8320 f1=0.8294 BEST
2026-08-27 10:47:26,208 | EPOCH 71 train_loss=0.449434
2026-08-27 10:47:32,888 | EPOCH 72 train_loss=0.448242
2026-08-27 10:47:39,455 | EPOCH 73 train_loss=0.446992
2026-08-27 10:47:46,181 | EPOCH 74 train_loss=0.445600
2026-08-27 10:47:52,834 | EPOCH 75 train_loss=0.444311
2026-08-27 10:47:53,465 | EPOCH 75 VAL loss=0.468901 acc=0.8347 pre=0.8328 rec=0.8355 f1=0.8334 BEST
2026-08-27 10:48:00,246 | EPOCH 76 train_loss=0.442921
2026-08-27 10:48:06,629 | EPOCH 77 train_loss=0.441774
2026-08-27 10:48:13,286 | EPOCH 78 train_loss=0.440647
2026-08-27 10:48:19,830 | EPOCH 79 train_loss=0.439439
2026-08-27 10:48:26,367 | EPOCH 80 train_loss=0.438272
2026-08-27 10:48:26,974 | EPOCH 80 VAL loss=0.462329 acc=0.8365 pre=0.8353 rec=0.8373 f1=0.8358 BEST
2026-08-27 10:48:33,849 | EPOCH 81 train_loss=0.437036
2026-08-27 10:48:40,298 | EPOCH 82 train_loss=0.435829
2026-08-27 10:48:46,797 | EPOCH 83 train_loss=0.434778
2026-08-27 10:48:53,356 | EPOCH 84 train_loss=0.433769
2026-08-27 10:48:59,774 | EPOCH 85 train_loss=0.432752
2026-08-27 10:49:00,353 | EPOCH 85 VAL loss=0.460411 acc=0.8393 pre=0.8382 rec=0.8405 f1=0.8384 BEST
2026-08-27 10:49:07,436 | EPOCH 86 train_loss=0.431702
2026-08-27 10:49:13,903 | EPOCH 87 train_loss=0.430387
2026-08-27 10:49:20,904 | EPOCH 88 train_loss=0.429207
2026-08-27 10:49:27,431 | EPOCH 89 train_loss=0.428465
2026-08-27 10:49:33,742 | EPOCH 90 train_loss=0.427526
2026-08-27 10:49:34,370 | EPOCH 90 VAL loss=0.453762 acc=0.8417 pre=0.8399 rec=0.8424 f1=0.8401 BEST
2026-08-27 10:49:41,397 | EPOCH 91 train_loss=0.426621
2026-08-27 10:49:47,944 | EPOCH 92 train_loss=0.425835
2026-08-27 10:49:54,642 | EPOCH 93 train_loss=0.424494
2026-08-27 10:50:01,330 | EPOCH 94 train_loss=0.423710
2026-08-27 10:50:07,843 | EPOCH 95 train_loss=0.422891
2026-08-27 10:50:08,530 | EPOCH 95 VAL loss=0.449020 acc=0.8412 pre=0.8410 rec=0.8422 f1=0.8413 BEST
2026-08-27 10:50:15,493 | EPOCH 96 train_loss=0.422097
2026-08-27 10:50:21,922 | EPOCH 97 train_loss=0.421071
2026-08-27 10:50:28,476 | EPOCH 98 train_loss=0.420094
2026-08-27 10:50:35,164 | EPOCH 99 train_loss=0.419200
2026-08-27 10:50:41,844 | EPOCH 100 train_loss=0.418390
2026-08-27 10:50:42,475 | EPOCH 100 VAL loss=0.446059 acc=0.8433 pre=0.8435 rec=0.8444 f1=0.8432 BEST
2026-08-27 10:50:49,558 | EPOCH 101 train_loss=0.417494
2026-08-27 10:50:56,258 | EPOCH 102 train_loss=0.416561
2026-08-27 10:51:03,023 | EPOCH 103 train_loss=0.415799
2026-08-27 10:51:10,110 | EPOCH 104 train_loss=0.414846
2026-08-27 10:51:16,751 | EPOCH 105 train_loss=0.414148
2026-08-27 10:51:17,363 | EPOCH 105 VAL loss=0.442377 acc=0.8437 pre=0.8425 rec=0.8447 f1=0.8432 BEST
2026-08-27 10:51:24,305 | EPOCH 106 train_loss=0.413051
2026-08-27 10:51:30,927 | EPOCH 107 train_loss=0.411981
2026-08-27 10:51:37,360 | EPOCH 108 train_loss=0.411570
2026-08-27 10:51:43,836 | EPOCH 109 train_loss=0.410649
2026-08-27 10:51:50,938 | EPOCH 110 train_loss=0.410201
2026-08-27 10:51:51,554 | EPOCH 110 VAL loss=0.437630 acc=0.8468 pre=0.8449 rec=0.8476 f1=0.8452 BEST
2026-08-27 10:51:58,723 | EPOCH 111 train_loss=0.409403
2026-08-27 10:52:05,920 | EPOCH 112 train_loss=0.408271
2026-08-27 10:52:12,589 | EPOCH 113 train_loss=0.407701
2026-08-27 10:52:19,945 | EPOCH 114 train_loss=0.406877
2026-08-27 10:52:26,675 | EPOCH 115 train_loss=0.406099
2026-08-27 10:52:27,263 | EPOCH 115 VAL loss=0.434037 acc=0.8468 pre=0.8483 rec=0.8479 f1=0.8476 BEST
2026-08-27 10:52:34,217 | EPOCH 116 train_loss=0.405313
2026-08-27 10:52:40,773 | EPOCH 117 train_loss=0.404579
2026-08-27 10:52:47,521 | EPOCH 118 train_loss=0.404081
2026-08-27 10:52:54,322 | EPOCH 119 train_loss=0.403216
2026-08-27 10:53:01,008 | EPOCH 120 train_loss=0.402465
2026-08-27 10:53:01,586 | EPOCH 120 VAL loss=0.430502 acc=0.8470 pre=0.8479 rec=0.8478 f1=0.8478 BEST
2026-08-27 10:53:08,497 | EPOCH 121 train_loss=0.401658
2026-08-27 10:53:14,885 | EPOCH 122 train_loss=0.401273
2026-08-27 10:53:21,445 | EPOCH 123 train_loss=0.400355
2026-08-27 10:53:27,913 | EPOCH 124 train_loss=0.399654
2026-08-27 10:53:34,600 | EPOCH 125 train_loss=0.398836
2026-08-27 10:53:35,181 | EPOCH 125 VAL loss=0.426665 acc=0.8500 pre=0.8502 rec=0.8509 f1=0.8502 BEST
2026-08-27 10:53:42,411 | EPOCH 126 train_loss=0.397952
2026-08-27 10:53:49,263 | EPOCH 127 train_loss=0.397771
2026-08-27 10:53:55,862 | EPOCH 128 train_loss=0.396635
2026-08-27 10:54:02,328 | EPOCH 129 train_loss=0.396162
2026-08-27 10:54:08,816 | EPOCH 130 train_loss=0.395502
2026-08-27 10:54:09,775 | EPOCH 130 VAL loss=0.423927 acc=0.8492 pre=0.8482 rec=0.8502 f1=0.8487 BEST
2026-08-27 10:54:16,523 | EPOCH 131 train_loss=0.394844
2026-08-27 10:54:23,011 | EPOCH 132 train_loss=0.394159
2026-08-27 10:54:29,691 | EPOCH 133 train_loss=0.393502
2026-08-27 10:54:36,300 | EPOCH 134 train_loss=0.392788
2026-08-27 10:54:42,886 | EPOCH 135 train_loss=0.392104
2026-08-27 10:54:43,456 | EPOCH 135 VAL loss=0.421351 acc=0.8498 pre=0.8505 rec=0.8509 f1=0.8504 BEST
2026-08-27 10:54:50,657 | EPOCH 136 train_loss=0.391437
2026-08-27 10:54:57,223 | EPOCH 137 train_loss=0.390948
2026-08-27 10:55:03,745 | EPOCH 138 train_loss=0.390174
2026-08-27 10:55:10,246 | EPOCH 139 train_loss=0.389626
2026-08-27 10:55:16,571 | EPOCH 140 train_loss=0.388903
2026-08-27 10:55:17,121 | EPOCH 140 VAL loss=0.419004 acc=0.8533 pre=0.8522 rec=0.8539 f1=0.8523 BEST
2026-08-27 10:55:24,115 | EPOCH 141 train_loss=0.388071
2026-08-27 10:55:30,834 | EPOCH 142 train_loss=0.387742
2026-08-27 10:55:37,431 | EPOCH 143 train_loss=0.387093
2026-08-27 10:55:43,923 | EPOCH 144 train_loss=0.386555
2026-08-27 10:55:50,431 | EPOCH 145 train_loss=0.386004
2026-08-27 10:55:51,020 | EPOCH 145 VAL loss=0.414705 acc=0.8530 pre=0.8521 rec=0.8537 f1=0.8524 BEST
2026-08-27 10:55:57,986 | EPOCH 146 train_loss=0.385209
2026-08-27 10:56:04,437 | EPOCH 147 train_loss=0.384370
2026-08-27 10:56:11,103 | EPOCH 148 train_loss=0.383802
2026-08-27 10:56:17,829 | EPOCH 149 train_loss=0.383270
2026-08-27 10:56:24,428 | EPOCH 150 train_loss=0.382627
2026-08-27 10:56:25,056 | EPOCH 150 VAL loss=0.411485 acc=0.8548 pre=0.8546 rec=0.8556 f1=0.8549 BEST
2026-08-27 10:56:25,412 | DONE best_epoch=150 best_val_loss=0.411485 early_stop=False time=1020.77s
