2026-08-27 06:27:21,241 | START mlp_adagrad_lr0.005_s2026 opt=adagrad lr=0.005 seed=2026 device=cuda epochs=150
2026-08-27 06:27:27,781 | EPOCH 1 train_loss=0.559961
2026-08-27 06:27:34,939 | EPOCH 2 train_loss=0.426369
2026-08-27 06:27:41,710 | EPOCH 3 train_loss=0.393893
2026-08-27 06:27:48,913 | EPOCH 4 train_loss=0.374711
2026-08-27 06:27:56,478 | EPOCH 5 train_loss=0.360287
2026-08-27 06:27:57,084 | EPOCH 5 VAL loss=0.385227 acc=0.8635 pre=0.8641 rec=0.8646 f1=0.8619 BEST
2026-08-27 06:28:04,084 | EPOCH 6 train_loss=0.349085
2026-08-27 06:28:11,374 | EPOCH 7 train_loss=0.339210
2026-08-27 06:28:18,116 | EPOCH 8 train_loss=0.331566
2026-08-27 06:28:25,175 | EPOCH 9 train_loss=0.324292
2026-08-27 06:28:32,988 | EPOCH 10 train_loss=0.317911
2026-08-27 06:28:33,571 | EPOCH 10 VAL loss=0.348071 acc=0.8768 pre=0.8778 rec=0.8774 f1=0.8756 BEST
2026-08-27 06:28:40,592 | EPOCH 11 train_loss=0.311951
2026-08-27 06:28:48,044 | EPOCH 12 train_loss=0.306762
2026-08-27 06:28:55,639 | EPOCH 13 train_loss=0.302682
2026-08-27 06:29:02,366 | EPOCH 14 train_loss=0.298232
2026-08-27 06:29:09,533 | EPOCH 15 train_loss=0.294119
2026-08-27 06:29:10,128 | EPOCH 15 VAL loss=0.332853 acc=0.8778 pre=0.8793 rec=0.8791 f1=0.8790 BEST
2026-08-27 06:29:17,897 | EPOCH 16 train_loss=0.290295
2026-08-27 06:29:24,963 | EPOCH 17 train_loss=0.286382
2026-08-27 06:29:32,579 | EPOCH 18 train_loss=0.283257
2026-08-27 06:29:39,746 | EPOCH 19 train_loss=0.280097
2026-08-27 06:29:46,992 | EPOCH 20 train_loss=0.276852
2026-08-27 06:29:47,626 | EPOCH 20 VAL loss=0.321879 acc=0.8837 pre=0.8842 rec=0.8844 f1=0.8827 BEST
2026-08-27 06:29:55,982 | EPOCH 21 train_loss=0.274124
2026-08-27 06:30:03,025 | EPOCH 22 train_loss=0.271357
2026-08-27 06:30:10,229 | EPOCH 23 train_loss=0.268674
2026-08-27 06:30:17,528 | EPOCH 24 train_loss=0.266672
2026-08-27 06:30:24,828 | EPOCH 25 train_loss=0.263674
2026-08-27 06:30:25,442 | EPOCH 25 VAL loss=0.323272 acc=0.8838 pre=0.8860 rec=0.8845 f1=0.8828
2026-08-27 06:30:33,529 | EPOCH 26 train_loss=0.262045
2026-08-27 06:30:40,652 | EPOCH 27 train_loss=0.259435
2026-08-27 06:30:47,591 | EPOCH 28 train_loss=0.257439
2026-08-27 06:30:55,118 | EPOCH 29 train_loss=0.255431
2026-08-27 06:31:02,150 | EPOCH 30 train_loss=0.253515
2026-08-27 06:31:02,809 | EPOCH 30 VAL loss=0.308387 acc=0.8877 pre=0.8876 rec=0.8888 f1=0.8878 BEST
2026-08-27 06:31:10,003 | EPOCH 31 train_loss=0.251502
2026-08-27 06:31:17,037 | EPOCH 32 train_loss=0.249791
2026-08-27 06:31:24,027 | EPOCH 33 train_loss=0.247807
2026-08-27 06:31:30,963 | EPOCH 34 train_loss=0.246096
2026-08-27 06:31:38,741 | EPOCH 35 train_loss=0.244340
2026-08-27 06:31:39,353 | EPOCH 35 VAL loss=0.304443 acc=0.8897 pre=0.8900 rec=0.8905 f1=0.8899 BEST
2026-08-27 06:31:46,412 | EPOCH 36 train_loss=0.242968
2026-08-27 06:31:53,969 | EPOCH 37 train_loss=0.241169
2026-08-27 06:32:00,818 | EPOCH 38 train_loss=0.239721
2026-08-27 06:32:08,322 | EPOCH 39 train_loss=0.238084
2026-08-27 06:32:15,333 | EPOCH 40 train_loss=0.236648
2026-08-27 06:32:15,954 | EPOCH 40 VAL loss=0.307824 acc=0.8883 pre=0.8889 rec=0.8897 f1=0.8888
2026-08-27 06:32:22,628 | EPOCH 41 train_loss=0.235224
2026-08-27 06:32:29,404 | EPOCH 42 train_loss=0.233512
2026-08-27 06:32:36,189 | EPOCH 43 train_loss=0.232638
2026-08-27 06:32:43,255 | EPOCH 44 train_loss=0.230644
2026-08-27 06:32:50,292 | EPOCH 45 train_loss=0.229675
2026-08-27 06:32:50,870 | EPOCH 45 VAL loss=0.304038 acc=0.8888 pre=0.8888 rec=0.8903 f1=0.8891 BEST
2026-08-27 06:32:58,172 | EPOCH 46 train_loss=0.228769
2026-08-27 06:33:05,395 | EPOCH 47 train_loss=0.227186
2026-08-27 06:33:12,265 | EPOCH 48 train_loss=0.225562
2026-08-27 06:33:19,178 | EPOCH 49 train_loss=0.224654
2026-08-27 06:33:26,082 | EPOCH 50 train_loss=0.223587
2026-08-27 06:33:26,667 | EPOCH 50 VAL loss=0.298810 acc=0.8923 pre=0.8934 rec=0.8938 f1=0.8934 BEST
2026-08-27 06:33:33,825 | EPOCH 51 train_loss=0.222358
2026-08-27 06:33:41,474 | EPOCH 52 train_loss=0.221184
2026-08-27 06:33:49,003 | EPOCH 53 train_loss=0.220071
2026-08-27 06:33:55,924 | EPOCH 54 train_loss=0.218967
2026-08-27 06:34:03,413 | EPOCH 55 train_loss=0.217898
2026-08-27 06:34:03,990 | EPOCH 55 VAL loss=0.297153 acc=0.8913 pre=0.8928 rec=0.8923 f1=0.8925 BEST
2026-08-27 06:34:11,359 | EPOCH 56 train_loss=0.216794
2026-08-27 06:34:18,077 | EPOCH 57 train_loss=0.215447
2026-08-27 06:34:25,094 | EPOCH 58 train_loss=0.214897
2026-08-27 06:34:32,040 | EPOCH 59 train_loss=0.213369
2026-08-27 06:34:38,928 | EPOCH 60 train_loss=0.212679
2026-08-27 06:34:39,505 | EPOCH 60 VAL loss=0.294819 acc=0.8928 pre=0.8936 rec=0.8938 f1=0.8935 BEST
2026-08-27 06:34:46,781 | EPOCH 61 train_loss=0.211549
2026-08-27 06:34:53,651 | EPOCH 62 train_loss=0.210540
2026-08-27 06:35:01,245 | EPOCH 63 train_loss=0.209613
2026-08-27 06:35:08,246 | EPOCH 64 train_loss=0.208598
2026-08-27 06:35:15,276 | EPOCH 65 train_loss=0.207434
2026-08-27 06:35:15,859 | EPOCH 65 VAL loss=0.294414 acc=0.8953 pre=0.8956 rec=0.8963 f1=0.8956 BEST
2026-08-27 06:35:23,373 | EPOCH 66 train_loss=0.206713
2026-08-27 06:35:30,322 | EPOCH 67 train_loss=0.205504
2026-08-27 06:35:37,989 | EPOCH 68 train_loss=0.204984
2026-08-27 06:35:44,777 | EPOCH 69 train_loss=0.203995
2026-08-27 06:35:52,199 | EPOCH 70 train_loss=0.203070
2026-08-27 06:35:53,192 | EPOCH 70 VAL loss=0.294853 acc=0.8947 pre=0.8958 rec=0.8960 f1=0.8957
2026-08-27 06:36:00,547 | EPOCH 71 train_loss=0.202182
2026-08-27 06:36:07,284 | EPOCH 72 train_loss=0.201298
2026-08-27 06:36:14,245 | EPOCH 73 train_loss=0.200284
2026-08-27 06:36:21,389 | EPOCH 74 train_loss=0.199527
2026-08-27 06:36:28,300 | EPOCH 75 train_loss=0.198788
2026-08-27 06:36:28,866 | EPOCH 75 VAL loss=0.295690 acc=0.8918 pre=0.8916 rec=0.8928 f1=0.8917
2026-08-27 06:36:35,965 | EPOCH 76 train_loss=0.197758
2026-08-27 06:36:42,992 | EPOCH 77 train_loss=0.197239
2026-08-27 06:36:50,315 | EPOCH 78 train_loss=0.196310
2026-08-27 06:36:57,353 | EPOCH 79 train_loss=0.195493
2026-08-27 06:37:04,210 | EPOCH 80 train_loss=0.194737
2026-08-27 06:37:04,785 | EPOCH 80 VAL loss=0.291386 acc=0.8928 pre=0.8933 rec=0.8936 f1=0.8931 BEST
2026-08-27 06:37:12,705 | EPOCH 81 train_loss=0.193746
2026-08-27 06:37:19,972 | EPOCH 82 train_loss=0.192950
2026-08-27 06:37:26,650 | EPOCH 83 train_loss=0.192336
2026-08-27 06:37:34,034 | EPOCH 84 train_loss=0.191680
2026-08-27 06:37:40,785 | EPOCH 85 train_loss=0.190836
2026-08-27 06:37:41,447 | EPOCH 85 VAL loss=0.293602 acc=0.8940 pre=0.8947 rec=0.8952 f1=0.8948
2026-08-27 06:37:48,216 | EPOCH 86 train_loss=0.189971
2026-08-27 06:37:55,344 | EPOCH 87 train_loss=0.189067
2026-08-27 06:38:02,115 | EPOCH 88 train_loss=0.188516
2026-08-27 06:38:08,771 | EPOCH 89 train_loss=0.187642
2026-08-27 06:38:15,538 | EPOCH 90 train_loss=0.186961
2026-08-27 06:38:16,101 | EPOCH 90 VAL loss=0.294617 acc=0.8933 pre=0.8934 rec=0.8941 f1=0.8932
2026-08-27 06:38:23,559 | EPOCH 91 train_loss=0.186397
2026-08-27 06:38:31,050 | EPOCH 92 train_loss=0.185411
2026-08-27 06:38:37,893 | EPOCH 93 train_loss=0.184895
2026-08-27 06:38:45,203 | EPOCH 94 train_loss=0.183974
2026-08-27 06:38:52,334 | EPOCH 95 train_loss=0.183439
2026-08-27 06:38:52,967 | EPOCH 95 VAL loss=0.293120 acc=0.8935 pre=0.8943 rec=0.8946 f1=0.8944
2026-08-27 06:38:59,559 | EPOCH 96 train_loss=0.182692
2026-08-27 06:39:07,098 | EPOCH 97 train_loss=0.181782
2026-08-27 06:39:13,921 | EPOCH 98 train_loss=0.181437
2026-08-27 06:39:21,656 | EPOCH 99 train_loss=0.180672
2026-08-27 06:39:28,391 | EPOCH 100 train_loss=0.179901
2026-08-27 06:39:28,961 | EPOCH 100 VAL loss=0.296249 acc=0.8943 pre=0.8965 rec=0.8958 f1=0.8958
2026-08-27 06:39:35,657 | EPOCH 101 train_loss=0.179305
2026-08-27 06:39:42,544 | EPOCH 102 train_loss=0.178816
2026-08-27 06:39:49,233 | EPOCH 103 train_loss=0.178005
2026-08-27 06:39:56,793 | EPOCH 104 train_loss=0.177038
2026-08-27 06:40:04,578 | EPOCH 105 train_loss=0.176682
2026-08-27 06:40:05,200 | EPOCH 105 VAL loss=0.293510 acc=0.8940 pre=0.8946 rec=0.8950 f1=0.8945
2026-08-27 06:40:11,820 | EPOCH 106 train_loss=0.175793
2026-08-27 06:40:18,962 | EPOCH 107 train_loss=0.175390
2026-08-27 06:40:25,909 | EPOCH 108 train_loss=0.174617
2026-08-27 06:40:32,759 | EPOCH 109 train_loss=0.173866
2026-08-27 06:40:40,341 | EPOCH 110 train_loss=0.173344
2026-08-27 06:40:40,940 | EPOCH 110 VAL loss=0.297426 acc=0.8940 pre=0.8965 rec=0.8954 f1=0.8956
2026-08-27 06:40:40,947 | DONE best_epoch=80 best_val_loss=0.291386 early_stop=True time=799.01s
