2026-08-27 07:43:33,128 | START mlp_rmsprop_lr0.005_s2026 opt=rmsprop lr=0.005 seed=2026 device=cuda epochs=150
2026-08-27 07:43:39,730 | EPOCH 1 train_loss=0.640920
2026-08-27 07:43:46,618 | EPOCH 2 train_loss=0.412290
2026-08-27 07:43:53,420 | EPOCH 3 train_loss=0.375447
2026-08-27 07:44:00,112 | EPOCH 4 train_loss=0.356466
2026-08-27 07:44:06,796 | EPOCH 5 train_loss=0.342157
2026-08-27 07:44:07,378 | EPOCH 5 VAL loss=0.412937 acc=0.8560 pre=0.8576 rec=0.8569 f1=0.8538 BEST
2026-08-27 07:44:14,727 | EPOCH 6 train_loss=0.331660
2026-08-27 07:44:21,519 | EPOCH 7 train_loss=0.325569
2026-08-27 07:44:28,352 | EPOCH 8 train_loss=0.317520
2026-08-27 07:44:35,369 | EPOCH 9 train_loss=0.314779
2026-08-27 07:44:42,321 | EPOCH 10 train_loss=0.307411
2026-08-27 07:44:42,910 | EPOCH 10 VAL loss=0.419105 acc=0.8610 pre=0.8665 rec=0.8618 f1=0.8586
2026-08-27 07:44:49,677 | EPOCH 11 train_loss=0.304130
2026-08-27 07:44:56,537 | EPOCH 12 train_loss=0.301617
2026-08-27 07:45:03,403 | EPOCH 13 train_loss=0.295179
2026-08-27 07:45:10,160 | EPOCH 14 train_loss=0.296206
2026-08-27 07:45:17,165 | EPOCH 15 train_loss=0.293207
2026-08-27 07:45:17,743 | EPOCH 15 VAL loss=0.437843 acc=0.8600 pre=0.8653 rec=0.8623 f1=0.8619
2026-08-27 07:45:24,353 | EPOCH 16 train_loss=0.290174
2026-08-27 07:45:30,985 | EPOCH 17 train_loss=0.283157
2026-08-27 07:45:37,793 | EPOCH 18 train_loss=0.282719
2026-08-27 07:45:44,684 | EPOCH 19 train_loss=0.280286
2026-08-27 07:45:51,286 | EPOCH 20 train_loss=0.278076
2026-08-27 07:45:51,837 | EPOCH 20 VAL loss=0.470846 acc=0.8747 pre=0.8748 rec=0.8764 f1=0.8727
2026-08-27 07:45:58,815 | EPOCH 21 train_loss=0.275892
2026-08-27 07:46:05,700 | EPOCH 22 train_loss=0.274970
2026-08-27 07:46:12,586 | EPOCH 23 train_loss=0.274238
2026-08-27 07:46:19,390 | EPOCH 24 train_loss=0.275408
2026-08-27 07:46:26,155 | EPOCH 25 train_loss=0.270613
2026-08-27 07:46:26,786 | EPOCH 25 VAL loss=0.476048 acc=0.8683 pre=0.8726 rec=0.8700 f1=0.8672
2026-08-27 07:46:33,735 | EPOCH 26 train_loss=0.269009
2026-08-27 07:46:40,682 | EPOCH 27 train_loss=0.266155
2026-08-27 07:46:47,706 | EPOCH 28 train_loss=0.262950
2026-08-27 07:46:54,591 | EPOCH 29 train_loss=0.264767
2026-08-27 07:47:01,532 | EPOCH 30 train_loss=0.261610
2026-08-27 07:47:02,129 | EPOCH 30 VAL loss=0.546824 acc=0.8647 pre=0.8705 rec=0.8658 f1=0.8650
2026-08-27 07:47:09,409 | EPOCH 31 train_loss=0.263715
2026-08-27 07:47:16,173 | EPOCH 32 train_loss=0.261345
2026-08-27 07:47:22,908 | EPOCH 33 train_loss=0.263330
2026-08-27 07:47:29,754 | EPOCH 34 train_loss=0.258085
2026-08-27 07:47:36,553 | EPOCH 35 train_loss=0.255140
2026-08-27 07:47:37,120 | EPOCH 35 VAL loss=0.580367 acc=0.8720 pre=0.8805 rec=0.8740 f1=0.8755
2026-08-27 07:47:37,126 | DONE best_epoch=5 best_val_loss=0.412937 early_stop=True time=243.34s
