2026-08-27 05:30:17,063 | START mlp_adadelta_lr0.1_s2026 opt=adadelta lr=0.1 seed=2026 device=cuda epochs=150
2026-08-27 05:30:24,174 | EPOCH 1 train_loss=0.767769
2026-08-27 05:30:31,081 | EPOCH 2 train_loss=0.492217
2026-08-27 05:30:38,493 | EPOCH 3 train_loss=0.441443
2026-08-27 05:30:45,419 | EPOCH 4 train_loss=0.411370
2026-08-27 05:30:53,237 | EPOCH 5 train_loss=0.385824
2026-08-27 05:30:54,237 | EPOCH 5 VAL loss=0.402624 acc=0.8570 pre=0.8571 rec=0.8580 f1=0.8550 BEST
2026-08-27 05:31:01,742 | EPOCH 6 train_loss=0.366749
2026-08-27 05:31:08,597 | EPOCH 7 train_loss=0.349343
2026-08-27 05:31:15,712 | EPOCH 8 train_loss=0.336316
2026-08-27 05:31:23,090 | EPOCH 9 train_loss=0.324128
2026-08-27 05:31:30,081 | EPOCH 10 train_loss=0.312859
2026-08-27 05:31:30,705 | EPOCH 10 VAL loss=0.353779 acc=0.8740 pre=0.8773 rec=0.8744 f1=0.8725 BEST
2026-08-27 05:31:38,298 | EPOCH 11 train_loss=0.302940
2026-08-27 05:31:45,557 | EPOCH 12 train_loss=0.292906
2026-08-27 05:31:52,592 | EPOCH 13 train_loss=0.286521
2026-08-27 05:31:59,707 | EPOCH 14 train_loss=0.279273
2026-08-27 05:32:06,710 | EPOCH 15 train_loss=0.271284
2026-08-27 05:32:07,403 | EPOCH 15 VAL loss=0.324589 acc=0.8807 pre=0.8862 rec=0.8823 f1=0.8829 BEST
2026-08-27 05:32:15,518 | EPOCH 16 train_loss=0.265322
2026-08-27 05:32:23,300 | EPOCH 17 train_loss=0.257633
2026-08-27 05:32:30,138 | EPOCH 18 train_loss=0.251931
2026-08-27 05:32:37,496 | EPOCH 19 train_loss=0.246500
2026-08-27 05:32:45,092 | EPOCH 20 train_loss=0.241148
2026-08-27 05:32:45,709 | EPOCH 20 VAL loss=0.317492 acc=0.8873 pre=0.8872 rec=0.8882 f1=0.8861 BEST
2026-08-27 05:32:53,153 | EPOCH 21 train_loss=0.235607
2026-08-27 05:33:00,262 | EPOCH 22 train_loss=0.230598
2026-08-27 05:33:08,027 | EPOCH 23 train_loss=0.225768
2026-08-27 05:33:14,963 | EPOCH 24 train_loss=0.221670
2026-08-27 05:33:21,992 | EPOCH 25 train_loss=0.217468
2026-08-27 05:33:22,594 | EPOCH 25 VAL loss=0.326297 acc=0.8850 pre=0.8902 rec=0.8857 f1=0.8839
2026-08-27 05:33:29,727 | EPOCH 26 train_loss=0.212853
2026-08-27 05:33:36,958 | EPOCH 27 train_loss=0.207766
2026-08-27 05:33:44,509 | EPOCH 28 train_loss=0.204622
2026-08-27 05:33:51,422 | EPOCH 29 train_loss=0.199557
2026-08-27 05:33:58,538 | EPOCH 30 train_loss=0.195767
2026-08-27 05:33:59,100 | EPOCH 30 VAL loss=0.295849 acc=0.8977 pre=0.8982 rec=0.8983 f1=0.8975 BEST
2026-08-27 05:34:07,180 | EPOCH 31 train_loss=0.192394
2026-08-27 05:34:14,089 | EPOCH 32 train_loss=0.188533
2026-08-27 05:34:21,267 | EPOCH 33 train_loss=0.183367
2026-08-27 05:34:28,371 | EPOCH 34 train_loss=0.180559
2026-08-27 05:34:35,239 | EPOCH 35 train_loss=0.176456
2026-08-27 05:34:35,810 | EPOCH 35 VAL loss=0.315173 acc=0.8925 pre=0.8983 rec=0.8939 f1=0.8948
2026-08-27 05:34:43,627 | EPOCH 36 train_loss=0.173403
2026-08-27 05:34:50,526 | EPOCH 37 train_loss=0.169921
2026-08-27 05:34:57,470 | EPOCH 38 train_loss=0.168320
2026-08-27 05:35:04,810 | EPOCH 39 train_loss=0.163603
2026-08-27 05:35:11,633 | EPOCH 40 train_loss=0.161421
2026-08-27 05:35:12,207 | EPOCH 40 VAL loss=0.345487 acc=0.8863 pre=0.8891 rec=0.8875 f1=0.8862
2026-08-27 05:35:19,679 | EPOCH 41 train_loss=0.157333
2026-08-27 05:35:27,195 | EPOCH 42 train_loss=0.153886
2026-08-27 05:35:34,012 | EPOCH 43 train_loss=0.152395
2026-08-27 05:35:41,137 | EPOCH 44 train_loss=0.148567
2026-08-27 05:35:48,650 | EPOCH 45 train_loss=0.145122
2026-08-27 05:35:49,279 | EPOCH 45 VAL loss=0.317550 acc=0.8955 pre=0.8967 rec=0.8965 f1=0.8963
2026-08-27 05:35:56,333 | EPOCH 46 train_loss=0.143887
2026-08-27 05:36:04,154 | EPOCH 47 train_loss=0.139535
2026-08-27 05:36:11,363 | EPOCH 48 train_loss=0.137228
2026-08-27 05:36:18,379 | EPOCH 49 train_loss=0.134062
2026-08-27 05:36:25,664 | EPOCH 50 train_loss=0.132066
2026-08-27 05:36:26,249 | EPOCH 50 VAL loss=0.316026 acc=0.8985 pre=0.8993 rec=0.8991 f1=0.8989
2026-08-27 05:36:33,129 | EPOCH 51 train_loss=0.129786
2026-08-27 05:36:40,019 | EPOCH 52 train_loss=0.126939
2026-08-27 05:36:47,416 | EPOCH 53 train_loss=0.125177
2026-08-27 05:36:54,260 | EPOCH 54 train_loss=0.121923
2026-08-27 05:37:01,497 | EPOCH 55 train_loss=0.119624
2026-08-27 05:37:02,122 | EPOCH 55 VAL loss=0.347563 acc=0.8947 pre=0.8960 rec=0.8958 f1=0.8953
2026-08-27 05:37:08,968 | EPOCH 56 train_loss=0.118137
2026-08-27 05:37:16,039 | EPOCH 57 train_loss=0.115406
2026-08-27 05:37:23,060 | EPOCH 58 train_loss=0.113449
2026-08-27 05:37:29,809 | EPOCH 59 train_loss=0.109637
2026-08-27 05:37:37,095 | EPOCH 60 train_loss=0.108341
2026-08-27 05:37:37,677 | EPOCH 60 VAL loss=0.363267 acc=0.8923 pre=0.8956 rec=0.8922 f1=0.8918
2026-08-27 05:37:37,686 | DONE best_epoch=30 best_val_loss=0.295849 early_stop=True time=439.95s
