2026-08-27 15:00:38,493 | START cnn_adamw_lr0.0005_s123 opt=adamw lr=0.0005 seed=123 device=cuda epochs=150
2026-08-27 15:00:48,108 | EPOCH 1 train_loss=0.587662
2026-08-27 15:00:57,522 | EPOCH 2 train_loss=0.368979
2026-08-27 15:01:05,923 | EPOCH 3 train_loss=0.318451
2026-08-27 15:01:15,093 | EPOCH 4 train_loss=0.293851
2026-08-27 15:01:24,294 | EPOCH 5 train_loss=0.272368
2026-08-27 15:01:24,969 | EPOCH 5 VAL loss=0.281400 acc=0.8972 pre=0.8973 rec=0.8982 f1=0.8960 BEST
2026-08-27 15:01:34,954 | EPOCH 6 train_loss=0.253809
2026-08-27 15:01:43,371 | EPOCH 7 train_loss=0.240017
2026-08-27 15:01:52,885 | EPOCH 8 train_loss=0.225908
2026-08-27 15:02:02,262 | EPOCH 9 train_loss=0.212943
2026-08-27 15:02:10,944 | EPOCH 10 train_loss=0.203133
2026-08-27 15:02:11,773 | EPOCH 10 VAL loss=0.244666 acc=0.9115 pre=0.9126 rec=0.9126 f1=0.9122 BEST
2026-08-27 15:02:21,341 | EPOCH 11 train_loss=0.191645
2026-08-27 15:02:30,979 | EPOCH 12 train_loss=0.182848
2026-08-27 15:02:40,499 | EPOCH 13 train_loss=0.175379
2026-08-27 15:02:49,161 | EPOCH 14 train_loss=0.166772
2026-08-27 15:02:59,172 | EPOCH 15 train_loss=0.158758
2026-08-27 15:02:59,850 | EPOCH 15 VAL loss=0.232503 acc=0.9173 pre=0.9183 rec=0.9179 f1=0.9167 BEST
2026-08-27 15:03:10,313 | EPOCH 16 train_loss=0.150536
2026-08-27 15:03:19,855 | EPOCH 17 train_loss=0.142578
2026-08-27 15:03:28,568 | EPOCH 18 train_loss=0.136590
2026-08-27 15:03:37,658 | EPOCH 19 train_loss=0.127025
2026-08-27 15:03:47,756 | EPOCH 20 train_loss=0.122680
2026-08-27 15:03:48,466 | EPOCH 20 VAL loss=0.233918 acc=0.9182 pre=0.9198 rec=0.9183 f1=0.9181
2026-08-27 15:03:58,287 | EPOCH 21 train_loss=0.115747
2026-08-27 15:04:07,823 | EPOCH 22 train_loss=0.107805
2026-08-27 15:04:17,820 | EPOCH 23 train_loss=0.103775
2026-08-27 15:04:27,973 | EPOCH 24 train_loss=0.096722
2026-08-27 15:04:38,539 | EPOCH 25 train_loss=0.092939
2026-08-27 15:04:39,285 | EPOCH 25 VAL loss=0.256581 acc=0.9178 pre=0.9189 rec=0.9181 f1=0.9173
2026-08-27 15:04:48,844 | EPOCH 26 train_loss=0.087752
2026-08-27 15:04:58,630 | EPOCH 27 train_loss=0.082377
2026-08-27 15:05:08,159 | EPOCH 28 train_loss=0.078394
2026-08-27 15:05:18,299 | EPOCH 29 train_loss=0.073009
2026-08-27 15:05:27,999 | EPOCH 30 train_loss=0.070281
2026-08-27 15:05:28,754 | EPOCH 30 VAL loss=0.273383 acc=0.9198 pre=0.9207 rec=0.9211 f1=0.9205
2026-08-27 15:05:39,014 | EPOCH 31 train_loss=0.064648
2026-08-27 15:05:49,479 | EPOCH 32 train_loss=0.061527
2026-08-27 15:05:59,873 | EPOCH 33 train_loss=0.059540
2026-08-27 15:06:09,335 | EPOCH 34 train_loss=0.054724
2026-08-27 15:06:20,430 | EPOCH 35 train_loss=0.050096
2026-08-27 15:06:21,191 | EPOCH 35 VAL loss=0.316990 acc=0.9150 pre=0.9163 rec=0.9153 f1=0.9156
2026-08-27 15:06:31,628 | EPOCH 36 train_loss=0.046801
2026-08-27 15:06:42,082 | EPOCH 37 train_loss=0.046422
2026-08-27 15:06:52,284 | EPOCH 38 train_loss=0.041573
2026-08-27 15:07:01,817 | EPOCH 39 train_loss=0.040393
2026-08-27 15:07:11,379 | EPOCH 40 train_loss=0.038822
2026-08-27 15:07:12,118 | EPOCH 40 VAL loss=0.352136 acc=0.9147 pre=0.9147 rec=0.9154 f1=0.9145
2026-08-27 15:07:22,388 | EPOCH 41 train_loss=0.034200
2026-08-27 15:07:32,813 | EPOCH 42 train_loss=0.033294
2026-08-27 15:07:42,272 | EPOCH 43 train_loss=0.035012
2026-08-27 15:07:52,437 | EPOCH 44 train_loss=0.029398
2026-08-27 15:08:02,393 | EPOCH 45 train_loss=0.028203
2026-08-27 15:08:03,175 | EPOCH 45 VAL loss=0.374618 acc=0.9162 pre=0.9160 rec=0.9171 f1=0.9164
2026-08-27 15:08:03,185 | DONE best_epoch=15 best_val_loss=0.232503 early_stop=True time=443.82s
