2026-08-27 08:24:50,740 | START cnn_rmsprop_lr0.005_s2026 opt=rmsprop lr=0.005 seed=2026 device=cuda epochs=150
2026-08-27 08:24:58,549 | EPOCH 1 train_loss=0.535737
2026-08-27 08:25:06,510 | EPOCH 2 train_loss=0.311382
2026-08-27 08:25:14,718 | EPOCH 3 train_loss=0.271301
2026-08-27 08:25:22,622 | EPOCH 4 train_loss=0.244637
2026-08-27 08:25:30,458 | EPOCH 5 train_loss=0.223754
2026-08-27 08:25:31,205 | EPOCH 5 VAL loss=0.260835 acc=0.9068 pre=0.9065 rec=0.9077 f1=0.9065 BEST
2026-08-27 08:25:39,619 | EPOCH 6 train_loss=0.208485
2026-08-27 08:25:47,611 | EPOCH 7 train_loss=0.195457
2026-08-27 08:25:55,718 | EPOCH 8 train_loss=0.186461
2026-08-27 08:26:03,754 | EPOCH 9 train_loss=0.172644
2026-08-27 08:26:11,648 | EPOCH 10 train_loss=0.164759
2026-08-27 08:26:12,295 | EPOCH 10 VAL loss=0.365810 acc=0.8885 pre=0.8954 rec=0.8894 f1=0.8885
2026-08-27 08:26:20,215 | EPOCH 11 train_loss=0.158072
2026-08-27 08:26:28,188 | EPOCH 12 train_loss=0.151098
2026-08-27 08:26:36,155 | EPOCH 13 train_loss=0.146411
2026-08-27 08:26:44,128 | EPOCH 14 train_loss=0.137446
2026-08-27 08:26:52,063 | EPOCH 15 train_loss=0.133372
2026-08-27 08:26:52,722 | EPOCH 15 VAL loss=0.359024 acc=0.9063 pre=0.9066 rec=0.9069 f1=0.9063
2026-08-27 08:27:00,716 | EPOCH 16 train_loss=0.127960
2026-08-27 08:27:08,749 | EPOCH 17 train_loss=0.121522
2026-08-27 08:27:16,713 | EPOCH 18 train_loss=0.120160
2026-08-27 08:27:24,748 | EPOCH 19 train_loss=0.115535
2026-08-27 08:27:32,819 | EPOCH 20 train_loss=0.113482
2026-08-27 08:27:33,467 | EPOCH 20 VAL loss=0.471690 acc=0.9022 pre=0.9029 rec=0.9027 f1=0.9012
2026-08-27 08:27:41,600 | EPOCH 21 train_loss=0.106548
2026-08-27 08:27:49,488 | EPOCH 22 train_loss=0.105658
2026-08-27 08:27:57,629 | EPOCH 23 train_loss=0.101376
2026-08-27 08:28:06,047 | EPOCH 24 train_loss=0.103141
2026-08-27 08:28:14,137 | EPOCH 25 train_loss=0.097359
2026-08-27 08:28:14,787 | EPOCH 25 VAL loss=0.502927 acc=0.9007 pre=0.9010 rec=0.9012 f1=0.9002
2026-08-27 08:28:22,867 | EPOCH 26 train_loss=0.092492
2026-08-27 08:28:30,639 | EPOCH 27 train_loss=0.094332
2026-08-27 08:28:38,493 | EPOCH 28 train_loss=0.095138
2026-08-27 08:28:46,422 | EPOCH 29 train_loss=0.087369
2026-08-27 08:28:54,350 | EPOCH 30 train_loss=0.089902
2026-08-27 08:28:54,995 | EPOCH 30 VAL loss=0.604937 acc=0.9035 pre=0.9036 rec=0.9049 f1=0.9039
2026-08-27 08:29:03,240 | EPOCH 31 train_loss=0.085984
2026-08-27 08:29:11,119 | EPOCH 32 train_loss=0.084832
2026-08-27 08:29:19,052 | EPOCH 33 train_loss=0.085458
2026-08-27 08:29:26,998 | EPOCH 34 train_loss=0.080908
2026-08-27 08:29:35,211 | EPOCH 35 train_loss=0.079709
2026-08-27 08:29:35,878 | EPOCH 35 VAL loss=0.678526 acc=0.9057 pre=0.9064 rec=0.9065 f1=0.9062
2026-08-27 08:29:35,884 | DONE best_epoch=5 best_val_loss=0.260835 early_stop=True time=284.39s
