2026-08-27 04:32:01,978 | START cnn_sgd_lr0.05_s2026 opt=sgd lr=0.05 seed=2026 device=cuda epochs=150
2026-08-27 04:32:10,715 | EPOCH 1 train_loss=0.825966
2026-08-27 04:32:18,421 | EPOCH 2 train_loss=0.481802
2026-08-27 04:32:26,252 | EPOCH 3 train_loss=0.395785
2026-08-27 04:32:33,868 | EPOCH 4 train_loss=0.350986
2026-08-27 04:32:41,642 | EPOCH 5 train_loss=0.322073
2026-08-27 04:32:42,280 | EPOCH 5 VAL loss=0.321978 acc=0.8830 pre=0.8832 rec=0.8838 f1=0.8817 BEST
2026-08-27 04:32:50,100 | EPOCH 6 train_loss=0.300788
2026-08-27 04:32:57,632 | EPOCH 7 train_loss=0.283680
2026-08-27 04:33:05,287 | EPOCH 8 train_loss=0.271681
2026-08-27 04:33:12,811 | EPOCH 9 train_loss=0.259173
2026-08-27 04:33:20,410 | EPOCH 10 train_loss=0.249103
2026-08-27 04:33:21,133 | EPOCH 10 VAL loss=0.289925 acc=0.8905 pre=0.8947 rec=0.8915 f1=0.8904 BEST
2026-08-27 04:33:29,015 | EPOCH 11 train_loss=0.238787
2026-08-27 04:33:36,608 | EPOCH 12 train_loss=0.230051
2026-08-27 04:33:44,236 | EPOCH 13 train_loss=0.222845
2026-08-27 04:33:51,740 | EPOCH 14 train_loss=0.213646
2026-08-27 04:33:59,335 | EPOCH 15 train_loss=0.206736
2026-08-27 04:33:59,962 | EPOCH 15 VAL loss=0.248711 acc=0.9072 pre=0.9093 rec=0.9080 f1=0.9082 BEST
2026-08-27 04:34:08,065 | EPOCH 16 train_loss=0.200271
2026-08-27 04:34:15,571 | EPOCH 17 train_loss=0.192727
2026-08-27 04:34:23,152 | EPOCH 18 train_loss=0.187250
2026-08-27 04:34:30,642 | EPOCH 19 train_loss=0.181542
2026-08-27 04:34:38,267 | EPOCH 20 train_loss=0.174865
2026-08-27 04:34:38,940 | EPOCH 20 VAL loss=0.258785 acc=0.9073 pre=0.9091 rec=0.9075 f1=0.9055
2026-08-27 04:34:46,579 | EPOCH 21 train_loss=0.169164
2026-08-27 04:34:54,250 | EPOCH 22 train_loss=0.162331
2026-08-27 04:35:01,835 | EPOCH 23 train_loss=0.157793
2026-08-27 04:35:09,282 | EPOCH 24 train_loss=0.152634
2026-08-27 04:35:16,686 | EPOCH 25 train_loss=0.147938
2026-08-27 04:35:17,313 | EPOCH 25 VAL loss=0.265394 acc=0.9062 pre=0.9103 rec=0.9068 f1=0.9057
2026-08-27 04:35:24,943 | EPOCH 26 train_loss=0.142037
2026-08-27 04:35:32,458 | EPOCH 27 train_loss=0.134792
2026-08-27 04:35:39,889 | EPOCH 28 train_loss=0.130973
2026-08-27 04:35:47,324 | EPOCH 29 train_loss=0.126549
2026-08-27 04:35:55,148 | EPOCH 30 train_loss=0.121389
2026-08-27 04:35:55,814 | EPOCH 30 VAL loss=0.264960 acc=0.9142 pre=0.9158 rec=0.9145 f1=0.9138
2026-08-27 04:36:03,996 | EPOCH 31 train_loss=0.115191
2026-08-27 04:36:12,045 | EPOCH 32 train_loss=0.112627
2026-08-27 04:36:19,482 | EPOCH 33 train_loss=0.106980
2026-08-27 04:36:27,022 | EPOCH 34 train_loss=0.103455
2026-08-27 04:36:35,118 | EPOCH 35 train_loss=0.098044
2026-08-27 04:36:35,758 | EPOCH 35 VAL loss=0.286794 acc=0.9150 pre=0.9194 rec=0.9165 f1=0.9169
2026-08-27 04:36:44,078 | EPOCH 36 train_loss=0.094334
2026-08-27 04:36:51,767 | EPOCH 37 train_loss=0.090522
2026-08-27 04:36:59,491 | EPOCH 38 train_loss=0.085950
2026-08-27 04:37:07,437 | EPOCH 39 train_loss=0.080570
2026-08-27 04:37:15,157 | EPOCH 40 train_loss=0.076827
2026-08-27 04:37:15,780 | EPOCH 40 VAL loss=0.323024 acc=0.9070 pre=0.9097 rec=0.9074 f1=0.9073
2026-08-27 04:37:20,625 | INTERRUPTED epoch=40 batch=514
2026-08-27 09:46:51,930 | START cnn_sgd_lr0.05_s2026 opt=sgd lr=0.05 seed=2026 device=cuda epochs=150
2026-08-27 09:46:59,576 | EPOCH 1 train_loss=0.825157
2026-08-27 09:47:07,244 | EPOCH 2 train_loss=0.481374
2026-08-27 09:47:14,484 | EPOCH 3 train_loss=0.394922
2026-08-27 09:47:22,813 | EPOCH 4 train_loss=0.350329
2026-08-27 09:47:30,673 | EPOCH 5 train_loss=0.321643
2026-08-27 09:47:31,336 | EPOCH 5 VAL loss=0.322406 acc=0.8823 pre=0.8827 rec=0.8831 f1=0.8809 BEST
2026-08-27 09:47:39,127 | EPOCH 6 train_loss=0.300310
2026-08-27 09:47:46,626 | EPOCH 7 train_loss=0.283793
2026-08-27 09:47:54,965 | EPOCH 8 train_loss=0.272184
2026-08-27 09:48:02,313 | EPOCH 9 train_loss=0.259503
2026-08-27 09:48:10,715 | EPOCH 10 train_loss=0.249262
2026-08-27 09:48:11,331 | EPOCH 10 VAL loss=0.285340 acc=0.8958 pre=0.8991 rec=0.8967 f1=0.8954 BEST
2026-08-27 09:48:19,685 | EPOCH 11 train_loss=0.239015
2026-08-27 09:48:26,921 | EPOCH 12 train_loss=0.230502
2026-08-27 09:48:34,289 | EPOCH 13 train_loss=0.222783
2026-08-27 09:48:41,526 | EPOCH 14 train_loss=0.214268
2026-08-27 09:48:49,385 | EPOCH 15 train_loss=0.206806
2026-08-27 09:48:49,996 | EPOCH 15 VAL loss=0.244235 acc=0.9083 pre=0.9105 rec=0.9093 f1=0.9096 BEST
2026-08-27 09:48:58,692 | EPOCH 16 train_loss=0.200314
2026-08-27 09:49:06,167 | EPOCH 17 train_loss=0.192895
2026-08-27 09:49:13,825 | EPOCH 18 train_loss=0.186978
2026-08-27 09:49:21,545 | EPOCH 19 train_loss=0.181175
2026-08-27 09:49:28,885 | EPOCH 20 train_loss=0.174688
2026-08-27 09:49:29,553 | EPOCH 20 VAL loss=0.257228 acc=0.9097 pre=0.9116 rec=0.9100 f1=0.9080
2026-08-27 09:49:37,041 | EPOCH 21 train_loss=0.168611
2026-08-27 09:49:45,661 | EPOCH 22 train_loss=0.162308
2026-08-27 09:49:53,955 | EPOCH 23 train_loss=0.157374
2026-08-27 09:50:02,441 | EPOCH 24 train_loss=0.152678
2026-08-27 09:50:10,555 | EPOCH 25 train_loss=0.147659
2026-08-27 09:50:11,174 | EPOCH 25 VAL loss=0.259205 acc=0.9085 pre=0.9118 rec=0.9089 f1=0.9078
2026-08-27 09:50:18,833 | EPOCH 26 train_loss=0.141498
2026-08-27 09:50:26,611 | EPOCH 27 train_loss=0.134385
2026-08-27 09:50:34,594 | EPOCH 28 train_loss=0.130083
2026-08-27 09:50:42,043 | EPOCH 29 train_loss=0.125440
2026-08-27 09:50:49,389 | EPOCH 30 train_loss=0.121264
2026-08-27 09:50:50,014 | EPOCH 30 VAL loss=0.260596 acc=0.9155 pre=0.9169 rec=0.9158 f1=0.9154
2026-08-27 09:50:58,363 | EPOCH 31 train_loss=0.114035
2026-08-27 09:51:05,672 | EPOCH 32 train_loss=0.112005
2026-08-27 09:51:13,795 | EPOCH 33 train_loss=0.106538
2026-08-27 09:51:21,576 | EPOCH 34 train_loss=0.102487
2026-08-27 09:51:28,855 | EPOCH 35 train_loss=0.097608
2026-08-27 09:51:29,475 | EPOCH 35 VAL loss=0.285323 acc=0.9118 pre=0.9164 rec=0.9133 f1=0.9138
2026-08-27 09:51:37,859 | EPOCH 36 train_loss=0.093887
2026-08-27 09:51:45,733 | EPOCH 37 train_loss=0.089853
2026-08-27 09:51:53,316 | EPOCH 38 train_loss=0.086728
2026-08-27 09:52:01,685 | EPOCH 39 train_loss=0.081884
2026-08-27 09:52:09,079 | EPOCH 40 train_loss=0.075840
2026-08-27 09:52:09,718 | EPOCH 40 VAL loss=0.308887 acc=0.9093 pre=0.9112 rec=0.9100 f1=0.9095
2026-08-27 09:52:16,901 | EPOCH 41 train_loss=0.074323
2026-08-27 09:52:25,146 | EPOCH 42 train_loss=0.070427
2026-08-27 09:52:32,436 | EPOCH 43 train_loss=0.068584
2026-08-27 09:52:40,386 | EPOCH 44 train_loss=0.063704
2026-08-27 09:52:48,078 | EPOCH 45 train_loss=0.059578
2026-08-27 09:52:48,735 | EPOCH 45 VAL loss=0.326015 acc=0.9145 pre=0.9151 rec=0.9149 f1=0.9145
2026-08-27 09:52:48,739 | DONE best_epoch=15 best_val_loss=0.244235 early_stop=True time=356.05s
