2026-08-27 08:15:34,148 | START mlp_adam_lr0.002_s42 opt=adam lr=0.002 seed=42 device=cuda epochs=150
2026-08-27 08:15:40,855 | EPOCH 1 train_loss=0.514000
2026-08-27 08:15:47,667 | EPOCH 2 train_loss=0.371174
2026-08-27 08:15:54,565 | EPOCH 3 train_loss=0.335229
2026-08-27 08:16:01,652 | EPOCH 4 train_loss=0.311038
2026-08-27 08:16:08,716 | EPOCH 5 train_loss=0.290969
2026-08-27 08:16:09,343 | EPOCH 5 VAL loss=0.324178 acc=0.8835 pre=0.8839 rec=0.8848 f1=0.8831 BEST
2026-08-27 08:16:16,414 | EPOCH 6 train_loss=0.281888
2026-08-27 08:16:23,200 | EPOCH 7 train_loss=0.267378
2026-08-27 08:16:30,009 | EPOCH 8 train_loss=0.255787
2026-08-27 08:16:36,834 | EPOCH 9 train_loss=0.247633
2026-08-27 08:16:43,809 | EPOCH 10 train_loss=0.236714
2026-08-27 08:16:44,391 | EPOCH 10 VAL loss=0.323011 acc=0.8867 pre=0.8876 rec=0.8876 f1=0.8871 BEST
2026-08-27 08:16:51,905 | EPOCH 11 train_loss=0.229754
2026-08-27 08:16:58,835 | EPOCH 12 train_loss=0.221571
2026-08-27 08:17:05,751 | EPOCH 13 train_loss=0.213005
2026-08-27 08:17:12,674 | EPOCH 14 train_loss=0.207799
2026-08-27 08:17:19,575 | EPOCH 15 train_loss=0.201295
2026-08-27 08:17:20,146 | EPOCH 15 VAL loss=0.367786 acc=0.8830 pre=0.8859 rec=0.8844 f1=0.8819
2026-08-27 08:17:26,952 | EPOCH 16 train_loss=0.198615
2026-08-27 08:17:33,871 | EPOCH 17 train_loss=0.189290
2026-08-27 08:17:40,978 | EPOCH 18 train_loss=0.189966
2026-08-27 08:17:47,858 | EPOCH 19 train_loss=0.184865
2026-08-27 08:17:54,841 | EPOCH 20 train_loss=0.178145
2026-08-27 08:17:55,463 | EPOCH 20 VAL loss=0.385799 acc=0.8913 pre=0.8930 rec=0.8927 f1=0.8926
2026-08-27 08:18:02,403 | EPOCH 21 train_loss=0.175306
2026-08-27 08:18:09,220 | EPOCH 22 train_loss=0.165740
2026-08-27 08:18:16,137 | EPOCH 23 train_loss=0.165995
2026-08-27 08:18:23,033 | EPOCH 24 train_loss=0.163304
2026-08-27 08:18:29,799 | EPOCH 25 train_loss=0.156625
2026-08-27 08:18:30,370 | EPOCH 25 VAL loss=0.401341 acc=0.8890 pre=0.8886 rec=0.8899 f1=0.8889
2026-08-27 08:18:37,490 | EPOCH 26 train_loss=0.153725
2026-08-27 08:18:44,471 | EPOCH 27 train_loss=0.153795
2026-08-27 08:18:51,520 | EPOCH 28 train_loss=0.149714
2026-08-27 08:18:58,395 | EPOCH 29 train_loss=0.146473
2026-08-27 08:19:05,230 | EPOCH 30 train_loss=0.143212
2026-08-27 08:19:05,880 | EPOCH 30 VAL loss=0.450486 acc=0.8870 pre=0.8876 rec=0.8880 f1=0.8866
2026-08-27 08:19:12,818 | EPOCH 31 train_loss=0.139076
2026-08-27 08:19:19,451 | EPOCH 32 train_loss=0.135937
2026-08-27 08:19:26,461 | EPOCH 33 train_loss=0.135426
2026-08-27 08:19:33,551 | EPOCH 34 train_loss=0.135014
2026-08-27 08:19:40,299 | EPOCH 35 train_loss=0.133310
2026-08-27 08:19:40,899 | EPOCH 35 VAL loss=0.446276 acc=0.8902 pre=0.8914 rec=0.8909 f1=0.8909
2026-08-27 08:19:47,704 | EPOCH 36 train_loss=0.123625
2026-08-27 08:19:54,691 | EPOCH 37 train_loss=0.126408
2026-08-27 08:20:01,684 | EPOCH 38 train_loss=0.120678
2026-08-27 08:20:08,409 | EPOCH 39 train_loss=0.119141
2026-08-27 08:20:15,244 | EPOCH 40 train_loss=0.117221
2026-08-27 08:20:15,809 | EPOCH 40 VAL loss=0.561860 acc=0.8830 pre=0.8848 rec=0.8843 f1=0.8828
2026-08-27 08:20:15,817 | DONE best_epoch=10 best_val_loss=0.323011 early_stop=True time=281.0s
