2026-08-27 04:48:24,640 | START cnn_sgd_lr0.001_s2026 opt=sgd lr=0.001 seed=2026 device=cuda epochs=150
2026-08-27 04:48:32,423 | EPOCH 1 train_loss=2.287739
2026-08-27 04:48:40,325 | EPOCH 2 train_loss=2.240206
2026-08-27 04:48:48,035 | EPOCH 3 train_loss=2.013596
2026-08-27 04:48:55,583 | EPOCH 4 train_loss=1.319959
2026-08-27 04:49:03,284 | EPOCH 5 train_loss=0.960081
2026-08-27 04:49:03,977 | EPOCH 5 VAL loss=0.909168 acc=0.6565 pre=0.6688 rec=0.6589 f1=0.6229 BEST
2026-08-27 04:49:11,929 | EPOCH 6 train_loss=0.840147
2026-08-27 04:49:19,471 | EPOCH 7 train_loss=0.775386
2026-08-27 04:49:27,073 | EPOCH 8 train_loss=0.733735
2026-08-27 04:49:34,624 | EPOCH 9 train_loss=0.702484
2026-08-27 04:49:42,551 | EPOCH 10 train_loss=0.677743
2026-08-27 04:49:43,226 | EPOCH 10 VAL loss=0.682747 acc=0.7475 pre=0.7364 rec=0.7481 f1=0.7275 BEST
2026-08-27 04:49:51,121 | EPOCH 11 train_loss=0.656789
2026-08-27 04:49:58,850 | EPOCH 12 train_loss=0.639698
2026-08-27 04:50:06,522 | EPOCH 13 train_loss=0.625209
2026-08-27 04:50:14,142 | EPOCH 14 train_loss=0.611576
2026-08-27 04:50:21,762 | EPOCH 15 train_loss=0.600337
2026-08-27 04:50:22,412 | EPOCH 15 VAL loss=0.611714 acc=0.7768 pre=0.7842 rec=0.7780 f1=0.7788 BEST
2026-08-27 04:50:30,436 | EPOCH 16 train_loss=0.590062
2026-08-27 04:50:38,247 | EPOCH 17 train_loss=0.579776
2026-08-27 04:50:46,019 | EPOCH 18 train_loss=0.571271
2026-08-27 04:50:53,774 | EPOCH 19 train_loss=0.562439
2026-08-27 04:51:01,356 | EPOCH 20 train_loss=0.555264
2026-08-27 04:51:01,990 | EPOCH 20 VAL loss=0.559838 acc=0.8003 pre=0.7965 rec=0.8017 f1=0.7957 BEST
2026-08-27 04:51:09,901 | EPOCH 21 train_loss=0.546538
2026-08-27 04:51:17,638 | EPOCH 22 train_loss=0.539166
2026-08-27 04:51:25,418 | EPOCH 23 train_loss=0.533425
2026-08-27 04:51:33,244 | EPOCH 24 train_loss=0.526908
2026-08-27 04:51:40,982 | EPOCH 25 train_loss=0.520023
2026-08-27 04:51:41,684 | EPOCH 25 VAL loss=0.546995 acc=0.7992 pre=0.8023 rec=0.7998 f1=0.7935 BEST
2026-08-27 04:51:49,724 | EPOCH 26 train_loss=0.514988
2026-08-27 04:51:57,575 | EPOCH 27 train_loss=0.507460
2026-08-27 04:52:05,203 | EPOCH 28 train_loss=0.503546
2026-08-27 04:52:12,807 | EPOCH 29 train_loss=0.497902
2026-08-27 04:52:20,606 | EPOCH 30 train_loss=0.492335
2026-08-27 04:52:21,327 | EPOCH 30 VAL loss=0.512255 acc=0.8168 pre=0.8206 rec=0.8176 f1=0.8123 BEST
2026-08-27 04:52:29,790 | EPOCH 31 train_loss=0.488121
2026-08-27 04:52:37,561 | EPOCH 32 train_loss=0.483169
2026-08-27 04:52:45,211 | EPOCH 33 train_loss=0.479415
2026-08-27 04:52:53,037 | EPOCH 34 train_loss=0.473960
2026-08-27 04:53:00,769 | EPOCH 35 train_loss=0.470803
2026-08-27 04:53:01,449 | EPOCH 35 VAL loss=0.480159 acc=0.8330 pre=0.8337 rec=0.8334 f1=0.8330 BEST
2026-08-27 04:53:09,432 | EPOCH 36 train_loss=0.467815
2026-08-27 04:53:17,285 | EPOCH 37 train_loss=0.463192
2026-08-27 04:53:25,039 | EPOCH 38 train_loss=0.459239
2026-08-27 04:53:32,758 | EPOCH 39 train_loss=0.456393
2026-08-27 04:53:40,309 | EPOCH 40 train_loss=0.452866
2026-08-27 04:53:40,994 | EPOCH 40 VAL loss=0.470183 acc=0.8390 pre=0.8408 rec=0.8411 f1=0.8397 BEST
2026-08-27 04:53:48,891 | EPOCH 41 train_loss=0.450413
2026-08-27 04:53:56,614 | EPOCH 42 train_loss=0.446871
2026-08-27 04:54:04,470 | EPOCH 43 train_loss=0.443379
2026-08-27 04:54:12,054 | EPOCH 44 train_loss=0.439782
2026-08-27 04:54:19,657 | EPOCH 45 train_loss=0.437242
2026-08-27 04:54:20,305 | EPOCH 45 VAL loss=0.457272 acc=0.8380 pre=0.8411 rec=0.8391 f1=0.8329 BEST
2026-08-27 04:54:28,624 | EPOCH 46 train_loss=0.435606
2026-08-27 04:54:36,362 | EPOCH 47 train_loss=0.432098
2026-08-27 04:54:44,088 | EPOCH 48 train_loss=0.429425
2026-08-27 04:54:51,815 | EPOCH 49 train_loss=0.426491
2026-08-27 04:54:59,489 | EPOCH 50 train_loss=0.423634
2026-08-27 04:55:00,167 | EPOCH 50 VAL loss=0.442519 acc=0.8437 pre=0.8464 rec=0.8452 f1=0.8446 BEST
2026-08-27 04:55:08,317 | EPOCH 51 train_loss=0.422080
2026-08-27 04:55:15,965 | EPOCH 52 train_loss=0.419890
2026-08-27 04:55:23,772 | EPOCH 53 train_loss=0.416413
2026-08-27 04:55:31,594 | EPOCH 54 train_loss=0.414893
2026-08-27 04:55:39,079 | EPOCH 55 train_loss=0.412966
2026-08-27 04:55:39,739 | EPOCH 55 VAL loss=0.426061 acc=0.8520 pre=0.8525 rec=0.8522 f1=0.8511 BEST
2026-08-27 04:55:47,803 | EPOCH 56 train_loss=0.411184
2026-08-27 04:55:55,614 | EPOCH 57 train_loss=0.408123
2026-08-27 04:56:03,305 | EPOCH 58 train_loss=0.406746
2026-08-27 04:56:11,016 | EPOCH 59 train_loss=0.403227
2026-08-27 04:56:18,594 | EPOCH 60 train_loss=0.402728
2026-08-27 04:56:19,245 | EPOCH 60 VAL loss=0.420667 acc=0.8567 pre=0.8604 rec=0.8569 f1=0.8567 BEST
2026-08-27 04:56:27,181 | EPOCH 61 train_loss=0.399247
2026-08-27 04:56:34,867 | EPOCH 62 train_loss=0.398958
2026-08-27 04:56:42,652 | EPOCH 63 train_loss=0.396490
2026-08-27 04:56:50,223 | EPOCH 64 train_loss=0.393054
2026-08-27 04:56:57,765 | EPOCH 65 train_loss=0.392342
2026-08-27 04:56:58,429 | EPOCH 65 VAL loss=0.412405 acc=0.8523 pre=0.8548 rec=0.8538 f1=0.8521 BEST
2026-08-27 04:57:06,557 | EPOCH 66 train_loss=0.389704
2026-08-27 04:57:14,475 | EPOCH 67 train_loss=0.388205
2026-08-27 04:57:17,674 | INTERRUPTED epoch=67 batch=357
2026-08-27 10:55:20,306 | START cnn_sgd_lr0.001_s2026 opt=sgd lr=0.001 seed=2026 device=cuda epochs=150
2026-08-27 10:55:27,907 | EPOCH 1 train_loss=2.287739
2026-08-27 10:55:35,131 | EPOCH 2 train_loss=2.240206
2026-08-27 10:55:42,529 | EPOCH 3 train_loss=2.013598
2026-08-27 10:55:49,865 | EPOCH 4 train_loss=1.319962
2026-08-27 10:55:56,981 | EPOCH 5 train_loss=0.960080
2026-08-27 10:55:57,576 | EPOCH 5 VAL loss=0.909162 acc=0.6567 pre=0.6698 rec=0.6590 f1=0.6230 BEST
2026-08-27 10:56:05,294 | EPOCH 6 train_loss=0.840136
2026-08-27 10:56:12,684 | EPOCH 7 train_loss=0.775387
2026-08-27 10:56:20,148 | EPOCH 8 train_loss=0.733737
2026-08-27 10:56:27,453 | EPOCH 9 train_loss=0.702483
2026-08-27 10:56:34,553 | EPOCH 10 train_loss=0.677748
2026-08-27 10:56:35,192 | EPOCH 10 VAL loss=0.682793 acc=0.7475 pre=0.7364 rec=0.7481 f1=0.7275 BEST
2026-08-27 10:56:42,850 | EPOCH 11 train_loss=0.656798
2026-08-27 10:56:50,170 | EPOCH 12 train_loss=0.639709
2026-08-27 10:56:57,325 | EPOCH 13 train_loss=0.625246
2026-08-27 10:57:04,669 | EPOCH 14 train_loss=0.611705
2026-08-27 10:57:11,930 | EPOCH 15 train_loss=0.600434
2026-08-27 10:57:12,562 | EPOCH 15 VAL loss=0.611799 acc=0.7765 pre=0.7841 rec=0.7777 f1=0.7786 BEST
2026-08-27 10:57:20,289 | EPOCH 16 train_loss=0.590155
2026-08-27 10:57:27,528 | EPOCH 17 train_loss=0.579880
2026-08-27 10:57:34,711 | EPOCH 18 train_loss=0.571369
2026-08-27 10:57:41,759 | EPOCH 19 train_loss=0.562525
2026-08-27 10:57:48,821 | EPOCH 20 train_loss=0.555375
2026-08-27 10:57:49,438 | EPOCH 20 VAL loss=0.560058 acc=0.8000 pre=0.7961 rec=0.8014 f1=0.7953 BEST
2026-08-27 10:57:57,074 | EPOCH 21 train_loss=0.546658
2026-08-27 10:58:04,201 | EPOCH 22 train_loss=0.539271
2026-08-27 10:58:11,363 | EPOCH 23 train_loss=0.533490
2026-08-27 10:58:18,532 | EPOCH 24 train_loss=0.526844
2026-08-27 10:58:25,610 | EPOCH 25 train_loss=0.520040
2026-08-27 10:58:26,234 | EPOCH 25 VAL loss=0.547265 acc=0.7985 pre=0.8017 rec=0.7991 f1=0.7928 BEST
2026-08-27 10:58:33,771 | EPOCH 26 train_loss=0.514951
2026-08-27 10:58:41,090 | EPOCH 27 train_loss=0.507519
2026-08-27 10:58:48,182 | EPOCH 28 train_loss=0.503602
2026-08-27 10:58:55,310 | EPOCH 29 train_loss=0.497915
2026-08-27 10:59:02,520 | EPOCH 30 train_loss=0.492274
2026-08-27 10:59:03,464 | EPOCH 30 VAL loss=0.512088 acc=0.8180 pre=0.8219 rec=0.8187 f1=0.8134 BEST
2026-08-27 10:59:10,984 | EPOCH 31 train_loss=0.488131
2026-08-27 10:59:18,118 | EPOCH 32 train_loss=0.483157
2026-08-27 10:59:25,667 | EPOCH 33 train_loss=0.479398
2026-08-27 10:59:32,837 | EPOCH 34 train_loss=0.473938
2026-08-27 10:59:39,980 | EPOCH 35 train_loss=0.470725
2026-08-27 10:59:40,594 | EPOCH 35 VAL loss=0.479775 acc=0.8337 pre=0.8344 rec=0.8340 f1=0.8336 BEST
2026-08-27 10:59:48,204 | EPOCH 36 train_loss=0.467688
2026-08-27 10:59:55,589 | EPOCH 37 train_loss=0.463112
2026-08-27 11:00:03,096 | EPOCH 38 train_loss=0.459106
2026-08-27 11:00:10,373 | EPOCH 39 train_loss=0.456272
2026-08-27 11:00:17,557 | EPOCH 40 train_loss=0.452731
2026-08-27 11:00:18,193 | EPOCH 40 VAL loss=0.470150 acc=0.8393 pre=0.8410 rec=0.8414 f1=0.8400 BEST
2026-08-27 11:00:25,769 | EPOCH 41 train_loss=0.450260
2026-08-27 11:00:32,904 | EPOCH 42 train_loss=0.446716
2026-08-27 11:00:40,552 | EPOCH 43 train_loss=0.443216
2026-08-27 11:00:48,217 | EPOCH 44 train_loss=0.439640
2026-08-27 11:00:55,571 | EPOCH 45 train_loss=0.437041
2026-08-27 11:00:56,211 | EPOCH 45 VAL loss=0.456640 acc=0.8382 pre=0.8417 rec=0.8393 f1=0.8330 BEST
2026-08-27 11:01:03,607 | EPOCH 46 train_loss=0.435437
2026-08-27 11:01:11,036 | EPOCH 47 train_loss=0.431916
2026-08-27 11:01:18,631 | EPOCH 48 train_loss=0.429274
2026-08-27 11:01:25,964 | EPOCH 49 train_loss=0.426323
2026-08-27 11:01:33,232 | EPOCH 50 train_loss=0.423525
2026-08-27 11:01:33,842 | EPOCH 50 VAL loss=0.442399 acc=0.8440 pre=0.8465 rec=0.8455 f1=0.8449 BEST
2026-08-27 11:01:41,358 | EPOCH 51 train_loss=0.421970
2026-08-27 11:01:48,683 | EPOCH 52 train_loss=0.419769
2026-08-27 11:01:55,894 | EPOCH 53 train_loss=0.416254
2026-08-27 11:02:03,068 | EPOCH 54 train_loss=0.414790
2026-08-27 11:02:10,609 | EPOCH 55 train_loss=0.412786
2026-08-27 11:02:11,218 | EPOCH 55 VAL loss=0.425742 acc=0.8508 pre=0.8515 rec=0.8512 f1=0.8500 BEST
2026-08-27 11:02:18,735 | EPOCH 56 train_loss=0.411047
2026-08-27 11:02:25,835 | EPOCH 57 train_loss=0.407934
2026-08-27 11:02:32,991 | EPOCH 58 train_loss=0.406632
2026-08-27 11:02:40,066 | EPOCH 59 train_loss=0.403106
2026-08-27 11:02:47,513 | EPOCH 60 train_loss=0.402573
2026-08-27 11:02:48,125 | EPOCH 60 VAL loss=0.420770 acc=0.8563 pre=0.8603 rec=0.8566 f1=0.8565 BEST
2026-08-27 11:02:55,601 | EPOCH 61 train_loss=0.399162
2026-08-27 11:03:02,909 | EPOCH 62 train_loss=0.398804
2026-08-27 11:03:10,041 | EPOCH 63 train_loss=0.396452
2026-08-27 11:03:17,042 | EPOCH 64 train_loss=0.392972
2026-08-27 11:03:24,117 | EPOCH 65 train_loss=0.392277
2026-08-27 11:03:24,731 | EPOCH 65 VAL loss=0.411738 acc=0.8523 pre=0.8547 rec=0.8538 f1=0.8522 BEST
2026-08-27 11:03:32,192 | EPOCH 66 train_loss=0.389619
2026-08-27 11:03:39,750 | EPOCH 67 train_loss=0.388123
2026-08-27 11:03:47,215 | EPOCH 68 train_loss=0.387106
2026-08-27 11:03:54,531 | EPOCH 69 train_loss=0.385426
2026-08-27 11:04:01,712 | EPOCH 70 train_loss=0.383091
2026-08-27 11:04:02,308 | EPOCH 70 VAL loss=0.413280 acc=0.8512 pre=0.8606 rec=0.8528 f1=0.8529
2026-08-27 11:04:09,645 | EPOCH 71 train_loss=0.381924
2026-08-27 11:04:16,837 | EPOCH 72 train_loss=0.381044
2026-08-27 11:04:23,975 | EPOCH 73 train_loss=0.379098
2026-08-27 11:04:31,461 | EPOCH 74 train_loss=0.377369
2026-08-27 11:04:38,618 | EPOCH 75 train_loss=0.375809
2026-08-27 11:04:39,236 | EPOCH 75 VAL loss=0.386107 acc=0.8658 pre=0.8652 rec=0.8666 f1=0.8645 BEST
2026-08-27 11:04:46,815 | EPOCH 76 train_loss=0.373485
2026-08-27 11:04:54,021 | EPOCH 77 train_loss=0.372768
2026-08-27 11:05:01,167 | EPOCH 78 train_loss=0.370758
2026-08-27 11:05:08,297 | EPOCH 79 train_loss=0.369671
2026-08-27 11:05:15,380 | EPOCH 80 train_loss=0.368117
2026-08-27 11:05:15,992 | EPOCH 80 VAL loss=0.385753 acc=0.8668 pre=0.8679 rec=0.8674 f1=0.8638 BEST
2026-08-27 11:05:23,630 | EPOCH 81 train_loss=0.366407
2026-08-27 11:05:30,989 | EPOCH 82 train_loss=0.364738
2026-08-27 11:05:38,119 | EPOCH 83 train_loss=0.363582
2026-08-27 11:05:45,353 | EPOCH 84 train_loss=0.362697
2026-08-27 11:05:52,557 | EPOCH 85 train_loss=0.360795
2026-08-27 11:05:53,201 | EPOCH 85 VAL loss=0.375317 acc=0.8683 pre=0.8702 rec=0.8699 f1=0.8695 BEST
2026-08-27 11:06:00,899 | EPOCH 86 train_loss=0.359272
2026-08-27 11:06:08,020 | EPOCH 87 train_loss=0.358470
2026-08-27 11:06:15,173 | EPOCH 88 train_loss=0.357085
2026-08-27 11:06:22,639 | EPOCH 89 train_loss=0.355543
2026-08-27 11:06:29,865 | EPOCH 90 train_loss=0.353827
2026-08-27 11:06:30,508 | EPOCH 90 VAL loss=0.388491 acc=0.8627 pre=0.8662 rec=0.8631 f1=0.8587
2026-08-27 11:06:37,575 | EPOCH 91 train_loss=0.352839
2026-08-27 11:06:44,876 | EPOCH 92 train_loss=0.351074
2026-08-27 11:06:52,166 | EPOCH 93 train_loss=0.351891
2026-08-27 11:06:59,329 | EPOCH 94 train_loss=0.348757
2026-08-27 11:07:06,480 | EPOCH 95 train_loss=0.348591
2026-08-27 11:07:07,070 | EPOCH 95 VAL loss=0.385770 acc=0.8598 pre=0.8738 rec=0.8618 f1=0.8642
2026-08-27 11:07:14,380 | EPOCH 96 train_loss=0.346664
2026-08-27 11:07:21,423 | EPOCH 97 train_loss=0.346597
2026-08-27 11:07:28,449 | EPOCH 98 train_loss=0.345313
2026-08-27 11:07:35,546 | EPOCH 99 train_loss=0.343368
2026-08-27 11:07:42,633 | EPOCH 100 train_loss=0.343323
2026-08-27 11:07:43,225 | EPOCH 100 VAL loss=0.361223 acc=0.8733 pre=0.8766 rec=0.8746 f1=0.8751 BEST
2026-08-27 11:07:50,781 | EPOCH 101 train_loss=0.341504
2026-08-27 11:07:57,951 | EPOCH 102 train_loss=0.340501
2026-08-27 11:08:05,138 | EPOCH 103 train_loss=0.339610
2026-08-27 11:08:12,286 | EPOCH 104 train_loss=0.337326
2026-08-27 11:08:19,470 | EPOCH 105 train_loss=0.335829
2026-08-27 11:08:20,069 | EPOCH 105 VAL loss=0.350046 acc=0.8743 pre=0.8743 rec=0.8751 f1=0.8741 BEST
2026-08-27 11:08:27,495 | EPOCH 106 train_loss=0.335945
2026-08-27 11:08:34,674 | EPOCH 107 train_loss=0.334818
2026-08-27 11:08:41,998 | EPOCH 108 train_loss=0.333147
2026-08-27 11:08:49,092 | EPOCH 109 train_loss=0.332999
2026-08-27 11:08:56,227 | EPOCH 110 train_loss=0.331581
2026-08-27 11:08:56,825 | EPOCH 110 VAL loss=0.374963 acc=0.8653 pre=0.8764 rec=0.8665 f1=0.8677
2026-08-27 11:09:04,144 | EPOCH 111 train_loss=0.330449
2026-08-27 11:09:11,372 | EPOCH 112 train_loss=0.329556
2026-08-27 11:09:18,593 | EPOCH 113 train_loss=0.328345
2026-08-27 11:09:25,765 | EPOCH 114 train_loss=0.327607
2026-08-27 11:09:32,829 | EPOCH 115 train_loss=0.327160
2026-08-27 11:09:33,421 | EPOCH 115 VAL loss=0.349878 acc=0.8757 pre=0.8783 rec=0.8775 f1=0.8768 BEST
2026-08-27 11:09:41,078 | EPOCH 116 train_loss=0.326161
2026-08-27 11:09:48,612 | EPOCH 117 train_loss=0.324039
2026-08-27 11:09:55,795 | EPOCH 118 train_loss=0.323929
2026-08-27 11:10:02,953 | EPOCH 119 train_loss=0.322544
2026-08-27 11:10:10,323 | EPOCH 120 train_loss=0.322088
2026-08-27 11:10:11,332 | EPOCH 120 VAL loss=0.344028 acc=0.8803 pre=0.8813 rec=0.8809 f1=0.8779 BEST
2026-08-27 11:10:18,927 | EPOCH 121 train_loss=0.320951
2026-08-27 11:10:25,977 | EPOCH 122 train_loss=0.319914
2026-08-27 11:10:33,103 | EPOCH 123 train_loss=0.318957
2026-08-27 11:10:40,299 | EPOCH 124 train_loss=0.318728
2026-08-27 11:10:47,520 | EPOCH 125 train_loss=0.318022
2026-08-27 11:10:48,149 | EPOCH 125 VAL loss=0.353503 acc=0.8737 pre=0.8754 rec=0.8752 f1=0.8730
2026-08-27 11:10:55,346 | EPOCH 126 train_loss=0.316424
2026-08-27 11:11:02,420 | EPOCH 127 train_loss=0.316781
2026-08-27 11:11:09,828 | EPOCH 128 train_loss=0.314434
2026-08-27 11:11:17,227 | EPOCH 129 train_loss=0.313162
2026-08-27 11:11:24,486 | EPOCH 130 train_loss=0.313820
2026-08-27 11:11:25,094 | EPOCH 130 VAL loss=0.345692 acc=0.8783 pre=0.8809 rec=0.8790 f1=0.8770
2026-08-27 11:11:32,377 | EPOCH 131 train_loss=0.312729
2026-08-27 11:11:39,790 | EPOCH 132 train_loss=0.311586
2026-08-27 11:11:47,339 | EPOCH 133 train_loss=0.309777
2026-08-27 11:11:54,996 | EPOCH 134 train_loss=0.309186
2026-08-27 11:12:02,173 | EPOCH 135 train_loss=0.309314
2026-08-27 11:12:02,881 | EPOCH 135 VAL loss=0.345338 acc=0.8798 pre=0.8826 rec=0.8803 f1=0.8772
2026-08-27 11:12:10,324 | EPOCH 136 train_loss=0.307886
2026-08-27 11:12:17,574 | EPOCH 137 train_loss=0.306808
2026-08-27 11:12:24,838 | EPOCH 138 train_loss=0.306440
2026-08-27 11:12:32,057 | EPOCH 139 train_loss=0.306022
2026-08-27 11:12:39,387 | EPOCH 140 train_loss=0.304562
2026-08-27 11:12:40,085 | EPOCH 140 VAL loss=0.327704 acc=0.8845 pre=0.8843 rec=0.8856 f1=0.8840 BEST
2026-08-27 11:12:47,634 | EPOCH 141 train_loss=0.304724
2026-08-27 11:12:54,927 | EPOCH 142 train_loss=0.303000
2026-08-27 11:13:02,298 | EPOCH 143 train_loss=0.301384
2026-08-27 11:13:09,602 | EPOCH 144 train_loss=0.301135
2026-08-27 11:13:16,833 | EPOCH 145 train_loss=0.301085
2026-08-27 11:13:17,484 | EPOCH 145 VAL loss=0.338280 acc=0.8818 pre=0.8843 rec=0.8820 f1=0.8804
