2026-08-27 13:56:06,365 | START mlp_adamw_lr0.0005_s2026 opt=adamw lr=0.0005 seed=2026 device=cuda epochs=150
2026-08-27 13:56:15,380 | EPOCH 1 train_loss=0.586881
2026-08-27 13:56:23,738 | EPOCH 2 train_loss=0.402202
2026-08-27 13:56:31,566 | EPOCH 3 train_loss=0.358697
2026-08-27 13:56:39,928 | EPOCH 4 train_loss=0.328417
2026-08-27 13:56:47,702 | EPOCH 5 train_loss=0.306856
2026-08-27 13:56:48,394 | EPOCH 5 VAL loss=0.332675 acc=0.8788 pre=0.8790 rec=0.8802 f1=0.8786 BEST
2026-08-27 13:56:56,674 | EPOCH 6 train_loss=0.290522
2026-08-27 13:57:05,817 | EPOCH 7 train_loss=0.277854
2026-08-27 13:57:13,544 | EPOCH 8 train_loss=0.262640
2026-08-27 13:57:21,557 | EPOCH 9 train_loss=0.252293
2026-08-27 13:57:30,697 | EPOCH 10 train_loss=0.243072
2026-08-27 13:57:31,402 | EPOCH 10 VAL loss=0.320058 acc=0.8843 pre=0.8859 rec=0.8851 f1=0.8818 BEST
2026-08-27 13:57:39,539 | EPOCH 11 train_loss=0.233998
2026-08-27 13:57:47,788 | EPOCH 12 train_loss=0.226251
2026-08-27 13:57:57,351 | EPOCH 13 train_loss=0.217386
2026-08-27 13:58:05,289 | EPOCH 14 train_loss=0.210069
2026-08-27 13:58:13,714 | EPOCH 15 train_loss=0.201244
2026-08-27 13:58:14,404 | EPOCH 15 VAL loss=0.308775 acc=0.8905 pre=0.8915 rec=0.8921 f1=0.8911 BEST
2026-08-27 13:58:23,659 | EPOCH 16 train_loss=0.194851
2026-08-27 13:58:32,154 | EPOCH 17 train_loss=0.188988
2026-08-27 13:58:40,286 | EPOCH 18 train_loss=0.183762
2026-08-27 13:58:48,457 | EPOCH 19 train_loss=0.176775
2026-08-27 13:58:56,489 | EPOCH 20 train_loss=0.169848
2026-08-27 13:58:57,234 | EPOCH 20 VAL loss=0.302818 acc=0.8950 pre=0.8966 rec=0.8962 f1=0.8960 BEST
2026-08-27 13:59:05,483 | EPOCH 21 train_loss=0.164560
2026-08-27 13:59:13,898 | EPOCH 22 train_loss=0.158772
2026-08-27 13:59:22,586 | EPOCH 23 train_loss=0.154679
2026-08-27 13:59:30,752 | EPOCH 24 train_loss=0.148746
2026-08-27 13:59:38,645 | EPOCH 25 train_loss=0.140941
2026-08-27 13:59:39,334 | EPOCH 25 VAL loss=0.323569 acc=0.8910 pre=0.8934 rec=0.8918 f1=0.8909
2026-08-27 13:59:47,141 | EPOCH 26 train_loss=0.139266
2026-08-27 13:59:54,750 | EPOCH 27 train_loss=0.137713
2026-08-27 14:00:02,893 | EPOCH 28 train_loss=0.130006
2026-08-27 14:00:10,900 | EPOCH 29 train_loss=0.127811
2026-08-27 14:00:18,632 | EPOCH 30 train_loss=0.120797
2026-08-27 14:00:19,264 | EPOCH 30 VAL loss=0.334332 acc=0.8972 pre=0.8973 rec=0.8982 f1=0.8972
2026-08-27 14:00:26,910 | EPOCH 31 train_loss=0.121048
2026-08-27 14:00:34,966 | EPOCH 32 train_loss=0.116262
2026-08-27 14:00:42,551 | EPOCH 33 train_loss=0.112222
2026-08-27 14:00:50,403 | EPOCH 34 train_loss=0.110874
2026-08-27 14:00:58,716 | EPOCH 35 train_loss=0.106186
2026-08-27 14:00:59,396 | EPOCH 35 VAL loss=0.375757 acc=0.8973 pre=0.8980 rec=0.8985 f1=0.8977
2026-08-27 14:01:07,609 | EPOCH 36 train_loss=0.103314
2026-08-27 14:01:15,779 | EPOCH 37 train_loss=0.098652
2026-08-27 14:01:24,906 | EPOCH 38 train_loss=0.095630
2026-08-27 14:01:33,396 | EPOCH 39 train_loss=0.094485
2026-08-27 14:01:41,730 | EPOCH 40 train_loss=0.092303
2026-08-27 14:01:42,381 | EPOCH 40 VAL loss=0.387791 acc=0.8955 pre=0.8956 rec=0.8969 f1=0.8960
2026-08-27 14:01:50,550 | EPOCH 41 train_loss=0.088773
2026-08-27 14:01:59,142 | EPOCH 42 train_loss=0.085546
2026-08-27 14:02:07,277 | EPOCH 43 train_loss=0.084686
2026-08-27 14:02:15,282 | EPOCH 44 train_loss=0.081073
2026-08-27 14:02:23,361 | EPOCH 45 train_loss=0.083575
2026-08-27 14:02:24,071 | EPOCH 45 VAL loss=0.421355 acc=0.8978 pre=0.8973 rec=0.8988 f1=0.8969
2026-08-27 14:02:32,348 | EPOCH 46 train_loss=0.078550
2026-08-27 14:02:40,616 | EPOCH 47 train_loss=0.079049
2026-08-27 14:02:49,117 | EPOCH 48 train_loss=0.071755
2026-08-27 14:02:57,423 | EPOCH 49 train_loss=0.072153
2026-08-27 14:03:05,394 | EPOCH 50 train_loss=0.069167
2026-08-27 14:03:06,093 | EPOCH 50 VAL loss=0.449045 acc=0.8857 pre=0.8894 rec=0.8863 f1=0.8873
2026-08-27 14:03:06,104 | DONE best_epoch=20 best_val_loss=0.302818 early_stop=True time=418.94s
