2026-08-27 07:51:44,143 | START mlp_rmsprop_lr0.001_s123 opt=rmsprop lr=0.001 seed=123 device=cuda epochs=150
2026-08-27 07:51:50,873 | EPOCH 1 train_loss=0.533651
2026-08-27 07:51:57,564 | EPOCH 2 train_loss=0.374742
2026-08-27 07:52:04,205 | EPOCH 3 train_loss=0.334047
2026-08-27 07:52:11,055 | EPOCH 4 train_loss=0.307802
2026-08-27 07:52:17,817 | EPOCH 5 train_loss=0.289005
2026-08-27 07:52:18,424 | EPOCH 5 VAL loss=0.378197 acc=0.8670 pre=0.8736 rec=0.8694 f1=0.8671 BEST
2026-08-27 07:52:25,346 | EPOCH 6 train_loss=0.274136
2026-08-27 07:52:32,274 | EPOCH 7 train_loss=0.258774
2026-08-27 07:52:38,967 | EPOCH 8 train_loss=0.247658
2026-08-27 07:52:45,849 | EPOCH 9 train_loss=0.237056
2026-08-27 07:52:52,532 | EPOCH 10 train_loss=0.226685
2026-08-27 07:52:53,092 | EPOCH 10 VAL loss=0.341544 acc=0.8795 pre=0.8829 rec=0.8818 f1=0.8804 BEST
2026-08-27 07:53:00,082 | EPOCH 11 train_loss=0.216847
2026-08-27 07:53:06,884 | EPOCH 12 train_loss=0.209033
2026-08-27 07:53:13,605 | EPOCH 13 train_loss=0.199856
2026-08-27 07:53:20,181 | EPOCH 14 train_loss=0.194169
2026-08-27 07:53:26,887 | EPOCH 15 train_loss=0.185207
2026-08-27 07:53:27,440 | EPOCH 15 VAL loss=0.364875 acc=0.8873 pre=0.8888 rec=0.8893 f1=0.8879
2026-08-27 07:53:34,112 | EPOCH 16 train_loss=0.179008
2026-08-27 07:53:40,840 | EPOCH 17 train_loss=0.172919
2026-08-27 07:53:47,720 | EPOCH 18 train_loss=0.168058
2026-08-27 07:53:54,291 | EPOCH 19 train_loss=0.162585
2026-08-27 07:54:00,967 | EPOCH 20 train_loss=0.155730
2026-08-27 07:54:01,625 | EPOCH 20 VAL loss=0.365004 acc=0.8878 pre=0.8880 rec=0.8883 f1=0.8873
2026-08-27 07:54:08,256 | EPOCH 21 train_loss=0.153113
2026-08-27 07:54:15,288 | EPOCH 22 train_loss=0.147546
2026-08-27 07:54:22,044 | EPOCH 23 train_loss=0.142786
2026-08-27 07:54:28,834 | EPOCH 24 train_loss=0.139034
2026-08-27 07:54:35,532 | EPOCH 25 train_loss=0.134004
2026-08-27 07:54:36,114 | EPOCH 25 VAL loss=0.384555 acc=0.8935 pre=0.8934 rec=0.8944 f1=0.8926
2026-08-27 07:54:42,882 | EPOCH 26 train_loss=0.132109
2026-08-27 07:54:49,711 | EPOCH 27 train_loss=0.128524
2026-08-27 07:54:56,463 | EPOCH 28 train_loss=0.123868
2026-08-27 07:55:03,073 | EPOCH 29 train_loss=0.124090
2026-08-27 07:55:04,834 | INTERRUPTED epoch=29 batch=223
2026-08-27 11:28:14,003 | START mlp_rmsprop_lr0.001_s123 opt=rmsprop lr=0.001 seed=123 device=cuda epochs=150
2026-08-27 11:28:20,831 | EPOCH 1 train_loss=0.533651
2026-08-27 11:28:27,406 | EPOCH 2 train_loss=0.374742
2026-08-27 11:28:34,209 | EPOCH 3 train_loss=0.334047
2026-08-27 11:28:40,981 | EPOCH 4 train_loss=0.307802
2026-08-27 11:28:47,556 | EPOCH 5 train_loss=0.289005
2026-08-27 11:28:48,136 | EPOCH 5 VAL loss=0.378197 acc=0.8670 pre=0.8736 rec=0.8694 f1=0.8671 BEST
