2026-08-27 08:00:20,439 | START mlp_rmsprop_lr0.0005_s42 opt=rmsprop lr=0.0005 seed=42 device=cuda epochs=150
2026-08-27 08:00:27,282 | EPOCH 1 train_loss=0.550648
2026-08-27 08:00:34,386 | EPOCH 2 train_loss=0.396954
2026-08-27 08:00:41,008 | EPOCH 3 train_loss=0.351495
2026-08-27 08:00:47,675 | EPOCH 4 train_loss=0.324091
2026-08-27 08:00:54,631 | EPOCH 5 train_loss=0.303316
2026-08-27 08:00:55,223 | EPOCH 5 VAL loss=0.328420 acc=0.8768 pre=0.8800 rec=0.8775 f1=0.8765 BEST
2026-08-27 08:01:02,630 | EPOCH 6 train_loss=0.287855
2026-08-27 08:01:09,826 | EPOCH 7 train_loss=0.272591
2026-08-27 08:01:16,580 | EPOCH 8 train_loss=0.261090
2026-08-27 08:01:23,562 | EPOCH 9 train_loss=0.249484
2026-08-27 08:01:30,434 | EPOCH 10 train_loss=0.239617
2026-08-27 08:01:31,062 | EPOCH 10 VAL loss=0.368185 acc=0.8643 pre=0.8759 rec=0.8657 f1=0.8652
2026-08-27 08:01:38,007 | EPOCH 11 train_loss=0.228963
2026-08-27 08:01:44,999 | EPOCH 12 train_loss=0.220083
2026-08-27 08:01:51,944 | EPOCH 13 train_loss=0.211619
2026-08-27 08:01:58,740 | EPOCH 14 train_loss=0.203963
2026-08-27 08:02:05,807 | EPOCH 15 train_loss=0.196195
2026-08-27 08:02:06,400 | EPOCH 15 VAL loss=0.325274 acc=0.8875 pre=0.8896 rec=0.8886 f1=0.8850 BEST
2026-08-27 08:02:13,415 | EPOCH 16 train_loss=0.189295
2026-08-27 08:02:20,371 | EPOCH 17 train_loss=0.182838
2026-08-27 08:02:27,141 | EPOCH 18 train_loss=0.175093
2026-08-27 08:02:33,750 | EPOCH 19 train_loss=0.170345
2026-08-27 08:02:40,581 | EPOCH 20 train_loss=0.164627
2026-08-27 08:02:41,231 | EPOCH 20 VAL loss=0.365829 acc=0.8857 pre=0.8859 rec=0.8869 f1=0.8842
2026-08-27 08:02:48,015 | EPOCH 21 train_loss=0.158986
2026-08-27 08:02:55,086 | EPOCH 22 train_loss=0.152317
2026-08-27 08:03:01,935 | EPOCH 23 train_loss=0.146659
2026-08-27 08:03:08,680 | EPOCH 24 train_loss=0.141515
2026-08-27 08:03:15,704 | EPOCH 25 train_loss=0.136502
2026-08-27 08:03:16,335 | EPOCH 25 VAL loss=0.360734 acc=0.8910 pre=0.8933 rec=0.8910 f1=0.8905
2026-08-27 08:03:23,030 | EPOCH 26 train_loss=0.132279
2026-08-27 08:03:29,948 | EPOCH 27 train_loss=0.129225
2026-08-27 08:03:36,820 | EPOCH 28 train_loss=0.123852
2026-08-27 08:03:43,602 | EPOCH 29 train_loss=0.119037
2026-08-27 08:03:50,320 | EPOCH 30 train_loss=0.117955
2026-08-27 08:03:50,948 | EPOCH 30 VAL loss=0.385864 acc=0.8937 pre=0.8941 rec=0.8946 f1=0.8936
2026-08-27 08:03:57,686 | EPOCH 31 train_loss=0.112006
2026-08-27 08:04:04,360 | EPOCH 32 train_loss=0.109518
2026-08-27 08:04:11,029 | EPOCH 33 train_loss=0.106533
2026-08-27 08:04:17,889 | EPOCH 34 train_loss=0.101961
2026-08-27 08:04:25,088 | EPOCH 35 train_loss=0.098128
2026-08-27 08:04:25,680 | EPOCH 35 VAL loss=0.439834 acc=0.8942 pre=0.8958 rec=0.8953 f1=0.8948
2026-08-27 08:04:32,556 | EPOCH 36 train_loss=0.096360
2026-08-27 08:04:39,410 | EPOCH 37 train_loss=0.093293
2026-08-27 08:04:46,278 | EPOCH 38 train_loss=0.090739
2026-08-27 08:04:53,113 | EPOCH 39 train_loss=0.088278
2026-08-27 08:04:59,825 | EPOCH 40 train_loss=0.086520
2026-08-27 08:05:00,442 | EPOCH 40 VAL loss=0.475869 acc=0.8880 pre=0.8896 rec=0.8883 f1=0.8883
2026-08-27 08:05:07,247 | EPOCH 41 train_loss=0.084691
2026-08-27 08:05:14,232 | EPOCH 42 train_loss=0.080360
2026-08-27 08:05:21,297 | EPOCH 43 train_loss=0.079803
2026-08-27 08:05:28,043 | EPOCH 44 train_loss=0.078165
2026-08-27 08:05:34,778 | EPOCH 45 train_loss=0.076439
2026-08-27 08:05:35,358 | EPOCH 45 VAL loss=0.526903 acc=0.8912 pre=0.8925 rec=0.8921 f1=0.8900
2026-08-27 08:05:35,364 | DONE best_epoch=15 best_val_loss=0.325274 early_stop=True time=314.25s
