2026-08-27 05:23:28,832 | START mlp_adadelta_lr0.1_s123 opt=adadelta lr=0.1 seed=123 device=cuda epochs=150
2026-08-27 05:23:36,206 | EPOCH 1 train_loss=0.770766
2026-08-27 05:23:43,567 | EPOCH 2 train_loss=0.494505
2026-08-27 05:23:50,976 | EPOCH 3 train_loss=0.443595
2026-08-27 05:23:57,830 | EPOCH 4 train_loss=0.412208
2026-08-27 05:24:05,092 | EPOCH 5 train_loss=0.387165
2026-08-27 05:24:05,657 | EPOCH 5 VAL loss=0.413846 acc=0.8528 pre=0.8572 rec=0.8552 f1=0.8534 BEST
2026-08-27 05:24:13,677 | EPOCH 6 train_loss=0.368587
2026-08-27 05:24:20,505 | EPOCH 7 train_loss=0.351105
2026-08-27 05:24:28,143 | EPOCH 8 train_loss=0.337427
2026-08-27 05:24:35,025 | EPOCH 9 train_loss=0.323914
2026-08-27 05:24:42,355 | EPOCH 10 train_loss=0.312897
2026-08-27 05:24:42,941 | EPOCH 10 VAL loss=0.343258 acc=0.8737 pre=0.8806 rec=0.8756 f1=0.8766 BEST
2026-08-27 05:24:50,473 | EPOCH 11 train_loss=0.302947
2026-08-27 05:24:57,329 | EPOCH 12 train_loss=0.293884
2026-08-27 05:25:04,725 | EPOCH 13 train_loss=0.286225
2026-08-27 05:25:12,020 | EPOCH 14 train_loss=0.278823
2026-08-27 05:25:18,991 | EPOCH 15 train_loss=0.271104
2026-08-27 05:25:19,565 | EPOCH 15 VAL loss=0.314900 acc=0.8835 pre=0.8847 rec=0.8851 f1=0.8844 BEST
2026-08-27 05:25:27,426 | EPOCH 16 train_loss=0.263338
2026-08-27 05:25:34,428 | EPOCH 17 train_loss=0.257928
2026-08-27 05:25:41,412 | EPOCH 18 train_loss=0.250747
2026-08-27 05:25:48,905 | EPOCH 19 train_loss=0.246012
2026-08-27 05:25:56,062 | EPOCH 20 train_loss=0.239420
2026-08-27 05:25:57,072 | EPOCH 20 VAL loss=0.312640 acc=0.8843 pre=0.8853 rec=0.8852 f1=0.8834 BEST
2026-08-27 05:26:04,361 | EPOCH 21 train_loss=0.235271
2026-08-27 05:26:11,775 | EPOCH 22 train_loss=0.230133
2026-08-27 05:26:18,539 | EPOCH 23 train_loss=0.225160
2026-08-27 05:26:26,134 | EPOCH 24 train_loss=0.220714
2026-08-27 05:26:33,470 | EPOCH 25 train_loss=0.215843
2026-08-27 05:26:34,082 | EPOCH 25 VAL loss=0.297110 acc=0.8920 pre=0.8925 rec=0.8925 f1=0.8906 BEST
2026-08-27 05:26:41,498 | EPOCH 26 train_loss=0.211383
2026-08-27 05:26:48,438 | EPOCH 27 train_loss=0.206996
2026-08-27 05:26:55,762 | EPOCH 28 train_loss=0.203205
2026-08-27 05:27:02,672 | EPOCH 29 train_loss=0.198492
2026-08-27 05:27:10,386 | EPOCH 30 train_loss=0.194499
2026-08-27 05:27:11,007 | EPOCH 30 VAL loss=0.315276 acc=0.8878 pre=0.8915 rec=0.8899 f1=0.8891
2026-08-27 05:27:18,269 | EPOCH 31 train_loss=0.190092
2026-08-27 05:27:25,089 | EPOCH 32 train_loss=0.185839
2026-08-27 05:27:32,674 | EPOCH 33 train_loss=0.182845
2026-08-27 05:27:39,690 | EPOCH 34 train_loss=0.179358
2026-08-27 05:27:46,997 | EPOCH 35 train_loss=0.175550
2026-08-27 05:27:47,599 | EPOCH 35 VAL loss=0.314648 acc=0.8932 pre=0.8961 rec=0.8935 f1=0.8910
2026-08-27 05:27:54,603 | EPOCH 36 train_loss=0.171452
2026-08-27 05:28:01,592 | EPOCH 37 train_loss=0.168119
2026-08-27 05:28:09,127 | EPOCH 38 train_loss=0.163985
2026-08-27 05:28:16,201 | EPOCH 39 train_loss=0.162186
2026-08-27 05:28:23,088 | EPOCH 40 train_loss=0.158677
2026-08-27 05:28:23,677 | EPOCH 40 VAL loss=0.338989 acc=0.8858 pre=0.8974 rec=0.8883 f1=0.8894
2026-08-27 05:28:30,911 | EPOCH 41 train_loss=0.154818
2026-08-27 05:28:37,737 | EPOCH 42 train_loss=0.152111
2026-08-27 05:28:44,990 | EPOCH 43 train_loss=0.148453
2026-08-27 05:28:52,013 | EPOCH 44 train_loss=0.145920
2026-08-27 05:28:58,989 | EPOCH 45 train_loss=0.142598
2026-08-27 05:28:59,555 | EPOCH 45 VAL loss=0.335227 acc=0.8898 pre=0.8909 rec=0.8908 f1=0.8898
2026-08-27 05:29:07,028 | EPOCH 46 train_loss=0.139088
2026-08-27 05:29:14,651 | EPOCH 47 train_loss=0.136440
2026-08-27 05:29:21,449 | EPOCH 48 train_loss=0.134438
2026-08-27 05:29:29,124 | EPOCH 49 train_loss=0.131790
2026-08-27 05:29:36,990 | EPOCH 50 train_loss=0.127949
2026-08-27 05:29:37,741 | EPOCH 50 VAL loss=0.330324 acc=0.8950 pre=0.8960 rec=0.8961 f1=0.8954
2026-08-27 05:29:44,631 | EPOCH 51 train_loss=0.126890
2026-08-27 05:29:51,981 | EPOCH 52 train_loss=0.123280
2026-08-27 05:29:58,927 | EPOCH 53 train_loss=0.121410
2026-08-27 05:30:06,162 | EPOCH 54 train_loss=0.117695
2026-08-27 05:30:13,247 | EPOCH 55 train_loss=0.116059
2026-08-27 05:30:13,824 | EPOCH 55 VAL loss=0.374814 acc=0.8893 pre=0.8904 rec=0.8914 f1=0.8899
2026-08-27 05:30:13,833 | DONE best_epoch=25 best_val_loss=0.29711 early_stop=True time=404.34s
