2026-08-27 07:38:16,466 | START mlp_rmsprop_lr0.005_s123 opt=rmsprop lr=0.005 seed=123 device=cuda epochs=150
2026-08-27 07:38:23,170 | EPOCH 1 train_loss=0.735871
2026-08-27 07:38:29,936 | EPOCH 2 train_loss=0.415011
2026-08-27 07:38:36,604 | EPOCH 3 train_loss=0.373655
2026-08-27 07:38:43,100 | EPOCH 4 train_loss=0.356267
2026-08-27 07:38:49,633 | EPOCH 5 train_loss=0.341967
2026-08-27 07:38:50,335 | EPOCH 5 VAL loss=0.424395 acc=0.8460 pre=0.8587 rec=0.8487 f1=0.8468 BEST
2026-08-27 07:38:57,787 | EPOCH 6 train_loss=0.334341
2026-08-27 07:39:04,788 | EPOCH 7 train_loss=0.319169
2026-08-27 07:39:11,512 | EPOCH 8 train_loss=0.313374
2026-08-27 07:39:18,545 | EPOCH 9 train_loss=0.307474
2026-08-27 07:39:25,288 | EPOCH 10 train_loss=0.302514
2026-08-27 07:39:25,897 | EPOCH 10 VAL loss=0.425530 acc=0.8627 pre=0.8689 rec=0.8649 f1=0.8657
2026-08-27 07:39:33,029 | EPOCH 11 train_loss=0.296368
2026-08-27 07:39:39,899 | EPOCH 12 train_loss=0.292489
2026-08-27 07:39:46,623 | EPOCH 13 train_loss=0.287946
2026-08-27 07:39:53,681 | EPOCH 14 train_loss=0.287571
2026-08-27 07:40:00,471 | EPOCH 15 train_loss=0.281800
2026-08-27 07:40:01,157 | EPOCH 15 VAL loss=0.404402 acc=0.8717 pre=0.8743 rec=0.8728 f1=0.8726 BEST
2026-08-27 07:40:08,318 | EPOCH 16 train_loss=0.280014
2026-08-27 07:40:15,100 | EPOCH 17 train_loss=0.278316
2026-08-27 07:40:21,744 | EPOCH 18 train_loss=0.272723
2026-08-27 07:40:28,533 | EPOCH 19 train_loss=0.275025
2026-08-27 07:40:35,459 | EPOCH 20 train_loss=0.270327
2026-08-27 07:40:36,418 | EPOCH 20 VAL loss=0.422796 acc=0.8768 pre=0.8770 rec=0.8775 f1=0.8753
2026-08-27 07:40:43,186 | EPOCH 21 train_loss=0.278001
2026-08-27 07:40:49,872 | EPOCH 22 train_loss=0.270778
2026-08-27 07:40:56,585 | EPOCH 23 train_loss=0.274667
2026-08-27 07:41:03,444 | EPOCH 24 train_loss=0.265351
2026-08-27 07:41:10,248 | EPOCH 25 train_loss=0.265815
2026-08-27 07:41:10,873 | EPOCH 25 VAL loss=0.483976 acc=0.8773 pre=0.8795 rec=0.8782 f1=0.8781
2026-08-27 07:41:17,649 | EPOCH 26 train_loss=0.263397
2026-08-27 07:41:24,353 | EPOCH 27 train_loss=0.262586
2026-08-27 07:41:30,889 | EPOCH 28 train_loss=0.262701
2026-08-27 07:41:37,558 | EPOCH 29 train_loss=0.261932
2026-08-27 07:41:44,476 | EPOCH 30 train_loss=0.255793
2026-08-27 07:41:45,117 | EPOCH 30 VAL loss=0.535917 acc=0.8678 pre=0.8722 rec=0.8698 f1=0.8682
2026-08-27 07:41:51,958 | EPOCH 31 train_loss=0.256505
2026-08-27 07:41:58,668 | EPOCH 32 train_loss=0.252115
2026-08-27 07:42:05,577 | EPOCH 33 train_loss=0.253220
2026-08-27 07:42:12,431 | EPOCH 34 train_loss=0.251332
2026-08-27 07:42:19,555 | EPOCH 35 train_loss=0.253358
2026-08-27 07:42:20,134 | EPOCH 35 VAL loss=0.634727 acc=0.8747 pre=0.8753 rec=0.8757 f1=0.8735
2026-08-27 07:42:26,901 | EPOCH 36 train_loss=0.250352
2026-08-27 07:42:33,666 | EPOCH 37 train_loss=0.253118
2026-08-27 07:42:40,540 | EPOCH 38 train_loss=0.244783
2026-08-27 07:42:47,383 | EPOCH 39 train_loss=0.249901
2026-08-27 07:42:54,295 | EPOCH 40 train_loss=0.245737
2026-08-27 07:42:54,897 | EPOCH 40 VAL loss=0.653735 acc=0.8767 pre=0.8771 rec=0.8782 f1=0.8772
2026-08-27 07:43:01,986 | EPOCH 41 train_loss=0.245313
2026-08-27 07:43:08,900 | EPOCH 42 train_loss=0.250683
2026-08-27 07:43:15,870 | EPOCH 43 train_loss=0.245278
2026-08-27 07:43:22,752 | EPOCH 44 train_loss=0.241512
2026-08-27 07:43:29,672 | EPOCH 45 train_loss=0.242851
2026-08-27 07:43:30,271 | EPOCH 45 VAL loss=0.745490 acc=0.8725 pre=0.8764 rec=0.8742 f1=0.8739
2026-08-27 07:43:30,277 | DONE best_epoch=15 best_val_loss=0.404402 early_stop=True time=313.13s
