2026-08-27 15:48:52,068 | START mlp_nadam_lr0.0005_s123 opt=nadam lr=0.0005 seed=123 device=cuda epochs=150
2026-08-27 15:49:00,395 | EPOCH 1 train_loss=0.572509
2026-08-27 15:49:08,580 | EPOCH 2 train_loss=0.391752
2026-08-27 15:49:16,813 | EPOCH 3 train_loss=0.349515
2026-08-27 15:49:25,220 | EPOCH 4 train_loss=0.321099
2026-08-27 15:49:33,721 | EPOCH 5 train_loss=0.299404
2026-08-27 15:49:34,418 | EPOCH 5 VAL loss=0.352014 acc=0.8652 pre=0.8703 rec=0.8677 f1=0.8664 BEST
2026-08-27 15:49:43,344 | EPOCH 6 train_loss=0.282727
2026-08-27 15:49:51,842 | EPOCH 7 train_loss=0.267326
2026-08-27 15:50:00,469 | EPOCH 8 train_loss=0.254813
2026-08-27 15:50:08,897 | EPOCH 9 train_loss=0.242908
2026-08-27 15:50:17,422 | EPOCH 10 train_loss=0.231664
2026-08-27 15:50:18,138 | EPOCH 10 VAL loss=0.311373 acc=0.8837 pre=0.8862 rec=0.8857 f1=0.8849 BEST
2026-08-27 15:50:27,195 | EPOCH 11 train_loss=0.221735
2026-08-27 15:50:35,792 | EPOCH 12 train_loss=0.212747
2026-08-27 15:50:44,326 | EPOCH 13 train_loss=0.204185
2026-08-27 15:50:53,349 | EPOCH 14 train_loss=0.196620
2026-08-27 15:51:01,902 | EPOCH 15 train_loss=0.189757
2026-08-27 15:51:02,649 | EPOCH 15 VAL loss=0.291625 acc=0.8975 pre=0.8991 rec=0.8989 f1=0.8987 BEST
2026-08-27 15:51:11,583 | EPOCH 16 train_loss=0.181608
2026-08-27 15:51:20,175 | EPOCH 17 train_loss=0.175330
2026-08-27 15:51:28,598 | EPOCH 18 train_loss=0.168829
2026-08-27 15:51:36,919 | EPOCH 19 train_loss=0.161204
2026-08-27 15:51:45,461 | EPOCH 20 train_loss=0.156930
2026-08-27 15:51:46,192 | EPOCH 20 VAL loss=0.339908 acc=0.8813 pre=0.8828 rec=0.8827 f1=0.8805
2026-08-27 15:51:54,947 | EPOCH 21 train_loss=0.149541
2026-08-27 15:52:03,615 | EPOCH 22 train_loss=0.143533
2026-08-27 15:52:12,007 | EPOCH 23 train_loss=0.139276
2026-08-27 15:52:20,492 | EPOCH 24 train_loss=0.133236
2026-08-27 15:52:29,056 | EPOCH 25 train_loss=0.130177
2026-08-27 15:52:29,738 | EPOCH 25 VAL loss=0.336930 acc=0.8955 pre=0.8960 rec=0.8961 f1=0.8955
2026-08-27 15:52:38,227 | EPOCH 26 train_loss=0.125301
2026-08-27 15:52:47,045 | EPOCH 27 train_loss=0.119416
2026-08-27 15:52:55,474 | EPOCH 28 train_loss=0.114805
2026-08-27 15:53:04,096 | EPOCH 29 train_loss=0.114236
2026-08-27 15:53:12,835 | EPOCH 30 train_loss=0.108582
2026-08-27 15:53:13,528 | EPOCH 30 VAL loss=0.387265 acc=0.8922 pre=0.8959 rec=0.8940 f1=0.8941
2026-08-27 15:53:22,165 | EPOCH 31 train_loss=0.103911
2026-08-27 15:53:30,668 | EPOCH 32 train_loss=0.100814
2026-08-27 15:53:38,810 | EPOCH 33 train_loss=0.098270
2026-08-27 15:53:47,112 | EPOCH 34 train_loss=0.095374
2026-08-27 15:53:55,343 | EPOCH 35 train_loss=0.091292
2026-08-27 15:53:56,044 | EPOCH 35 VAL loss=0.417797 acc=0.8973 pre=0.8975 rec=0.8986 f1=0.8979
2026-08-27 15:54:04,531 | EPOCH 36 train_loss=0.087282
2026-08-27 15:54:12,874 | EPOCH 37 train_loss=0.084451
2026-08-27 15:54:21,196 | EPOCH 38 train_loss=0.083395
2026-08-27 15:54:29,759 | EPOCH 39 train_loss=0.078970
2026-08-27 15:54:38,201 | EPOCH 40 train_loss=0.081850
2026-08-27 15:54:38,898 | EPOCH 40 VAL loss=0.449478 acc=0.8963 pre=0.8968 rec=0.8973 f1=0.8969
2026-08-27 15:54:47,331 | EPOCH 41 train_loss=0.073997
2026-08-27 15:54:55,748 | EPOCH 42 train_loss=0.073537
2026-08-27 15:55:03,961 | EPOCH 43 train_loss=0.070354
2026-08-27 15:55:12,234 | EPOCH 44 train_loss=0.068983
2026-08-27 15:55:20,602 | EPOCH 45 train_loss=0.066629
2026-08-27 15:55:21,317 | EPOCH 45 VAL loss=0.478326 acc=0.8940 pre=0.8950 rec=0.8950 f1=0.8946
2026-08-27 15:55:21,327 | DONE best_epoch=15 best_val_loss=0.291625 early_stop=True time=388.45s
