2026-08-27 14:35:43,452 | START mlp_adamax_lr0.001_s2026 opt=adamax lr=0.001 seed=2026 device=cuda epochs=150
2026-08-27 14:35:51,026 | EPOCH 1 train_loss=0.615606
2026-08-27 14:35:59,383 | EPOCH 2 train_loss=0.433220
2026-08-27 14:36:07,469 | EPOCH 3 train_loss=0.391871
2026-08-27 14:36:14,573 | EPOCH 4 train_loss=0.361524
2026-08-27 14:36:22,322 | EPOCH 5 train_loss=0.340080
2026-08-27 14:36:22,993 | EPOCH 5 VAL loss=0.351238 acc=0.8730 pre=0.8728 rec=0.8744 f1=0.8727 BEST
2026-08-27 14:36:31,218 | EPOCH 6 train_loss=0.320431
2026-08-27 14:36:39,114 | EPOCH 7 train_loss=0.306594
2026-08-27 14:36:47,604 | EPOCH 8 train_loss=0.292604
2026-08-27 14:36:54,990 | EPOCH 9 train_loss=0.281141
2026-08-27 14:37:03,762 | EPOCH 10 train_loss=0.272214
2026-08-27 14:37:04,420 | EPOCH 10 VAL loss=0.329644 acc=0.8817 pre=0.8829 rec=0.8824 f1=0.8789 BEST
2026-08-27 14:37:13,000 | EPOCH 11 train_loss=0.262434
2026-08-27 14:37:20,763 | EPOCH 12 train_loss=0.254129
2026-08-27 14:37:28,921 | EPOCH 13 train_loss=0.246455
2026-08-27 14:37:36,972 | EPOCH 14 train_loss=0.237287
2026-08-27 14:37:45,006 | EPOCH 15 train_loss=0.231302
2026-08-27 14:37:45,644 | EPOCH 15 VAL loss=0.302030 acc=0.8905 pre=0.8911 rec=0.8915 f1=0.8906 BEST
2026-08-27 14:37:55,660 | EPOCH 16 train_loss=0.222021
2026-08-27 14:38:04,849 | EPOCH 17 train_loss=0.217814
2026-08-27 14:38:12,519 | EPOCH 18 train_loss=0.212381
2026-08-27 14:38:21,432 | EPOCH 19 train_loss=0.205407
2026-08-27 14:38:29,311 | EPOCH 20 train_loss=0.199078
2026-08-27 14:38:30,241 | EPOCH 20 VAL loss=0.293295 acc=0.8952 pre=0.8973 rec=0.8957 f1=0.8960 BEST
2026-08-27 14:38:38,463 | EPOCH 21 train_loss=0.193723
2026-08-27 14:38:46,941 | EPOCH 22 train_loss=0.188085
2026-08-27 14:38:54,623 | EPOCH 23 train_loss=0.184079
2026-08-27 14:39:02,678 | EPOCH 24 train_loss=0.178097
2026-08-27 14:39:11,602 | EPOCH 25 train_loss=0.171111
2026-08-27 14:39:12,288 | EPOCH 25 VAL loss=0.302845 acc=0.8942 pre=0.8971 rec=0.8949 f1=0.8945
2026-08-27 14:39:20,225 | EPOCH 26 train_loss=0.166767
2026-08-27 14:39:28,610 | EPOCH 27 train_loss=0.163955
2026-08-27 14:39:36,886 | EPOCH 28 train_loss=0.158514
2026-08-27 14:39:44,802 | EPOCH 29 train_loss=0.155260
2026-08-27 14:39:54,213 | EPOCH 30 train_loss=0.149174
2026-08-27 14:39:54,889 | EPOCH 30 VAL loss=0.299501 acc=0.8982 pre=0.8998 rec=0.8995 f1=0.8995
2026-08-27 14:40:03,756 | EPOCH 31 train_loss=0.144898
2026-08-27 14:40:11,618 | EPOCH 32 train_loss=0.141429
2026-08-27 14:40:20,567 | EPOCH 33 train_loss=0.137240
2026-08-27 14:40:30,223 | EPOCH 34 train_loss=0.132389
2026-08-27 14:40:38,165 | EPOCH 35 train_loss=0.129105
2026-08-27 14:40:38,839 | EPOCH 35 VAL loss=0.335450 acc=0.8933 pre=0.8977 rec=0.8945 f1=0.8946
2026-08-27 14:40:47,747 | EPOCH 36 train_loss=0.126068
2026-08-27 14:40:55,697 | EPOCH 37 train_loss=0.122206
2026-08-27 14:41:03,672 | EPOCH 38 train_loss=0.118218
2026-08-27 14:41:12,990 | EPOCH 39 train_loss=0.114621
2026-08-27 14:41:21,340 | EPOCH 40 train_loss=0.110657
2026-08-27 14:41:22,271 | EPOCH 40 VAL loss=0.350570 acc=0.8910 pre=0.8930 rec=0.8925 f1=0.8921
2026-08-27 14:41:30,194 | EPOCH 41 train_loss=0.108734
2026-08-27 14:41:38,921 | EPOCH 42 train_loss=0.104508
2026-08-27 14:41:46,969 | EPOCH 43 train_loss=0.100392
2026-08-27 14:41:56,006 | EPOCH 44 train_loss=0.099424
2026-08-27 14:42:05,503 | EPOCH 45 train_loss=0.096743
2026-08-27 14:42:06,286 | EPOCH 45 VAL loss=0.365379 acc=0.8980 pre=0.8981 rec=0.8991 f1=0.8970
2026-08-27 14:42:14,858 | EPOCH 46 train_loss=0.093294
2026-08-27 14:42:22,865 | EPOCH 47 train_loss=0.091031
2026-08-27 14:42:31,656 | EPOCH 48 train_loss=0.086784
2026-08-27 14:42:40,016 | EPOCH 49 train_loss=0.083970
2026-08-27 14:42:47,931 | EPOCH 50 train_loss=0.081976
2026-08-27 14:42:48,592 | EPOCH 50 VAL loss=0.396617 acc=0.8835 pre=0.8889 rec=0.8844 f1=0.8854
2026-08-27 14:42:48,602 | DONE best_epoch=20 best_val_loss=0.293295 early_stop=True time=424.39s
