2026-08-27 17:12:49,157 | START cnn_nadam_lr0.0005_s42 opt=nadam lr=0.0005 seed=42 device=cuda epochs=150
2026-08-27 17:12:58,097 | EPOCH 1 train_loss=0.596903
2026-08-27 17:13:06,899 | EPOCH 2 train_loss=0.382684
2026-08-27 17:13:15,645 | EPOCH 3 train_loss=0.330946
2026-08-27 17:13:24,349 | EPOCH 4 train_loss=0.300582
2026-08-27 17:13:33,075 | EPOCH 5 train_loss=0.277148
2026-08-27 17:13:33,781 | EPOCH 5 VAL loss=0.286728 acc=0.8987 pre=0.9013 rec=0.8995 f1=0.8992 BEST
2026-08-27 17:13:43,068 | EPOCH 6 train_loss=0.260262
2026-08-27 17:13:51,895 | EPOCH 7 train_loss=0.243633
2026-08-27 17:14:00,615 | EPOCH 8 train_loss=0.230966
2026-08-27 17:14:09,311 | EPOCH 9 train_loss=0.219173
2026-08-27 17:14:18,031 | EPOCH 10 train_loss=0.210341
2026-08-27 17:14:18,739 | EPOCH 10 VAL loss=0.269247 acc=0.8997 pre=0.9023 rec=0.9005 f1=0.8996 BEST
2026-08-27 17:14:27,845 | EPOCH 11 train_loss=0.199521
2026-08-27 17:14:36,446 | EPOCH 12 train_loss=0.190809
2026-08-27 17:14:45,070 | EPOCH 13 train_loss=0.182052
2026-08-27 17:14:53,747 | EPOCH 14 train_loss=0.173761
2026-08-27 17:15:02,341 | EPOCH 15 train_loss=0.165999
2026-08-27 17:15:03,037 | EPOCH 15 VAL loss=0.228819 acc=0.9168 pre=0.9179 rec=0.9175 f1=0.9164 BEST
2026-08-27 17:15:12,122 | EPOCH 16 train_loss=0.158539
2026-08-27 17:15:20,963 | EPOCH 17 train_loss=0.152483
2026-08-27 17:15:29,669 | EPOCH 18 train_loss=0.145198
2026-08-27 17:15:38,473 | EPOCH 19 train_loss=0.138651
2026-08-27 17:15:47,299 | EPOCH 20 train_loss=0.131874
2026-08-27 17:15:48,008 | EPOCH 20 VAL loss=0.233330 acc=0.9212 pre=0.9219 rec=0.9225 f1=0.9219
2026-08-27 17:15:56,813 | EPOCH 21 train_loss=0.125895
2026-08-27 17:16:05,654 | EPOCH 22 train_loss=0.120394
2026-08-27 17:16:14,583 | EPOCH 23 train_loss=0.114674
2026-08-27 17:16:23,506 | EPOCH 24 train_loss=0.109384
2026-08-27 17:16:32,581 | EPOCH 25 train_loss=0.104679
2026-08-27 17:16:33,294 | EPOCH 25 VAL loss=0.229520 acc=0.9217 pre=0.9230 rec=0.9223 f1=0.9222
2026-08-27 17:16:42,316 | EPOCH 26 train_loss=0.100480
2026-08-27 17:16:51,305 | EPOCH 27 train_loss=0.093912
2026-08-27 17:17:00,180 | EPOCH 28 train_loss=0.089616
2026-08-27 17:17:09,112 | EPOCH 29 train_loss=0.083633
2026-08-27 17:17:18,143 | EPOCH 30 train_loss=0.080591
2026-08-27 17:17:18,851 | EPOCH 30 VAL loss=0.267409 acc=0.9185 pre=0.9192 rec=0.9196 f1=0.9191
2026-08-27 17:17:27,897 | EPOCH 31 train_loss=0.074648
2026-08-27 17:17:36,827 | EPOCH 32 train_loss=0.072317
2026-08-27 17:17:45,711 | EPOCH 33 train_loss=0.065984
2026-08-27 17:17:54,576 | EPOCH 34 train_loss=0.062687
2026-08-27 17:18:03,471 | EPOCH 35 train_loss=0.059985
2026-08-27 17:18:04,183 | EPOCH 35 VAL loss=0.305326 acc=0.9180 pre=0.9202 rec=0.9180 f1=0.9186
2026-08-27 17:18:13,101 | EPOCH 36 train_loss=0.055750
2026-08-27 17:18:22,080 | EPOCH 37 train_loss=0.052935
2026-08-27 17:18:31,194 | EPOCH 38 train_loss=0.048529
2026-08-27 17:18:40,132 | EPOCH 39 train_loss=0.046165
2026-08-27 17:18:49,201 | EPOCH 40 train_loss=0.044116
2026-08-27 17:18:49,905 | EPOCH 40 VAL loss=0.328611 acc=0.9172 pre=0.9177 rec=0.9179 f1=0.9176
2026-08-27 17:18:59,023 | EPOCH 41 train_loss=0.041032
2026-08-27 17:19:07,948 | EPOCH 42 train_loss=0.038694
2026-08-27 17:19:16,833 | EPOCH 43 train_loss=0.033718
2026-08-27 17:19:25,729 | EPOCH 44 train_loss=0.032523
2026-08-27 17:19:34,861 | EPOCH 45 train_loss=0.032229
2026-08-27 17:19:35,575 | EPOCH 45 VAL loss=0.368011 acc=0.9177 pre=0.9183 rec=0.9185 f1=0.9181
2026-08-27 17:19:35,586 | DONE best_epoch=15 best_val_loss=0.228819 early_stop=True time=405.62s
