2026-08-27 13:42:59,355 | START mlp_adamw_lr0.0005_s42 opt=adamw lr=0.0005 seed=42 device=cuda epochs=150
2026-08-27 13:43:06,928 | EPOCH 1 train_loss=0.588083
2026-08-27 13:43:14,160 | EPOCH 2 train_loss=0.400257
2026-08-27 13:43:22,197 | EPOCH 3 train_loss=0.356539
2026-08-27 13:43:31,074 | EPOCH 4 train_loss=0.325246
2026-08-27 13:43:38,589 | EPOCH 5 train_loss=0.305346
2026-08-27 13:43:39,256 | EPOCH 5 VAL loss=0.327272 acc=0.8797 pre=0.8802 rec=0.8814 f1=0.8798 BEST
2026-08-27 13:43:47,534 | EPOCH 6 train_loss=0.289335
2026-08-27 13:43:55,018 | EPOCH 7 train_loss=0.275296
2026-08-27 13:44:03,445 | EPOCH 8 train_loss=0.262092
2026-08-27 13:44:12,072 | EPOCH 9 train_loss=0.252486
2026-08-27 13:44:19,941 | EPOCH 10 train_loss=0.242317
2026-08-27 13:44:20,909 | EPOCH 10 VAL loss=0.315312 acc=0.8835 pre=0.8852 rec=0.8836 f1=0.8834 BEST
2026-08-27 13:44:28,950 | EPOCH 11 train_loss=0.232730
2026-08-27 13:44:38,164 | EPOCH 12 train_loss=0.223073
2026-08-27 13:44:47,135 | EPOCH 13 train_loss=0.213422
2026-08-27 13:44:54,715 | EPOCH 14 train_loss=0.209010
2026-08-27 13:45:02,948 | EPOCH 15 train_loss=0.201040
2026-08-27 13:45:03,586 | EPOCH 15 VAL loss=0.309971 acc=0.8883 pre=0.8897 rec=0.8899 f1=0.8889 BEST
2026-08-27 13:45:12,979 | EPOCH 16 train_loss=0.192869
2026-08-27 13:45:20,576 | EPOCH 17 train_loss=0.185751
2026-08-27 13:45:28,792 | EPOCH 18 train_loss=0.181275
2026-08-27 13:45:37,398 | EPOCH 19 train_loss=0.173985
2026-08-27 13:45:44,686 | EPOCH 20 train_loss=0.167671
2026-08-27 13:45:45,337 | EPOCH 20 VAL loss=0.308876 acc=0.8962 pre=0.8970 rec=0.8969 f1=0.8967 BEST
2026-08-27 13:45:54,312 | EPOCH 21 train_loss=0.162739
2026-08-27 13:46:02,386 | EPOCH 22 train_loss=0.156174
2026-08-27 13:46:09,872 | EPOCH 23 train_loss=0.153403
2026-08-27 13:46:18,402 | EPOCH 24 train_loss=0.146655
2026-08-27 13:46:26,305 | EPOCH 25 train_loss=0.142192
2026-08-27 13:46:27,476 | EPOCH 25 VAL loss=0.337727 acc=0.8920 pre=0.8912 rec=0.8931 f1=0.8909
2026-08-27 13:46:35,207 | EPOCH 26 train_loss=0.137641
2026-08-27 13:46:43,414 | EPOCH 27 train_loss=0.133868
2026-08-27 13:46:51,131 | EPOCH 28 train_loss=0.126839
2026-08-27 13:47:00,019 | EPOCH 29 train_loss=0.124497
2026-08-27 13:47:09,424 | EPOCH 30 train_loss=0.121360
2026-08-27 13:47:10,149 | EPOCH 30 VAL loss=0.348087 acc=0.8950 pre=0.8945 rec=0.8961 f1=0.8949
2026-08-27 13:47:19,153 | EPOCH 31 train_loss=0.119282
2026-08-27 13:47:27,149 | EPOCH 32 train_loss=0.113769
2026-08-27 13:47:34,902 | EPOCH 33 train_loss=0.113866
2026-08-27 13:47:42,560 | EPOCH 34 train_loss=0.105381
2026-08-27 13:47:50,435 | EPOCH 35 train_loss=0.104449
2026-08-27 13:47:51,105 | EPOCH 35 VAL loss=0.391260 acc=0.8943 pre=0.8963 rec=0.8952 f1=0.8956
2026-08-27 13:47:59,090 | EPOCH 36 train_loss=0.101613
2026-08-27 13:48:06,747 | EPOCH 37 train_loss=0.096673
2026-08-27 13:48:15,608 | EPOCH 38 train_loss=0.096661
2026-08-27 13:48:23,786 | EPOCH 39 train_loss=0.093282
2026-08-27 13:48:31,634 | EPOCH 40 train_loss=0.091313
2026-08-27 13:48:32,336 | EPOCH 40 VAL loss=0.410997 acc=0.8895 pre=0.8897 rec=0.8905 f1=0.8886
2026-08-27 13:48:41,089 | EPOCH 41 train_loss=0.086340
2026-08-27 13:48:49,644 | EPOCH 42 train_loss=0.086367
2026-08-27 13:48:57,228 | EPOCH 43 train_loss=0.081347
2026-08-27 13:49:05,336 | EPOCH 44 train_loss=0.080114
2026-08-27 13:49:13,227 | EPOCH 45 train_loss=0.077105
2026-08-27 13:49:14,135 | EPOCH 45 VAL loss=0.431589 acc=0.8925 pre=0.8940 rec=0.8938 f1=0.8935
2026-08-27 13:49:21,557 | EPOCH 46 train_loss=0.076918
2026-08-27 13:49:30,207 | EPOCH 47 train_loss=0.072502
2026-08-27 13:49:37,926 | EPOCH 48 train_loss=0.075785
2026-08-27 13:49:46,315 | EPOCH 49 train_loss=0.070817
2026-08-27 13:49:54,453 | EPOCH 50 train_loss=0.069316
2026-08-27 13:49:55,114 | EPOCH 50 VAL loss=0.477466 acc=0.8890 pre=0.8914 rec=0.8896 f1=0.8896
2026-08-27 13:49:55,123 | DONE best_epoch=20 best_val_loss=0.308876 early_stop=True time=415.01s
