2026-08-27 14:40:12,428 | START cnn_adamw_lr0.001_s123 opt=adamw lr=0.001 seed=123 device=cuda epochs=150
2026-08-27 14:40:21,985 | EPOCH 1 train_loss=0.510727
2026-08-27 14:40:30,948 | EPOCH 2 train_loss=0.325590
2026-08-27 14:40:39,319 | EPOCH 3 train_loss=0.282530
2026-08-27 14:40:48,452 | EPOCH 4 train_loss=0.257938
2026-08-27 14:40:58,239 | EPOCH 5 train_loss=0.235661
2026-08-27 14:40:58,965 | EPOCH 5 VAL loss=0.249441 acc=0.9068 pre=0.9076 rec=0.9075 f1=0.9056 BEST
2026-08-27 14:41:08,069 | EPOCH 6 train_loss=0.216414
2026-08-27 14:41:16,652 | EPOCH 7 train_loss=0.200686
2026-08-27 14:41:25,906 | EPOCH 8 train_loss=0.185597
2026-08-27 14:41:34,578 | EPOCH 9 train_loss=0.170230
2026-08-27 14:41:43,790 | EPOCH 10 train_loss=0.158513
2026-08-27 14:41:44,493 | EPOCH 10 VAL loss=0.236437 acc=0.9140 pre=0.9156 rec=0.9152 f1=0.9150 BEST
2026-08-27 14:41:53,910 | EPOCH 11 train_loss=0.144097
2026-08-27 14:42:02,811 | EPOCH 12 train_loss=0.134208
2026-08-27 14:42:11,392 | EPOCH 13 train_loss=0.124026
2026-08-27 14:42:20,480 | EPOCH 14 train_loss=0.112998
2026-08-27 14:42:29,696 | EPOCH 15 train_loss=0.106160
2026-08-27 14:42:30,373 | EPOCH 15 VAL loss=0.240017 acc=0.9158 pre=0.9166 rec=0.9165 f1=0.9153
2026-08-27 14:42:39,150 | EPOCH 16 train_loss=0.095734
2026-08-27 14:42:48,657 | EPOCH 17 train_loss=0.088325
2026-08-27 14:42:58,156 | EPOCH 18 train_loss=0.080451
2026-08-27 14:43:07,623 | EPOCH 19 train_loss=0.072478
2026-08-27 14:43:16,110 | EPOCH 20 train_loss=0.065778
2026-08-27 14:43:16,820 | EPOCH 20 VAL loss=0.283355 acc=0.9167 pre=0.9175 rec=0.9172 f1=0.9168
2026-08-27 14:43:26,252 | EPOCH 21 train_loss=0.062357
2026-08-27 14:43:35,720 | EPOCH 22 train_loss=0.053206
2026-08-27 14:43:44,266 | EPOCH 23 train_loss=0.051664
2026-08-27 14:43:54,071 | EPOCH 24 train_loss=0.047065
2026-08-27 14:44:03,889 | EPOCH 25 train_loss=0.044051
2026-08-27 14:44:04,592 | EPOCH 25 VAL loss=0.329427 acc=0.9153 pre=0.9159 rec=0.9157 f1=0.9148
2026-08-27 14:44:13,104 | EPOCH 26 train_loss=0.037975
2026-08-27 14:44:21,689 | EPOCH 27 train_loss=0.036767
2026-08-27 14:44:30,818 | EPOCH 28 train_loss=0.034618
2026-08-27 14:44:39,879 | EPOCH 29 train_loss=0.032143
2026-08-27 14:44:49,419 | EPOCH 30 train_loss=0.028117
2026-08-27 14:44:50,143 | EPOCH 30 VAL loss=0.364190 acc=0.9158 pre=0.9167 rec=0.9169 f1=0.9165
2026-08-27 14:44:58,844 | EPOCH 31 train_loss=0.027549
2026-08-27 14:45:08,036 | EPOCH 32 train_loss=0.027988
2026-08-27 14:45:16,436 | EPOCH 33 train_loss=0.022627
2026-08-27 14:45:26,367 | EPOCH 34 train_loss=0.023764
2026-08-27 14:45:35,535 | EPOCH 35 train_loss=0.024633
2026-08-27 14:45:36,261 | EPOCH 35 VAL loss=0.388847 acc=0.9195 pre=0.9200 rec=0.9200 f1=0.9196
2026-08-27 14:45:45,455 | EPOCH 36 train_loss=0.019729
2026-08-27 14:45:54,833 | EPOCH 37 train_loss=0.022787
2026-08-27 14:46:04,268 | EPOCH 38 train_loss=0.019319
2026-08-27 14:46:13,610 | EPOCH 39 train_loss=0.018654
2026-08-27 14:46:22,136 | EPOCH 40 train_loss=0.019976
2026-08-27 14:46:22,956 | EPOCH 40 VAL loss=0.405101 acc=0.9200 pre=0.9205 rec=0.9202 f1=0.9202
2026-08-27 14:46:22,971 | DONE best_epoch=10 best_val_loss=0.236437 early_stop=True time=369.62s
