2026-08-27 17:00:49,533 | START cnn_nadam_lr0.001_s123 opt=nadam lr=0.001 seed=123 device=cuda epochs=150
2026-08-27 17:00:58,292 | EPOCH 1 train_loss=0.506063
2026-08-27 17:01:06,896 | EPOCH 2 train_loss=0.319191
2026-08-27 17:01:15,516 | EPOCH 3 train_loss=0.275912
2026-08-27 17:01:24,115 | EPOCH 4 train_loss=0.246239
2026-08-27 17:01:32,710 | EPOCH 5 train_loss=0.224188
2026-08-27 17:01:33,408 | EPOCH 5 VAL loss=0.251143 acc=0.9068 pre=0.9078 rec=0.9087 f1=0.9073 BEST
2026-08-27 17:01:42,519 | EPOCH 6 train_loss=0.204483
2026-08-27 17:01:51,095 | EPOCH 7 train_loss=0.187312
2026-08-27 17:01:59,703 | EPOCH 8 train_loss=0.173677
2026-08-27 17:02:08,294 | EPOCH 9 train_loss=0.157937
2026-08-27 17:02:16,943 | EPOCH 10 train_loss=0.145888
2026-08-27 17:02:17,695 | EPOCH 10 VAL loss=0.234166 acc=0.9143 pre=0.9161 rec=0.9159 f1=0.9155 BEST
2026-08-27 17:02:26,585 | EPOCH 11 train_loss=0.132011
2026-08-27 17:02:35,166 | EPOCH 12 train_loss=0.122923
2026-08-27 17:02:43,705 | EPOCH 13 train_loss=0.113286
2026-08-27 17:02:52,293 | EPOCH 14 train_loss=0.102267
2026-08-27 17:03:00,851 | EPOCH 15 train_loss=0.093387
2026-08-27 17:03:01,556 | EPOCH 15 VAL loss=0.237566 acc=0.9232 pre=0.9235 rec=0.9240 f1=0.9238
2026-08-27 17:03:10,225 | EPOCH 16 train_loss=0.084409
2026-08-27 17:03:18,720 | EPOCH 17 train_loss=0.077088
2026-08-27 17:03:27,214 | EPOCH 18 train_loss=0.069661
2026-08-27 17:03:35,862 | EPOCH 19 train_loss=0.063552
2026-08-27 17:03:44,516 | EPOCH 20 train_loss=0.055479
2026-08-27 17:03:45,221 | EPOCH 20 VAL loss=0.307301 acc=0.9172 pre=0.9177 rec=0.9178 f1=0.9177
2026-08-27 17:03:53,941 | EPOCH 21 train_loss=0.051448
2026-08-27 17:04:02,621 | EPOCH 22 train_loss=0.046782
2026-08-27 17:04:11,282 | EPOCH 23 train_loss=0.043136
2026-08-27 17:04:20,002 | EPOCH 24 train_loss=0.038080
2026-08-27 17:04:28,698 | EPOCH 25 train_loss=0.034784
2026-08-27 17:04:29,397 | EPOCH 25 VAL loss=0.368425 acc=0.9210 pre=0.9212 rec=0.9220 f1=0.9211
2026-08-27 17:04:38,165 | EPOCH 26 train_loss=0.033000
2026-08-27 17:04:46,859 | EPOCH 27 train_loss=0.031607
2026-08-27 17:04:55,579 | EPOCH 28 train_loss=0.027667
2026-08-27 17:05:04,409 | EPOCH 29 train_loss=0.025145
2026-08-27 17:05:13,160 | EPOCH 30 train_loss=0.027444
2026-08-27 17:05:13,864 | EPOCH 30 VAL loss=0.444652 acc=0.9168 pre=0.9188 rec=0.9176 f1=0.9179
2026-08-27 17:05:22,618 | EPOCH 31 train_loss=0.021447
2026-08-27 17:05:31,378 | EPOCH 32 train_loss=0.022755
2026-08-27 17:05:40,112 | EPOCH 33 train_loss=0.021774
2026-08-27 17:05:48,845 | EPOCH 34 train_loss=0.020327
2026-08-27 17:05:57,517 | EPOCH 35 train_loss=0.019170
2026-08-27 17:05:58,222 | EPOCH 35 VAL loss=0.523443 acc=0.9162 pre=0.9168 rec=0.9167 f1=0.9162
2026-08-27 17:06:06,871 | EPOCH 36 train_loss=0.017546
2026-08-27 17:06:15,494 | EPOCH 37 train_loss=0.019646
2026-08-27 17:06:24,222 | EPOCH 38 train_loss=0.018011
2026-08-27 17:06:32,849 | EPOCH 39 train_loss=0.015952
2026-08-27 17:06:41,521 | EPOCH 40 train_loss=0.017673
2026-08-27 17:06:42,226 | EPOCH 40 VAL loss=0.606737 acc=0.9133 pre=0.9146 rec=0.9139 f1=0.9138
2026-08-27 17:06:42,236 | DONE best_epoch=10 best_val_loss=0.234166 early_stop=True time=351.9s
