2026-08-27 12:44:28,366 | START mlp_adam_lr0.001_s2026 opt=adam lr=0.001 seed=2026 device=cuda epochs=150
2026-08-27 12:44:36,021 | EPOCH 1 train_loss=0.539074
2026-08-27 12:44:43,892 | EPOCH 2 train_loss=0.377682
2026-08-27 12:44:51,674 | EPOCH 3 train_loss=0.336282
2026-08-27 12:44:59,838 | EPOCH 4 train_loss=0.310075
2026-08-27 12:45:07,859 | EPOCH 5 train_loss=0.291665
2026-08-27 12:45:08,541 | EPOCH 5 VAL loss=0.323630 acc=0.8812 pre=0.8814 rec=0.8826 f1=0.8805 BEST
2026-08-27 12:45:16,989 | EPOCH 6 train_loss=0.275711
2026-08-27 12:45:24,930 | EPOCH 7 train_loss=0.263773
2026-08-27 12:45:32,890 | EPOCH 8 train_loss=0.249792
2026-08-27 12:45:40,850 | EPOCH 9 train_loss=0.237903
2026-08-27 12:45:48,725 | EPOCH 10 train_loss=0.230261
2026-08-27 12:45:49,384 | EPOCH 10 VAL loss=0.326516 acc=0.8877 pre=0.8888 rec=0.8884 f1=0.8859
2026-08-27 12:45:56,937 | EPOCH 11 train_loss=0.219091
2026-08-27 12:46:04,546 | EPOCH 12 train_loss=0.210412
2026-08-27 12:46:12,224 | EPOCH 13 train_loss=0.203087
2026-08-27 12:46:19,841 | EPOCH 14 train_loss=0.195206
2026-08-27 12:46:27,428 | EPOCH 15 train_loss=0.187439
2026-08-27 12:46:28,055 | EPOCH 15 VAL loss=0.317148 acc=0.8962 pre=0.8972 rec=0.8973 f1=0.8967 BEST
2026-08-27 12:46:36,558 | EPOCH 16 train_loss=0.180312
2026-08-27 12:46:44,484 | EPOCH 17 train_loss=0.174998
2026-08-27 12:46:52,384 | EPOCH 18 train_loss=0.172323
2026-08-27 12:47:00,099 | EPOCH 19 train_loss=0.163299
2026-08-27 12:47:07,906 | EPOCH 20 train_loss=0.156266
2026-08-27 12:47:08,637 | EPOCH 20 VAL loss=0.334412 acc=0.8922 pre=0.8947 rec=0.8930 f1=0.8929
2026-08-27 12:47:16,072 | EPOCH 21 train_loss=0.153977
2026-08-27 12:47:23,648 | EPOCH 22 train_loss=0.148203
2026-08-27 12:47:31,234 | EPOCH 23 train_loss=0.141774
2026-08-27 12:47:38,881 | EPOCH 24 train_loss=0.137286
2026-08-27 12:47:46,506 | EPOCH 25 train_loss=0.132715
2026-08-27 12:47:47,250 | EPOCH 25 VAL loss=0.380158 acc=0.8920 pre=0.8936 rec=0.8923 f1=0.8920
2026-08-27 12:47:54,701 | EPOCH 26 train_loss=0.130306
2026-08-27 12:48:02,506 | EPOCH 27 train_loss=0.125554
2026-08-27 12:48:10,370 | EPOCH 28 train_loss=0.123307
2026-08-27 12:48:17,845 | EPOCH 29 train_loss=0.119630
2026-08-27 12:48:25,421 | EPOCH 30 train_loss=0.117778
2026-08-27 12:48:26,071 | EPOCH 30 VAL loss=0.404747 acc=0.8960 pre=0.8985 rec=0.8970 f1=0.8974
2026-08-27 12:48:33,694 | EPOCH 31 train_loss=0.110148
2026-08-27 12:48:41,210 | EPOCH 32 train_loss=0.107845
2026-08-27 12:48:48,984 | EPOCH 33 train_loss=0.105934
2026-08-27 12:48:56,505 | EPOCH 34 train_loss=0.104202
2026-08-27 12:49:04,130 | EPOCH 35 train_loss=0.101970
2026-08-27 12:49:04,778 | EPOCH 35 VAL loss=0.480253 acc=0.8878 pre=0.8903 rec=0.8887 f1=0.8884
2026-08-27 12:49:12,292 | EPOCH 36 train_loss=0.098616
2026-08-27 12:49:19,961 | EPOCH 37 train_loss=0.097834
2026-08-27 12:49:27,720 | EPOCH 38 train_loss=0.089783
2026-08-27 12:49:35,567 | EPOCH 39 train_loss=0.090737
2026-08-27 12:49:43,246 | EPOCH 40 train_loss=0.091583
2026-08-27 12:49:43,928 | EPOCH 40 VAL loss=0.525540 acc=0.8898 pre=0.8915 rec=0.8912 f1=0.8909
2026-08-27 12:49:51,800 | EPOCH 41 train_loss=0.085191
2026-08-27 12:49:59,646 | EPOCH 42 train_loss=0.084776
2026-08-27 12:50:07,629 | EPOCH 43 train_loss=0.082771
2026-08-27 12:50:15,344 | EPOCH 44 train_loss=0.081690
2026-08-27 12:50:23,356 | EPOCH 45 train_loss=0.077652
2026-08-27 12:50:24,035 | EPOCH 45 VAL loss=0.521352 acc=0.8948 pre=0.8961 rec=0.8960 f1=0.8954
2026-08-27 12:50:24,044 | DONE best_epoch=15 best_val_loss=0.317148 early_stop=True time=354.9s
