2026-08-27 05:52:49,902 | START mlp_adagrad_lr0.01_s2026 opt=adagrad lr=0.01 seed=2026 device=cuda epochs=150
2026-08-27 05:52:56,885 | EPOCH 1 train_loss=0.522294
2026-08-27 05:53:03,527 | EPOCH 2 train_loss=0.384344
2026-08-27 05:53:11,491 | EPOCH 3 train_loss=0.349556
2026-08-27 05:53:18,545 | EPOCH 4 train_loss=0.328909
2026-08-27 05:53:25,579 | EPOCH 5 train_loss=0.312923
2026-08-27 05:53:26,197 | EPOCH 5 VAL loss=0.340457 acc=0.8747 pre=0.8746 rec=0.8758 f1=0.8737 BEST
2026-08-27 05:53:34,155 | EPOCH 6 train_loss=0.300405
2026-08-27 05:53:41,035 | EPOCH 7 train_loss=0.290063
2026-08-27 05:53:47,881 | EPOCH 8 train_loss=0.282034
2026-08-27 05:53:55,165 | EPOCH 9 train_loss=0.274220
2026-08-27 05:54:01,840 | EPOCH 10 train_loss=0.267964
2026-08-27 05:54:02,449 | EPOCH 10 VAL loss=0.316354 acc=0.8832 pre=0.8843 rec=0.8839 f1=0.8826 BEST
2026-08-27 05:54:09,488 | EPOCH 11 train_loss=0.261291
2026-08-27 05:54:16,571 | EPOCH 12 train_loss=0.255718
2026-08-27 05:54:23,295 | EPOCH 13 train_loss=0.251151
2026-08-27 05:54:30,454 | EPOCH 14 train_loss=0.246256
2026-08-27 05:54:37,146 | EPOCH 15 train_loss=0.241864
2026-08-27 05:54:37,717 | EPOCH 15 VAL loss=0.302883 acc=0.8873 pre=0.8896 rec=0.8888 f1=0.8889 BEST
2026-08-27 05:54:45,035 | EPOCH 16 train_loss=0.237333
2026-08-27 05:54:51,865 | EPOCH 17 train_loss=0.233046
2026-08-27 05:54:58,661 | EPOCH 18 train_loss=0.229524
2026-08-27 05:55:06,161 | EPOCH 19 train_loss=0.225695
2026-08-27 05:55:13,260 | EPOCH 20 train_loss=0.222222
2026-08-27 05:55:14,077 | EPOCH 20 VAL loss=0.298865 acc=0.8883 pre=0.8886 rec=0.8891 f1=0.8876 BEST
2026-08-27 05:55:21,203 | EPOCH 21 train_loss=0.219111
2026-08-27 05:55:28,838 | EPOCH 22 train_loss=0.215556
2026-08-27 05:55:36,172 | EPOCH 23 train_loss=0.212954
2026-08-27 05:55:43,168 | EPOCH 24 train_loss=0.210124
2026-08-27 05:55:50,591 | EPOCH 25 train_loss=0.206888
2026-08-27 05:55:51,214 | EPOCH 25 VAL loss=0.302632 acc=0.8872 pre=0.8902 rec=0.8878 f1=0.8865
2026-08-27 05:55:58,118 | EPOCH 26 train_loss=0.204327
2026-08-27 05:56:05,155 | EPOCH 27 train_loss=0.201516
2026-08-27 05:56:12,296 | EPOCH 28 train_loss=0.199132
2026-08-27 05:56:19,084 | EPOCH 29 train_loss=0.196511
2026-08-27 05:56:26,168 | EPOCH 30 train_loss=0.193894
2026-08-27 05:56:26,776 | EPOCH 30 VAL loss=0.290318 acc=0.8955 pre=0.8957 rec=0.8965 f1=0.8958 BEST
2026-08-27 05:56:33,882 | EPOCH 31 train_loss=0.191555
2026-08-27 05:56:40,934 | EPOCH 32 train_loss=0.189280
2026-08-27 05:56:48,271 | EPOCH 33 train_loss=0.186374
2026-08-27 05:56:54,918 | EPOCH 34 train_loss=0.184555
2026-08-27 05:57:02,688 | EPOCH 35 train_loss=0.182400
2026-08-27 05:57:03,625 | EPOCH 35 VAL loss=0.292020 acc=0.8945 pre=0.8951 rec=0.8959 f1=0.8953
2026-08-27 05:57:11,304 | EPOCH 36 train_loss=0.180543
2026-08-27 05:57:18,001 | EPOCH 37 train_loss=0.178087
2026-08-27 05:57:25,246 | EPOCH 38 train_loss=0.176241
2026-08-27 05:57:32,321 | EPOCH 39 train_loss=0.174243
2026-08-27 05:57:39,459 | EPOCH 40 train_loss=0.172359
2026-08-27 05:57:40,094 | EPOCH 40 VAL loss=0.306048 acc=0.8927 pre=0.8934 rec=0.8942 f1=0.8932
2026-08-27 05:57:47,613 | EPOCH 41 train_loss=0.170374
2026-08-27 05:57:54,438 | EPOCH 42 train_loss=0.168540
2026-08-27 05:58:01,795 | EPOCH 43 train_loss=0.166934
2026-08-27 05:58:09,815 | EPOCH 44 train_loss=0.164578
2026-08-27 05:58:16,688 | EPOCH 45 train_loss=0.163230
2026-08-27 05:58:17,287 | EPOCH 45 VAL loss=0.302316 acc=0.8943 pre=0.8939 rec=0.8958 f1=0.8942
2026-08-27 05:58:25,007 | EPOCH 46 train_loss=0.161954
2026-08-27 05:58:32,569 | EPOCH 47 train_loss=0.159771
2026-08-27 05:58:39,159 | EPOCH 48 train_loss=0.157704
2026-08-27 05:58:46,216 | EPOCH 49 train_loss=0.156291
2026-08-27 05:58:53,209 | EPOCH 50 train_loss=0.154679
2026-08-27 05:58:53,791 | EPOCH 50 VAL loss=0.293996 acc=0.8960 pre=0.8972 rec=0.8974 f1=0.8971
2026-08-27 05:59:01,253 | EPOCH 51 train_loss=0.153300
2026-08-27 05:59:08,322 | EPOCH 52 train_loss=0.151433
2026-08-27 05:59:15,055 | EPOCH 53 train_loss=0.150069
2026-08-27 05:59:22,644 | EPOCH 54 train_loss=0.148626
2026-08-27 05:59:29,341 | EPOCH 55 train_loss=0.147281
2026-08-27 05:59:30,325 | EPOCH 55 VAL loss=0.305386 acc=0.8943 pre=0.8955 rec=0.8955 f1=0.8953
2026-08-27 05:59:37,241 | EPOCH 56 train_loss=0.145609
2026-08-27 05:59:44,360 | EPOCH 57 train_loss=0.144210
2026-08-27 05:59:50,938 | EPOCH 58 train_loss=0.143192
2026-08-27 05:59:57,933 | EPOCH 59 train_loss=0.141175
2026-08-27 06:00:04,999 | EPOCH 60 train_loss=0.140297
2026-08-27 06:00:05,587 | EPOCH 60 VAL loss=0.303238 acc=0.8965 pre=0.8971 rec=0.8973 f1=0.8969
2026-08-27 06:00:05,593 | DONE best_epoch=30 best_val_loss=0.290318 early_stop=True time=435.01s
