2026-08-27 05:06:48,332 | START cnn_adadelta_lr1.0_s2026 opt=adadelta lr=1.0 seed=2026 device=cuda epochs=150
2026-08-27 05:06:56,767 | EPOCH 1 train_loss=0.524139
2026-08-27 05:07:04,919 | EPOCH 2 train_loss=0.309558
2026-08-27 05:07:12,715 | EPOCH 3 train_loss=0.255414
2026-08-27 05:07:20,527 | EPOCH 4 train_loss=0.224607
2026-08-27 05:07:28,639 | EPOCH 5 train_loss=0.199982
2026-08-27 05:07:29,377 | EPOCH 5 VAL loss=0.230137 acc=0.9180 pre=0.9181 rec=0.9184 f1=0.9178 BEST
2026-08-27 05:07:37,573 | EPOCH 6 train_loss=0.179471
2026-08-27 05:07:45,431 | EPOCH 7 train_loss=0.162964
2026-08-27 05:07:53,559 | EPOCH 8 train_loss=0.146660
2026-08-27 05:08:01,547 | EPOCH 9 train_loss=0.131639
2026-08-27 05:08:09,671 | EPOCH 10 train_loss=0.119007
2026-08-27 05:08:10,339 | EPOCH 10 VAL loss=0.240283 acc=0.9212 pre=0.9230 rec=0.9218 f1=0.9219
2026-08-27 05:08:18,236 | EPOCH 11 train_loss=0.106686
2026-08-27 05:08:26,511 | EPOCH 12 train_loss=0.093763
2026-08-27 05:08:34,516 | EPOCH 13 train_loss=0.083820
2026-08-27 05:08:42,500 | EPOCH 14 train_loss=0.074964
2026-08-27 05:08:50,503 | EPOCH 15 train_loss=0.066564
2026-08-27 05:08:51,198 | EPOCH 15 VAL loss=0.324679 acc=0.9190 pre=0.9203 rec=0.9201 f1=0.9196
2026-08-27 05:08:59,229 | EPOCH 16 train_loss=0.057822
2026-08-27 05:09:07,472 | EPOCH 17 train_loss=0.051993
2026-08-27 05:09:15,436 | EPOCH 18 train_loss=0.047104
2026-08-27 05:09:23,427 | EPOCH 19 train_loss=0.042083
2026-08-27 05:09:29,723 | INTERRUPTED epoch=19 batch=680
