2026-08-27 14:42:51,713 | START mlp_adamax_lr0.0005_s42 opt=adamax lr=0.0005 seed=42 device=cuda epochs=150
2026-08-27 14:43:00,384 | EPOCH 1 train_loss=0.713514
2026-08-27 14:43:08,888 | EPOCH 2 train_loss=0.468819
2026-08-27 14:43:16,644 | EPOCH 3 train_loss=0.425712
2026-08-27 14:43:25,379 | EPOCH 4 train_loss=0.397634
2026-08-27 14:43:33,669 | EPOCH 5 train_loss=0.378404
2026-08-27 14:43:34,446 | EPOCH 5 VAL loss=0.386267 acc=0.8640 pre=0.8636 rec=0.8648 f1=0.8625 BEST
2026-08-27 14:43:42,580 | EPOCH 6 train_loss=0.364517
2026-08-27 14:43:51,023 | EPOCH 7 train_loss=0.350753
2026-08-27 14:43:58,749 | EPOCH 8 train_loss=0.339015
2026-08-27 14:44:06,610 | EPOCH 9 train_loss=0.328692
2026-08-27 14:44:15,996 | EPOCH 10 train_loss=0.318631
2026-08-27 14:44:16,740 | EPOCH 10 VAL loss=0.345571 acc=0.8773 pre=0.8772 rec=0.8783 f1=0.8763 BEST
2026-08-27 14:44:24,732 | EPOCH 11 train_loss=0.310940
2026-08-27 14:44:33,465 | EPOCH 12 train_loss=0.301813
2026-08-27 14:44:41,878 | EPOCH 13 train_loss=0.293595
2026-08-27 14:44:49,748 | EPOCH 14 train_loss=0.287850
2026-08-27 14:44:59,081 | EPOCH 15 train_loss=0.281697
2026-08-27 14:44:59,745 | EPOCH 15 VAL loss=0.332209 acc=0.8757 pre=0.8790 rec=0.8768 f1=0.8760 BEST
2026-08-27 14:45:08,743 | EPOCH 16 train_loss=0.275918
2026-08-27 14:45:16,295 | EPOCH 17 train_loss=0.269111
2026-08-27 14:45:24,274 | EPOCH 18 train_loss=0.265304
2026-08-27 14:45:33,192 | EPOCH 19 train_loss=0.258211
2026-08-27 14:45:41,191 | EPOCH 20 train_loss=0.253592
2026-08-27 14:45:41,848 | EPOCH 20 VAL loss=0.308382 acc=0.8878 pre=0.8892 rec=0.8893 f1=0.8891 BEST
2026-08-27 14:45:50,617 | EPOCH 21 train_loss=0.248246
2026-08-27 14:45:58,387 | EPOCH 22 train_loss=0.243723
2026-08-27 14:46:06,501 | EPOCH 23 train_loss=0.240447
2026-08-27 14:46:14,914 | EPOCH 24 train_loss=0.235705
2026-08-27 14:46:22,714 | EPOCH 25 train_loss=0.230635
2026-08-27 14:46:23,441 | EPOCH 25 VAL loss=0.300001 acc=0.8908 pre=0.8925 rec=0.8920 f1=0.8919 BEST
2026-08-27 14:46:31,707 | EPOCH 26 train_loss=0.227380
2026-08-27 14:46:40,074 | EPOCH 27 train_loss=0.222257
2026-08-27 14:46:48,136 | EPOCH 28 train_loss=0.219233
2026-08-27 14:46:56,399 | EPOCH 29 train_loss=0.215304
2026-08-27 14:47:04,349 | EPOCH 30 train_loss=0.210562
2026-08-27 14:47:05,011 | EPOCH 30 VAL loss=0.297242 acc=0.8925 pre=0.8922 rec=0.8937 f1=0.8923 BEST
2026-08-27 14:47:13,284 | EPOCH 31 train_loss=0.208389
2026-08-27 14:47:22,125 | EPOCH 32 train_loss=0.203068
2026-08-27 14:47:30,302 | EPOCH 33 train_loss=0.198823
2026-08-27 14:47:38,231 | EPOCH 34 train_loss=0.196900
2026-08-27 14:47:46,467 | EPOCH 35 train_loss=0.193034
2026-08-27 14:47:47,198 | EPOCH 35 VAL loss=0.297505 acc=0.8937 pre=0.8945 rec=0.8944 f1=0.8943
2026-08-27 14:47:54,653 | EPOCH 36 train_loss=0.189087
2026-08-27 14:48:03,223 | EPOCH 37 train_loss=0.185934
2026-08-27 14:48:12,061 | EPOCH 38 train_loss=0.181856
2026-08-27 14:48:19,749 | EPOCH 39 train_loss=0.179033
2026-08-27 14:48:28,029 | EPOCH 40 train_loss=0.175526
2026-08-27 14:48:28,730 | EPOCH 40 VAL loss=0.312533 acc=0.8912 pre=0.8922 rec=0.8926 f1=0.8914
2026-08-27 14:48:36,488 | EPOCH 41 train_loss=0.172121
2026-08-27 14:48:44,352 | EPOCH 42 train_loss=0.169164
2026-08-27 14:48:52,959 | EPOCH 43 train_loss=0.165979
2026-08-27 14:49:01,147 | EPOCH 44 train_loss=0.163838
2026-08-27 14:49:09,384 | EPOCH 45 train_loss=0.158953
2026-08-27 14:49:10,062 | EPOCH 45 VAL loss=0.303955 acc=0.8935 pre=0.8941 rec=0.8947 f1=0.8942
2026-08-27 14:49:17,909 | EPOCH 46 train_loss=0.156557
2026-08-27 14:49:25,705 | EPOCH 47 train_loss=0.154691
2026-08-27 14:49:34,150 | EPOCH 48 train_loss=0.151728
2026-08-27 14:49:43,276 | EPOCH 49 train_loss=0.149580
2026-08-27 14:49:51,063 | EPOCH 50 train_loss=0.146248
2026-08-27 14:49:51,749 | EPOCH 50 VAL loss=0.305466 acc=0.8958 pre=0.8959 rec=0.8968 f1=0.8959
2026-08-27 14:50:01,330 | EPOCH 51 train_loss=0.143601
2026-08-27 14:50:10,350 | EPOCH 52 train_loss=0.140023
2026-08-27 14:50:18,339 | EPOCH 53 train_loss=0.138426
2026-08-27 14:50:27,004 | EPOCH 54 train_loss=0.134099
2026-08-27 14:50:36,338 | EPOCH 55 train_loss=0.133582
2026-08-27 14:50:37,062 | EPOCH 55 VAL loss=0.332810 acc=0.8932 pre=0.8948 rec=0.8936 f1=0.8925
2026-08-27 14:50:44,559 | EPOCH 56 train_loss=0.131985
2026-08-27 14:50:53,594 | EPOCH 57 train_loss=0.129351
2026-08-27 14:51:01,740 | EPOCH 58 train_loss=0.124543
2026-08-27 14:51:09,537 | EPOCH 59 train_loss=0.121389
2026-08-27 14:51:18,170 | EPOCH 60 train_loss=0.121604
2026-08-27 14:51:18,844 | EPOCH 60 VAL loss=0.332171 acc=0.8913 pre=0.8914 rec=0.8922 f1=0.8901
2026-08-27 14:51:18,854 | DONE best_epoch=30 best_val_loss=0.297242 early_stop=True time=506.37s
