2026-08-27 16:15:13,008 | START cnn_adamax_lr0.0005_s123 opt=adamax lr=0.0005 seed=123 device=cuda epochs=150
2026-08-27 16:15:21,730 | EPOCH 1 train_loss=0.726018
2026-08-27 16:15:30,401 | EPOCH 2 train_loss=0.465168
2026-08-27 16:15:39,054 | EPOCH 3 train_loss=0.408540
2026-08-27 16:15:47,765 | EPOCH 4 train_loss=0.378736
2026-08-27 16:15:56,266 | EPOCH 5 train_loss=0.355572
2026-08-27 16:15:57,026 | EPOCH 5 VAL loss=0.366577 acc=0.8688 pre=0.8692 rec=0.8698 f1=0.8661 BEST
2026-08-27 16:16:06,001 | EPOCH 6 train_loss=0.336010
2026-08-27 16:16:14,926 | EPOCH 7 train_loss=0.321835
2026-08-27 16:16:24,057 | EPOCH 8 train_loss=0.307205
2026-08-27 16:16:32,845 | EPOCH 9 train_loss=0.295277
2026-08-27 16:16:41,655 | EPOCH 10 train_loss=0.287192
2026-08-27 16:16:42,357 | EPOCH 10 VAL loss=0.314652 acc=0.8905 pre=0.8918 rec=0.8915 f1=0.8885 BEST
2026-08-27 16:16:51,734 | EPOCH 11 train_loss=0.277673
2026-08-27 16:17:00,733 | EPOCH 12 train_loss=0.269576
2026-08-27 16:17:09,381 | EPOCH 13 train_loss=0.264994
2026-08-27 16:17:18,069 | EPOCH 14 train_loss=0.257829
2026-08-27 16:17:26,914 | EPOCH 15 train_loss=0.251225
2026-08-27 16:17:27,660 | EPOCH 15 VAL loss=0.274721 acc=0.9048 pre=0.9054 rec=0.9059 f1=0.9054 BEST
2026-08-27 16:17:36,604 | EPOCH 16 train_loss=0.244986
2026-08-27 16:17:45,298 | EPOCH 17 train_loss=0.239338
2026-08-27 16:17:54,145 | EPOCH 18 train_loss=0.233915
2026-08-27 16:18:02,879 | EPOCH 19 train_loss=0.228647
2026-08-27 16:18:11,478 | EPOCH 20 train_loss=0.223965
2026-08-27 16:18:12,184 | EPOCH 20 VAL loss=0.262810 acc=0.9047 pre=0.9056 rec=0.9055 f1=0.9041 BEST
2026-08-27 16:18:21,301 | EPOCH 21 train_loss=0.219561
2026-08-27 16:18:29,915 | EPOCH 22 train_loss=0.214062
2026-08-27 16:18:38,495 | EPOCH 23 train_loss=0.211198
2026-08-27 16:18:46,990 | EPOCH 24 train_loss=0.205894
2026-08-27 16:18:55,570 | EPOCH 25 train_loss=0.204015
2026-08-27 16:18:56,264 | EPOCH 25 VAL loss=0.256105 acc=0.9087 pre=0.9108 rec=0.9087 f1=0.9079 BEST
2026-08-27 16:19:05,104 | EPOCH 26 train_loss=0.200112
2026-08-27 16:19:13,637 | EPOCH 27 train_loss=0.195361
2026-08-27 16:19:22,181 | EPOCH 28 train_loss=0.192862
2026-08-27 16:19:30,446 | EPOCH 29 train_loss=0.187930
2026-08-27 16:19:38,732 | EPOCH 30 train_loss=0.184217
2026-08-27 16:19:39,434 | EPOCH 30 VAL loss=0.241773 acc=0.9110 pre=0.9127 rec=0.9128 f1=0.9121 BEST
2026-08-27 16:19:48,178 | EPOCH 31 train_loss=0.182423
2026-08-27 16:19:56,403 | EPOCH 32 train_loss=0.179084
2026-08-27 16:20:04,818 | EPOCH 33 train_loss=0.175232
2026-08-27 16:20:13,135 | EPOCH 34 train_loss=0.171864
2026-08-27 16:20:21,435 | EPOCH 35 train_loss=0.168793
2026-08-27 16:20:22,140 | EPOCH 35 VAL loss=0.245204 acc=0.9097 pre=0.9113 rec=0.9099 f1=0.9097
2026-08-27 16:20:30,755 | EPOCH 36 train_loss=0.165212
2026-08-27 16:20:39,435 | EPOCH 37 train_loss=0.162895
2026-08-27 16:20:47,995 | EPOCH 38 train_loss=0.161082
2026-08-27 16:20:56,482 | EPOCH 39 train_loss=0.157382
2026-08-27 16:21:05,158 | EPOCH 40 train_loss=0.155759
2026-08-27 16:21:05,845 | EPOCH 40 VAL loss=0.237169 acc=0.9155 pre=0.9161 rec=0.9164 f1=0.9155 BEST
2026-08-27 16:21:14,971 | EPOCH 41 train_loss=0.151021
2026-08-27 16:21:23,572 | EPOCH 42 train_loss=0.149338
2026-08-27 16:21:32,352 | EPOCH 43 train_loss=0.145832
2026-08-27 16:21:40,978 | EPOCH 44 train_loss=0.142885
2026-08-27 16:21:49,559 | EPOCH 45 train_loss=0.140995
2026-08-27 16:21:50,263 | EPOCH 45 VAL loss=0.231635 acc=0.9173 pre=0.9179 rec=0.9181 f1=0.9179 BEST
2026-08-27 16:21:59,336 | EPOCH 46 train_loss=0.137724
2026-08-27 16:22:08,126 | EPOCH 47 train_loss=0.134627
2026-08-27 16:22:16,801 | EPOCH 48 train_loss=0.133486
2026-08-27 16:22:25,450 | EPOCH 49 train_loss=0.130886
2026-08-27 16:22:34,608 | EPOCH 50 train_loss=0.127427
2026-08-27 16:22:35,812 | EPOCH 50 VAL loss=0.236538 acc=0.9145 pre=0.9159 rec=0.9152 f1=0.9153
2026-08-27 16:22:44,929 | EPOCH 51 train_loss=0.125286
2026-08-27 16:22:53,936 | EPOCH 52 train_loss=0.122984
2026-08-27 16:23:03,146 | EPOCH 53 train_loss=0.121899
2026-08-27 16:23:12,415 | EPOCH 54 train_loss=0.118495
2026-08-27 16:23:21,386 | EPOCH 55 train_loss=0.116210
2026-08-27 16:23:22,131 | EPOCH 55 VAL loss=0.242563 acc=0.9162 pre=0.9164 rec=0.9175 f1=0.9167
2026-08-27 16:23:30,899 | EPOCH 56 train_loss=0.114540
2026-08-27 16:23:39,927 | EPOCH 57 train_loss=0.111816
2026-08-27 16:23:48,918 | EPOCH 58 train_loss=0.109370
2026-08-27 16:23:57,715 | EPOCH 59 train_loss=0.106540
2026-08-27 16:24:06,783 | EPOCH 60 train_loss=0.105360
2026-08-27 16:24:07,530 | EPOCH 60 VAL loss=0.258092 acc=0.9150 pre=0.9165 rec=0.9154 f1=0.9144
2026-08-27 16:24:16,341 | EPOCH 61 train_loss=0.103525
2026-08-27 16:24:25,099 | EPOCH 62 train_loss=0.101362
2026-08-27 16:24:33,747 | EPOCH 63 train_loss=0.099661
2026-08-27 16:24:42,441 | EPOCH 64 train_loss=0.097023
2026-08-27 16:24:51,192 | EPOCH 65 train_loss=0.095517
2026-08-27 16:24:51,914 | EPOCH 65 VAL loss=0.260169 acc=0.9130 pre=0.9148 rec=0.9136 f1=0.9139
2026-08-27 16:25:00,467 | EPOCH 66 train_loss=0.092949
2026-08-27 16:25:09,178 | EPOCH 67 train_loss=0.090053
2026-08-27 16:25:17,815 | EPOCH 68 train_loss=0.089844
2026-08-27 16:25:26,193 | EPOCH 69 train_loss=0.087692
2026-08-27 16:25:34,976 | EPOCH 70 train_loss=0.085935
2026-08-27 16:25:35,681 | EPOCH 70 VAL loss=0.273295 acc=0.9138 pre=0.9151 rec=0.9149 f1=0.9144
2026-08-27 16:25:44,244 | EPOCH 71 train_loss=0.083087
2026-08-27 16:25:52,667 | EPOCH 72 train_loss=0.081783
2026-08-27 16:26:01,257 | EPOCH 73 train_loss=0.079310
2026-08-27 16:26:10,172 | EPOCH 74 train_loss=0.078327
2026-08-27 16:26:18,929 | EPOCH 75 train_loss=0.077197
2026-08-27 16:26:19,661 | EPOCH 75 VAL loss=0.277322 acc=0.9182 pre=0.9186 rec=0.9193 f1=0.9187
2026-08-27 16:26:19,670 | DONE best_epoch=45 best_val_loss=0.231635 early_stop=True time=665.83s
