2026-08-27 14:34:07,565 | START cnn_adamw_lr0.001_s42 opt=adamw lr=0.001 seed=42 device=cuda epochs=150
2026-08-27 14:34:15,910 | EPOCH 1 train_loss=0.531707
2026-08-27 14:34:24,511 | EPOCH 2 train_loss=0.337818
2026-08-27 14:34:32,563 | EPOCH 3 train_loss=0.293125
2026-08-27 14:34:41,263 | EPOCH 4 train_loss=0.260973
2026-08-27 14:34:49,438 | EPOCH 5 train_loss=0.239944
2026-08-27 14:34:50,112 | EPOCH 5 VAL loss=0.249145 acc=0.9092 pre=0.9100 rec=0.9096 f1=0.9089 BEST
2026-08-27 14:34:58,765 | EPOCH 6 train_loss=0.222533
2026-08-27 14:35:07,970 | EPOCH 7 train_loss=0.207422
2026-08-27 14:35:17,397 | EPOCH 8 train_loss=0.194144
2026-08-27 14:35:26,313 | EPOCH 9 train_loss=0.180216
2026-08-27 14:35:34,752 | EPOCH 10 train_loss=0.169372
2026-08-27 14:35:35,504 | EPOCH 10 VAL loss=0.239380 acc=0.9140 pre=0.9149 rec=0.9146 f1=0.9140 BEST
2026-08-27 14:35:45,225 | EPOCH 11 train_loss=0.157035
2026-08-27 14:35:53,862 | EPOCH 12 train_loss=0.146797
2026-08-27 14:36:01,825 | EPOCH 13 train_loss=0.135064
2026-08-27 14:36:10,393 | EPOCH 14 train_loss=0.124644
2026-08-27 14:36:19,151 | EPOCH 15 train_loss=0.116135
2026-08-27 14:36:20,348 | EPOCH 15 VAL loss=0.243829 acc=0.9192 pre=0.9194 rec=0.9205 f1=0.9195
2026-08-27 14:36:28,472 | EPOCH 16 train_loss=0.105652
2026-08-27 14:36:37,449 | EPOCH 17 train_loss=0.098218
2026-08-27 14:36:46,840 | EPOCH 18 train_loss=0.088659
2026-08-27 14:36:55,024 | EPOCH 19 train_loss=0.083485
2026-08-27 14:37:04,210 | EPOCH 20 train_loss=0.074310
2026-08-27 14:37:04,917 | EPOCH 20 VAL loss=0.296138 acc=0.9172 pre=0.9197 rec=0.9184 f1=0.9187
2026-08-27 14:37:14,777 | EPOCH 21 train_loss=0.068125
2026-08-27 14:37:23,968 | EPOCH 22 train_loss=0.063873
2026-08-27 14:37:33,095 | EPOCH 23 train_loss=0.058851
2026-08-27 14:37:42,572 | EPOCH 24 train_loss=0.052374
2026-08-27 14:37:51,042 | EPOCH 25 train_loss=0.047620
2026-08-27 14:37:51,770 | EPOCH 25 VAL loss=0.339577 acc=0.9167 pre=0.9173 rec=0.9174 f1=0.9168
2026-08-27 14:38:00,043 | EPOCH 26 train_loss=0.046346
2026-08-27 14:38:08,692 | EPOCH 27 train_loss=0.038900
2026-08-27 14:38:17,189 | EPOCH 28 train_loss=0.036814
2026-08-27 14:38:25,726 | EPOCH 29 train_loss=0.035659
2026-08-27 14:38:35,544 | EPOCH 30 train_loss=0.030901
2026-08-27 14:38:36,316 | EPOCH 30 VAL loss=0.398631 acc=0.9097 pre=0.9102 rec=0.9108 f1=0.9092
2026-08-27 14:38:45,472 | EPOCH 31 train_loss=0.031703
2026-08-27 14:38:53,946 | EPOCH 32 train_loss=0.030400
2026-08-27 14:39:03,594 | EPOCH 33 train_loss=0.024649
2026-08-27 14:39:12,525 | EPOCH 34 train_loss=0.026658
2026-08-27 14:39:21,403 | EPOCH 35 train_loss=0.022218
2026-08-27 14:39:22,827 | EPOCH 35 VAL loss=0.424720 acc=0.9170 pre=0.9185 rec=0.9181 f1=0.9181
2026-08-27 14:39:32,349 | EPOCH 36 train_loss=0.024939
2026-08-27 14:39:42,182 | EPOCH 37 train_loss=0.022884
2026-08-27 14:39:50,912 | EPOCH 38 train_loss=0.019977
2026-08-27 14:39:59,410 | EPOCH 39 train_loss=0.021296
2026-08-27 14:40:08,518 | EPOCH 40 train_loss=0.018161
2026-08-27 14:40:09,234 | EPOCH 40 VAL loss=0.491755 acc=0.9103 pre=0.9124 rec=0.9116 f1=0.9115
2026-08-27 14:40:09,243 | DONE best_epoch=10 best_val_loss=0.23938 early_stop=True time=360.85s
