2026-08-27 16:49:16,579 | START cnn_nadam_lr0.002_s2026 opt=nadam lr=0.002 seed=2026 device=cuda epochs=150
2026-08-27 16:49:25,691 | EPOCH 1 train_loss=0.463931
2026-08-27 16:49:35,000 | EPOCH 2 train_loss=0.290726
2026-08-27 16:49:44,090 | EPOCH 3 train_loss=0.245192
2026-08-27 16:49:52,967 | EPOCH 4 train_loss=0.215674
2026-08-27 16:50:02,013 | EPOCH 5 train_loss=0.192398
2026-08-27 16:50:02,735 | EPOCH 5 VAL loss=0.223498 acc=0.9195 pre=0.9199 rec=0.9202 f1=0.9195 BEST
2026-08-27 16:50:12,375 | EPOCH 6 train_loss=0.171239
2026-08-27 16:50:21,759 | EPOCH 7 train_loss=0.151557
2026-08-27 16:50:30,894 | EPOCH 8 train_loss=0.135832
2026-08-27 16:50:39,991 | EPOCH 9 train_loss=0.119276
2026-08-27 16:50:49,099 | EPOCH 10 train_loss=0.105676
2026-08-27 16:50:49,801 | EPOCH 10 VAL loss=0.259323 acc=0.9202 pre=0.9212 rec=0.9207 f1=0.9202
2026-08-27 16:50:59,097 | EPOCH 11 train_loss=0.093183
2026-08-27 16:51:08,057 | EPOCH 12 train_loss=0.083150
2026-08-27 16:51:17,278 | EPOCH 13 train_loss=0.075442
2026-08-27 16:51:26,297 | EPOCH 14 train_loss=0.066700
2026-08-27 16:51:35,365 | EPOCH 15 train_loss=0.059601
2026-08-27 16:51:36,107 | EPOCH 15 VAL loss=0.340411 acc=0.9205 pre=0.9208 rec=0.9219 f1=0.9209
2026-08-27 16:51:45,249 | EPOCH 16 train_loss=0.053358
2026-08-27 16:51:54,378 | EPOCH 17 train_loss=0.050751
2026-08-27 16:52:03,457 | EPOCH 18 train_loss=0.046600
2026-08-27 16:52:12,377 | EPOCH 19 train_loss=0.043505
2026-08-27 16:52:21,563 | EPOCH 20 train_loss=0.040643
2026-08-27 16:52:22,268 | EPOCH 20 VAL loss=0.434022 acc=0.9163 pre=0.9169 rec=0.9169 f1=0.9165
2026-08-27 16:52:31,132 | EPOCH 21 train_loss=0.034626
2026-08-27 16:52:39,880 | EPOCH 22 train_loss=0.036760
2026-08-27 16:52:48,682 | EPOCH 23 train_loss=0.032483
2026-08-27 16:52:57,643 | EPOCH 24 train_loss=0.032506
2026-08-27 16:53:06,443 | EPOCH 25 train_loss=0.029252
2026-08-27 16:53:07,239 | EPOCH 25 VAL loss=0.540586 acc=0.9143 pre=0.9150 rec=0.9150 f1=0.9149
2026-08-27 16:53:15,989 | EPOCH 26 train_loss=0.029517
2026-08-27 16:53:24,807 | EPOCH 27 train_loss=0.028623
2026-08-27 16:53:33,877 | EPOCH 28 train_loss=0.027256
2026-08-27 16:53:42,698 | EPOCH 29 train_loss=0.026014
2026-08-27 16:53:51,855 | EPOCH 30 train_loss=0.025205
2026-08-27 16:53:52,562 | EPOCH 30 VAL loss=0.617190 acc=0.9177 pre=0.9185 rec=0.9181 f1=0.9177
2026-08-27 16:54:01,761 | EPOCH 31 train_loss=0.029275
2026-08-27 16:54:10,898 | EPOCH 32 train_loss=0.021555
2026-08-27 16:54:20,091 | EPOCH 33 train_loss=0.025480
2026-08-27 16:54:29,259 | EPOCH 34 train_loss=0.023614
2026-08-27 16:54:38,385 | EPOCH 35 train_loss=0.022197
2026-08-27 16:54:39,100 | EPOCH 35 VAL loss=0.697887 acc=0.9157 pre=0.9164 rec=0.9162 f1=0.9157
2026-08-27 16:54:39,110 | DONE best_epoch=5 best_val_loss=0.223498 early_stop=True time=321.72s
