2026-08-27 15:16:25,714 | START cnn_adamax_lr0.002_s42 opt=adamax lr=0.002 seed=42 device=cuda epochs=150
2026-08-27 15:16:35,682 | EPOCH 1 train_loss=0.561216
2026-08-27 15:16:45,307 | EPOCH 2 train_loss=0.371522
2026-08-27 15:16:54,330 | EPOCH 3 train_loss=0.326656
2026-08-27 15:17:03,288 | EPOCH 4 train_loss=0.294164
2026-08-27 15:17:13,453 | EPOCH 5 train_loss=0.270760
2026-08-27 15:17:14,212 | EPOCH 5 VAL loss=0.271273 acc=0.8995 pre=0.8997 rec=0.9003 f1=0.8991 BEST
2026-08-27 15:17:23,870 | EPOCH 6 train_loss=0.253511
2026-08-27 15:17:33,548 | EPOCH 7 train_loss=0.238657
2026-08-27 15:17:42,652 | EPOCH 8 train_loss=0.226051
2026-08-27 15:17:51,393 | EPOCH 9 train_loss=0.214911
2026-08-27 15:18:00,116 | EPOCH 10 train_loss=0.205258
2026-08-27 15:18:00,868 | EPOCH 10 VAL loss=0.243022 acc=0.9120 pre=0.9130 rec=0.9127 f1=0.9116 BEST
2026-08-27 15:18:09,868 | EPOCH 11 train_loss=0.195192
2026-08-27 15:18:19,412 | EPOCH 12 train_loss=0.187356
2026-08-27 15:18:27,783 | EPOCH 13 train_loss=0.178313
2026-08-27 15:18:36,910 | EPOCH 14 train_loss=0.170749
2026-08-27 15:18:46,137 | EPOCH 15 train_loss=0.163302
2026-08-27 15:18:46,810 | EPOCH 15 VAL loss=0.219894 acc=0.9210 pre=0.9214 rec=0.9219 f1=0.9212 BEST
2026-08-27 15:18:55,246 | EPOCH 16 train_loss=0.155872
2026-08-27 15:19:04,884 | EPOCH 17 train_loss=0.148719
2026-08-27 15:19:14,385 | EPOCH 18 train_loss=0.143371
2026-08-27 15:19:22,787 | EPOCH 19 train_loss=0.134465
2026-08-27 15:19:31,883 | EPOCH 20 train_loss=0.130370
2026-08-27 15:19:32,558 | EPOCH 20 VAL loss=0.227771 acc=0.9213 pre=0.9232 rec=0.9225 f1=0.9225
2026-08-27 15:19:41,668 | EPOCH 21 train_loss=0.122416
2026-08-27 15:19:50,390 | EPOCH 22 train_loss=0.116045
2026-08-27 15:19:58,956 | EPOCH 23 train_loss=0.111870
2026-08-27 15:20:07,854 | EPOCH 24 train_loss=0.106060
2026-08-27 15:20:16,123 | EPOCH 25 train_loss=0.100637
2026-08-27 15:20:17,139 | EPOCH 25 VAL loss=0.239744 acc=0.9185 pre=0.9209 rec=0.9192 f1=0.9196
2026-08-27 15:20:25,125 | EPOCH 26 train_loss=0.096263
2026-08-27 15:20:34,310 | EPOCH 27 train_loss=0.088464
2026-08-27 15:20:42,928 | EPOCH 28 train_loss=0.085585
2026-08-27 15:20:51,435 | EPOCH 29 train_loss=0.078115
2026-08-27 15:21:00,823 | EPOCH 30 train_loss=0.073254
2026-08-27 15:21:01,528 | EPOCH 30 VAL loss=0.252883 acc=0.9217 pre=0.9223 rec=0.9223 f1=0.9221
2026-08-27 15:21:10,088 | EPOCH 31 train_loss=0.070787
2026-08-27 15:21:18,266 | EPOCH 32 train_loss=0.065407
2026-08-27 15:21:27,535 | EPOCH 33 train_loss=0.060677
2026-08-27 15:21:35,839 | EPOCH 34 train_loss=0.057083
2026-08-27 15:21:43,609 | EPOCH 35 train_loss=0.053286
2026-08-27 15:21:44,260 | EPOCH 35 VAL loss=0.288518 acc=0.9188 pre=0.9204 rec=0.9193 f1=0.9197
2026-08-27 15:21:52,903 | EPOCH 36 train_loss=0.049045
2026-08-27 15:22:02,410 | EPOCH 37 train_loss=0.047519
2026-08-27 15:22:10,739 | EPOCH 38 train_loss=0.042452
2026-08-27 15:22:19,920 | EPOCH 39 train_loss=0.040064
2026-08-27 15:22:28,978 | EPOCH 40 train_loss=0.036580
2026-08-27 15:22:29,616 | EPOCH 40 VAL loss=0.336683 acc=0.9185 pre=0.9196 rec=0.9196 f1=0.9188
2026-08-27 15:22:37,500 | EPOCH 41 train_loss=0.033769
2026-08-27 15:22:46,570 | EPOCH 42 train_loss=0.031294
2026-08-27 15:22:55,852 | EPOCH 43 train_loss=0.029301
2026-08-27 15:23:03,661 | EPOCH 44 train_loss=0.025825
2026-08-27 15:23:12,078 | EPOCH 45 train_loss=0.023490
2026-08-27 15:23:12,769 | EPOCH 45 VAL loss=0.373684 acc=0.9212 pre=0.9216 rec=0.9221 f1=0.9218
2026-08-27 15:23:12,778 | DONE best_epoch=15 best_val_loss=0.219894 early_stop=True time=406.27s
