2026-08-27 14:23:50,658 | START cnn_adamw_lr0.002_s123 opt=adamw lr=0.002 seed=123 device=cuda epochs=150
2026-08-27 14:23:59,294 | EPOCH 1 train_loss=0.456324
2026-08-27 14:24:07,869 | EPOCH 2 train_loss=0.298270
2026-08-27 14:24:16,125 | EPOCH 3 train_loss=0.255648
2026-08-27 14:24:24,681 | EPOCH 4 train_loss=0.228519
2026-08-27 14:24:33,022 | EPOCH 5 train_loss=0.203583
2026-08-27 14:24:33,736 | EPOCH 5 VAL loss=0.228348 acc=0.9180 pre=0.9178 rec=0.9190 f1=0.9179 BEST
2026-08-27 14:24:42,751 | EPOCH 6 train_loss=0.181737
2026-08-27 14:24:51,074 | EPOCH 7 train_loss=0.164651
2026-08-27 14:24:59,655 | EPOCH 8 train_loss=0.148519
2026-08-27 14:25:07,796 | EPOCH 9 train_loss=0.132024
2026-08-27 14:25:16,139 | EPOCH 10 train_loss=0.117153
2026-08-27 14:25:16,825 | EPOCH 10 VAL loss=0.239747 acc=0.9213 pre=0.9219 rec=0.9221 f1=0.9218
2026-08-27 14:25:25,353 | EPOCH 11 train_loss=0.107669
2026-08-27 14:25:33,653 | EPOCH 12 train_loss=0.095479
2026-08-27 14:25:41,767 | EPOCH 13 train_loss=0.083788
2026-08-27 14:25:49,934 | EPOCH 14 train_loss=0.076585
2026-08-27 14:25:57,899 | EPOCH 15 train_loss=0.066906
2026-08-27 14:25:58,615 | EPOCH 15 VAL loss=0.302632 acc=0.9177 pre=0.9182 rec=0.9184 f1=0.9176
2026-08-27 14:26:06,606 | EPOCH 16 train_loss=0.063225
2026-08-27 14:26:16,051 | EPOCH 17 train_loss=0.057932
2026-08-27 14:26:24,324 | EPOCH 18 train_loss=0.050735
2026-08-27 14:26:33,187 | EPOCH 19 train_loss=0.046044
2026-08-27 14:26:42,655 | EPOCH 20 train_loss=0.045610
2026-08-27 14:26:43,328 | EPOCH 20 VAL loss=0.368058 acc=0.9160 pre=0.9165 rec=0.9167 f1=0.9161
2026-08-27 14:26:52,226 | EPOCH 21 train_loss=0.042159
2026-08-27 14:27:00,473 | EPOCH 22 train_loss=0.036443
2026-08-27 14:27:09,842 | EPOCH 23 train_loss=0.039800
2026-08-27 14:27:18,346 | EPOCH 24 train_loss=0.031695
2026-08-27 14:27:26,332 | EPOCH 25 train_loss=0.031243
2026-08-27 14:27:27,041 | EPOCH 25 VAL loss=0.422511 acc=0.9140 pre=0.9146 rec=0.9148 f1=0.9134
2026-08-27 14:27:35,747 | EPOCH 26 train_loss=0.030760
2026-08-27 14:27:45,424 | EPOCH 27 train_loss=0.031821
2026-08-27 14:27:53,417 | EPOCH 28 train_loss=0.026664
2026-08-27 14:28:01,856 | EPOCH 29 train_loss=0.030644
2026-08-27 14:28:10,411 | EPOCH 30 train_loss=0.029081
2026-08-27 14:28:11,041 | EPOCH 30 VAL loss=0.451030 acc=0.9170 pre=0.9184 rec=0.9180 f1=0.9180
2026-08-27 14:28:19,145 | EPOCH 31 train_loss=0.021879
2026-08-27 14:28:28,184 | EPOCH 32 train_loss=0.024745
2026-08-27 14:28:36,742 | EPOCH 33 train_loss=0.028996
2026-08-27 14:28:44,867 | EPOCH 34 train_loss=0.023603
2026-08-27 14:28:53,711 | EPOCH 35 train_loss=0.022716
2026-08-27 14:28:54,377 | EPOCH 35 VAL loss=0.490196 acc=0.9135 pre=0.9139 rec=0.9138 f1=0.9130
2026-08-27 14:28:54,386 | DONE best_epoch=5 best_val_loss=0.228348 early_stop=True time=302.97s
