2026-08-27 07:55:08,113 | START mlp_rmsprop_lr0.001_s2026 opt=rmsprop lr=0.001 seed=2026 device=cuda epochs=150
2026-08-27 07:55:14,807 | EPOCH 1 train_loss=0.521954
2026-08-27 07:55:21,554 | EPOCH 2 train_loss=0.376599
2026-08-27 07:55:28,241 | EPOCH 3 train_loss=0.333807
2026-08-27 07:55:34,820 | EPOCH 4 train_loss=0.307454
2026-08-27 07:55:41,349 | EPOCH 5 train_loss=0.286772
2026-08-27 07:55:41,965 | EPOCH 5 VAL loss=0.347186 acc=0.8723 pre=0.8730 rec=0.8736 f1=0.8711 BEST
2026-08-27 07:55:48,938 | EPOCH 6 train_loss=0.271183
2026-08-27 07:55:55,837 | EPOCH 7 train_loss=0.258536
2026-08-27 07:56:02,417 | EPOCH 8 train_loss=0.247282
2026-08-27 07:56:09,019 | EPOCH 9 train_loss=0.236559
2026-08-27 07:56:15,796 | EPOCH 10 train_loss=0.228005
2026-08-27 07:56:16,380 | EPOCH 10 VAL loss=0.334630 acc=0.8810 pre=0.8885 rec=0.8814 f1=0.8806 BEST
2026-08-27 07:56:23,404 | EPOCH 11 train_loss=0.217596
2026-08-27 07:56:30,115 | EPOCH 12 train_loss=0.208244
2026-08-27 07:56:37,071 | EPOCH 13 train_loss=0.201367
2026-08-27 07:56:43,738 | EPOCH 14 train_loss=0.194976
2026-08-27 07:56:50,792 | EPOCH 15 train_loss=0.186159
2026-08-27 07:56:51,439 | EPOCH 15 VAL loss=0.332034 acc=0.8898 pre=0.8930 rec=0.8909 f1=0.8909 BEST
2026-08-27 07:56:58,347 | EPOCH 16 train_loss=0.180516
2026-08-27 07:57:05,086 | EPOCH 17 train_loss=0.175166
2026-08-27 07:57:11,726 | EPOCH 18 train_loss=0.169301
2026-08-27 07:57:18,460 | EPOCH 19 train_loss=0.163355
2026-08-27 07:57:25,071 | EPOCH 20 train_loss=0.159594
2026-08-27 07:57:25,710 | EPOCH 20 VAL loss=0.388521 acc=0.8917 pre=0.8928 rec=0.8927 f1=0.8913
2026-08-27 07:57:32,425 | EPOCH 21 train_loss=0.154246
2026-08-27 07:57:39,068 | EPOCH 22 train_loss=0.148223
2026-08-27 07:57:45,722 | EPOCH 23 train_loss=0.144412
2026-08-27 07:57:52,420 | EPOCH 24 train_loss=0.139679
2026-08-27 07:57:59,121 | EPOCH 25 train_loss=0.137997
2026-08-27 07:57:59,674 | EPOCH 25 VAL loss=0.533333 acc=0.8775 pre=0.8869 rec=0.8782 f1=0.8766
2026-08-27 07:58:06,344 | EPOCH 26 train_loss=0.133350
2026-08-27 07:58:13,266 | EPOCH 27 train_loss=0.131254
2026-08-27 07:58:19,939 | EPOCH 28 train_loss=0.126031
2026-08-27 07:58:26,595 | EPOCH 29 train_loss=0.122082
2026-08-27 07:58:33,231 | EPOCH 30 train_loss=0.119206
2026-08-27 07:58:33,792 | EPOCH 30 VAL loss=0.467460 acc=0.8927 pre=0.8929 rec=0.8934 f1=0.8919
2026-08-27 07:58:40,447 | EPOCH 31 train_loss=0.118605
2026-08-27 07:58:47,246 | EPOCH 32 train_loss=0.111833
2026-08-27 07:58:53,823 | EPOCH 33 train_loss=0.110884
2026-08-27 07:59:00,405 | EPOCH 34 train_loss=0.108814
2026-08-27 07:59:07,186 | EPOCH 35 train_loss=0.106619
2026-08-27 07:59:07,799 | EPOCH 35 VAL loss=0.502211 acc=0.8942 pre=0.8962 rec=0.8954 f1=0.8954
2026-08-27 07:59:14,587 | EPOCH 36 train_loss=0.104314
2026-08-27 07:59:21,259 | EPOCH 37 train_loss=0.101475
2026-08-27 07:59:28,052 | EPOCH 38 train_loss=0.100419
2026-08-27 07:59:35,057 | EPOCH 39 train_loss=0.096616
2026-08-27 07:59:41,810 | EPOCH 40 train_loss=0.096185
2026-08-27 07:59:42,404 | EPOCH 40 VAL loss=0.615133 acc=0.8835 pre=0.8851 rec=0.8848 f1=0.8831
2026-08-27 07:59:49,208 | EPOCH 41 train_loss=0.092918
2026-08-27 07:59:56,203 | EPOCH 42 train_loss=0.091906
2026-08-27 08:00:03,211 | EPOCH 43 train_loss=0.090831
2026-08-27 08:00:09,917 | EPOCH 44 train_loss=0.088447
2026-08-27 08:00:16,665 | EPOCH 45 train_loss=0.087300
2026-08-27 08:00:17,231 | EPOCH 45 VAL loss=0.634317 acc=0.8913 pre=0.8912 rec=0.8927 f1=0.8916
2026-08-27 08:00:17,237 | DONE best_epoch=15 best_val_loss=0.332034 early_stop=True time=308.48s
