2026-08-27 15:21:35,638 | START mlp_nadam_lr0.002_s2026 opt=nadam lr=0.002 seed=2026 device=cuda epochs=150
2026-08-27 15:21:43,121 | EPOCH 1 train_loss=0.502467
2026-08-27 15:21:51,623 | EPOCH 2 train_loss=0.357506
2026-08-27 15:21:59,950 | EPOCH 3 train_loss=0.317885
2026-08-27 15:22:07,850 | EPOCH 4 train_loss=0.296170
2026-08-27 15:22:15,690 | EPOCH 5 train_loss=0.277208
2026-08-27 15:22:16,292 | EPOCH 5 VAL loss=0.323606 acc=0.8850 pre=0.8854 rec=0.8862 f1=0.8832 BEST
2026-08-27 15:22:24,127 | EPOCH 6 train_loss=0.261720
2026-08-27 15:22:32,121 | EPOCH 7 train_loss=0.250080
2026-08-27 15:22:40,027 | EPOCH 8 train_loss=0.241554
2026-08-27 15:22:47,572 | EPOCH 9 train_loss=0.230836
2026-08-27 15:22:55,269 | EPOCH 10 train_loss=0.220582
2026-08-27 15:22:55,979 | EPOCH 10 VAL loss=0.339324 acc=0.8873 pre=0.8889 rec=0.8881 f1=0.8868
2026-08-27 15:23:03,365 | EPOCH 11 train_loss=0.214355
2026-08-27 15:23:12,510 | EPOCH 12 train_loss=0.204206
2026-08-27 15:23:20,457 | EPOCH 13 train_loss=0.201521
2026-08-27 15:23:27,896 | EPOCH 14 train_loss=0.195265
2026-08-27 15:23:36,660 | EPOCH 15 train_loss=0.187573
2026-08-27 15:23:37,343 | EPOCH 15 VAL loss=0.338391 acc=0.8872 pre=0.8886 rec=0.8887 f1=0.8883
2026-08-27 15:23:45,696 | EPOCH 16 train_loss=0.180954
2026-08-27 15:23:53,189 | EPOCH 17 train_loss=0.174469
2026-08-27 15:24:01,511 | EPOCH 18 train_loss=0.171322
2026-08-27 15:24:08,904 | EPOCH 19 train_loss=0.168184
2026-08-27 15:24:17,284 | EPOCH 20 train_loss=0.163152
2026-08-27 15:24:17,954 | EPOCH 20 VAL loss=0.365091 acc=0.8905 pre=0.8916 rec=0.8910 f1=0.8902
2026-08-27 15:24:26,275 | EPOCH 21 train_loss=0.156039
2026-08-27 15:24:34,155 | EPOCH 22 train_loss=0.156436
2026-08-27 15:24:42,514 | EPOCH 23 train_loss=0.149468
2026-08-27 15:24:52,144 | EPOCH 24 train_loss=0.147792
2026-08-27 15:25:00,025 | EPOCH 25 train_loss=0.140641
2026-08-27 15:25:00,741 | EPOCH 25 VAL loss=0.446045 acc=0.8842 pre=0.8869 rec=0.8844 f1=0.8836
2026-08-27 15:25:08,969 | EPOCH 26 train_loss=0.141956
2026-08-27 15:25:17,714 | EPOCH 27 train_loss=0.139411
2026-08-27 15:25:26,200 | EPOCH 28 train_loss=0.130589
2026-08-27 15:25:35,384 | EPOCH 29 train_loss=0.131233
2026-08-27 15:25:44,434 | EPOCH 30 train_loss=0.130331
2026-08-27 15:25:45,207 | EPOCH 30 VAL loss=0.460769 acc=0.8895 pre=0.8901 rec=0.8902 f1=0.8895
2026-08-27 15:25:53,428 | EPOCH 31 train_loss=0.127721
2026-08-27 15:26:01,737 | EPOCH 32 train_loss=0.123197
2026-08-27 15:26:09,918 | EPOCH 33 train_loss=0.124114
2026-08-27 15:26:18,127 | EPOCH 34 train_loss=0.120392
2026-08-27 15:26:25,607 | EPOCH 35 train_loss=0.115287
2026-08-27 15:26:26,259 | EPOCH 35 VAL loss=0.529721 acc=0.8935 pre=0.8925 rec=0.8943 f1=0.8930
2026-08-27 15:26:26,268 | DONE best_epoch=5 best_val_loss=0.323606 early_stop=True time=289.88s
